[rospy.client][INFO] 2023-07-10 09:49:19,194: init_node, name[/triggers_9612_1688957359179], pid[9612]
[xmlrpc][INFO] 2023-07-10 09:49:19,195: XML-RPC server binding to 127.0.0.1:0
[xmlrpc][INFO] 2023-07-10 09:49:19,195: Started XML-RPC server [http://localhost:34313/]
[rospy.init][INFO] 2023-07-10 09:49:19,195: ROS Slave URI: [http://localhost:34313/]
[rospy.impl.masterslave][INFO] 2023-07-10 09:49:19,195: _ready: http://localhost:34313/
[xmlrpc][INFO] 2023-07-10 09:49:19,196: xml rpc node: starting XML-RPC server
[rospy.registration][INFO] 2023-07-10 09:49:19,196: Registering with master node http://localhost:11311
[rospy.registration][INFO] 2023-07-10 09:49:19,196: Registering publisher topic [/current_poster] type [geometry_msgs/PointStamped] with master
[rospy.registration][INFO] 2023-07-10 09:49:19,198: Registering publisher topic [/trigger_msgs] type [std_msgs/Int16] with master
[rospy.internal][INFO] 2023-07-10 09:49:19,208: topic[/trigger_msgs] adding connection to [/controller_joystick], count 0
[rospy.internal][INFO] 2023-07-10 09:49:19,208: topic[/trigger_msgs] adding connection to [/curr_posters_4980_1688957132896], count 1
[rospy.init][INFO] 2023-07-10 09:49:19,296: registered with master
[rospy.rosout][INFO] 2023-07-10 09:49:19,296: initializing /rosout core topic
[rospy.rosout][INFO] 2023-07-10 09:49:19,297: connected to core topic /rosout
[rospy.simtime][INFO] 2023-07-10 09:49:19,297: /use_sim_time is not set, will not subscribe to simulated time [/clock] topic
[rospy.internal][INFO] 2023-07-10 09:49:19,314: topic[/amcl_pose] adding connection to [http://localhost:35791/], count 0
[rospy.internal][INFO] 2023-07-10 09:49:19,404: topic[/current_poster] adding connection to [/rviz_1688957123843696302], count 0
[rospy.internal][INFO] 2023-07-10 09:49:19,505: topic[/rosout] adding connection to [/rosout], count 0
[rospy.internal][INFO] 2023-07-10 09:49:19,605: topic[/trigger_msgs] adding connection to [/my_bag2], count 2
[rospy.internal][INFO] 2023-07-10 09:49:19,606: topic[/trigger_msgs] adding connection to [/my_bag], count 3
