[rospy.client][INFO] 2024-01-03 09:38:24,486: init_node, name[/triggers_8083_1704249504472], pid[8083]
[xmlrpc][INFO] 2024-01-03 09:38:24,487: XML-RPC server binding to 127.0.0.1:0
[xmlrpc][INFO] 2024-01-03 09:38:24,487: Started XML-RPC server [http://localhost:43661/]
[rospy.init][INFO] 2024-01-03 09:38:24,488: ROS Slave URI: [http://localhost:43661/]
[rospy.impl.masterslave][INFO] 2024-01-03 09:38:24,488: _ready: http://localhost:43661/
[xmlrpc][INFO] 2024-01-03 09:38:24,489: xml rpc node: starting XML-RPC server
[rospy.registration][INFO] 2024-01-03 09:38:24,489: Registering with master node http://localhost:11311
[rospy.registration][INFO] 2024-01-03 09:38:24,489: Registering publisher topic [/current_poster] type [geometry_msgs/PointStamped] with master
[rospy.registration][INFO] 2024-01-03 09:38:24,491: Registering publisher topic [/trigger_msgs] type [std_msgs/Int16] with master
[rospy.internal][INFO] 2024-01-03 09:38:24,570: topic[/trigger_msgs] adding connection to [/curr_posters_2842_1704249255952], count 0
[rospy.init][INFO] 2024-01-03 09:38:24,588: registered with master
[rospy.rosout][INFO] 2024-01-03 09:38:24,589: initializing /rosout core topic
[rospy.internal][INFO] 2024-01-03 09:38:24,589: topic[/trigger_msgs] adding connection to [/controller_joystick], count 1
[rospy.rosout][INFO] 2024-01-03 09:38:24,590: connected to core topic /rosout
[rospy.simtime][INFO] 2024-01-03 09:38:24,590: /use_sim_time is not set, will not subscribe to simulated time [/clock] topic
[rospy.internal][INFO] 2024-01-03 09:38:24,607: topic[/amcl_pose] adding connection to [http://localhost:42127/], count 0
[rospy.internal][INFO] 2024-01-03 09:38:24,756: topic[/current_poster] adding connection to [/rviz_1704249248442851387], count 0
[rospy.internal][INFO] 2024-01-03 09:38:24,857: topic[/trigger_msgs] adding connection to [/my_bag2], count 2
[rospy.internal][INFO] 2024-01-03 09:38:24,858: topic[/trigger_msgs] adding connection to [/my_bag], count 3
[rospy.internal][INFO] 2024-01-03 09:38:24,859: topic[/rosout] adding connection to [/rosout], count 0
[rospy.internal][INFO] 2024-01-03 09:41:33,191: topic[/trigger_msgs] removing connection to /my_bag
[rospy.core][INFO] 2024-01-03 09:41:33,338: signal_shutdown [atexit]
[rospy.internal][INFO] 2024-01-03 09:41:33,343: topic[/current_poster] removing connection to /rviz_1704249248442851387
[rospy.internal][INFO] 2024-01-03 09:41:33,343: topic[/trigger_msgs] removing connection to /curr_posters_2842_1704249255952
[rospy.internal][INFO] 2024-01-03 09:41:33,343: topic[/trigger_msgs] removing connection to /controller_joystick
[rospy.internal][INFO] 2024-01-03 09:41:33,344: topic[/trigger_msgs] removing connection to /my_bag2
[rospy.internal][INFO] 2024-01-03 09:41:33,344: topic[/rosout] removing connection to /rosout
[rospy.internal][INFO] 2024-01-03 09:41:33,344: topic[/amcl_pose] removing connection to http://localhost:42127/
[rospy.internal][WARNING] 2024-01-03 09:41:33,346: Unknown error initiating TCP/IP socket to localhost:54553 (http://localhost:42127/): Traceback (most recent call last):
  File "/opt/ros/kinetic/lib/python2.7/dist-packages/rospy/impl/tcpros_base.py", line 558, in connect
    self.read_header()
  File "/opt/ros/kinetic/lib/python2.7/dist-packages/rospy/impl/tcpros_base.py", line 651, in read_header
    self._validate_header(read_ros_handshake_header(sock, self.read_buff, self.protocol.buff_size))
AttributeError: 'NoneType' object has no attribute 'buff_size'

[rospy.topics][ERROR] 2024-01-03 09:41:33,347: Traceback (most recent call last):
  File "/opt/ros/kinetic/lib/python2.7/dist-packages/rospy/topics.py", line 326, in close
    c.close()
  File "/opt/ros/kinetic/lib/python2.7/dist-packages/rospy/impl/tcpros_base.py", line 839, in close
    self.socket.close()
AttributeError: 'NoneType' object has no attribute 'close'

[rospy.impl.masterslave][INFO] 2024-01-03 09:41:33,347: atexit
