[rospy.client][INFO] 2025-04-11 15:19:30,600: init_node, name[/triggers_28451_1744359570585], pid[28451]
[xmlrpc][INFO] 2025-04-11 15:19:30,601: XML-RPC server binding to 127.0.0.1:0
[xmlrpc][INFO] 2025-04-11 15:19:30,601: Started XML-RPC server [http://localhost:37231/]
[rospy.init][INFO] 2025-04-11 15:19:30,602: ROS Slave URI: [http://localhost:37231/]
[rospy.impl.masterslave][INFO] 2025-04-11 15:19:30,602: _ready: http://localhost:37231/
[rospy.registration][INFO] 2025-04-11 15:19:30,603: Registering with master node http://localhost:11311
[xmlrpc][INFO] 2025-04-11 15:19:30,603: xml rpc node: starting XML-RPC server
[rospy.registration][INFO] 2025-04-11 15:19:30,603: Registering publisher topic [/current_poster] type [geometry_msgs/PointStamped] with master
[rospy.registration][INFO] 2025-04-11 15:19:30,605: Registering publisher topic [/trigger_msgs] type [std_msgs/Int16] with master
[rospy.internal][INFO] 2025-04-11 15:19:30,637: topic[/trigger_msgs] adding connection to [/curr_posters_28185_1744359563586], count 0
[rospy.init][INFO] 2025-04-11 15:19:30,702: registered with master
[rospy.rosout][INFO] 2025-04-11 15:19:30,702: initializing /rosout core topic
[rospy.rosout][INFO] 2025-04-11 15:19:30,703: connected to core topic /rosout
[rospy.simtime][INFO] 2025-04-11 15:19:30,704: /use_sim_time is not set, will not subscribe to simulated time [/clock] topic
[rospy.internal][INFO] 2025-04-11 15:19:30,721: topic[/amcl_pose] adding connection to [http://localhost:33849/], count 0
[rospy.internal][INFO] 2025-04-11 15:19:30,817: topic[/rosout] adding connection to [/rosout], count 0
[rospy.internal][INFO] 2025-04-11 15:19:30,918: topic[/trigger_msgs] adding connection to [/my_bag], count 1
[rospy.internal][INFO] 2025-04-11 15:19:31,018: topic[/trigger_msgs] adding connection to [/my_bag2], count 2
[rospy.internal][INFO] 2025-04-11 15:20:12,235: topic[/trigger_msgs] removing connection to /curr_posters_28185_1744359563586
[rospy.core][INFO] 2025-04-11 15:21:44,711: signal_shutdown [atexit]
[rospy.internal][INFO] 2025-04-11 15:21:44,713: topic[/trigger_msgs] removing connection to /my_bag
[rospy.internal][INFO] 2025-04-11 15:21:44,713: topic[/trigger_msgs] removing connection to /my_bag2
[rospy.internal][INFO] 2025-04-11 15:21:44,713: topic[/rosout] removing connection to /rosout
[rospy.internal][INFO] 2025-04-11 15:21:44,713: topic[/amcl_pose] removing connection to http://localhost:33849/
[rospy.internal][WARNING] 2025-04-11 15:21:44,714: Unknown error initiating TCP/IP socket to localhost:52871 (http://localhost:33849/): Traceback (most recent call last):
  File "/opt/ros/kinetic/lib/python2.7/dist-packages/rospy/impl/tcpros_base.py", line 558, in connect
    self.read_header()
  File "/opt/ros/kinetic/lib/python2.7/dist-packages/rospy/impl/tcpros_base.py", line 651, in read_header
    self._validate_header(read_ros_handshake_header(sock, self.read_buff, self.protocol.buff_size))
AttributeError: 'NoneType' object has no attribute 'buff_size'

[rospy.topics][ERROR] 2025-04-11 15:21:44,714: Traceback (most recent call last):
  File "/opt/ros/kinetic/lib/python2.7/dist-packages/rospy/topics.py", line 326, in close
    c.close()
  File "/opt/ros/kinetic/lib/python2.7/dist-packages/rospy/impl/tcpros_base.py", line 839, in close
    self.socket.close()
AttributeError: 'NoneType' object has no attribute 'close'

[rospy.impl.masterslave][INFO] 2025-04-11 15:21:44,714: atexit
