[rospy.client][INFO] 2025-03-07 13:30:34,954: init_node, name[/triggers_10603_1741329034935], pid[10603]
[xmlrpc][INFO] 2025-03-07 13:30:34,955: XML-RPC server binding to 127.0.0.1:0
[xmlrpc][INFO] 2025-03-07 13:30:34,955: Started XML-RPC server [http://localhost:45763/]
[rospy.init][INFO] 2025-03-07 13:30:34,956: ROS Slave URI: [http://localhost:45763/]
[rospy.impl.masterslave][INFO] 2025-03-07 13:30:34,956: _ready: http://localhost:45763/
[rospy.registration][INFO] 2025-03-07 13:30:34,956: Registering with master node http://localhost:11311
[xmlrpc][INFO] 2025-03-07 13:30:34,956: xml rpc node: starting XML-RPC server
[rospy.registration][INFO] 2025-03-07 13:30:34,957: Registering publisher topic [/current_poster] type [geometry_msgs/PointStamped] with master
[rospy.registration][INFO] 2025-03-07 13:30:34,959: Registering publisher topic [/trigger_msgs] type [std_msgs/Int16] with master
[rospy.internal][INFO] 2025-03-07 13:30:35,049: topic[/trigger_msgs] adding connection to [/curr_posters_10333_1741329026493], count 0
[rospy.internal][INFO] 2025-03-07 13:30:35,053: topic[/trigger_msgs] adding connection to [/controller_joystick], count 1
[rospy.init][INFO] 2025-03-07 13:30:35,056: registered with master
[rospy.rosout][INFO] 2025-03-07 13:30:35,056: initializing /rosout core topic
[rospy.rosout][INFO] 2025-03-07 13:30:35,057: connected to core topic /rosout
[rospy.simtime][INFO] 2025-03-07 13:30:35,059: /use_sim_time is not set, will not subscribe to simulated time [/clock] topic
[rospy.internal][INFO] 2025-03-07 13:30:35,074: topic[/amcl_pose] adding connection to [http://localhost:39819/], count 0
[rospy.internal][INFO] 2025-03-07 13:30:35,254: topic[/rosout] adding connection to [/rosout], count 0
[rosout][WARNING] 2025-03-07 13:30:35,262: Inbound TCP/IP connection failed: connection from sender terminated before handshake header received. 0 bytes were received. Please check sender for additional details.
[rospy.internal][ERROR] 2025-03-07 13:30:35,271: Inbound TCP/IP connection failed:
Traceback (most recent call last):
  File "/opt/ros/kinetic/lib/python2.7/dist-packages/rospy/impl/tcpros_base.py", line 322, in _tcp_server_callback
    header = read_ros_handshake_header(sock, StringIO(), buff_size)
  File "/opt/ros/kinetic/lib/python2.7/dist-packages/rosgraph/network.py", line 364, in read_ros_handshake_header
    raise ROSHandshakeException("connection from sender terminated before handshake header received. %s bytes were received. Please check sender for additional details."%b.tell())
ROSHandshakeException: connection from sender terminated before handshake header received. 0 bytes were received. Please check sender for additional details.

[rospy.internal][INFO] 2025-03-07 13:30:35,354: topic[/trigger_msgs] adding connection to [/my_bag2], count 2
[rospy.internal][INFO] 2025-03-07 13:30:35,354: topic[/trigger_msgs] adding connection to [/my_bag], count 3
[rospy.internal][INFO] 2025-03-07 13:32:39,630: topic[/trigger_msgs] removing connection to /curr_posters_10333_1741329026493
[rospy.internal][INFO] 2025-03-07 13:32:39,630: topic[/trigger_msgs] removing connection to /controller_joystick
[rospy.internal][INFO] 2025-03-07 13:32:42,600: topic[/trigger_msgs] adding connection to [/curr_posters_13321_1741329162574], count 2
[rospy.internal][INFO] 2025-03-07 13:32:46,830: topic[/trigger_msgs] adding connection to [/controller_joystick], count 3
[rospy.internal][INFO] 2025-03-07 13:32:54,050: topic[/trigger_msgs] adding connection to [/my_bag], count 4
[rospy.internal][INFO] 2025-03-07 13:32:54,051: topic[/trigger_msgs] removing connection to /my_bag
[rospy.internal][INFO] 2025-03-07 13:32:54,051: topic[/trigger_msgs] removing connection to /my_bag2
[rospy.internal][INFO] 2025-03-07 13:32:54,052: topic[/trigger_msgs] adding connection to [/my_bag2], count 3
[rospy.internal][INFO] 2025-03-07 13:33:51,162: topic[/trigger_msgs] removing connection to /curr_posters_13321_1741329162574
[rospy.internal][INFO] 2025-03-07 13:33:51,162: topic[/trigger_msgs] removing connection to /controller_joystick
[rospy.core][INFO] 2025-03-07 13:34:06,316: signal_shutdown [atexit]
[rospy.internal][INFO] 2025-03-07 13:34:06,319: topic[/trigger_msgs] removing connection to /my_bag
[rospy.internal][INFO] 2025-03-07 13:34:06,319: topic[/trigger_msgs] removing connection to /my_bag2
[rospy.internal][INFO] 2025-03-07 13:34:06,319: topic[/rosout] removing connection to /rosout
[rospy.internal][INFO] 2025-03-07 13:34:06,320: topic[/amcl_pose] removing connection to http://localhost:39819/
[rospy.impl.masterslave][INFO] 2025-03-07 13:34:06,320: atexit
