[rospy.client][INFO] 2023-08-18 09:48:56,430: init_node, name[/triggers_6597_1692326936416], pid[6597]
[xmlrpc][INFO] 2023-08-18 09:48:56,431: XML-RPC server binding to 127.0.0.1:0
[xmlrpc][INFO] 2023-08-18 09:48:56,431: Started XML-RPC server [http://localhost:36867/]
[rospy.init][INFO] 2023-08-18 09:48:56,431: ROS Slave URI: [http://localhost:36867/]
[rospy.impl.masterslave][INFO] 2023-08-18 09:48:56,431: _ready: http://localhost:36867/
[xmlrpc][INFO] 2023-08-18 09:48:56,432: xml rpc node: starting XML-RPC server
[rospy.registration][INFO] 2023-08-18 09:48:56,432: Registering with master node http://localhost:11311
[rospy.registration][INFO] 2023-08-18 09:48:56,432: Registering publisher topic [/current_poster] type [geometry_msgs/PointStamped] with master
[rospy.registration][INFO] 2023-08-18 09:48:56,434: Registering publisher topic [/trigger_msgs] type [std_msgs/Int16] with master
[rospy.internal][INFO] 2023-08-18 09:48:56,453: topic[/trigger_msgs] adding connection to [/curr_posters_3045_1692326767257], count 0
[rospy.internal][INFO] 2023-08-18 09:48:56,472: topic[/trigger_msgs] adding connection to [/controller_joystick], count 1
[rospy.init][INFO] 2023-08-18 09:48:56,532: registered with master
[rospy.rosout][INFO] 2023-08-18 09:48:56,532: initializing /rosout core topic
[rospy.rosout][INFO] 2023-08-18 09:48:56,534: connected to core topic /rosout
[rospy.simtime][INFO] 2023-08-18 09:48:56,534: /use_sim_time is not set, will not subscribe to simulated time [/clock] topic
[rospy.internal][INFO] 2023-08-18 09:48:56,550: topic[/amcl_pose] adding connection to [http://localhost:38411/], count 0
[rospy.internal][INFO] 2023-08-18 09:48:56,640: topic[/current_poster] adding connection to [/rviz_1692326759324055806], count 0
[rospy.internal][INFO] 2023-08-18 09:48:56,742: topic[/rosout] adding connection to [/rosout], count 0
[rospy.internal][INFO] 2023-08-18 09:48:56,842: topic[/trigger_msgs] adding connection to [/my_bag2], count 2
[rospy.internal][INFO] 2023-08-18 09:48:56,843: topic[/trigger_msgs] adding connection to [/my_bag], count 3
[rospy.core][INFO] 2023-08-18 10:27:12,911: signal_shutdown [atexit]
[rospy.internal][INFO] 2023-08-18 10:27:12,915: topic[/current_poster] removing connection to /rviz_1692326759324055806
[rospy.internal][INFO] 2023-08-18 10:27:12,915: topic[/trigger_msgs] removing connection to /curr_posters_3045_1692326767257
[rospy.internal][INFO] 2023-08-18 10:27:12,915: topic[/trigger_msgs] removing connection to /controller_joystick
[rospy.internal][INFO] 2023-08-18 10:27:12,916: topic[/trigger_msgs] removing connection to /my_bag2
[rospy.internal][INFO] 2023-08-18 10:27:12,916: topic[/trigger_msgs] removing connection to /my_bag
[rospy.internal][INFO] 2023-08-18 10:27:12,916: topic[/rosout] removing connection to /rosout
[rospy.internal][INFO] 2023-08-18 10:27:12,917: topic[/amcl_pose] removing connection to http://localhost:38411/
[rospy.internal][WARNING] 2023-08-18 10:27:12,917: Unknown error initiating TCP/IP socket to localhost:40521 (http://localhost:38411/): Traceback (most recent call last):
  File "/opt/ros/kinetic/lib/python2.7/dist-packages/rospy/impl/tcpros_base.py", line 558, in connect
    self.read_header()
  File "/opt/ros/kinetic/lib/python2.7/dist-packages/rospy/impl/tcpros_base.py", line 651, in read_header
    self._validate_header(read_ros_handshake_header(sock, self.read_buff, self.protocol.buff_size))
AttributeError: 'NoneType' object has no attribute 'buff_size'

[rospy.topics][ERROR] 2023-08-18 10:27:12,917: Traceback (most recent call last):
  File "/opt/ros/kinetic/lib/python2.7/dist-packages/rospy/topics.py", line 326, in close
    c.close()
  File "/opt/ros/kinetic/lib/python2.7/dist-packages/rospy/impl/tcpros_base.py", line 839, in close
    self.socket.close()
AttributeError: 'NoneType' object has no attribute 'close'

[rospy.impl.masterslave][INFO] 2023-08-18 10:27:12,918: atexit
