[rospy.client][INFO] 2025-04-03 14:43:42,599: init_node, name[/triggers_3546_1743666222576], pid[3546]
[xmlrpc][INFO] 2025-04-03 14:43:42,600: XML-RPC server binding to 127.0.0.1:0
[xmlrpc][INFO] 2025-04-03 14:43:42,600: Started XML-RPC server [http://localhost:38021/]
[rospy.init][INFO] 2025-04-03 14:43:42,601: ROS Slave URI: [http://localhost:38021/]
[rospy.impl.masterslave][INFO] 2025-04-03 14:43:42,601: _ready: http://localhost:38021/
[rospy.registration][INFO] 2025-04-03 14:43:42,602: Registering with master node http://localhost:11311
[xmlrpc][INFO] 2025-04-03 14:43:42,602: xml rpc node: starting XML-RPC server
[rospy.registration][INFO] 2025-04-03 14:43:42,602: Registering publisher topic [/current_poster] type [geometry_msgs/PointStamped] with master
[rospy.registration][INFO] 2025-04-03 14:43:42,604: Registering publisher topic [/trigger_msgs] type [std_msgs/Int16] with master
[rospy.init][INFO] 2025-04-03 14:43:42,701: registered with master
[rospy.rosout][INFO] 2025-04-03 14:43:42,701: initializing /rosout core topic
[rospy.rosout][INFO] 2025-04-03 14:43:42,704: connected to core topic /rosout
[rospy.simtime][INFO] 2025-04-03 14:43:42,706: /use_sim_time is not set, will not subscribe to simulated time [/clock] topic
[rospy.internal][INFO] 2025-04-03 14:43:42,721: topic[/amcl_pose] adding connection to [http://localhost:37533/], count 0
[rospy.internal][INFO] 2025-04-03 14:43:42,756: topic[/trigger_msgs] adding connection to [/curr_posters_3210_1743666214293], count 0
[rospy.internal][INFO] 2025-04-03 14:43:42,757: topic[/trigger_msgs] adding connection to [/controller_joystick], count 1
[rospy.internal][INFO] 2025-04-03 14:43:42,925: topic[/rosout] adding connection to [/rosout], count 0
[rosout][WARNING] 2025-04-03 14:43:42,927: Inbound TCP/IP connection failed: connection from sender terminated before handshake header received. 0 bytes were received. Please check sender for additional details.
[rospy.internal][ERROR] 2025-04-03 14:43:42,928: Inbound TCP/IP connection failed:
Traceback (most recent call last):
  File "/opt/ros/kinetic/lib/python2.7/dist-packages/rospy/impl/tcpros_base.py", line 322, in _tcp_server_callback
    header = read_ros_handshake_header(sock, StringIO(), buff_size)
  File "/opt/ros/kinetic/lib/python2.7/dist-packages/rosgraph/network.py", line 364, in read_ros_handshake_header
    raise ROSHandshakeException("connection from sender terminated before handshake header received. %s bytes were received. Please check sender for additional details."%b.tell())
ROSHandshakeException: connection from sender terminated before handshake header received. 0 bytes were received. Please check sender for additional details.

[rospy.internal][INFO] 2025-04-03 14:43:43,027: topic[/trigger_msgs] adding connection to [/my_bag], count 2
[rospy.internal][INFO] 2025-04-03 14:43:43,028: topic[/trigger_msgs] adding connection to [/my_bag2], count 3
[rospy.internal][INFO] 2025-04-03 14:45:42,278: topic[/trigger_msgs] removing connection to /controller_joystick
[rospy.internal][INFO] 2025-04-03 14:45:46,781: topic[/trigger_msgs] removing connection to /curr_posters_3210_1743666214293
[rospy.internal][INFO] 2025-04-03 14:45:48,106: topic[/trigger_msgs] adding connection to [/curr_posters_6479_1743666348071], count 2
[rospy.internal][INFO] 2025-04-03 14:45:52,456: topic[/trigger_msgs] adding connection to [/controller_joystick], count 3
[rospy.internal][INFO] 2025-04-03 14:45:56,726: topic[/trigger_msgs] adding connection to [/my_bag2], count 4
[rospy.internal][INFO] 2025-04-03 14:45:56,726: topic[/trigger_msgs] removing connection to /my_bag2
[rospy.internal][INFO] 2025-04-03 14:45:56,726: topic[/trigger_msgs] removing connection to /my_bag
[rospy.internal][INFO] 2025-04-03 14:45:56,727: topic[/trigger_msgs] adding connection to [/my_bag], count 3
[rospy.internal][INFO] 2025-04-03 14:46:29,802: topic[/trigger_msgs] removing connection to /curr_posters_6479_1743666348071
[rospy.internal][INFO] 2025-04-03 14:46:29,802: topic[/trigger_msgs] removing connection to /controller_joystick
[rospy.internal][INFO] 2025-04-03 14:46:31,108: topic[/trigger_msgs] adding connection to [/curr_posters_7707_1743666391063], count 2
[rospy.internal][INFO] 2025-04-03 14:46:35,383: topic[/trigger_msgs] adding connection to [/controller_joystick], count 3
[rospy.internal][INFO] 2025-04-03 14:46:40,009: topic[/trigger_msgs] adding connection to [/my_bag], count 4
[rospy.internal][INFO] 2025-04-03 14:46:40,009: topic[/trigger_msgs] removing connection to /my_bag
[rospy.internal][INFO] 2025-04-03 14:46:40,010: topic[/trigger_msgs] removing connection to /my_bag2
[rospy.internal][INFO] 2025-04-03 14:46:40,014: topic[/trigger_msgs] adding connection to [/my_bag2], count 3
[rospy.internal][INFO] 2025-04-03 14:49:42,406: topic[/trigger_msgs] removing connection to /curr_posters_7707_1743666391063
[rospy.internal][INFO] 2025-04-03 14:49:42,407: topic[/trigger_msgs] removing connection to /controller_joystick
[rospy.internal][INFO] 2025-04-03 14:49:44,106: topic[/trigger_msgs] adding connection to [/curr_posters_12112_1743666584041], count 2
[rospy.internal][INFO] 2025-04-03 14:49:48,393: topic[/trigger_msgs] adding connection to [/controller_joystick], count 3
[rospy.internal][INFO] 2025-04-03 14:49:54,805: topic[/trigger_msgs] adding connection to [/my_bag], count 4
[rospy.internal][INFO] 2025-04-03 14:49:54,805: topic[/trigger_msgs] removing connection to /my_bag
[rospy.internal][INFO] 2025-04-03 14:49:54,806: topic[/trigger_msgs] removing connection to /my_bag2
[rospy.internal][INFO] 2025-04-03 14:49:54,807: topic[/trigger_msgs] adding connection to [/my_bag2], count 3
[rospy.internal][INFO] 2025-04-03 14:50:25,429: topic[/trigger_msgs] removing connection to /curr_posters_12112_1743666584041
[rospy.internal][INFO] 2025-04-03 14:50:25,429: topic[/trigger_msgs] removing connection to /controller_joystick
[rospy.internal][INFO] 2025-04-03 14:50:27,281: topic[/trigger_msgs] adding connection to [/curr_posters_13348_1743666627210], count 2
[rospy.internal][INFO] 2025-04-03 14:50:31,569: topic[/trigger_msgs] adding connection to [/controller_joystick], count 3
[rospy.internal][INFO] 2025-04-03 14:50:39,907: topic[/trigger_msgs] adding connection to [/my_bag2], count 4
[rospy.internal][INFO] 2025-04-03 14:50:39,907: topic[/trigger_msgs] removing connection to /my_bag2
[rospy.internal][INFO] 2025-04-03 14:50:39,908: topic[/trigger_msgs] removing connection to /my_bag
[rospy.internal][INFO] 2025-04-03 14:50:39,909: topic[/trigger_msgs] adding connection to [/my_bag], count 3
[rospy.internal][INFO] 2025-04-03 15:06:54,122: topic[/trigger_msgs] adding connection to [/controller_joystick], count 4
[rospy.internal][INFO] 2025-04-03 15:06:54,122: topic[/trigger_msgs] removing connection to /controller_joystick
[rospy.internal][INFO] 2025-04-03 15:06:54,550: topic[/trigger_msgs] removing connection to /controller_joystick
[rospy.internal][INFO] 2025-04-03 15:07:14,062: topic[/trigger_msgs] removing connection to /curr_posters_13348_1743666627210
[rospy.core][INFO] 2025-04-03 15:07:51,782: signal_shutdown [atexit]
[rospy.internal][INFO] 2025-04-03 15:07:51,787: topic[/trigger_msgs] removing connection to /my_bag2
[rospy.internal][INFO] 2025-04-03 15:07:51,787: topic[/trigger_msgs] removing connection to /my_bag
[rospy.internal][INFO] 2025-04-03 15:07:51,787: topic[/rosout] removing connection to /rosout
[rospy.internal][INFO] 2025-04-03 15:07:51,788: topic[/amcl_pose] removing connection to http://localhost:37533/
[rospy.internal][WARNING] 2025-04-03 15:07:51,788: Unknown error initiating TCP/IP socket to localhost:41071 (http://localhost:37533/): Traceback (most recent call last):
  File "/opt/ros/kinetic/lib/python2.7/dist-packages/rospy/impl/tcpros_base.py", line 558, in connect
    self.read_header()
  File "/opt/ros/kinetic/lib/python2.7/dist-packages/rospy/impl/tcpros_base.py", line 651, in read_header
    self._validate_header(read_ros_handshake_header(sock, self.read_buff, self.protocol.buff_size))
AttributeError: 'NoneType' object has no attribute 'buff_size'

[rospy.topics][ERROR] 2025-04-03 15:07:51,789: Traceback (most recent call last):
  File "/opt/ros/kinetic/lib/python2.7/dist-packages/rospy/topics.py", line 326, in close
    c.close()
  File "/opt/ros/kinetic/lib/python2.7/dist-packages/rospy/impl/tcpros_base.py", line 839, in close
    self.socket.close()
AttributeError: 'NoneType' object has no attribute 'close'

[rospy.impl.masterslave][INFO] 2025-04-03 15:07:51,789: atexit
