[rospy.client][INFO] 2024-02-28 09:32:34,113: init_node, name[/triggers_17067_1709087554094], pid[17067]
[xmlrpc][INFO] 2024-02-28 09:32:34,113: XML-RPC server binding to 127.0.0.1:0
[xmlrpc][INFO] 2024-02-28 09:32:34,114: Started XML-RPC server [http://localhost:46817/]
[rospy.init][INFO] 2024-02-28 09:32:34,114: ROS Slave URI: [http://localhost:46817/]
[rospy.impl.masterslave][INFO] 2024-02-28 09:32:34,114: _ready: http://localhost:46817/
[xmlrpc][INFO] 2024-02-28 09:32:34,115: xml rpc node: starting XML-RPC server
[rospy.registration][INFO] 2024-02-28 09:32:34,115: Registering with master node http://localhost:11311
[rospy.registration][INFO] 2024-02-28 09:32:34,115: Registering publisher topic [/current_poster] type [geometry_msgs/PointStamped] with master
[rospy.registration][INFO] 2024-02-28 09:32:34,116: Registering publisher topic [/trigger_msgs] type [std_msgs/Int16] with master
[rospy.internal][INFO] 2024-02-28 09:32:34,214: topic[/trigger_msgs] adding connection to [/controller_joystick], count 0
[rospy.init][INFO] 2024-02-28 09:32:34,214: registered with master
[rospy.rosout][INFO] 2024-02-28 09:32:34,214: initializing /rosout core topic
[rospy.rosout][INFO] 2024-02-28 09:32:34,215: connected to core topic /rosout
[rospy.simtime][INFO] 2024-02-28 09:32:34,216: /use_sim_time is not set, will not subscribe to simulated time [/clock] topic
[rospy.internal][INFO] 2024-02-28 09:32:34,228: topic[/trigger_msgs] adding connection to [/curr_posters_2966_1709086861937], count 1
[rospy.internal][INFO] 2024-02-28 09:32:34,232: topic[/amcl_pose] adding connection to [http://localhost:41715/], count 0
[rospy.internal][INFO] 2024-02-28 09:32:34,385: topic[/current_poster] adding connection to [/rviz_1709086849181054602], count 0
[rospy.internal][INFO] 2024-02-28 09:32:34,486: topic[/trigger_msgs] adding connection to [/my_bag], count 2
[rospy.internal][INFO] 2024-02-28 09:32:34,487: topic[/trigger_msgs] adding connection to [/my_bag2], count 3
[rospy.internal][INFO] 2024-02-28 09:32:34,488: topic[/rosout] adding connection to [/rosout], count 0
[rospy.internal][INFO] 2024-02-28 11:23:52,934: topic[/trigger_msgs] removing connection to /my_bag
[rospy.core][INFO] 2024-02-28 11:23:52,987: signal_shutdown [atexit]
[rospy.internal][INFO] 2024-02-28 11:23:52,992: topic[/current_poster] removing connection to /rviz_1709086849181054602
[rospy.internal][INFO] 2024-02-28 11:23:52,992: topic[/trigger_msgs] removing connection to /controller_joystick
[rospy.internal][INFO] 2024-02-28 11:23:52,992: topic[/trigger_msgs] removing connection to /curr_posters_2966_1709086861937
[rospy.internal][INFO] 2024-02-28 11:23:52,993: topic[/trigger_msgs] removing connection to /my_bag2
[rospy.internal][INFO] 2024-02-28 11:23:52,993: topic[/rosout] removing connection to /rosout
[rospy.internal][INFO] 2024-02-28 11:23:52,994: topic[/amcl_pose] removing connection to http://localhost:41715/
[rospy.impl.masterslave][INFO] 2024-02-28 11:23:52,994: atexit
