[rospy.client][INFO] 2023-08-21 09:49:11,970: init_node, name[/triggers_9583_1692586151956], pid[9583]
[xmlrpc][INFO] 2023-08-21 09:49:11,971: XML-RPC server binding to 127.0.0.1:0
[xmlrpc][INFO] 2023-08-21 09:49:11,971: Started XML-RPC server [http://localhost:34263/]
[rospy.init][INFO] 2023-08-21 09:49:11,971: ROS Slave URI: [http://localhost:34263/]
[rospy.impl.masterslave][INFO] 2023-08-21 09:49:11,971: _ready: http://localhost:34263/
[rospy.registration][INFO] 2023-08-21 09:49:11,972: Registering with master node http://localhost:11311
[xmlrpc][INFO] 2023-08-21 09:49:11,972: xml rpc node: starting XML-RPC server
[rospy.registration][INFO] 2023-08-21 09:49:11,972: Registering publisher topic [/current_poster] type [geometry_msgs/PointStamped] with master
[rospy.registration][INFO] 2023-08-21 09:49:11,974: Registering publisher topic [/trigger_msgs] type [std_msgs/Int16] with master
[rospy.internal][INFO] 2023-08-21 09:49:12,056: topic[/trigger_msgs] adding connection to [/controller_joystick], count 0
[rospy.internal][INFO] 2023-08-21 09:49:12,064: topic[/trigger_msgs] adding connection to [/curr_posters_3041_1692585832224], count 1
[rospy.init][INFO] 2023-08-21 09:49:12,071: registered with master
[rospy.rosout][INFO] 2023-08-21 09:49:12,072: initializing /rosout core topic
[rospy.rosout][INFO] 2023-08-21 09:49:12,073: connected to core topic /rosout
[rospy.simtime][INFO] 2023-08-21 09:49:12,073: /use_sim_time is not set, will not subscribe to simulated time [/clock] topic
[rospy.internal][INFO] 2023-08-21 09:49:12,090: topic[/amcl_pose] adding connection to [http://localhost:42719/], count 0
[rospy.internal][INFO] 2023-08-21 09:49:12,231: topic[/current_poster] adding connection to [/rviz_1692585825557202675], count 0
[rospy.internal][INFO] 2023-08-21 09:49:12,332: topic[/trigger_msgs] adding connection to [/my_bag], count 2
[rospy.internal][INFO] 2023-08-21 09:49:12,333: topic[/trigger_msgs] adding connection to [/my_bag2], count 3
[rospy.internal][INFO] 2023-08-21 09:49:12,334: topic[/rosout] adding connection to [/rosout], count 0
