[rospy.client][INFO] 2024-05-09 09:29:48,359: init_node, name[/triggers_17355_1715221788345], pid[17355]
[xmlrpc][INFO] 2024-05-09 09:29:48,360: XML-RPC server binding to 127.0.0.1:0
[xmlrpc][INFO] 2024-05-09 09:29:48,360: Started XML-RPC server [http://localhost:42479/]
[rospy.init][INFO] 2024-05-09 09:29:48,360: ROS Slave URI: [http://localhost:42479/]
[rospy.impl.masterslave][INFO] 2024-05-09 09:29:48,360: _ready: http://localhost:42479/
[xmlrpc][INFO] 2024-05-09 09:29:48,361: xml rpc node: starting XML-RPC server
[rospy.registration][INFO] 2024-05-09 09:29:48,361: Registering with master node http://localhost:11311
[rospy.registration][INFO] 2024-05-09 09:29:48,361: Registering publisher topic [/current_poster] type [geometry_msgs/PointStamped] with master
[rospy.registration][INFO] 2024-05-09 09:29:48,364: Registering publisher topic [/trigger_msgs] type [std_msgs/Int16] with master
[rospy.init][INFO] 2024-05-09 09:29:48,461: registered with master
[rospy.rosout][INFO] 2024-05-09 09:29:48,461: initializing /rosout core topic
[rospy.rosout][INFO] 2024-05-09 09:29:48,463: connected to core topic /rosout
[rospy.simtime][INFO] 2024-05-09 09:29:48,463: /use_sim_time is not set, will not subscribe to simulated time [/clock] topic
[rospy.internal][INFO] 2024-05-09 09:29:48,467: topic[/trigger_msgs] adding connection to [/curr_posters_2125_1715221066525], count 0
[rospy.internal][INFO] 2024-05-09 09:29:48,475: topic[/trigger_msgs] adding connection to [/controller_joystick], count 1
[rospy.internal][INFO] 2024-05-09 09:29:48,482: topic[/amcl_pose] adding connection to [http://localhost:38905/], count 0
[rospy.internal][INFO] 2024-05-09 09:29:48,627: topic[/current_poster] adding connection to [/rviz_1715221069491109250], count 0
[rospy.internal][INFO] 2024-05-09 09:29:48,730: topic[/rosout] adding connection to [/rosout], count 0
[rospy.internal][INFO] 2024-05-09 09:29:48,830: topic[/trigger_msgs] adding connection to [/my_bag2], count 2
[rospy.internal][INFO] 2024-05-09 09:29:48,831: topic[/trigger_msgs] adding connection to [/my_bag], count 3
[rospy.internal][INFO] 2024-05-09 11:08:03,661: topic[/trigger_msgs] removing connection to /my_bag
[rospy.core][INFO] 2024-05-09 11:08:03,704: signal_shutdown [atexit]
[rospy.internal][INFO] 2024-05-09 11:08:03,710: topic[/current_poster] removing connection to /rviz_1715221069491109250
[rospy.internal][INFO] 2024-05-09 11:08:03,710: topic[/trigger_msgs] removing connection to /curr_posters_2125_1715221066525
[rospy.internal][INFO] 2024-05-09 11:08:03,710: topic[/trigger_msgs] removing connection to /controller_joystick
[rospy.internal][INFO] 2024-05-09 11:08:03,711: topic[/trigger_msgs] removing connection to /my_bag2
[rospy.internal][INFO] 2024-05-09 11:08:03,711: topic[/rosout] removing connection to /rosout
[rospy.internal][INFO] 2024-05-09 11:08:03,711: topic[/amcl_pose] removing connection to http://localhost:38905/
[rospy.impl.masterslave][INFO] 2024-05-09 11:08:03,712: atexit
