[rospy.client][INFO] 2025-04-11 14:26:29,247: init_node, name[/triggers_21945_1744356389231], pid[21945]
[xmlrpc][INFO] 2025-04-11 14:26:29,248: XML-RPC server binding to 127.0.0.1:0
[xmlrpc][INFO] 2025-04-11 14:26:29,248: Started XML-RPC server [http://localhost:39897/]
[rospy.init][INFO] 2025-04-11 14:26:29,249: ROS Slave URI: [http://localhost:39897/]
[rospy.impl.masterslave][INFO] 2025-04-11 14:26:29,249: _ready: http://localhost:39897/
[rospy.registration][INFO] 2025-04-11 14:26:29,249: Registering with master node http://localhost:11311
[xmlrpc][INFO] 2025-04-11 14:26:29,249: xml rpc node: starting XML-RPC server
[rospy.registration][INFO] 2025-04-11 14:26:29,250: Registering publisher topic [/current_poster] type [geometry_msgs/PointStamped] with master
[rospy.registration][INFO] 2025-04-11 14:26:29,251: Registering publisher topic [/trigger_msgs] type [std_msgs/Int16] with master
[rospy.internal][INFO] 2025-04-11 14:26:29,268: topic[/trigger_msgs] adding connection to [/controller_joystick], count 0
[rospy.internal][INFO] 2025-04-11 14:26:29,268: topic[/trigger_msgs] adding connection to [/curr_posters_21560_1744356380367], count 1
[rospy.init][INFO] 2025-04-11 14:26:29,349: registered with master
[rospy.rosout][INFO] 2025-04-11 14:26:29,349: initializing /rosout core topic
[rospy.rosout][INFO] 2025-04-11 14:26:29,350: connected to core topic /rosout
[rospy.simtime][INFO] 2025-04-11 14:26:29,351: /use_sim_time is not set, will not subscribe to simulated time [/clock] topic
[rospy.internal][INFO] 2025-04-11 14:26:29,367: topic[/amcl_pose] adding connection to [http://localhost:33483/], count 0
[rospy.internal][INFO] 2025-04-11 14:26:29,561: topic[/rosout] adding connection to [/rosout], count 0
[rospy.internal][INFO] 2025-04-11 14:26:29,662: topic[/trigger_msgs] adding connection to [/my_bag2], count 2
[rospy.internal][INFO] 2025-04-11 14:26:29,662: topic[/trigger_msgs] adding connection to [/my_bag], count 3
[rospy.internal][INFO] 2025-04-11 14:26:41,372: topic[/trigger_msgs] removing connection to /controller_joystick
[rospy.internal][INFO] 2025-04-11 14:26:41,372: topic[/trigger_msgs] removing connection to /curr_posters_21560_1744356380367
[rospy.internal][INFO] 2025-04-11 14:26:58,885: topic[/trigger_msgs] adding connection to [/curr_posters_22678_1744356418866], count 2
[rospy.internal][INFO] 2025-04-11 14:27:03,183: topic[/trigger_msgs] adding connection to [/controller_joystick], count 3
[rospy.internal][INFO] 2025-04-11 14:27:06,217: topic[/trigger_msgs] adding connection to [/my_bag], count 4
[rospy.internal][INFO] 2025-04-11 14:27:06,218: topic[/trigger_msgs] removing connection to /my_bag
[rospy.internal][INFO] 2025-04-11 14:27:06,218: topic[/trigger_msgs] removing connection to /my_bag2
[rospy.internal][INFO] 2025-04-11 14:27:06,222: topic[/trigger_msgs] adding connection to [/my_bag2], count 3
[rospy.internal][INFO] 2025-04-11 14:29:15,935: topic[/trigger_msgs] removing connection to /curr_posters_22678_1744356418866
[rospy.internal][INFO] 2025-04-11 14:29:15,936: topic[/trigger_msgs] removing connection to /controller_joystick
[rospy.internal][INFO] 2025-04-11 14:29:19,942: topic[/trigger_msgs] adding connection to [/curr_posters_26005_1744356559913], count 2
[rospy.internal][INFO] 2025-04-11 14:29:21,438: topic[/trigger_msgs] removing connection to /my_bag
[rospy.internal][INFO] 2025-04-11 14:29:21,439: topic[/trigger_msgs] removing connection to /my_bag2
[rospy.internal][INFO] 2025-04-11 14:29:24,155: topic[/trigger_msgs] adding connection to [/controller_joystick], count 1
[rospy.internal][INFO] 2025-04-11 14:29:28,713: topic[/trigger_msgs] adding connection to [/my_bag], count 2
[rospy.internal][INFO] 2025-04-11 14:29:28,713: topic[/trigger_msgs] adding connection to [/my_bag2], count 3
[rospy.internal][INFO] 2025-04-11 14:30:50,473: topic[/trigger_msgs] removing connection to /curr_posters_26005_1744356559913
[rospy.internal][INFO] 2025-04-11 14:30:50,474: topic[/trigger_msgs] removing connection to /controller_joystick
[rospy.internal][INFO] 2025-04-11 14:30:51,221: topic[/trigger_msgs] adding connection to [/curr_posters_28211_1744356651194], count 2
[rospy.core][INFO] 2025-04-11 14:30:53,361: signal_shutdown [atexit]
[rospy.internal][INFO] 2025-04-11 14:30:53,364: topic[/trigger_msgs] removing connection to /my_bag
[rospy.internal][INFO] 2025-04-11 14:30:53,364: topic[/trigger_msgs] removing connection to /my_bag2
[rospy.internal][INFO] 2025-04-11 14:30:53,364: topic[/trigger_msgs] removing connection to /curr_posters_28211_1744356651194
[rospy.internal][INFO] 2025-04-11 14:30:53,364: topic[/rosout] removing connection to /rosout
[rospy.internal][INFO] 2025-04-11 14:30:53,364: topic[/amcl_pose] removing connection to http://localhost:33483/
[rospy.impl.masterslave][INFO] 2025-04-11 14:30:53,365: atexit
