[rospy.client][INFO] 2025-06-18 11:48:05,458: init_node, name[/triggers_10650_1750222085444], pid[10650]
[xmlrpc][INFO] 2025-06-18 11:48:05,459: XML-RPC server binding to 127.0.0.1:0
[xmlrpc][INFO] 2025-06-18 11:48:05,459: Started XML-RPC server [http://localhost:33007/]
[rospy.init][INFO] 2025-06-18 11:48:05,460: ROS Slave URI: [http://localhost:33007/]
[rospy.impl.masterslave][INFO] 2025-06-18 11:48:05,460: _ready: http://localhost:33007/
[rospy.registration][INFO] 2025-06-18 11:48:05,460: Registering with master node http://localhost:11311
[xmlrpc][INFO] 2025-06-18 11:48:05,460: xml rpc node: starting XML-RPC server
[rospy.registration][INFO] 2025-06-18 11:48:05,460: Registering publisher topic [/current_poster] type [geometry_msgs/PointStamped] with master
[rospy.registration][INFO] 2025-06-18 11:48:05,462: Registering publisher topic [/trigger_msgs] type [std_msgs/Int16] with master
[rospy.internal][INFO] 2025-06-18 11:48:05,539: topic[/trigger_msgs] adding connection to [/curr_posters_6819_1750221926822], count 0
[rospy.init][INFO] 2025-06-18 11:48:05,560: registered with master
[rospy.rosout][INFO] 2025-06-18 11:48:05,560: initializing /rosout core topic
[rospy.rosout][INFO] 2025-06-18 11:48:05,561: connected to core topic /rosout
[rospy.simtime][INFO] 2025-06-18 11:48:05,562: /use_sim_time is not set, will not subscribe to simulated time [/clock] topic
[rospy.internal][INFO] 2025-06-18 11:48:05,563: topic[/trigger_msgs] adding connection to [/joystick_controller_7001_1750221931595], count 1
[rospy.internal][INFO] 2025-06-18 11:48:05,577: topic[/amcl_pose] adding connection to [http://localhost:45381/], count 0
[rospy.internal][INFO] 2025-06-18 11:48:05,713: topic[/current_poster] adding connection to [/rviz_1750221929709701255], count 0
[rospy.internal][INFO] 2025-06-18 11:48:05,814: topic[/trigger_msgs] adding connection to [/my_bag2], count 2
[rospy.internal][INFO] 2025-06-18 11:48:05,815: topic[/rosout] adding connection to [/rosout], count 0
[rospy.internal][INFO] 2025-06-18 11:48:05,815: topic[/trigger_msgs] adding connection to [/my_bag], count 3
[rospy.core][INFO] 2025-06-18 11:48:08,582: signal_shutdown [atexit]
[rospy.internal][INFO] 2025-06-18 11:48:08,584: topic[/current_poster] removing connection to /rviz_1750221929709701255
[rospy.internal][INFO] 2025-06-18 11:48:08,584: topic[/trigger_msgs] removing connection to /curr_posters_6819_1750221926822
[rospy.internal][INFO] 2025-06-18 11:48:08,584: topic[/trigger_msgs] removing connection to /joystick_controller_7001_1750221931595
[rospy.internal][INFO] 2025-06-18 11:48:08,584: topic[/trigger_msgs] removing connection to /my_bag2
[rospy.internal][INFO] 2025-06-18 11:48:08,585: topic[/trigger_msgs] removing connection to /my_bag
[rospy.internal][INFO] 2025-06-18 11:48:08,585: topic[/rosout] removing connection to /rosout
[rospy.internal][INFO] 2025-06-18 11:48:08,585: topic[/amcl_pose] removing connection to http://localhost:45381/
[rospy.internal][WARNING] 2025-06-18 11:48:08,585: Unknown error initiating TCP/IP socket to localhost:53625 (http://localhost:45381/): Traceback (most recent call last):
  File "/opt/ros/kinetic/lib/python2.7/dist-packages/rospy/impl/tcpros_base.py", line 558, in connect
    self.read_header()
  File "/opt/ros/kinetic/lib/python2.7/dist-packages/rospy/impl/tcpros_base.py", line 651, in read_header
    self._validate_header(read_ros_handshake_header(sock, self.read_buff, self.protocol.buff_size))
AttributeError: 'NoneType' object has no attribute 'buff_size'

[rospy.topics][ERROR] 2025-06-18 11:48:08,585: Traceback (most recent call last):
  File "/opt/ros/kinetic/lib/python2.7/dist-packages/rospy/topics.py", line 326, in close
    c.close()
  File "/opt/ros/kinetic/lib/python2.7/dist-packages/rospy/impl/tcpros_base.py", line 839, in close
    self.socket.close()
AttributeError: 'NoneType' object has no attribute 'close'

[rospy.impl.masterslave][INFO] 2025-06-18 11:48:08,585: atexit
