[rospy.client][INFO] 2025-07-01 14:36:09,040: init_node, name[/triggers_32690_1751355369024], pid[32690]
[xmlrpc][INFO] 2025-07-01 14:36:09,040: XML-RPC server binding to 127.0.0.1:0
[xmlrpc][INFO] 2025-07-01 14:36:09,040: Started XML-RPC server [http://localhost:40421/]
[rospy.init][INFO] 2025-07-01 14:36:09,041: ROS Slave URI: [http://localhost:40421/]
[rospy.impl.masterslave][INFO] 2025-07-01 14:36:09,041: _ready: http://localhost:40421/
[xmlrpc][INFO] 2025-07-01 14:36:09,041: xml rpc node: starting XML-RPC server
[rospy.registration][INFO] 2025-07-01 14:36:09,041: Registering with master node http://localhost:11311
[rospy.registration][INFO] 2025-07-01 14:36:09,042: Registering publisher topic [/current_poster] type [geometry_msgs/PointStamped] with master
[rospy.registration][INFO] 2025-07-01 14:36:09,043: Registering publisher topic [/trigger_msgs] type [std_msgs/Int16] with master
[rospy.internal][INFO] 2025-07-01 14:36:09,073: topic[/trigger_msgs] adding connection to [/joystick_controller_30855_1751355285723], count 0
[rospy.internal][INFO] 2025-07-01 14:36:09,106: topic[/trigger_msgs] adding connection to [/curr_posters_30714_1751355281749], count 1
[rospy.init][INFO] 2025-07-01 14:36:09,141: registered with master
[rospy.rosout][INFO] 2025-07-01 14:36:09,141: initializing /rosout core topic
[rospy.rosout][INFO] 2025-07-01 14:36:09,142: connected to core topic /rosout
[rospy.simtime][INFO] 2025-07-01 14:36:09,143: /use_sim_time is not set, will not subscribe to simulated time [/clock] topic
[rospy.internal][INFO] 2025-07-01 14:36:09,158: topic[/amcl_pose] adding connection to [http://localhost:40631/], count 0
[rospy.core][INFO] 2025-07-01 14:36:09,160: signal_shutdown [atexit]
[rospy.internal][INFO] 2025-07-01 14:36:09,162: topic[/trigger_msgs] removing connection to /joystick_controller_30855_1751355285723
[rospy.internal][INFO] 2025-07-01 14:36:09,162: topic[/trigger_msgs] removing connection to /curr_posters_30714_1751355281749
[rospy.internal][INFO] 2025-07-01 14:36:09,162: topic[/amcl_pose] removing connection to http://localhost:40631/
[rospy.internal][WARNING] 2025-07-01 14:36:09,163: Unknown error initiating TCP/IP socket to localhost:53353 (http://localhost:40631/): Traceback (most recent call last):
  File "/opt/ros/kinetic/lib/python2.7/dist-packages/rospy/impl/tcpros_base.py", line 558, in connect
    self.read_header()
  File "/opt/ros/kinetic/lib/python2.7/dist-packages/rospy/impl/tcpros_base.py", line 651, in read_header
    self._validate_header(read_ros_handshake_header(sock, self.read_buff, self.protocol.buff_size))
AttributeError: 'NoneType' object has no attribute 'buff_size'

[rospy.topics][ERROR] 2025-07-01 14:36:09,177: Traceback (most recent call last):
  File "/opt/ros/kinetic/lib/python2.7/dist-packages/rospy/topics.py", line 326, in close
    c.close()
  File "/opt/ros/kinetic/lib/python2.7/dist-packages/rospy/impl/tcpros_base.py", line 839, in close
    self.socket.close()
AttributeError: 'NoneType' object has no attribute 'close'

[rospy.impl.masterslave][INFO] 2025-07-01 14:36:09,177: atexit
