[rospy.client][INFO] 2024-01-30 09:32:36,160: init_node, name[/triggers_4388_1706581956146], pid[4388]
[xmlrpc][INFO] 2024-01-30 09:32:36,160: XML-RPC server binding to 127.0.0.1:0
[xmlrpc][INFO] 2024-01-30 09:32:36,161: Started XML-RPC server [http://localhost:43945/]
[rospy.init][INFO] 2024-01-30 09:32:36,161: ROS Slave URI: [http://localhost:43945/]
[rospy.impl.masterslave][INFO] 2024-01-30 09:32:36,161: _ready: http://localhost:43945/
[rospy.registration][INFO] 2024-01-30 09:32:36,161: Registering with master node http://localhost:11311
[xmlrpc][INFO] 2024-01-30 09:32:36,162: xml rpc node: starting XML-RPC server
[rospy.registration][INFO] 2024-01-30 09:32:36,162: Registering publisher topic [/current_poster] type [geometry_msgs/PointStamped] with master
[rospy.registration][INFO] 2024-01-30 09:32:36,163: Registering publisher topic [/trigger_msgs] type [std_msgs/Int16] with master
[rospy.internal][INFO] 2024-01-30 09:32:36,197: topic[/trigger_msgs] adding connection to [/curr_posters_3330_1706581908035], count 0
[rospy.internal][INFO] 2024-01-30 09:32:36,216: topic[/trigger_msgs] adding connection to [/controller_joystick], count 1
[rospy.init][INFO] 2024-01-30 09:32:36,261: registered with master
[rospy.rosout][INFO] 2024-01-30 09:32:36,261: initializing /rosout core topic
[rospy.rosout][INFO] 2024-01-30 09:32:36,262: connected to core topic /rosout
[rospy.simtime][INFO] 2024-01-30 09:32:36,263: /use_sim_time is not set, will not subscribe to simulated time [/clock] topic
[rospy.internal][INFO] 2024-01-30 09:32:36,279: topic[/amcl_pose] adding connection to [http://localhost:33457/], count 0
[rospy.internal][INFO] 2024-01-30 09:32:36,371: topic[/current_poster] adding connection to [/rviz_1706581900134044408], count 0
[rospy.internal][INFO] 2024-01-30 09:32:36,394: topic[/rosout] adding connection to [/rosout], count 0
[rospy.internal][INFO] 2024-01-30 09:32:36,495: topic[/trigger_msgs] adding connection to [/my_bag2], count 2
[rospy.internal][INFO] 2024-01-30 09:32:36,496: topic[/trigger_msgs] adding connection to [/my_bag], count 3
[rospy.internal][INFO] 2024-01-30 11:20:43,597: topic[/trigger_msgs] removing connection to /my_bag
[rospy.core][INFO] 2024-01-30 11:20:43,657: signal_shutdown [atexit]
[rospy.internal][INFO] 2024-01-30 11:20:43,661: topic[/current_poster] removing connection to /rviz_1706581900134044408
[rospy.internal][INFO] 2024-01-30 11:20:43,661: topic[/trigger_msgs] removing connection to /curr_posters_3330_1706581908035
[rospy.internal][INFO] 2024-01-30 11:20:43,661: topic[/trigger_msgs] removing connection to /controller_joystick
[rospy.internal][INFO] 2024-01-30 11:20:43,662: topic[/trigger_msgs] removing connection to /my_bag2
[rospy.internal][INFO] 2024-01-30 11:20:43,662: topic[/rosout] removing connection to /rosout
[rospy.internal][INFO] 2024-01-30 11:20:43,663: topic[/amcl_pose] removing connection to http://localhost:33457/
[rospy.impl.masterslave][INFO] 2024-01-30 11:20:43,663: atexit
[rospy.internal][WARNING] 2024-01-30 11:20:43,664: Unknown error initiating TCP/IP socket to localhost:55219 (http://localhost:33457/): Traceback (most recent call last):
  File "/opt/ros/kinetic/lib/python2.7/dist-packages/rospy/impl/tcpros_base.py", line 558, in connect
    self.read_header()
  File "/opt/ros/kinetic/lib/python2.7/dist-packages/rospy/impl/tcpros_base.py", line 651, in read_header
    self._validate_header(read_ros_handshake_header(sock, self.read_buff, self.protocol.buff_size))
AttributeError: 'NoneType' object has no attribute 'buff_size'

