[rospy.client][INFO] 2023-10-12 09:43:07,078: init_node, name[/triggers_7915_1697078587057], pid[7915]
[xmlrpc][INFO] 2023-10-12 09:43:07,080: XML-RPC server binding to 127.0.0.1:0
[xmlrpc][INFO] 2023-10-12 09:43:07,080: Started XML-RPC server [http://localhost:40971/]
[rospy.init][INFO] 2023-10-12 09:43:07,081: ROS Slave URI: [http://localhost:40971/]
[rospy.impl.masterslave][INFO] 2023-10-12 09:43:07,081: _ready: http://localhost:40971/
[xmlrpc][INFO] 2023-10-12 09:43:07,081: xml rpc node: starting XML-RPC server
[rospy.registration][INFO] 2023-10-12 09:43:07,081: Registering with master node http://localhost:11311
[rospy.registration][INFO] 2023-10-12 09:43:07,082: Registering publisher topic [/current_poster] type [geometry_msgs/PointStamped] with master
[rospy.registration][INFO] 2023-10-12 09:43:07,083: Registering publisher topic [/trigger_msgs] type [std_msgs/Int16] with master
[rospy.internal][INFO] 2023-10-12 09:43:07,149: topic[/trigger_msgs] adding connection to [/controller_joystick], count 0
[rospy.internal][INFO] 2023-10-12 09:43:07,166: topic[/trigger_msgs] adding connection to [/curr_posters_3074_1697078350253], count 1
[rospy.init][INFO] 2023-10-12 09:43:07,181: registered with master
[rospy.rosout][INFO] 2023-10-12 09:43:07,181: initializing /rosout core topic
[rospy.rosout][INFO] 2023-10-12 09:43:07,182: connected to core topic /rosout
[rospy.simtime][INFO] 2023-10-12 09:43:07,183: /use_sim_time is not set, will not subscribe to simulated time [/clock] topic
[rospy.internal][INFO] 2023-10-12 09:43:07,199: topic[/amcl_pose] adding connection to [http://localhost:39013/], count 0
[rospy.internal][INFO] 2023-10-12 09:43:07,338: topic[/current_poster] adding connection to [/rviz_1697078338167516806], count 0
[rospy.internal][INFO] 2023-10-12 09:43:07,440: topic[/trigger_msgs] adding connection to [/my_bag2], count 2
[rospy.internal][INFO] 2023-10-12 09:43:07,441: topic[/rosout] adding connection to [/rosout], count 0
[rospy.internal][INFO] 2023-10-12 09:43:07,441: topic[/trigger_msgs] adding connection to [/my_bag], count 3
[rospy.internal][INFO] 2023-10-12 10:15:30,607: topic[/trigger_msgs] removing connection to /my_bag
[rospy.core][INFO] 2023-10-12 10:15:30,911: signal_shutdown [atexit]
[rospy.internal][INFO] 2023-10-12 10:15:30,917: topic[/current_poster] removing connection to /rviz_1697078338167516806
[rospy.internal][INFO] 2023-10-12 10:15:30,918: topic[/trigger_msgs] removing connection to /controller_joystick
[rospy.internal][INFO] 2023-10-12 10:15:30,918: topic[/trigger_msgs] removing connection to /curr_posters_3074_1697078350253
[rospy.internal][INFO] 2023-10-12 10:15:30,918: topic[/trigger_msgs] removing connection to /my_bag2
[rospy.internal][INFO] 2023-10-12 10:15:30,919: topic[/rosout] removing connection to /rosout
[rospy.internal][INFO] 2023-10-12 10:15:30,919: topic[/amcl_pose] removing connection to http://localhost:39013/
[rospy.impl.masterslave][INFO] 2023-10-12 10:15:30,920: atexit
