[rospy.client][INFO] 2025-05-22 13:19:49,655: init_node, name[/triggers_7619_1747894789641], pid[7619]
[xmlrpc][INFO] 2025-05-22 13:19:49,656: XML-RPC server binding to 127.0.0.1:0
[xmlrpc][INFO] 2025-05-22 13:19:49,656: Started XML-RPC server [http://localhost:40323/]
[rospy.init][INFO] 2025-05-22 13:19:49,656: ROS Slave URI: [http://localhost:40323/]
[rospy.impl.masterslave][INFO] 2025-05-22 13:19:49,656: _ready: http://localhost:40323/
[xmlrpc][INFO] 2025-05-22 13:19:49,656: xml rpc node: starting XML-RPC server
[rospy.registration][INFO] 2025-05-22 13:19:49,657: Registering with master node http://localhost:11311
[rospy.registration][INFO] 2025-05-22 13:19:49,657: Registering publisher topic [/current_poster] type [geometry_msgs/PointStamped] with master
[rospy.registration][INFO] 2025-05-22 13:19:49,658: Registering publisher topic [/trigger_msgs] type [std_msgs/Int16] with master
[rospy.internal][INFO] 2025-05-22 13:19:49,682: topic[/trigger_msgs] adding connection to [/curr_posters_7277_1747894778628], count 0
[rospy.internal][INFO] 2025-05-22 13:19:49,711: topic[/trigger_msgs] adding connection to [/controller_joystick], count 1
[rospy.init][INFO] 2025-05-22 13:19:49,756: registered with master
[rospy.rosout][INFO] 2025-05-22 13:19:49,756: initializing /rosout core topic
[rospy.rosout][INFO] 2025-05-22 13:19:49,757: connected to core topic /rosout
[rospy.simtime][INFO] 2025-05-22 13:19:49,758: /use_sim_time is not set, will not subscribe to simulated time [/clock] topic
[rospy.internal][INFO] 2025-05-22 13:19:49,774: topic[/amcl_pose] adding connection to [http://localhost:42973/], count 0
[rospy.internal][INFO] 2025-05-22 13:19:49,863: topic[/current_poster] adding connection to [/rviz_1747894641970227044], count 0
[rospy.internal][INFO] 2025-05-22 13:19:49,965: topic[/rosout] adding connection to [/rosout], count 0
[rospy.internal][INFO] 2025-05-22 13:19:50,065: topic[/trigger_msgs] adding connection to [/my_bag2], count 2
[rospy.internal][INFO] 2025-05-22 13:19:50,066: topic[/trigger_msgs] adding connection to [/my_bag], count 3
[rospy.internal][INFO] 2025-05-22 13:20:14,195: topic[/trigger_msgs] adding connection to [/rostopic_8313_1747894814066], count 4
