[rospy.client][INFO] 2025-07-01 14:37:59,240: init_node, name[/triggers_2992_1751355479226], pid[2992]
[xmlrpc][INFO] 2025-07-01 14:37:59,241: XML-RPC server binding to 127.0.0.1:0
[xmlrpc][INFO] 2025-07-01 14:37:59,241: Started XML-RPC server [http://localhost:41169/]
[rospy.init][INFO] 2025-07-01 14:37:59,241: ROS Slave URI: [http://localhost:41169/]
[rospy.impl.masterslave][INFO] 2025-07-01 14:37:59,241: _ready: http://localhost:41169/
[rospy.registration][INFO] 2025-07-01 14:37:59,242: Registering with master node http://localhost:11311
[xmlrpc][INFO] 2025-07-01 14:37:59,242: xml rpc node: starting XML-RPC server
[rospy.registration][INFO] 2025-07-01 14:37:59,242: Registering publisher topic [/current_poster] type [geometry_msgs/PointStamped] with master
[rospy.registration][INFO] 2025-07-01 14:37:59,243: Registering publisher topic [/trigger_msgs] type [std_msgs/Int16] with master
[rospy.internal][INFO] 2025-07-01 14:37:59,331: topic[/trigger_msgs] adding connection to [/joystick_controller_30855_1751355285723], count 0
[rospy.init][INFO] 2025-07-01 14:37:59,341: registered with master
[rospy.rosout][INFO] 2025-07-01 14:37:59,341: initializing /rosout core topic
[rospy.rosout][INFO] 2025-07-01 14:37:59,342: connected to core topic /rosout
[rospy.simtime][INFO] 2025-07-01 14:37:59,343: /use_sim_time is not set, will not subscribe to simulated time [/clock] topic
[rospy.internal][INFO] 2025-07-01 14:37:59,351: topic[/trigger_msgs] adding connection to [/curr_posters_30714_1751355281749], count 1
[rospy.internal][INFO] 2025-07-01 14:37:59,358: topic[/amcl_pose] adding connection to [http://localhost:40631/], count 0
[rospy.core][INFO] 2025-07-01 14:37:59,427: signal_shutdown [atexit]
[rospy.internal][INFO] 2025-07-01 14:37:59,429: topic[/trigger_msgs] removing connection to /joystick_controller_30855_1751355285723
[rospy.internal][INFO] 2025-07-01 14:37:59,429: topic[/trigger_msgs] removing connection to /curr_posters_30714_1751355281749
[rospy.internal][INFO] 2025-07-01 14:37:59,429: topic[/amcl_pose] removing connection to http://localhost:40631/
[rospy.impl.masterslave][INFO] 2025-07-01 14:37:59,429: atexit
