[rospy.client][INFO] 2024-07-25 14:51:10,431: init_node, name[/triggers_1247_1721893870411], pid[1247]
[xmlrpc][INFO] 2024-07-25 14:51:10,431: XML-RPC server binding to 127.0.0.1:0
[xmlrpc][INFO] 2024-07-25 14:51:10,431: Started XML-RPC server [http://localhost:43727/]
[rospy.init][INFO] 2024-07-25 14:51:10,432: ROS Slave URI: [http://localhost:43727/]
[rospy.impl.masterslave][INFO] 2024-07-25 14:51:10,432: _ready: http://localhost:43727/
[xmlrpc][INFO] 2024-07-25 14:51:10,432: xml rpc node: starting XML-RPC server
[rospy.registration][INFO] 2024-07-25 14:51:10,432: Registering with master node http://localhost:11311
[rospy.registration][INFO] 2024-07-25 14:51:10,433: Registering publisher topic [/current_poster] type [geometry_msgs/PointStamped] with master
[rospy.registration][INFO] 2024-07-25 14:51:10,435: Registering publisher topic [/trigger_msgs] type [std_msgs/Int16] with master
[rospy.internal][INFO] 2024-07-25 14:51:10,472: topic[/trigger_msgs] adding connection to [/curr_posters_10549_1721892745074], count 0
[rospy.internal][INFO] 2024-07-25 14:51:10,503: topic[/trigger_msgs] adding connection to [/controller_joystick], count 1
[rospy.init][INFO] 2024-07-25 14:51:10,532: registered with master
[rospy.rosout][INFO] 2024-07-25 14:51:10,532: initializing /rosout core topic
[rospy.rosout][INFO] 2024-07-25 14:51:10,533: connected to core topic /rosout
[rospy.simtime][INFO] 2024-07-25 14:51:10,534: /use_sim_time is not set, will not subscribe to simulated time [/clock] topic
[rospy.internal][INFO] 2024-07-25 14:51:10,550: topic[/amcl_pose] adding connection to [http://localhost:35703/], count 0
[rospy.internal][INFO] 2024-07-25 14:51:10,655: topic[/current_poster] adding connection to [/rviz_1721892389921024840], count 0
[rospy.internal][INFO] 2024-07-25 14:51:10,758: topic[/rosout] adding connection to [/rosout], count 0
[rospy.internal][INFO] 2024-07-25 14:51:10,858: topic[/trigger_msgs] adding connection to [/my_bag2], count 2
[rospy.internal][INFO] 2024-07-25 14:51:10,859: topic[/trigger_msgs] adding connection to [/my_bag], count 3
[rospy.internal][INFO] 2024-07-25 14:51:42,063: topic[/trigger_msgs] removing connection to /my_bag
[rospy.core][INFO] 2024-07-25 14:51:42,240: signal_shutdown [atexit]
[rospy.internal][INFO] 2024-07-25 14:51:42,244: topic[/current_poster] removing connection to /rviz_1721892389921024840
[rospy.internal][INFO] 2024-07-25 14:51:42,244: topic[/trigger_msgs] removing connection to /curr_posters_10549_1721892745074
[rospy.internal][INFO] 2024-07-25 14:51:42,245: topic[/trigger_msgs] removing connection to /controller_joystick
[rospy.internal][INFO] 2024-07-25 14:51:42,245: topic[/trigger_msgs] removing connection to /my_bag2
[rospy.internal][INFO] 2024-07-25 14:51:42,245: topic[/rosout] removing connection to /rosout
[rospy.internal][INFO] 2024-07-25 14:51:42,245: topic[/amcl_pose] removing connection to http://localhost:35703/
[rospy.internal][WARNING] 2024-07-25 14:51:42,246: Unknown error initiating TCP/IP socket to localhost:42685 (http://localhost:35703/): Traceback (most recent call last):
  File "/opt/ros/kinetic/lib/python2.7/dist-packages/rospy/impl/tcpros_base.py", line 558, in connect
    self.read_header()
  File "/opt/ros/kinetic/lib/python2.7/dist-packages/rospy/impl/tcpros_base.py", line 651, in read_header
    self._validate_header(read_ros_handshake_header(sock, self.read_buff, self.protocol.buff_size))
AttributeError: 'NoneType' object has no attribute 'buff_size'

[rospy.topics][ERROR] 2024-07-25 14:51:42,246: Traceback (most recent call last):
  File "/opt/ros/kinetic/lib/python2.7/dist-packages/rospy/topics.py", line 326, in close
    c.close()
  File "/opt/ros/kinetic/lib/python2.7/dist-packages/rospy/impl/tcpros_base.py", line 839, in close
    self.socket.close()
AttributeError: 'NoneType' object has no attribute 'close'

[rospy.impl.masterslave][INFO] 2024-07-25 14:51:42,246: atexit
