[rospy.client][INFO] 2025-02-21 15:23:32,114: init_node, name[/triggers_25590_1740126212100], pid[25590]
[xmlrpc][INFO] 2025-02-21 15:23:32,114: XML-RPC server binding to 127.0.0.1:0
[xmlrpc][INFO] 2025-02-21 15:23:32,115: Started XML-RPC server [http://localhost:43681/]
[rospy.init][INFO] 2025-02-21 15:23:32,115: ROS Slave URI: [http://localhost:43681/]
[rospy.impl.masterslave][INFO] 2025-02-21 15:23:32,115: _ready: http://localhost:43681/
[rospy.registration][INFO] 2025-02-21 15:23:32,116: Registering with master node http://localhost:11311
[xmlrpc][INFO] 2025-02-21 15:23:32,116: xml rpc node: starting XML-RPC server
[rospy.registration][INFO] 2025-02-21 15:23:32,116: Registering publisher topic [/current_poster] type [geometry_msgs/PointStamped] with master
[rospy.registration][INFO] 2025-02-21 15:23:32,117: Registering publisher topic [/trigger_msgs] type [std_msgs/Int16] with master
[rospy.internal][INFO] 2025-02-21 15:23:32,169: topic[/trigger_msgs] adding connection to [/curr_posters_23447_1740126109692], count 0
[rospy.internal][INFO] 2025-02-21 15:23:32,196: topic[/trigger_msgs] adding connection to [/controller_joystick], count 1
[rospy.init][INFO] 2025-02-21 15:23:32,216: registered with master
[rospy.rosout][INFO] 2025-02-21 15:23:32,217: initializing /rosout core topic
[rospy.rosout][INFO] 2025-02-21 15:23:32,218: connected to core topic /rosout
[rospy.simtime][INFO] 2025-02-21 15:23:32,219: /use_sim_time is not set, will not subscribe to simulated time [/clock] topic
[rospy.internal][INFO] 2025-02-21 15:23:32,233: topic[/amcl_pose] adding connection to [http://localhost:43839/], count 0
[rospy.internal][INFO] 2025-02-21 15:23:32,367: topic[/current_poster] adding connection to [/rviz_1740125929685911278], count 0
[rospy.internal][INFO] 2025-02-21 15:23:32,469: topic[/trigger_msgs] adding connection to [/my_bag], count 2
[rospy.internal][INFO] 2025-02-21 15:23:32,470: topic[/rosout] adding connection to [/rosout], count 0
[rospy.internal][INFO] 2025-02-21 15:23:32,471: topic[/trigger_msgs] adding connection to [/my_bag2], count 3
[rospy.internal][INFO] 2025-02-21 15:25:36,286: topic[/trigger_msgs] removing connection to /curr_posters_23447_1740126109692
[rospy.internal][INFO] 2025-02-21 15:25:36,286: topic[/trigger_msgs] removing connection to /controller_joystick
[rospy.internal][INFO] 2025-02-21 15:25:38,787: topic[/current_poster] removing connection to /rviz_1740125929685911278
[rospy.internal][WARNING] 2025-02-21 15:25:39,038: Unknown error initiating TCP/IP socket to localhost:39143 (http://localhost:43839/): Traceback (most recent call last):
  File "/opt/ros/kinetic/lib/python2.7/dist-packages/rospy/impl/tcpros_base.py", line 558, in connect
    self.read_header()
  File "/opt/ros/kinetic/lib/python2.7/dist-packages/rospy/impl/tcpros_base.py", line 651, in read_header
    self._validate_header(read_ros_handshake_header(sock, self.read_buff, self.protocol.buff_size))
  File "/opt/ros/kinetic/lib/python2.7/dist-packages/rosgraph/network.py", line 362, in read_ros_handshake_header
    d = sock.recv(buff_size)
error: [Errno 104] Connection reset by peer

[rospy.internal][INFO] 2025-02-21 15:25:39,038: topic[/amcl_pose] removing connection to http://localhost:43839/
[rospy.internal][INFO] 2025-02-21 15:25:39,288: topic[/rosout] removing connection to /rosout
[rospy.core][INFO] 2025-02-21 15:25:47,226: signal_shutdown [atexit]
[rospy.registration][WARNING] 2025-02-21 15:25:47,227: cannot unregister with master due to network issues
[rospy.internal][INFO] 2025-02-21 15:25:47,227: topic[/trigger_msgs] removing connection to /my_bag
[rospy.internal][INFO] 2025-02-21 15:25:47,227: topic[/trigger_msgs] removing connection to /my_bag2
[rospy.impl.masterslave][INFO] 2025-02-21 15:25:47,227: atexit
