[rospy.client][INFO] 2024-05-07 09:23:07,775: init_node, name[/triggers_13591_1715048587748], pid[13591]
[xmlrpc][INFO] 2024-05-07 09:23:07,776: XML-RPC server binding to 127.0.0.1:0
[xmlrpc][INFO] 2024-05-07 09:23:07,777: Started XML-RPC server [http://localhost:34109/]
[rospy.init][INFO] 2024-05-07 09:23:07,777: ROS Slave URI: [http://localhost:34109/]
[rospy.impl.masterslave][INFO] 2024-05-07 09:23:07,778: _ready: http://localhost:34109/
[rospy.registration][INFO] 2024-05-07 09:23:07,779: Registering with master node http://localhost:11311
[xmlrpc][INFO] 2024-05-07 09:23:07,780: xml rpc node: starting XML-RPC server
[rospy.registration][INFO] 2024-05-07 09:23:07,780: Registering publisher topic [/current_poster] type [geometry_msgs/PointStamped] with master
[rospy.registration][INFO] 2024-05-07 09:23:07,782: Registering publisher topic [/trigger_msgs] type [std_msgs/Int16] with master
[rospy.internal][INFO] 2024-05-07 09:23:07,803: topic[/trigger_msgs] adding connection to [/curr_posters_2123_1715048038114], count 0
[rospy.internal][INFO] 2024-05-07 09:23:07,819: topic[/trigger_msgs] adding connection to [/controller_joystick], count 1
[rospy.init][INFO] 2024-05-07 09:23:07,878: registered with master
[rospy.rosout][INFO] 2024-05-07 09:23:07,878: initializing /rosout core topic
[rospy.rosout][INFO] 2024-05-07 09:23:07,880: connected to core topic /rosout
[rospy.simtime][INFO] 2024-05-07 09:23:07,881: /use_sim_time is not set, will not subscribe to simulated time [/clock] topic
[rospy.internal][INFO] 2024-05-07 09:23:07,899: topic[/amcl_pose] adding connection to [http://localhost:45973/], count 0
[rospy.internal][INFO] 2024-05-07 09:23:07,988: topic[/current_poster] adding connection to [/rviz_1715048041061658560], count 0
[rospy.internal][INFO] 2024-05-07 09:23:08,091: topic[/rosout] adding connection to [/rosout], count 0
[rospy.internal][INFO] 2024-05-07 09:23:08,191: topic[/trigger_msgs] adding connection to [/my_bag2], count 2
[rospy.internal][INFO] 2024-05-07 09:23:08,192: topic[/trigger_msgs] adding connection to [/my_bag], count 3
