[rospy.client][INFO] 2023-07-10 10:24:17,115: init_node, name[/triggers_5562_1688959457101], pid[5562]
[xmlrpc][INFO] 2023-07-10 10:24:17,116: XML-RPC server binding to 127.0.0.1:0
[xmlrpc][INFO] 2023-07-10 10:24:17,117: Started XML-RPC server [http://localhost:39997/]
[rospy.init][INFO] 2023-07-10 10:24:17,117: ROS Slave URI: [http://localhost:39997/]
[rospy.impl.masterslave][INFO] 2023-07-10 10:24:17,118: _ready: http://localhost:39997/
[rospy.registration][INFO] 2023-07-10 10:24:17,118: Registering with master node http://localhost:11311
[xmlrpc][INFO] 2023-07-10 10:24:17,119: xml rpc node: starting XML-RPC server
[rospy.registration][INFO] 2023-07-10 10:24:17,119: Registering publisher topic [/current_poster] type [geometry_msgs/PointStamped] with master
[rospy.registration][INFO] 2023-07-10 10:24:17,121: Registering publisher topic [/trigger_msgs] type [std_msgs/Int16] with master
[rospy.internal][INFO] 2023-07-10 10:24:17,216: topic[/trigger_msgs] adding connection to [/controller_joystick], count 0
[rospy.init][INFO] 2023-07-10 10:24:17,218: registered with master
[rospy.rosout][INFO] 2023-07-10 10:24:17,218: initializing /rosout core topic
[rospy.rosout][INFO] 2023-07-10 10:24:17,219: connected to core topic /rosout
[rospy.simtime][INFO] 2023-07-10 10:24:17,220: /use_sim_time is not set, will not subscribe to simulated time [/clock] topic
[rospy.internal][INFO] 2023-07-10 10:24:17,231: topic[/trigger_msgs] adding connection to [/curr_posters_3759_1688959371957], count 1
[rospy.internal][INFO] 2023-07-10 10:24:17,236: topic[/amcl_pose] adding connection to [http://localhost:46537/], count 0
[rospy.internal][INFO] 2023-07-10 10:24:17,396: topic[/current_poster] adding connection to [/rviz_1688959310765158111], count 0
[rospy.internal][INFO] 2023-07-10 10:24:17,498: topic[/rosout] adding connection to [/rosout], count 0
[rospy.internal][INFO] 2023-07-10 10:24:17,498: topic[/trigger_msgs] adding connection to [/my_bag], count 2
[rospy.internal][INFO] 2023-07-10 10:24:17,499: topic[/trigger_msgs] adding connection to [/my_bag2], count 3
