[rospy.client][INFO] 2025-05-20 14:53:29,345: init_node, name[/triggers_6008_1747727609332], pid[6008]
[xmlrpc][INFO] 2025-05-20 14:53:29,346: XML-RPC server binding to 127.0.0.1:0
[xmlrpc][INFO] 2025-05-20 14:53:29,346: Started XML-RPC server [http://localhost:44993/]
[rospy.init][INFO] 2025-05-20 14:53:29,346: ROS Slave URI: [http://localhost:44993/]
[rospy.impl.masterslave][INFO] 2025-05-20 14:53:29,346: _ready: http://localhost:44993/
[rospy.registration][INFO] 2025-05-20 14:53:29,347: Registering with master node http://localhost:11311
[xmlrpc][INFO] 2025-05-20 14:53:29,347: xml rpc node: starting XML-RPC server
[rospy.registration][INFO] 2025-05-20 14:53:29,347: Registering publisher topic [/current_poster] type [geometry_msgs/PointStamped] with master
[rospy.registration][INFO] 2025-05-20 14:53:29,348: Registering publisher topic [/trigger_msgs] type [std_msgs/Int16] with master
[rospy.init][INFO] 2025-05-20 14:53:29,447: registered with master
[rospy.rosout][INFO] 2025-05-20 14:53:29,447: initializing /rosout core topic
[rospy.rosout][INFO] 2025-05-20 14:53:29,448: connected to core topic /rosout
[rospy.simtime][INFO] 2025-05-20 14:53:29,448: /use_sim_time is not set, will not subscribe to simulated time [/clock] topic
[rospy.internal][INFO] 2025-05-20 14:53:29,456: topic[/trigger_msgs] adding connection to [/controller_joystick], count 0
[rospy.internal][INFO] 2025-05-20 14:53:29,461: topic[/trigger_msgs] adding connection to [/curr_posters_5219_1747727578351], count 1
[rospy.internal][INFO] 2025-05-20 14:53:29,464: topic[/amcl_pose] adding connection to [http://localhost:45095/], count 0
[rospy.internal][INFO] 2025-05-20 14:53:29,486: topic[/trigger_msgs] adding connection to [/rostopic_22122_1747726863948], count 2
[rospy.internal][INFO] 2025-05-20 14:53:29,642: topic[/current_poster] adding connection to [/rviz_1747722769740371837], count 0
[rospy.internal][INFO] 2025-05-20 14:53:29,751: topic[/trigger_msgs] adding connection to [/my_bag], count 3
[rospy.internal][INFO] 2025-05-20 14:53:29,751: topic[/rosout] adding connection to [/rosout], count 0
[rospy.internal][INFO] 2025-05-20 14:53:29,752: topic[/trigger_msgs] adding connection to [/my_bag2], count 4
[rospy.internal][INFO] 2025-05-20 15:00:27,150: topic[/trigger_msgs] removing connection to /controller_joystick
[rospy.internal][INFO] 2025-05-20 15:00:27,150: topic[/trigger_msgs] removing connection to /curr_posters_5219_1747727578351
[rospy.internal][INFO] 2025-05-20 15:00:30,652: topic[/current_poster] removing connection to /rviz_1747722769740371837
[rospy.internal][WARNING] 2025-05-20 15:00:30,879: Unknown error initiating TCP/IP socket to localhost:51165 (http://localhost:45095/): Traceback (most recent call last):
  File "/opt/ros/kinetic/lib/python2.7/dist-packages/rospy/impl/tcpros_base.py", line 558, in connect
    self.read_header()
  File "/opt/ros/kinetic/lib/python2.7/dist-packages/rospy/impl/tcpros_base.py", line 651, in read_header
    self._validate_header(read_ros_handshake_header(sock, self.read_buff, self.protocol.buff_size))
  File "/opt/ros/kinetic/lib/python2.7/dist-packages/rosgraph/network.py", line 362, in read_ros_handshake_header
    d = sock.recv(buff_size)
error: [Errno 104] Connection reset by peer

[rospy.internal][INFO] 2025-05-20 15:00:30,879: topic[/amcl_pose] removing connection to http://localhost:45095/
[rospy.internal][INFO] 2025-05-20 15:00:31,152: topic[/rosout] removing connection to /rosout
[rospy.internal][INFO] 2025-05-20 15:01:41,681: topic[/trigger_msgs] removing connection to /rostopic_22122_1747726863948
