[rospy.client][INFO] 2025-06-11 15:16:18,301: init_node, name[/triggers_3873_1749629778288], pid[3873]
[xmlrpc][INFO] 2025-06-11 15:16:18,301: XML-RPC server binding to 127.0.0.1:0
[xmlrpc][INFO] 2025-06-11 15:16:18,302: Started XML-RPC server [http://localhost:46345/]
[rospy.init][INFO] 2025-06-11 15:16:18,302: ROS Slave URI: [http://localhost:46345/]
[rospy.impl.masterslave][INFO] 2025-06-11 15:16:18,302: _ready: http://localhost:46345/
[rospy.registration][INFO] 2025-06-11 15:16:18,303: Registering with master node http://localhost:11311
[xmlrpc][INFO] 2025-06-11 15:16:18,303: xml rpc node: starting XML-RPC server
[rospy.registration][INFO] 2025-06-11 15:16:18,303: Registering publisher topic [/current_poster] type [geometry_msgs/PointStamped] with master
[rospy.registration][INFO] 2025-06-11 15:16:18,304: Registering publisher topic [/trigger_msgs] type [std_msgs/Int16] with master
[rospy.init][INFO] 2025-06-11 15:16:18,402: registered with master
[rospy.rosout][INFO] 2025-06-11 15:16:18,402: initializing /rosout core topic
[rospy.rosout][INFO] 2025-06-11 15:16:18,403: connected to core topic /rosout
[rospy.simtime][INFO] 2025-06-11 15:16:18,404: /use_sim_time is not set, will not subscribe to simulated time [/clock] topic
[rospy.internal][INFO] 2025-06-11 15:16:18,419: topic[/amcl_pose] adding connection to [http://localhost:38255/], count 0
[rospy.internal][INFO] 2025-06-11 15:16:18,423: topic[/trigger_msgs] adding connection to [/curr_posters_1234_1749629683480], count 0
[rospy.internal][INFO] 2025-06-11 15:16:18,424: topic[/trigger_msgs] adding connection to [/joystick_controller_1526_1749629688533], count 1
[rospy.internal][INFO] 2025-06-11 15:16:18,579: topic[/current_poster] adding connection to [/rviz_1749628350845504142], count 0
[rospy.internal][INFO] 2025-06-11 15:16:18,684: topic[/trigger_msgs] adding connection to [/my_bag2], count 2
[rospy.internal][INFO] 2025-06-11 15:16:18,685: topic[/trigger_msgs] adding connection to [/my_bag], count 3
[rospy.internal][INFO] 2025-06-11 15:16:18,685: topic[/rosout] adding connection to [/rosout], count 0
[rospy.core][INFO] 2025-06-11 15:16:20,409: signal_shutdown [atexit]
[rospy.internal][INFO] 2025-06-11 15:16:20,411: topic[/current_poster] removing connection to /rviz_1749628350845504142
[rospy.internal][INFO] 2025-06-11 15:16:20,411: topic[/trigger_msgs] removing connection to /curr_posters_1234_1749629683480
[rospy.internal][INFO] 2025-06-11 15:16:20,411: topic[/trigger_msgs] removing connection to /joystick_controller_1526_1749629688533
[rospy.internal][INFO] 2025-06-11 15:16:20,412: topic[/trigger_msgs] removing connection to /my_bag2
[rospy.internal][INFO] 2025-06-11 15:16:20,412: topic[/trigger_msgs] removing connection to /my_bag
[rospy.internal][INFO] 2025-06-11 15:16:20,412: topic[/rosout] removing connection to /rosout
[rospy.internal][INFO] 2025-06-11 15:16:20,412: topic[/amcl_pose] removing connection to http://localhost:38255/
[rospy.impl.masterslave][INFO] 2025-06-11 15:16:20,412: atexit
