[rospy.client][INFO] 2023-07-21 09:25:01,869: init_node, name[/triggers_8737_1689906301855], pid[8737]
[xmlrpc][INFO] 2023-07-21 09:25:01,869: XML-RPC server binding to 127.0.0.1:0
[xmlrpc][INFO] 2023-07-21 09:25:01,869: Started XML-RPC server [http://localhost:38115/]
[rospy.init][INFO] 2023-07-21 09:25:01,870: ROS Slave URI: [http://localhost:38115/]
[rospy.impl.masterslave][INFO] 2023-07-21 09:25:01,870: _ready: http://localhost:38115/
[rospy.registration][INFO] 2023-07-21 09:25:01,870: Registering with master node http://localhost:11311
[xmlrpc][INFO] 2023-07-21 09:25:01,870: xml rpc node: starting XML-RPC server
[rospy.registration][INFO] 2023-07-21 09:25:01,870: Registering publisher topic [/current_poster] type [geometry_msgs/PointStamped] with master
[rospy.registration][INFO] 2023-07-21 09:25:01,872: Registering publisher topic [/trigger_msgs] type [std_msgs/Int16] with master
[rospy.internal][INFO] 2023-07-21 09:25:01,960: topic[/trigger_msgs] adding connection to [/curr_posters_3094_1689906026333], count 0
[rospy.internal][INFO] 2023-07-21 09:25:01,969: topic[/trigger_msgs] adding connection to [/controller_joystick], count 1
[rospy.init][INFO] 2023-07-21 09:25:01,970: registered with master
[rospy.rosout][INFO] 2023-07-21 09:25:01,970: initializing /rosout core topic
[rospy.rosout][INFO] 2023-07-21 09:25:01,971: connected to core topic /rosout
[rospy.simtime][INFO] 2023-07-21 09:25:01,972: /use_sim_time is not set, will not subscribe to simulated time [/clock] topic
[rospy.internal][INFO] 2023-07-21 09:25:01,988: topic[/amcl_pose] adding connection to [http://localhost:33273/], count 0
[rospy.internal][INFO] 2023-07-21 09:25:02,138: topic[/current_poster] adding connection to [/rviz_1689906013593369189], count 0
[rospy.internal][INFO] 2023-07-21 09:25:02,240: topic[/trigger_msgs] adding connection to [/my_bag], count 2
[rospy.internal][INFO] 2023-07-21 09:25:02,240: topic[/trigger_msgs] adding connection to [/my_bag2], count 3
[rospy.internal][INFO] 2023-07-21 09:25:02,241: topic[/rosout] adding connection to [/rosout], count 0
