[rospy.client][INFO] 2025-04-11 13:53:16,819: init_node, name[/triggers_10045_1744354396791], pid[10045]
[xmlrpc][INFO] 2025-04-11 13:53:16,820: XML-RPC server binding to 127.0.0.1:0
[xmlrpc][INFO] 2025-04-11 13:53:16,820: Started XML-RPC server [http://localhost:37045/]
[rospy.init][INFO] 2025-04-11 13:53:16,820: ROS Slave URI: [http://localhost:37045/]
[rospy.impl.masterslave][INFO] 2025-04-11 13:53:16,821: _ready: http://localhost:37045/
[rospy.registration][INFO] 2025-04-11 13:53:16,822: Registering with master node http://localhost:11311
[xmlrpc][INFO] 2025-04-11 13:53:16,823: xml rpc node: starting XML-RPC server
[rospy.registration][INFO] 2025-04-11 13:53:16,823: Registering publisher topic [/current_poster] type [geometry_msgs/PointStamped] with master
[rospy.registration][INFO] 2025-04-11 13:53:16,825: Registering publisher topic [/trigger_msgs] type [std_msgs/Int16] with master
[rospy.init][INFO] 2025-04-11 13:53:16,921: registered with master
[rospy.rosout][INFO] 2025-04-11 13:53:16,921: initializing /rosout core topic
[rospy.rosout][INFO] 2025-04-11 13:53:16,923: connected to core topic /rosout
[rospy.simtime][INFO] 2025-04-11 13:53:16,924: /use_sim_time is not set, will not subscribe to simulated time [/clock] topic
[rospy.internal][INFO] 2025-04-11 13:53:16,928: topic[/trigger_msgs] adding connection to [/controller_joystick], count 0
[rospy.internal][INFO] 2025-04-11 13:53:16,943: topic[/amcl_pose] adding connection to [http://localhost:35721/], count 0
[rospy.internal][INFO] 2025-04-11 13:53:16,944: topic[/trigger_msgs] adding connection to [/curr_posters_9795_1744354387888], count 1
[rospy.internal][INFO] 2025-04-11 13:53:17,118: topic[/rosout] adding connection to [/rosout], count 0
[rospy.internal][INFO] 2025-04-11 13:53:17,219: topic[/trigger_msgs] adding connection to [/my_bag2], count 2
[rospy.internal][INFO] 2025-04-11 13:53:17,220: topic[/trigger_msgs] adding connection to [/my_bag], count 3
[rospy.internal][INFO] 2025-04-11 13:55:05,988: topic[/trigger_msgs] removing connection to /controller_joystick
[rospy.internal][INFO] 2025-04-11 13:55:05,988: topic[/trigger_msgs] removing connection to /curr_posters_9795_1744354387888
[rospy.core][INFO] 2025-04-11 13:55:30,952: signal_shutdown [atexit]
[rospy.internal][INFO] 2025-04-11 13:55:30,954: topic[/trigger_msgs] removing connection to /my_bag2
[rospy.internal][INFO] 2025-04-11 13:55:30,955: topic[/trigger_msgs] removing connection to /my_bag
[rospy.internal][INFO] 2025-04-11 13:55:30,955: topic[/rosout] removing connection to /rosout
[rospy.internal][INFO] 2025-04-11 13:55:30,955: topic[/amcl_pose] removing connection to http://localhost:35721/
[rospy.impl.masterslave][INFO] 2025-04-11 13:55:30,955: atexit
