[rospy.client][INFO] 2025-04-11 13:58:16,752: init_node, name[/triggers_17188_1744354696731], pid[17188]
[xmlrpc][INFO] 2025-04-11 13:58:16,753: XML-RPC server binding to 127.0.0.1:0
[xmlrpc][INFO] 2025-04-11 13:58:16,753: Started XML-RPC server [http://localhost:36927/]
[rospy.init][INFO] 2025-04-11 13:58:16,753: ROS Slave URI: [http://localhost:36927/]
[rospy.impl.masterslave][INFO] 2025-04-11 13:58:16,754: _ready: http://localhost:36927/
[xmlrpc][INFO] 2025-04-11 13:58:16,754: xml rpc node: starting XML-RPC server
[rospy.registration][INFO] 2025-04-11 13:58:16,754: Registering with master node http://localhost:11311
[rospy.registration][INFO] 2025-04-11 13:58:16,755: Registering publisher topic [/current_poster] type [geometry_msgs/PointStamped] with master
[rospy.registration][INFO] 2025-04-11 13:58:16,756: Registering publisher topic [/trigger_msgs] type [std_msgs/Int16] with master
[rospy.internal][INFO] 2025-04-11 13:58:16,836: topic[/trigger_msgs] adding connection to [/curr_posters_16910_1744354689578], count 0
[rospy.init][INFO] 2025-04-11 13:58:16,854: registered with master
[rospy.rosout][INFO] 2025-04-11 13:58:16,854: initializing /rosout core topic
[rospy.rosout][INFO] 2025-04-11 13:58:16,856: connected to core topic /rosout
[rospy.simtime][INFO] 2025-04-11 13:58:16,857: /use_sim_time is not set, will not subscribe to simulated time [/clock] topic
[rospy.internal][INFO] 2025-04-11 13:58:16,870: topic[/trigger_msgs] adding connection to [/controller_joystick], count 1
[rospy.internal][INFO] 2025-04-11 13:58:16,872: topic[/amcl_pose] adding connection to [http://localhost:35721/], count 0
[rospy.internal][INFO] 2025-04-11 13:58:17,031: topic[/trigger_msgs] adding connection to [/my_bag2], count 2
[rospy.internal][INFO] 2025-04-11 13:58:17,033: topic[/trigger_msgs] adding connection to [/my_bag], count 3
[rospy.internal][INFO] 2025-04-11 13:58:17,144: topic[/rosout] adding connection to [/rosout], count 0
[rospy.internal][INFO] 2025-04-11 13:58:17,239: topic[/trigger_msgs] adding connection to [/my_bag2], count 4
[rospy.internal][INFO] 2025-04-11 13:58:17,240: topic[/trigger_msgs] removing connection to /my_bag2
[rospy.internal][INFO] 2025-04-11 13:58:17,240: topic[/trigger_msgs] removing connection to /my_bag
[rospy.internal][INFO] 2025-04-11 13:58:17,241: topic[/trigger_msgs] adding connection to [/my_bag], count 3
[rospy.internal][INFO] 2025-04-11 14:05:37,069: topic[/trigger_msgs] removing connection to /curr_posters_16910_1744354689578
[rospy.internal][INFO] 2025-04-11 14:05:37,069: topic[/trigger_msgs] removing connection to /controller_joystick
[rospy.internal][INFO] 2025-04-11 14:06:59,893: topic[/trigger_msgs] adding connection to [/curr_posters_28069_1744355219866], count 2
[rospy.internal][INFO] 2025-04-11 14:07:04,221: topic[/trigger_msgs] adding connection to [/controller_joystick], count 3
[rospy.internal][INFO] 2025-04-11 14:07:10,944: topic[/trigger_msgs] adding connection to [/my_bag], count 4
[rospy.internal][INFO] 2025-04-11 14:07:10,944: topic[/trigger_msgs] removing connection to /my_bag
[rospy.internal][INFO] 2025-04-11 14:07:10,944: topic[/trigger_msgs] removing connection to /my_bag2
[rospy.internal][INFO] 2025-04-11 14:07:10,945: topic[/trigger_msgs] adding connection to [/my_bag2], count 3
[rospy.internal][INFO] 2025-04-11 14:08:51,661: topic[/trigger_msgs] removing connection to /curr_posters_28069_1744355219866
[rospy.internal][INFO] 2025-04-11 14:08:51,661: topic[/trigger_msgs] removing connection to /controller_joystick
[rospy.core][INFO] 2025-04-11 14:09:19,882: signal_shutdown [atexit]
[rospy.internal][INFO] 2025-04-11 14:09:19,886: topic[/trigger_msgs] removing connection to /my_bag
[rospy.internal][INFO] 2025-04-11 14:09:19,886: topic[/trigger_msgs] removing connection to /my_bag2
[rospy.internal][INFO] 2025-04-11 14:09:19,886: topic[/rosout] removing connection to /rosout
[rospy.internal][INFO] 2025-04-11 14:09:19,887: topic[/amcl_pose] removing connection to http://localhost:35721/
[rospy.impl.masterslave][INFO] 2025-04-11 14:09:19,887: atexit
