[rospy.client][INFO] 2025-05-22 13:21:20,645: init_node, name[/triggers_9806_1747894880632], pid[9806]
[xmlrpc][INFO] 2025-05-22 13:21:20,646: XML-RPC server binding to 127.0.0.1:0
[xmlrpc][INFO] 2025-05-22 13:21:20,646: Started XML-RPC server [http://localhost:45241/]
[rospy.init][INFO] 2025-05-22 13:21:20,646: ROS Slave URI: [http://localhost:45241/]
[rospy.impl.masterslave][INFO] 2025-05-22 13:21:20,647: _ready: http://localhost:45241/
[xmlrpc][INFO] 2025-05-22 13:21:20,647: xml rpc node: starting XML-RPC server
[rospy.registration][INFO] 2025-05-22 13:21:20,647: Registering with master node http://localhost:11311
[rospy.registration][INFO] 2025-05-22 13:21:20,647: Registering publisher topic [/current_poster] type [geometry_msgs/PointStamped] with master
[rospy.registration][INFO] 2025-05-22 13:21:20,649: Registering publisher topic [/trigger_msgs] type [std_msgs/Int16] with master
[rospy.internal][INFO] 2025-05-22 13:21:20,719: topic[/trigger_msgs] adding connection to [/controller_joystick], count 0
[rospy.internal][INFO] 2025-05-22 13:21:20,735: topic[/trigger_msgs] adding connection to [/curr_posters_7277_1747894778628], count 1
[rospy.internal][INFO] 2025-05-22 13:21:20,742: topic[/trigger_msgs] adding connection to [/rostopic_8313_1747894814066], count 2
[rospy.init][INFO] 2025-05-22 13:21:20,747: registered with master
[rospy.rosout][INFO] 2025-05-22 13:21:20,747: initializing /rosout core topic
[rospy.rosout][INFO] 2025-05-22 13:21:20,749: connected to core topic /rosout
[rospy.simtime][INFO] 2025-05-22 13:21:20,749: /use_sim_time is not set, will not subscribe to simulated time [/clock] topic
[rospy.internal][INFO] 2025-05-22 13:21:20,765: topic[/amcl_pose] adding connection to [http://localhost:42973/], count 0
[rospy.internal][INFO] 2025-05-22 13:21:20,896: topic[/current_poster] adding connection to [/rviz_1747894641970227044], count 0
[rospy.internal][INFO] 2025-05-22 13:21:21,000: topic[/trigger_msgs] adding connection to [/my_bag], count 3
[rospy.internal][INFO] 2025-05-22 13:21:21,001: topic[/rosout] adding connection to [/rosout], count 0
[rospy.internal][INFO] 2025-05-22 13:21:21,001: topic[/trigger_msgs] adding connection to [/my_bag2], count 4
[rospy.internal][INFO] 2025-05-22 13:21:31,269: topic[/trigger_msgs] removing connection to /controller_joystick
[rospy.internal][INFO] 2025-05-22 13:21:31,270: topic[/trigger_msgs] removing connection to /curr_posters_7277_1747894778628
[rospy.internal][INFO] 2025-05-22 13:21:35,447: topic[/trigger_msgs] adding connection to [/curr_posters_10246_1747894895419], count 3
[rospy.internal][INFO] 2025-05-22 13:21:39,661: topic[/trigger_msgs] adding connection to [/controller_joystick], count 4
[rospy.internal][INFO] 2025-05-22 13:21:43,276: topic[/trigger_msgs] removing connection to /my_bag
[rospy.internal][INFO] 2025-05-22 13:21:43,277: topic[/trigger_msgs] removing connection to /my_bag2
[rospy.internal][INFO] 2025-05-22 13:21:43,352: topic[/trigger_msgs] adding connection to [/my_bag2], count 3
[rospy.internal][INFO] 2025-05-22 13:21:43,353: topic[/trigger_msgs] adding connection to [/my_bag], count 4
[rospy.internal][INFO] 2025-05-22 13:22:57,312: topic[/trigger_msgs] removing connection to /curr_posters_10246_1747894895419
[rospy.internal][INFO] 2025-05-22 13:22:57,313: topic[/trigger_msgs] removing connection to /controller_joystick
[rospy.core][INFO] 2025-05-22 13:23:34,762: signal_shutdown [atexit]
[rospy.internal][INFO] 2025-05-22 13:23:34,765: topic[/current_poster] removing connection to /rviz_1747894641970227044
[rospy.internal][INFO] 2025-05-22 13:23:34,765: topic[/trigger_msgs] removing connection to /rostopic_8313_1747894814066
[rospy.internal][INFO] 2025-05-22 13:23:34,765: topic[/trigger_msgs] removing connection to /my_bag2
[rospy.internal][INFO] 2025-05-22 13:23:34,765: topic[/trigger_msgs] removing connection to /my_bag
[rospy.internal][INFO] 2025-05-22 13:23:34,765: topic[/rosout] removing connection to /rosout
[rospy.internal][INFO] 2025-05-22 13:23:34,765: topic[/amcl_pose] removing connection to http://localhost:42973/
[rospy.impl.masterslave][INFO] 2025-05-22 13:23:34,766: atexit
