[rospy.client][INFO] 2023-09-29 09:40:04,932: init_node, name[/triggers_5224_1695955204918], pid[5224]
[xmlrpc][INFO] 2023-09-29 09:40:04,933: XML-RPC server binding to 127.0.0.1:0
[xmlrpc][INFO] 2023-09-29 09:40:04,933: Started XML-RPC server [http://localhost:37167/]
[rospy.init][INFO] 2023-09-29 09:40:04,933: ROS Slave URI: [http://localhost:37167/]
[rospy.impl.masterslave][INFO] 2023-09-29 09:40:04,933: _ready: http://localhost:37167/
[xmlrpc][INFO] 2023-09-29 09:40:04,933: xml rpc node: starting XML-RPC server
[rospy.registration][INFO] 2023-09-29 09:40:04,934: Registering with master node http://localhost:11311
[rospy.registration][INFO] 2023-09-29 09:40:04,934: Registering publisher topic [/current_poster] type [geometry_msgs/PointStamped] with master
[rospy.registration][INFO] 2023-09-29 09:40:04,935: Registering publisher topic [/trigger_msgs] type [std_msgs/Int16] with master
[rospy.internal][INFO] 2023-09-29 09:40:05,030: topic[/trigger_msgs] adding connection to [/controller_joystick], count 0
[rospy.init][INFO] 2023-09-29 09:40:05,033: registered with master
[rospy.rosout][INFO] 2023-09-29 09:40:05,033: initializing /rosout core topic
[rospy.rosout][INFO] 2023-09-29 09:40:05,034: connected to core topic /rosout
[rospy.simtime][INFO] 2023-09-29 09:40:05,035: /use_sim_time is not set, will not subscribe to simulated time [/clock] topic
[rospy.internal][INFO] 2023-09-29 09:40:05,040: topic[/trigger_msgs] adding connection to [/curr_posters_3017_1695955099713], count 1
[rospy.internal][INFO] 2023-09-29 09:40:05,051: topic[/amcl_pose] adding connection to [http://localhost:37443/], count 0
[rospy.internal][INFO] 2023-09-29 09:40:05,227: topic[/current_poster] adding connection to [/rviz_1695955083590787161], count 0
[rospy.internal][INFO] 2023-09-29 09:40:05,330: topic[/trigger_msgs] adding connection to [/my_bag2], count 2
[rospy.internal][INFO] 2023-09-29 09:40:05,331: topic[/rosout] adding connection to [/rosout], count 0
[rospy.internal][INFO] 2023-09-29 09:40:05,332: topic[/trigger_msgs] adding connection to [/my_bag], count 3
