[rospy.client][INFO] 2023-08-31 09:39:32,758: init_node, name[/triggers_7710_1693449572745], pid[7710]
[xmlrpc][INFO] 2023-08-31 09:39:32,759: XML-RPC server binding to 127.0.0.1:0
[xmlrpc][INFO] 2023-08-31 09:39:32,759: Started XML-RPC server [http://localhost:34847/]
[rospy.init][INFO] 2023-08-31 09:39:32,759: ROS Slave URI: [http://localhost:34847/]
[rospy.impl.masterslave][INFO] 2023-08-31 09:39:32,759: _ready: http://localhost:34847/
[rospy.registration][INFO] 2023-08-31 09:39:32,760: Registering with master node http://localhost:11311
[xmlrpc][INFO] 2023-08-31 09:39:32,760: xml rpc node: starting XML-RPC server
[rospy.registration][INFO] 2023-08-31 09:39:32,760: Registering publisher topic [/current_poster] type [geometry_msgs/PointStamped] with master
[rospy.registration][INFO] 2023-08-31 09:39:32,762: Registering publisher topic [/trigger_msgs] type [std_msgs/Int16] with master
[rospy.internal][INFO] 2023-08-31 09:39:32,836: topic[/trigger_msgs] adding connection to [/curr_posters_3278_1693449356275], count 0
[rospy.internal][INFO] 2023-08-31 09:39:32,840: topic[/trigger_msgs] adding connection to [/controller_joystick], count 1
[rospy.init][INFO] 2023-08-31 09:39:32,860: registered with master
[rospy.rosout][INFO] 2023-08-31 09:39:32,860: initializing /rosout core topic
[rospy.rosout][INFO] 2023-08-31 09:39:32,861: connected to core topic /rosout
[rospy.simtime][INFO] 2023-08-31 09:39:32,862: /use_sim_time is not set, will not subscribe to simulated time [/clock] topic
[rospy.internal][INFO] 2023-08-31 09:39:32,879: topic[/amcl_pose] adding connection to [http://localhost:33621/], count 0
[rospy.internal][INFO] 2023-08-31 09:39:33,034: topic[/current_poster] adding connection to [/rviz_1693449334569316316], count 0
[rospy.internal][INFO] 2023-08-31 09:39:33,136: topic[/trigger_msgs] adding connection to [/my_bag], count 2
[rospy.internal][INFO] 2023-08-31 09:39:33,136: topic[/trigger_msgs] adding connection to [/my_bag2], count 3
[rospy.internal][INFO] 2023-08-31 09:39:33,137: topic[/rosout] adding connection to [/rosout], count 0
