[rospy.client][INFO] 2023-07-14 10:55:35,655: init_node, name[/triggers_6622_1689306935642], pid[6622]
[xmlrpc][INFO] 2023-07-14 10:55:35,656: XML-RPC server binding to 127.0.0.1:0
[xmlrpc][INFO] 2023-07-14 10:55:35,656: Started XML-RPC server [http://localhost:33035/]
[rospy.init][INFO] 2023-07-14 10:55:35,656: ROS Slave URI: [http://localhost:33035/]
[rospy.impl.masterslave][INFO] 2023-07-14 10:55:35,657: _ready: http://localhost:33035/
[rospy.registration][INFO] 2023-07-14 10:55:35,657: Registering with master node http://localhost:11311
[xmlrpc][INFO] 2023-07-14 10:55:35,657: xml rpc node: starting XML-RPC server
[rospy.registration][INFO] 2023-07-14 10:55:35,657: Registering publisher topic [/current_poster] type [geometry_msgs/PointStamped] with master
[rospy.registration][INFO] 2023-07-14 10:55:35,659: Registering publisher topic [/trigger_msgs] type [std_msgs/Int16] with master
[rospy.init][INFO] 2023-07-14 10:55:35,757: registered with master
[rospy.rosout][INFO] 2023-07-14 10:55:35,757: initializing /rosout core topic
[rospy.rosout][INFO] 2023-07-14 10:55:35,758: connected to core topic /rosout
[rospy.simtime][INFO] 2023-07-14 10:55:35,759: /use_sim_time is not set, will not subscribe to simulated time [/clock] topic
[rospy.internal][INFO] 2023-07-14 10:55:35,763: topic[/trigger_msgs] adding connection to [/controller_joystick], count 0
[rospy.internal][INFO] 2023-07-14 10:55:35,766: topic[/trigger_msgs] adding connection to [/curr_posters_2857_1689306753219], count 1
[rospy.internal][INFO] 2023-07-14 10:55:35,774: topic[/amcl_pose] adding connection to [http://localhost:36939/], count 0
[rospy.internal][INFO] 2023-07-14 10:55:35,930: topic[/current_poster] adding connection to [/rviz_1689306736757014145], count 0
[rospy.internal][INFO] 2023-07-14 10:55:36,032: topic[/trigger_msgs] adding connection to [/my_bag], count 2
[rospy.internal][INFO] 2023-07-14 10:55:36,032: topic[/rosout] adding connection to [/rosout], count 0
[rospy.internal][INFO] 2023-07-14 10:55:36,033: topic[/trigger_msgs] adding connection to [/my_bag2], count 3
[rospy.internal][INFO] 2023-07-14 10:55:53,786: topic[/trigger_msgs] removing connection to /my_bag
[rospy.core][INFO] 2023-07-14 10:55:53,849: signal_shutdown [atexit]
[rospy.internal][INFO] 2023-07-14 10:55:53,851: topic[/trigger_msgs] removing connection to /my_bag2
[rospy.internal][INFO] 2023-07-14 10:55:53,858: topic[/current_poster] removing connection to /rviz_1689306736757014145
[rospy.internal][INFO] 2023-07-14 10:55:53,859: topic[/trigger_msgs] removing connection to /controller_joystick
[rospy.internal][INFO] 2023-07-14 10:55:53,859: topic[/trigger_msgs] removing connection to /curr_posters_2857_1689306753219
[rospy.internal][INFO] 2023-07-14 10:55:53,859: topic[/rosout] removing connection to /rosout
[rospy.internal][INFO] 2023-07-14 10:55:53,861: topic[/amcl_pose] removing connection to http://localhost:36939/
[rospy.internal][WARNING] 2023-07-14 10:55:53,863: Unknown error initiating TCP/IP socket to localhost:59949 (http://localhost:36939/): Traceback (most recent call last):
  File "/opt/ros/kinetic/lib/python2.7/dist-packages/rospy/impl/tcpros_base.py", line 558, in connect
    self.read_header()
  File "/opt/ros/kinetic/lib/python2.7/dist-packages/rospy/impl/tcpros_base.py", line 651, in read_header
    self._validate_header(read_ros_handshake_header(sock, self.read_buff, self.protocol.buff_size))
AttributeError: 'NoneType' object has no attribute 'buff_size'

[rospy.topics][ERROR] 2023-07-14 10:55:53,863: Traceback (most recent call last):
  File "/opt/ros/kinetic/lib/python2.7/dist-packages/rospy/topics.py", line 326, in close
    c.close()
  File "/opt/ros/kinetic/lib/python2.7/dist-packages/rospy/impl/tcpros_base.py", line 839, in close
    self.socket.close()
AttributeError: 'NoneType' object has no attribute 'close'

[rospy.impl.masterslave][INFO] 2023-07-14 10:55:53,864: atexit
