[rospy.client][INFO] 2025-04-25 14:13:04,103: init_node, name[/triggers_6594_1745565184088], pid[6594]
[xmlrpc][INFO] 2025-04-25 14:13:04,104: XML-RPC server binding to 127.0.0.1:0
[xmlrpc][INFO] 2025-04-25 14:13:04,105: Started XML-RPC server [http://localhost:35203/]
[rospy.init][INFO] 2025-04-25 14:13:04,105: ROS Slave URI: [http://localhost:35203/]
[rospy.impl.masterslave][INFO] 2025-04-25 14:13:04,105: _ready: http://localhost:35203/
[rospy.registration][INFO] 2025-04-25 14:13:04,106: Registering with master node http://localhost:11311
[xmlrpc][INFO] 2025-04-25 14:13:04,106: xml rpc node: starting XML-RPC server
[rospy.registration][INFO] 2025-04-25 14:13:04,106: Registering publisher topic [/current_poster] type [geometry_msgs/PointStamped] with master
[rospy.registration][INFO] 2025-04-25 14:13:04,108: Registering publisher topic [/trigger_msgs] type [std_msgs/Int16] with master
[rospy.init][INFO] 2025-04-25 14:13:04,205: registered with master
[rospy.rosout][INFO] 2025-04-25 14:13:04,205: initializing /rosout core topic
[rospy.rosout][INFO] 2025-04-25 14:13:04,206: connected to core topic /rosout
[rospy.simtime][INFO] 2025-04-25 14:13:04,207: /use_sim_time is not set, will not subscribe to simulated time [/clock] topic
[rospy.internal][INFO] 2025-04-25 14:13:04,215: topic[/trigger_msgs] adding connection to [/curr_posters_3654_1745565141606], count 0
[rospy.internal][INFO] 2025-04-25 14:13:04,220: topic[/trigger_msgs] adding connection to [/controller_joystick], count 1
[rospy.internal][INFO] 2025-04-25 14:13:04,223: topic[/amcl_pose] adding connection to [http://localhost:39275/], count 0
[rospy.internal][INFO] 2025-04-25 14:13:04,379: topic[/rosout] adding connection to [/rosout], count 0
[rospy.internal][INFO] 2025-04-25 14:13:04,480: topic[/trigger_msgs] adding connection to [/my_bag2], count 2
[rospy.internal][INFO] 2025-04-25 14:13:04,480: topic[/trigger_msgs] adding connection to [/my_bag], count 3
[rospy.internal][INFO] 2025-04-25 14:13:27,733: topic[/trigger_msgs] removing connection to /curr_posters_3654_1745565141606
[rospy.internal][INFO] 2025-04-25 14:13:27,733: topic[/trigger_msgs] removing connection to /controller_joystick
[rospy.internal][INFO] 2025-04-25 14:18:37,631: topic[/trigger_msgs] adding connection to [/curr_posters_13907_1745565517607], count 2
[rospy.internal][INFO] 2025-04-25 14:18:41,914: topic[/trigger_msgs] adding connection to [/controller_joystick], count 3
[rospy.internal][INFO] 2025-04-25 14:19:46,888: topic[/trigger_msgs] removing connection to /curr_posters_13907_1745565517607
[rospy.internal][INFO] 2025-04-25 14:19:46,888: topic[/trigger_msgs] removing connection to /controller_joystick
[rospy.internal][INFO] 2025-04-25 14:19:48,223: topic[/trigger_msgs] adding connection to [/curr_posters_15589_1745565588201], count 2
[rospy.internal][INFO] 2025-04-25 14:19:52,548: topic[/trigger_msgs] adding connection to [/controller_joystick], count 3
[rospy.internal][INFO] 2025-04-25 14:19:57,541: topic[/trigger_msgs] adding connection to [/my_bag], count 4
[rospy.internal][INFO] 2025-04-25 14:19:57,541: topic[/trigger_msgs] removing connection to /my_bag
[rospy.internal][INFO] 2025-04-25 14:19:57,541: topic[/trigger_msgs] removing connection to /my_bag2
[rospy.internal][INFO] 2025-04-25 14:19:57,542: topic[/trigger_msgs] adding connection to [/my_bag2], count 3
[rospy.internal][INFO] 2025-04-25 14:21:14,426: topic[/trigger_msgs] removing connection to /curr_posters_15589_1745565588201
[rospy.internal][INFO] 2025-04-25 14:21:14,426: topic[/trigger_msgs] removing connection to /controller_joystick
[rospy.internal][INFO] 2025-04-25 14:21:40,936: topic[/trigger_msgs] adding connection to [/curr_posters_18138_1745565700904], count 2
[rospy.internal][INFO] 2025-04-25 14:21:50,443: topic[/trigger_msgs] removing connection to /my_bag
[rospy.internal][INFO] 2025-04-25 14:21:50,444: topic[/trigger_msgs] removing connection to /my_bag2
[rospy.internal][INFO] 2025-04-25 14:21:50,505: topic[/trigger_msgs] adding connection to [/my_bag2], count 1
[rospy.internal][INFO] 2025-04-25 14:21:50,506: topic[/trigger_msgs] adding connection to [/my_bag], count 2
[rospy.internal][INFO] 2025-04-25 14:24:23,010: topic[/trigger_msgs] removing connection to /curr_posters_18138_1745565700904
[rospy.internal][INFO] 2025-04-25 14:25:40,393: topic[/trigger_msgs] adding connection to [/curr_posters_23599_1745565940362], count 2
[rospy.internal][INFO] 2025-04-25 14:25:49,048: topic[/trigger_msgs] removing connection to /my_bag2
[rospy.internal][INFO] 2025-04-25 14:25:49,048: topic[/trigger_msgs] removing connection to /my_bag
[rospy.internal][INFO] 2025-04-25 14:25:49,121: topic[/trigger_msgs] adding connection to [/my_bag2], count 1
[rospy.internal][INFO] 2025-04-25 14:25:49,122: topic[/trigger_msgs] adding connection to [/my_bag], count 2
[rospy.internal][INFO] 2025-04-25 14:29:47,656: topic[/trigger_msgs] removing connection to /curr_posters_23599_1745565940362
[rospy.internal][INFO] 2025-04-25 14:29:48,251: topic[/trigger_msgs] adding connection to [/curr_posters_29140_1745566188221], count 2
[rospy.internal][INFO] 2025-04-25 14:29:52,534: topic[/trigger_msgs] adding connection to [/controller_joystick], count 3
[rospy.internal][INFO] 2025-04-25 14:29:57,661: topic[/trigger_msgs] removing connection to /my_bag2
[rospy.internal][INFO] 2025-04-25 14:30:09,167: topic[/trigger_msgs] removing connection to /my_bag
[rospy.internal][INFO] 2025-04-25 14:30:20,184: topic[/trigger_msgs] adding connection to [/my_bag], count 2
[rospy.internal][INFO] 2025-04-25 14:30:20,285: topic[/trigger_msgs] adding connection to [/my_bag2], count 3
[rospy.core][INFO] 2025-04-25 14:30:43,248: signal_shutdown [atexit]
[rospy.internal][INFO] 2025-04-25 14:30:43,252: topic[/trigger_msgs] removing connection to /curr_posters_29140_1745566188221
[rospy.internal][INFO] 2025-04-25 14:30:43,252: topic[/trigger_msgs] removing connection to /controller_joystick
[rospy.internal][INFO] 2025-04-25 14:30:43,252: topic[/trigger_msgs] removing connection to /my_bag
[rospy.internal][INFO] 2025-04-25 14:30:43,253: topic[/trigger_msgs] removing connection to /my_bag2
[rospy.internal][INFO] 2025-04-25 14:30:43,253: topic[/rosout] removing connection to /rosout
[rospy.internal][INFO] 2025-04-25 14:30:43,253: topic[/amcl_pose] removing connection to http://localhost:39275/
[rospy.internal][WARNING] 2025-04-25 14:30:43,254: Unknown error initiating TCP/IP socket to localhost:53509 (http://localhost:39275/): Traceback (most recent call last):
  File "/opt/ros/kinetic/lib/python2.7/dist-packages/rospy/impl/tcpros_base.py", line 558, in connect
    self.read_header()
  File "/opt/ros/kinetic/lib/python2.7/dist-packages/rospy/impl/tcpros_base.py", line 651, in read_header
    self._validate_header(read_ros_handshake_header(sock, self.read_buff, self.protocol.buff_size))
AttributeError: 'NoneType' object has no attribute 'buff_size'

[rospy.topics][ERROR] 2025-04-25 14:30:43,254: Traceback (most recent call last):
  File "/opt/ros/kinetic/lib/python2.7/dist-packages/rospy/topics.py", line 326, in close
    c.close()
  File "/opt/ros/kinetic/lib/python2.7/dist-packages/rospy/impl/tcpros_base.py", line 839, in close
    self.socket.close()
AttributeError: 'NoneType' object has no attribute 'close'

[rospy.impl.masterslave][INFO] 2025-04-25 14:30:43,254: atexit
