[rospy.client][INFO] 2025-04-11 15:26:30,729: init_node, name[/triggers_5702_1744359990712], pid[5702]
[xmlrpc][INFO] 2025-04-11 15:26:30,730: XML-RPC server binding to 127.0.0.1:0
[xmlrpc][INFO] 2025-04-11 15:26:30,730: Started XML-RPC server [http://localhost:45303/]
[rospy.init][INFO] 2025-04-11 15:26:30,730: ROS Slave URI: [http://localhost:45303/]
[rospy.impl.masterslave][INFO] 2025-04-11 15:26:30,730: _ready: http://localhost:45303/
[rospy.registration][INFO] 2025-04-11 15:26:30,731: Registering with master node http://localhost:11311
[xmlrpc][INFO] 2025-04-11 15:26:30,731: xml rpc node: starting XML-RPC server
[rospy.registration][INFO] 2025-04-11 15:26:30,731: Registering publisher topic [/current_poster] type [geometry_msgs/PointStamped] with master
[rospy.registration][INFO] 2025-04-11 15:26:30,733: Registering publisher topic [/trigger_msgs] type [std_msgs/Int16] with master
[rospy.init][INFO] 2025-04-11 15:26:30,831: registered with master
[rospy.rosout][INFO] 2025-04-11 15:26:30,831: initializing /rosout core topic
[rospy.rosout][INFO] 2025-04-11 15:26:30,832: connected to core topic /rosout
[rospy.simtime][INFO] 2025-04-11 15:26:30,833: /use_sim_time is not set, will not subscribe to simulated time [/clock] topic
[rospy.internal][INFO] 2025-04-11 15:26:30,848: topic[/amcl_pose] adding connection to [http://localhost:33849/], count 0
[rospy.internal][INFO] 2025-04-11 15:26:30,852: topic[/trigger_msgs] adding connection to [/curr_posters_5458_1744359984349], count 0
[rospy.internal][INFO] 2025-04-11 15:26:31,041: topic[/rosout] adding connection to [/rosout], count 0
[rospy.internal][INFO] 2025-04-11 15:26:31,135: topic[/trigger_msgs] adding connection to [/my_bag], count 1
[rospy.internal][INFO] 2025-04-11 15:26:31,136: topic[/trigger_msgs] adding connection to [/my_bag2], count 2
[rospy.internal][INFO] 2025-04-11 15:29:26,422: topic[/trigger_msgs] removing connection to /curr_posters_5458_1744359984349
[rospy.internal][WARNING] 2025-04-11 15:29:29,386: Unknown error initiating TCP/IP socket to localhost:52871 (http://localhost:33849/): Traceback (most recent call last):
  File "/opt/ros/kinetic/lib/python2.7/dist-packages/rospy/impl/tcpros_base.py", line 558, in connect
    self.read_header()
  File "/opt/ros/kinetic/lib/python2.7/dist-packages/rospy/impl/tcpros_base.py", line 651, in read_header
    self._validate_header(read_ros_handshake_header(sock, self.read_buff, self.protocol.buff_size))
  File "/opt/ros/kinetic/lib/python2.7/dist-packages/rosgraph/network.py", line 362, in read_ros_handshake_header
    d = sock.recv(buff_size)
error: [Errno 104] Connection reset by peer

[rospy.internal][INFO] 2025-04-11 15:29:29,386: topic[/amcl_pose] removing connection to http://localhost:33849/
[rospy.internal][INFO] 2025-04-11 15:29:29,423: topic[/rosout] removing connection to /rosout
[rospy.internal][INFO] 2025-04-11 15:30:12,943: topic[/trigger_msgs] removing connection to /my_bag
[rospy.internal][INFO] 2025-04-11 15:30:12,944: topic[/trigger_msgs] removing connection to /my_bag2
[rospy.core][INFO] 2025-04-11 15:37:30,850: signal_shutdown [atexit]
[rospy.impl.masterslave][INFO] 2025-04-11 15:37:30,852: atexit
