[rospy.client][INFO] 2023-10-25 10:03:39,687: init_node, name[/triggers_8832_1698203019666], pid[8832]
[xmlrpc][INFO] 2023-10-25 10:03:39,689: XML-RPC server binding to 127.0.0.1:0
[xmlrpc][INFO] 2023-10-25 10:03:39,690: Started XML-RPC server [http://localhost:39001/]
[rospy.init][INFO] 2023-10-25 10:03:39,690: ROS Slave URI: [http://localhost:39001/]
[rospy.impl.masterslave][INFO] 2023-10-25 10:03:39,690: _ready: http://localhost:39001/
[rospy.registration][INFO] 2023-10-25 10:03:39,691: Registering with master node http://localhost:11311
[xmlrpc][INFO] 2023-10-25 10:03:39,691: xml rpc node: starting XML-RPC server
[rospy.registration][INFO] 2023-10-25 10:03:39,691: Registering publisher topic [/current_poster] type [geometry_msgs/PointStamped] with master
[rospy.registration][INFO] 2023-10-25 10:03:39,695: Registering publisher topic [/trigger_msgs] type [std_msgs/Int16] with master
[rospy.internal][INFO] 2023-10-25 10:03:39,719: topic[/trigger_msgs] adding connection to [/curr_posters_2854_1698202818502], count 0
[rospy.internal][INFO] 2023-10-25 10:03:39,740: topic[/trigger_msgs] adding connection to [/controller_joystick], count 1
[rospy.init][INFO] 2023-10-25 10:03:39,790: registered with master
[rospy.rosout][INFO] 2023-10-25 10:03:39,790: initializing /rosout core topic
[rospy.rosout][INFO] 2023-10-25 10:03:39,793: connected to core topic /rosout
[rospy.simtime][INFO] 2023-10-25 10:03:39,794: /use_sim_time is not set, will not subscribe to simulated time [/clock] topic
[rospy.internal][INFO] 2023-10-25 10:03:39,813: topic[/amcl_pose] adding connection to [http://localhost:42621/], count 0
[rospy.internal][INFO] 2023-10-25 10:03:39,897: topic[/current_poster] adding connection to [/rviz_1698202801861004883], count 0
[rospy.internal][INFO] 2023-10-25 10:03:39,998: topic[/rosout] adding connection to [/rosout], count 0
[rospy.internal][INFO] 2023-10-25 10:03:40,098: topic[/trigger_msgs] adding connection to [/my_bag2], count 2
[rospy.internal][INFO] 2023-10-25 10:03:40,100: topic[/trigger_msgs] adding connection to [/my_bag], count 3
