[rospy.client][INFO] 2025-04-25 14:30:19,733: init_node, name[/triggers_30336_1745566219700], pid[30336]
[xmlrpc][INFO] 2025-04-25 14:30:19,733: XML-RPC server binding to 127.0.0.1:0
[xmlrpc][INFO] 2025-04-25 14:30:19,734: Started XML-RPC server [http://localhost:37043/]
[rospy.impl.masterslave][INFO] 2025-04-25 14:30:19,734: _ready: http://localhost:37043/
[rospy.registration][INFO] 2025-04-25 14:30:19,735: Registering with master node http://localhost:11311
[rospy.init][INFO] 2025-04-25 14:30:19,736: ROS Slave URI: [http://localhost:37043/]
[xmlrpc][INFO] 2025-04-25 14:30:19,736: xml rpc node: starting XML-RPC server
[rospy.registration][INFO] 2025-04-25 14:30:19,736: Registering publisher topic [/current_poster] type [geometry_msgs/PointStamped] with master
[rospy.registration][INFO] 2025-04-25 14:30:19,740: Registering publisher topic [/trigger_msgs] type [std_msgs/Int16] with master
[rospy.internal][INFO] 2025-04-25 14:30:19,790: topic[/trigger_msgs] adding connection to [/curr_posters_29140_1745566188221], count 0
[rospy.internal][INFO] 2025-04-25 14:30:19,794: topic[/trigger_msgs] adding connection to [/controller_joystick], count 1
[rospy.init][INFO] 2025-04-25 14:30:19,836: registered with master
[rospy.rosout][INFO] 2025-04-25 14:30:19,836: initializing /rosout core topic
[rospy.rosout][INFO] 2025-04-25 14:30:19,838: connected to core topic /rosout
[rospy.simtime][INFO] 2025-04-25 14:30:19,839: /use_sim_time is not set, will not subscribe to simulated time [/clock] topic
[rospy.internal][INFO] 2025-04-25 14:30:19,858: topic[/amcl_pose] adding connection to [http://localhost:39275/], count 0
[rospy.internal][INFO] 2025-04-25 14:30:20,083: topic[/rosout] adding connection to [/rosout], count 0
[rospy.internal][INFO] 2025-04-25 14:30:20,184: topic[/trigger_msgs] adding connection to [/my_bag], count 2
[rospy.internal][INFO] 2025-04-25 14:30:20,285: topic[/trigger_msgs] adding connection to [/my_bag2], count 3
[rospy.internal][INFO] 2025-04-25 14:30:43,368: topic[/trigger_msgs] removing connection to /curr_posters_29140_1745566188221
[rospy.internal][INFO] 2025-04-25 14:30:43,368: topic[/trigger_msgs] removing connection to /controller_joystick
[rospy.internal][INFO] 2025-04-25 14:31:14,305: topic[/trigger_msgs] adding connection to [/curr_posters_32224_1745566274278], count 2
[rospy.internal][INFO] 2025-04-25 14:31:18,634: topic[/trigger_msgs] adding connection to [/controller_joystick], count 3
[rospy.internal][INFO] 2025-04-25 14:31:23,690: topic[/trigger_msgs] adding connection to [/my_bag2], count 4
[rospy.internal][INFO] 2025-04-25 14:31:23,690: topic[/trigger_msgs] removing connection to /my_bag2
[rospy.internal][INFO] 2025-04-25 14:31:23,691: topic[/trigger_msgs] removing connection to /my_bag
[rospy.internal][INFO] 2025-04-25 14:31:23,691: topic[/trigger_msgs] adding connection to [/my_bag], count 3
[rospy.internal][INFO] 2025-04-25 14:34:09,455: topic[/trigger_msgs] removing connection to /curr_posters_32224_1745566274278
[rospy.internal][INFO] 2025-04-25 14:34:09,455: topic[/trigger_msgs] removing connection to /controller_joystick
[rospy.internal][INFO] 2025-04-25 14:34:10,621: topic[/trigger_msgs] adding connection to [/curr_posters_4115_1745566450587], count 2
[rospy.internal][INFO] 2025-04-25 14:34:15,017: topic[/trigger_msgs] adding connection to [/controller_joystick], count 3
[rospy.internal][INFO] 2025-04-25 14:34:19,847: topic[/trigger_msgs] adding connection to [/my_bag2], count 4
[rospy.internal][INFO] 2025-04-25 14:34:19,847: topic[/trigger_msgs] removing connection to /my_bag2
[rospy.internal][INFO] 2025-04-25 14:34:19,847: topic[/trigger_msgs] removing connection to /my_bag
[rospy.internal][INFO] 2025-04-25 14:34:19,848: topic[/trigger_msgs] adding connection to [/my_bag], count 3
[rospy.internal][INFO] 2025-04-25 14:43:48,719: topic[/trigger_msgs] removing connection to /curr_posters_4115_1745566450587
[rospy.internal][INFO] 2025-04-25 14:43:48,720: topic[/trigger_msgs] removing connection to /controller_joystick
[rospy.internal][INFO] 2025-04-25 14:43:50,247: topic[/trigger_msgs] adding connection to [/curr_posters_16663_1745567030204], count 2
[rospy.internal][INFO] 2025-04-25 14:43:54,420: topic[/trigger_msgs] adding connection to [/controller_joystick], count 3
[rospy.internal][INFO] 2025-04-25 14:43:58,799: topic[/trigger_msgs] adding connection to [/my_bag], count 4
[rospy.internal][INFO] 2025-04-25 14:43:58,800: topic[/trigger_msgs] removing connection to /my_bag
[rospy.internal][INFO] 2025-04-25 14:43:58,800: topic[/trigger_msgs] removing connection to /my_bag2
[rospy.internal][INFO] 2025-04-25 14:43:58,900: topic[/trigger_msgs] adding connection to [/my_bag2], count 3
[rospy.internal][INFO] 2025-04-25 14:45:14,761: topic[/trigger_msgs] removing connection to /curr_posters_16663_1745567030204
[rospy.internal][INFO] 2025-04-25 14:45:14,762: topic[/trigger_msgs] removing connection to /controller_joystick
[rospy.internal][INFO] 2025-04-25 14:45:15,488: topic[/trigger_msgs] adding connection to [/curr_posters_18873_1745567115436], count 2
[rospy.internal][INFO] 2025-04-25 14:45:19,797: topic[/trigger_msgs] adding connection to [/controller_joystick], count 3
[rospy.internal][INFO] 2025-04-25 14:45:22,766: topic[/trigger_msgs] removing connection to /my_bag2
[rospy.internal][INFO] 2025-04-25 14:45:23,840: topic[/trigger_msgs] adding connection to [/my_bag2], count 3
[rospy.internal][INFO] 2025-04-25 14:45:23,841: topic[/trigger_msgs] adding connection to [/my_bag], count 4
[rospy.internal][INFO] 2025-04-25 14:45:23,842: topic[/trigger_msgs] removing connection to /my_bag
[rosout][WARNING] 2025-04-25 14:48:01,585: Inbound TCP/IP connection failed: connection from sender terminated before handshake header received. 0 bytes were received. Please check sender for additional details.
[rospy.internal][ERROR] 2025-04-25 14:48:01,586: Inbound TCP/IP connection failed:
Traceback (most recent call last):
  File "/opt/ros/kinetic/lib/python2.7/dist-packages/rospy/impl/tcpros_base.py", line 322, in _tcp_server_callback
    header = read_ros_handshake_header(sock, StringIO(), buff_size)
  File "/opt/ros/kinetic/lib/python2.7/dist-packages/rosgraph/network.py", line 364, in read_ros_handshake_header
    raise ROSHandshakeException("connection from sender terminated before handshake header received. %s bytes were received. Please check sender for additional details."%b.tell())
ROSHandshakeException: connection from sender terminated before handshake header received. 0 bytes were received. Please check sender for additional details.

[rospy.internal][INFO] 2025-04-25 14:48:01,840: topic[/trigger_msgs] removing connection to /controller_joystick
[rospy.internal][INFO] 2025-04-25 14:49:31,380: topic[/trigger_msgs] removing connection to /curr_posters_18873_1745567115436
[rospy.internal][INFO] 2025-04-25 14:49:33,006: topic[/trigger_msgs] adding connection to [/curr_posters_24900_1745567372968], count 2
[rospy.internal][INFO] 2025-04-25 14:49:37,736: topic[/trigger_msgs] adding connection to [/controller_joystick], count 3
[rospy.internal][INFO] 2025-04-25 14:49:43,120: topic[/trigger_msgs] adding connection to [/my_bag2], count 4
[rospy.internal][INFO] 2025-04-25 14:49:43,121: topic[/trigger_msgs] removing connection to /my_bag2
[rospy.internal][INFO] 2025-04-25 14:49:43,121: topic[/trigger_msgs] removing connection to /my_bag
[rospy.internal][INFO] 2025-04-25 14:49:43,124: topic[/trigger_msgs] adding connection to [/my_bag], count 3
[rospy.internal][INFO] 2025-04-25 14:56:38,107: topic[/trigger_msgs] removing connection to /curr_posters_24900_1745567372968
[rospy.internal][INFO] 2025-04-25 14:56:38,107: topic[/trigger_msgs] removing connection to /controller_joystick
[rospy.internal][INFO] 2025-04-25 14:56:39,591: topic[/trigger_msgs] adding connection to [/curr_posters_2184_1745567799534], count 2
[rospy.internal][INFO] 2025-04-25 14:56:44,020: topic[/trigger_msgs] adding connection to [/controller_joystick], count 3
[rospy.internal][INFO] 2025-04-25 14:56:47,112: topic[/trigger_msgs] removing connection to /my_bag2
[rospy.internal][INFO] 2025-04-25 14:56:47,112: topic[/trigger_msgs] removing connection to /my_bag
[rospy.internal][INFO] 2025-04-25 14:56:48,336: topic[/trigger_msgs] adding connection to [/my_bag2], count 2
[rospy.internal][INFO] 2025-04-25 14:56:48,337: topic[/trigger_msgs] adding connection to [/my_bag], count 3
[rospy.internal][INFO] 2025-04-25 14:57:32,637: topic[/trigger_msgs] removing connection to /curr_posters_2184_1745567799534
[rospy.internal][INFO] 2025-04-25 14:57:32,637: topic[/trigger_msgs] removing connection to /controller_joystick
[rospy.internal][INFO] 2025-04-25 14:57:35,791: topic[/trigger_msgs] adding connection to [/curr_posters_3917_1745567855728], count 2
[rospy.internal][INFO] 2025-04-25 14:57:39,910: topic[/trigger_msgs] adding connection to [/controller_joystick], count 3
[rospy.internal][INFO] 2025-04-25 14:57:45,057: topic[/trigger_msgs] adding connection to [/my_bag2], count 4
[rospy.internal][INFO] 2025-04-25 14:57:45,057: topic[/trigger_msgs] removing connection to /my_bag2
[rospy.internal][INFO] 2025-04-25 14:57:45,262: topic[/trigger_msgs] adding connection to [/my_bag], count 4
[rospy.internal][INFO] 2025-04-25 14:57:45,262: topic[/trigger_msgs] removing connection to /my_bag
[rospy.internal][INFO] 2025-04-25 14:59:31,203: topic[/trigger_msgs] removing connection to /curr_posters_3917_1745567855728
[rospy.internal][INFO] 2025-04-25 14:59:31,203: topic[/trigger_msgs] removing connection to /controller_joystick
[rospy.internal][INFO] 2025-04-25 14:59:32,551: topic[/trigger_msgs] adding connection to [/curr_posters_6773_1745567972475], count 2
[rospy.internal][INFO] 2025-04-25 14:59:36,878: topic[/trigger_msgs] adding connection to [/controller_joystick], count 3
[rospy.internal][INFO] 2025-04-25 14:59:42,504: topic[/trigger_msgs] adding connection to [/my_bag], count 4
[rospy.internal][INFO] 2025-04-25 14:59:42,504: topic[/trigger_msgs] removing connection to /my_bag
[rospy.internal][INFO] 2025-04-25 14:59:42,818: topic[/trigger_msgs] adding connection to [/my_bag2], count 4
[rospy.internal][INFO] 2025-04-25 14:59:42,818: topic[/trigger_msgs] removing connection to /my_bag2
[rospy.internal][INFO] 2025-04-25 15:02:29,809: topic[/trigger_msgs] removing connection to /curr_posters_6773_1745567972475
[rospy.internal][INFO] 2025-04-25 15:02:29,810: topic[/trigger_msgs] removing connection to /controller_joystick
[rospy.internal][INFO] 2025-04-25 15:02:31,474: topic[/trigger_msgs] adding connection to [/curr_posters_10898_1745568151392], count 2
[rospy.internal][INFO] 2025-04-25 15:02:35,897: topic[/trigger_msgs] adding connection to [/controller_joystick], count 3
[rospy.internal][INFO] 2025-04-25 15:02:43,198: topic[/trigger_msgs] adding connection to [/my_bag2], count 4
[rospy.internal][INFO] 2025-04-25 15:02:43,199: topic[/trigger_msgs] removing connection to /my_bag2
[rospy.internal][INFO] 2025-04-25 15:02:43,199: topic[/trigger_msgs] removing connection to /my_bag
[rospy.internal][INFO] 2025-04-25 15:02:43,201: topic[/trigger_msgs] adding connection to [/my_bag], count 3
[rospy.internal][INFO] 2025-04-25 15:05:36,479: topic[/trigger_msgs] removing connection to /curr_posters_10898_1745568151392
[rospy.internal][INFO] 2025-04-25 15:05:36,479: topic[/trigger_msgs] removing connection to /controller_joystick
[rospy.internal][INFO] 2025-04-25 15:05:38,458: topic[/trigger_msgs] adding connection to [/curr_posters_15279_1745568338378], count 2
[rospy.internal][INFO] 2025-04-25 15:05:42,812: topic[/trigger_msgs] adding connection to [/controller_joystick], count 3
[rospy.internal][INFO] 2025-04-25 15:05:50,641: topic[/trigger_msgs] adding connection to [/my_bag2], count 4
[rospy.internal][INFO] 2025-04-25 15:05:50,641: topic[/trigger_msgs] removing connection to /my_bag2
[rospy.internal][INFO] 2025-04-25 15:05:50,962: topic[/trigger_msgs] adding connection to [/my_bag], count 4
[rospy.internal][INFO] 2025-04-25 15:05:50,963: topic[/trigger_msgs] removing connection to /my_bag
[rospy.internal][INFO] 2025-04-25 15:08:28,268: topic[/trigger_msgs] removing connection to /curr_posters_15279_1745568338378
[rospy.internal][INFO] 2025-04-25 15:08:28,268: topic[/trigger_msgs] removing connection to /controller_joystick
[rospy.internal][INFO] 2025-04-25 15:08:30,859: topic[/trigger_msgs] adding connection to [/curr_posters_19320_1745568510550], count 2
[rospy.internal][INFO] 2025-04-25 15:08:34,764: topic[/trigger_msgs] adding connection to [/controller_joystick], count 3
[rospy.internal][INFO] 2025-04-25 15:08:46,053: topic[/trigger_msgs] adding connection to [/my_bag], count 4
[rospy.internal][INFO] 2025-04-25 15:08:46,054: topic[/trigger_msgs] removing connection to /my_bag
[rospy.internal][INFO] 2025-04-25 15:08:46,267: topic[/trigger_msgs] adding connection to [/my_bag2], count 4
[rospy.internal][INFO] 2025-04-25 15:08:46,268: topic[/trigger_msgs] removing connection to /my_bag2
[rospy.internal][INFO] 2025-04-25 15:14:48,991: topic[/trigger_msgs] removing connection to /controller_joystick
[rospy.internal][INFO] 2025-04-25 15:14:49,492: topic[/trigger_msgs] removing connection to /curr_posters_19320_1745568510550
[rospy.internal][INFO] 2025-04-25 15:15:20,502: topic[/trigger_msgs] removing connection to /my_bag
[rospy.internal][INFO] 2025-04-25 15:15:20,503: topic[/trigger_msgs] removing connection to /my_bag2
[rospy.core][INFO] 2025-04-25 15:16:35,004: signal_shutdown [atexit]
[rospy.internal][INFO] 2025-04-25 15:16:35,007: topic[/rosout] removing connection to /rosout
[rospy.internal][INFO] 2025-04-25 15:16:35,007: topic[/amcl_pose] removing connection to http://localhost:39275/
[rospy.impl.masterslave][INFO] 2025-04-25 15:16:35,007: atexit
