[rospy.client][INFO] 2025-04-03 14:45:56,266: init_node, name[/triggers_6808_1743666356230], pid[6808]
[xmlrpc][INFO] 2025-04-03 14:45:56,267: XML-RPC server binding to 127.0.0.1:0
[xmlrpc][INFO] 2025-04-03 14:45:56,268: Started XML-RPC server [http://localhost:39111/]
[rospy.init][INFO] 2025-04-03 14:45:56,268: ROS Slave URI: [http://localhost:39111/]
[rospy.impl.masterslave][INFO] 2025-04-03 14:45:56,269: _ready: http://localhost:39111/
[rospy.registration][INFO] 2025-04-03 14:45:56,270: Registering with master node http://localhost:11311
[xmlrpc][INFO] 2025-04-03 14:45:56,270: xml rpc node: starting XML-RPC server
[rospy.registration][INFO] 2025-04-03 14:45:56,270: Registering publisher topic [/current_poster] type [geometry_msgs/PointStamped] with master
[rospy.registration][INFO] 2025-04-03 14:45:56,273: Registering publisher topic [/trigger_msgs] type [std_msgs/Int16] with master
[rospy.internal][INFO] 2025-04-03 14:45:56,326: topic[/trigger_msgs] adding connection to [/curr_posters_6479_1743666348071], count 0
[rospy.internal][INFO] 2025-04-03 14:45:56,341: topic[/trigger_msgs] adding connection to [/controller_joystick], count 1
[rospy.init][INFO] 2025-04-03 14:45:56,369: registered with master
[rospy.rosout][INFO] 2025-04-03 14:45:56,369: initializing /rosout core topic
[rospy.rosout][INFO] 2025-04-03 14:45:56,372: connected to core topic /rosout
[rospy.simtime][INFO] 2025-04-03 14:45:56,373: /use_sim_time is not set, will not subscribe to simulated time [/clock] topic
[rospy.internal][INFO] 2025-04-03 14:45:56,392: topic[/amcl_pose] adding connection to [http://localhost:37533/], count 0
[rospy.internal][INFO] 2025-04-03 14:45:56,513: topic[/trigger_msgs] adding connection to [/my_bag], count 2
[rospy.internal][INFO] 2025-04-03 14:45:56,515: topic[/trigger_msgs] adding connection to [/my_bag2], count 3
[rospy.internal][INFO] 2025-04-03 14:45:56,625: topic[/rosout] adding connection to [/rosout], count 0
[rospy.internal][INFO] 2025-04-03 14:45:56,725: topic[/trigger_msgs] adding connection to [/my_bag2], count 4
[rospy.internal][INFO] 2025-04-03 14:45:56,726: topic[/trigger_msgs] removing connection to /my_bag2
[rospy.internal][INFO] 2025-04-03 14:45:56,726: topic[/trigger_msgs] removing connection to /my_bag
[rospy.internal][INFO] 2025-04-03 14:45:56,728: topic[/trigger_msgs] adding connection to [/my_bag], count 3
[rospy.internal][INFO] 2025-04-03 14:46:29,907: topic[/trigger_msgs] removing connection to /curr_posters_6479_1743666348071
[rospy.internal][INFO] 2025-04-03 14:46:29,908: topic[/trigger_msgs] removing connection to /controller_joystick
[rospy.internal][INFO] 2025-04-03 14:46:31,108: topic[/trigger_msgs] adding connection to [/curr_posters_7707_1743666391063], count 2
[rospy.internal][INFO] 2025-04-03 14:46:35,383: topic[/trigger_msgs] adding connection to [/controller_joystick], count 3
[rospy.internal][INFO] 2025-04-03 14:46:39,914: topic[/trigger_msgs] removing connection to /my_bag2
[rospy.internal][INFO] 2025-04-03 14:46:39,914: topic[/trigger_msgs] removing connection to /my_bag
[rospy.internal][INFO] 2025-04-03 14:46:40,008: topic[/trigger_msgs] adding connection to [/my_bag], count 2
[rospy.internal][INFO] 2025-04-03 14:46:40,014: topic[/trigger_msgs] adding connection to [/my_bag2], count 3
[rospy.internal][INFO] 2025-04-03 14:49:42,510: topic[/trigger_msgs] removing connection to /curr_posters_7707_1743666391063
[rospy.internal][INFO] 2025-04-03 14:49:42,511: topic[/trigger_msgs] removing connection to /controller_joystick
[rospy.internal][INFO] 2025-04-03 14:49:44,106: topic[/trigger_msgs] adding connection to [/curr_posters_12112_1743666584041], count 2
[rospy.internal][INFO] 2025-04-03 14:49:48,396: topic[/trigger_msgs] adding connection to [/controller_joystick], count 3
[rospy.internal][INFO] 2025-04-03 14:49:54,805: topic[/trigger_msgs] adding connection to [/my_bag], count 4
[rospy.internal][INFO] 2025-04-03 14:49:54,805: topic[/trigger_msgs] removing connection to /my_bag
[rospy.internal][INFO] 2025-04-03 14:49:54,806: topic[/trigger_msgs] removing connection to /my_bag2
[rospy.internal][INFO] 2025-04-03 14:49:54,807: topic[/trigger_msgs] adding connection to [/my_bag2], count 3
[rospy.internal][INFO] 2025-04-03 14:50:25,538: topic[/trigger_msgs] removing connection to /curr_posters_12112_1743666584041
[rospy.internal][INFO] 2025-04-03 14:50:25,539: topic[/trigger_msgs] removing connection to /controller_joystick
[rospy.internal][INFO] 2025-04-03 14:50:27,281: topic[/trigger_msgs] adding connection to [/curr_posters_13348_1743666627210], count 2
[rospy.internal][INFO] 2025-04-03 14:50:31,574: topic[/trigger_msgs] adding connection to [/controller_joystick], count 3
[rospy.internal][INFO] 2025-04-03 14:50:39,907: topic[/trigger_msgs] adding connection to [/my_bag], count 4
[rospy.internal][INFO] 2025-04-03 14:50:39,908: topic[/trigger_msgs] removing connection to /my_bag
[rospy.internal][INFO] 2025-04-03 14:50:39,908: topic[/trigger_msgs] removing connection to /my_bag2
[rospy.internal][INFO] 2025-04-03 14:50:39,910: topic[/trigger_msgs] adding connection to [/my_bag2], count 3
[rospy.internal][INFO] 2025-04-03 15:06:54,163: topic[/trigger_msgs] removing connection to /controller_joystick
[rospy.internal][INFO] 2025-04-03 15:07:13,674: topic[/trigger_msgs] removing connection to /curr_posters_13348_1743666627210
[rospy.core][INFO] 2025-04-03 15:08:00,443: signal_shutdown [atexit]
[rospy.internal][INFO] 2025-04-03 15:08:00,448: topic[/trigger_msgs] removing connection to /my_bag
[rospy.internal][INFO] 2025-04-03 15:08:00,449: topic[/trigger_msgs] removing connection to /my_bag2
[rospy.internal][INFO] 2025-04-03 15:08:00,449: topic[/rosout] removing connection to /rosout
[rospy.internal][INFO] 2025-04-03 15:08:00,449: topic[/amcl_pose] removing connection to http://localhost:37533/
[rospy.impl.masterslave][INFO] 2025-04-03 15:08:00,449: atexit
