[rospy.client][INFO] 2025-04-11 15:09:38,407: init_node, name[/triggers_14552_1744358978377], pid[14552]
[xmlrpc][INFO] 2025-04-11 15:09:38,407: XML-RPC server binding to 127.0.0.1:0
[xmlrpc][INFO] 2025-04-11 15:09:38,408: Started XML-RPC server [http://localhost:46779/]
[rospy.init][INFO] 2025-04-11 15:09:38,408: ROS Slave URI: [http://localhost:46779/]
[rospy.impl.masterslave][INFO] 2025-04-11 15:09:38,408: _ready: http://localhost:46779/
[rospy.registration][INFO] 2025-04-11 15:09:38,409: Registering with master node http://localhost:11311
[xmlrpc][INFO] 2025-04-11 15:09:38,409: xml rpc node: starting XML-RPC server
[rospy.registration][INFO] 2025-04-11 15:09:38,410: Registering publisher topic [/current_poster] type [geometry_msgs/PointStamped] with master
[rospy.registration][INFO] 2025-04-11 15:09:38,412: Registering publisher topic [/trigger_msgs] type [std_msgs/Int16] with master
[rospy.init][INFO] 2025-04-11 15:09:38,509: registered with master
[rospy.rosout][INFO] 2025-04-11 15:09:38,509: initializing /rosout core topic
[rospy.rosout][INFO] 2025-04-11 15:09:38,510: connected to core topic /rosout
[rospy.simtime][INFO] 2025-04-11 15:09:38,512: /use_sim_time is not set, will not subscribe to simulated time [/clock] topic
[rospy.internal][INFO] 2025-04-11 15:09:38,732: topic[/rosout] adding connection to [/rosout], count 0
[rospy.internal][INFO] 2025-04-11 15:09:38,833: topic[/trigger_msgs] adding connection to [/my_bag], count 0
[rospy.internal][INFO] 2025-04-11 15:09:38,833: topic[/trigger_msgs] adding connection to [/my_bag2], count 1
[rospy.internal][INFO] 2025-04-11 15:09:43,844: topic[/amcl_pose] adding connection to [http://localhost:38913/], count 0
[rospy.internal][WARNING] 2025-04-11 15:10:08,908: Unknown error initiating TCP/IP socket to localhost:58505 (http://localhost:38913/): Traceback (most recent call last):
  File "/opt/ros/kinetic/lib/python2.7/dist-packages/rospy/impl/tcpros_base.py", line 558, in connect
    self.read_header()
  File "/opt/ros/kinetic/lib/python2.7/dist-packages/rospy/impl/tcpros_base.py", line 651, in read_header
    self._validate_header(read_ros_handshake_header(sock, self.read_buff, self.protocol.buff_size))
  File "/opt/ros/kinetic/lib/python2.7/dist-packages/rosgraph/network.py", line 362, in read_ros_handshake_header
    d = sock.recv(buff_size)
error: [Errno 104] Connection reset by peer

[rospy.internal][INFO] 2025-04-11 15:10:08,908: topic[/amcl_pose] removing connection to http://localhost:38913/
[rospy.internal][INFO] 2025-04-11 15:10:09,354: topic[/rosout] removing connection to /rosout
[rospy.internal][INFO] 2025-04-11 15:11:44,899: topic[/trigger_msgs] removing connection to /my_bag
[rospy.internal][INFO] 2025-04-11 15:11:44,899: topic[/trigger_msgs] removing connection to /my_bag2
[rospy.core][INFO] 2025-04-11 15:14:02,523: signal_shutdown [atexit]
[rospy.impl.masterslave][INFO] 2025-04-11 15:14:02,525: atexit
