[rospy.client][INFO] 2023-10-12 10:16:07,064: init_node, name[/triggers_15831_1697080567046], pid[15831]
[xmlrpc][INFO] 2023-10-12 10:16:07,065: XML-RPC server binding to 127.0.0.1:0
[xmlrpc][INFO] 2023-10-12 10:16:07,065: Started XML-RPC server [http://localhost:35707/]
[rospy.init][INFO] 2023-10-12 10:16:07,065: ROS Slave URI: [http://localhost:35707/]
[rospy.impl.masterslave][INFO] 2023-10-12 10:16:07,065: _ready: http://localhost:35707/
[rospy.registration][INFO] 2023-10-12 10:16:07,066: Registering with master node http://localhost:11311
[xmlrpc][INFO] 2023-10-12 10:16:07,066: xml rpc node: starting XML-RPC server
[rospy.registration][INFO] 2023-10-12 10:16:07,066: Registering publisher topic [/current_poster] type [geometry_msgs/PointStamped] with master
[rospy.registration][INFO] 2023-10-12 10:16:07,068: Registering publisher topic [/trigger_msgs] type [std_msgs/Int16] with master
[rospy.internal][INFO] 2023-10-12 10:16:07,125: topic[/trigger_msgs] adding connection to [/curr_posters_3074_1697078350253], count 0
[rospy.internal][INFO] 2023-10-12 10:16:07,135: topic[/trigger_msgs] adding connection to [/controller_joystick], count 1
[rospy.init][INFO] 2023-10-12 10:16:07,166: registered with master
[rospy.rosout][INFO] 2023-10-12 10:16:07,166: initializing /rosout core topic
[rospy.rosout][INFO] 2023-10-12 10:16:07,167: connected to core topic /rosout
[rospy.simtime][INFO] 2023-10-12 10:16:07,168: /use_sim_time is not set, will not subscribe to simulated time [/clock] topic
[rospy.internal][INFO] 2023-10-12 10:16:07,184: topic[/amcl_pose] adding connection to [http://localhost:39013/], count 0
[rospy.internal][INFO] 2023-10-12 10:16:07,320: topic[/current_poster] adding connection to [/rviz_1697078338167516806], count 0
[rospy.internal][INFO] 2023-10-12 10:16:07,423: topic[/trigger_msgs] adding connection to [/my_bag], count 2
[rospy.internal][INFO] 2023-10-12 10:16:07,424: topic[/rosout] adding connection to [/rosout], count 0
[rospy.internal][INFO] 2023-10-12 10:16:07,424: topic[/trigger_msgs] adding connection to [/my_bag2], count 3
[rospy.internal][INFO] 2023-10-12 11:20:49,424: topic[/trigger_msgs] removing connection to /my_bag
[rospy.core][INFO] 2023-10-12 11:20:49,703: signal_shutdown [atexit]
[rospy.internal][INFO] 2023-10-12 11:20:49,709: topic[/current_poster] removing connection to /rviz_1697078338167516806
[rospy.internal][INFO] 2023-10-12 11:20:49,709: topic[/trigger_msgs] removing connection to /curr_posters_3074_1697078350253
[rospy.internal][INFO] 2023-10-12 11:20:49,709: topic[/trigger_msgs] removing connection to /controller_joystick
[rospy.internal][INFO] 2023-10-12 11:20:49,710: topic[/trigger_msgs] removing connection to /my_bag2
[rospy.internal][INFO] 2023-10-12 11:20:49,710: topic[/rosout] removing connection to /rosout
[rospy.internal][INFO] 2023-10-12 11:20:49,710: topic[/amcl_pose] removing connection to http://localhost:39013/
[rospy.impl.masterslave][INFO] 2023-10-12 11:20:49,711: atexit
