[rospy.client][INFO] 2025-07-01 14:35:59,602: init_node, name[/triggers_32339_1751355359585], pid[32339]
[xmlrpc][INFO] 2025-07-01 14:35:59,602: XML-RPC server binding to 127.0.0.1:0
[xmlrpc][INFO] 2025-07-01 14:35:59,602: Started XML-RPC server [http://localhost:40547/]
[rospy.init][INFO] 2025-07-01 14:35:59,603: ROS Slave URI: [http://localhost:40547/]
[rospy.impl.masterslave][INFO] 2025-07-01 14:35:59,603: _ready: http://localhost:40547/
[xmlrpc][INFO] 2025-07-01 14:35:59,603: xml rpc node: starting XML-RPC server
[rospy.registration][INFO] 2025-07-01 14:35:59,603: Registering with master node http://localhost:11311
[rospy.registration][INFO] 2025-07-01 14:35:59,604: Registering publisher topic [/current_poster] type [geometry_msgs/PointStamped] with master
[rospy.registration][INFO] 2025-07-01 14:35:59,605: Registering publisher topic [/trigger_msgs] type [std_msgs/Int16] with master
[rospy.internal][INFO] 2025-07-01 14:35:59,639: topic[/trigger_msgs] adding connection to [/curr_posters_30714_1751355281749], count 0
[rospy.internal][INFO] 2025-07-01 14:35:59,655: topic[/trigger_msgs] adding connection to [/joystick_controller_30855_1751355285723], count 1
[rospy.init][INFO] 2025-07-01 14:35:59,703: registered with master
[rospy.rosout][INFO] 2025-07-01 14:35:59,703: initializing /rosout core topic
[rospy.rosout][INFO] 2025-07-01 14:35:59,704: connected to core topic /rosout
[rospy.simtime][INFO] 2025-07-01 14:35:59,705: /use_sim_time is not set, will not subscribe to simulated time [/clock] topic
[rospy.internal][INFO] 2025-07-01 14:35:59,724: topic[/amcl_pose] adding connection to [http://localhost:40631/], count 0
[rospy.core][INFO] 2025-07-01 14:35:59,738: signal_shutdown [atexit]
[rospy.internal][INFO] 2025-07-01 14:35:59,740: topic[/trigger_msgs] removing connection to /curr_posters_30714_1751355281749
[rospy.internal][INFO] 2025-07-01 14:35:59,740: topic[/trigger_msgs] removing connection to /joystick_controller_30855_1751355285723
[rospy.internal][INFO] 2025-07-01 14:35:59,740: topic[/amcl_pose] removing connection to http://localhost:40631/
[rospy.impl.masterslave][INFO] 2025-07-01 14:35:59,740: atexit
