[rospy.client][INFO] 2023-08-29 09:47:53,766: init_node, name[/triggers_6477_1693277273752], pid[6477]
[xmlrpc][INFO] 2023-08-29 09:47:53,767: XML-RPC server binding to 127.0.0.1:0
[xmlrpc][INFO] 2023-08-29 09:47:53,767: Started XML-RPC server [http://localhost:42255/]
[rospy.init][INFO] 2023-08-29 09:47:53,767: ROS Slave URI: [http://localhost:42255/]
[rospy.impl.masterslave][INFO] 2023-08-29 09:47:53,767: _ready: http://localhost:42255/
[rospy.registration][INFO] 2023-08-29 09:47:53,767: Registering with master node http://localhost:11311
[xmlrpc][INFO] 2023-08-29 09:47:53,768: xml rpc node: starting XML-RPC server
[rospy.registration][INFO] 2023-08-29 09:47:53,768: Registering publisher topic [/current_poster] type [geometry_msgs/PointStamped] with master
[rospy.registration][INFO] 2023-08-29 09:47:53,770: Registering publisher topic [/trigger_msgs] type [std_msgs/Int16] with master
[rospy.init][INFO] 2023-08-29 09:47:53,867: registered with master
[rospy.rosout][INFO] 2023-08-29 09:47:53,867: initializing /rosout core topic
[rospy.rosout][INFO] 2023-08-29 09:47:53,868: connected to core topic /rosout
[rospy.simtime][INFO] 2023-08-29 09:47:53,869: /use_sim_time is not set, will not subscribe to simulated time [/clock] topic
[rospy.internal][INFO] 2023-08-29 09:47:53,874: topic[/trigger_msgs] adding connection to [/controller_joystick], count 0
[rospy.internal][INFO] 2023-08-29 09:47:53,885: topic[/amcl_pose] adding connection to [http://localhost:36513/], count 0
[rospy.internal][INFO] 2023-08-29 09:47:53,893: topic[/trigger_msgs] adding connection to [/curr_posters_3018_1693277112300], count 1
[rospy.internal][INFO] 2023-08-29 09:47:54,066: topic[/current_poster] adding connection to [/rviz_1693277105188694193], count 0
[rospy.internal][INFO] 2023-08-29 09:47:54,168: topic[/trigger_msgs] adding connection to [/my_bag], count 2
[rospy.internal][INFO] 2023-08-29 09:47:54,169: topic[/trigger_msgs] adding connection to [/my_bag2], count 3
[rospy.internal][INFO] 2023-08-29 09:47:54,169: topic[/rosout] adding connection to [/rosout], count 0
[rospy.internal][INFO] 2023-08-29 11:28:36,993: topic[/trigger_msgs] removing connection to /my_bag
[rospy.internal][INFO] 2023-08-29 11:28:36,994: topic[/trigger_msgs] removing connection to /my_bag2
[rospy.core][INFO] 2023-08-29 11:28:37,002: signal_shutdown [atexit]
[rospy.internal][INFO] 2023-08-29 11:28:37,006: topic[/current_poster] removing connection to /rviz_1693277105188694193
[rospy.internal][INFO] 2023-08-29 11:28:37,006: topic[/trigger_msgs] removing connection to /controller_joystick
[rospy.internal][INFO] 2023-08-29 11:28:37,006: topic[/trigger_msgs] removing connection to /curr_posters_3018_1693277112300
[rospy.internal][INFO] 2023-08-29 11:28:37,006: topic[/rosout] removing connection to /rosout
[rospy.internal][INFO] 2023-08-29 11:28:37,007: topic[/amcl_pose] removing connection to http://localhost:36513/
[rospy.internal][WARNING] 2023-08-29 11:28:37,007: Unknown error initiating TCP/IP socket to localhost:53573 (http://localhost:36513/): Traceback (most recent call last):
  File "/opt/ros/kinetic/lib/python2.7/dist-packages/rospy/impl/tcpros_base.py", line 558, in connect
    self.read_header()
  File "/opt/ros/kinetic/lib/python2.7/dist-packages/rospy/impl/tcpros_base.py", line 651, in read_header
    self._validate_header(read_ros_handshake_header(sock, self.read_buff, self.protocol.buff_size))
AttributeError: 'NoneType' object has no attribute 'buff_size'

[rospy.topics][ERROR] 2023-08-29 11:28:37,008: Traceback (most recent call last):
  File "/opt/ros/kinetic/lib/python2.7/dist-packages/rospy/topics.py", line 326, in close
    c.close()
  File "/opt/ros/kinetic/lib/python2.7/dist-packages/rospy/impl/tcpros_base.py", line 839, in close
    self.socket.close()
AttributeError: 'NoneType' object has no attribute 'close'

[rospy.impl.masterslave][INFO] 2023-08-29 11:28:37,008: atexit
