[rospy.client][INFO] 2023-07-13 13:49:07,115: init_node, name[/triggers_4547_1689230947101], pid[4547]
[xmlrpc][INFO] 2023-07-13 13:49:07,115: XML-RPC server binding to 127.0.0.1:0
[xmlrpc][INFO] 2023-07-13 13:49:07,115: Started XML-RPC server [http://localhost:38437/]
[rospy.init][INFO] 2023-07-13 13:49:07,116: ROS Slave URI: [http://localhost:38437/]
[rospy.impl.masterslave][INFO] 2023-07-13 13:49:07,116: _ready: http://localhost:38437/
[xmlrpc][INFO] 2023-07-13 13:49:07,116: xml rpc node: starting XML-RPC server
[rospy.registration][INFO] 2023-07-13 13:49:07,116: Registering with master node http://localhost:11311
[rospy.registration][INFO] 2023-07-13 13:49:07,117: Registering publisher topic [/current_poster] type [geometry_msgs/PointStamped] with master
[rospy.registration][INFO] 2023-07-13 13:49:07,118: Registering publisher topic [/trigger_msgs] type [std_msgs/Int16] with master
[rospy.init][INFO] 2023-07-13 13:49:07,216: registered with master
[rospy.rosout][INFO] 2023-07-13 13:49:07,216: initializing /rosout core topic
[rospy.rosout][INFO] 2023-07-13 13:49:07,217: connected to core topic /rosout
[rospy.simtime][INFO] 2023-07-13 13:49:07,218: /use_sim_time is not set, will not subscribe to simulated time [/clock] topic
[rospy.internal][INFO] 2023-07-13 13:49:07,231: topic[/trigger_msgs] adding connection to [/curr_posters_2910_1689230878450], count 0
[rospy.internal][INFO] 2023-07-13 13:49:07,234: topic[/amcl_pose] adding connection to [http://localhost:37563/], count 0
[rospy.internal][INFO] 2023-07-13 13:49:07,237: topic[/trigger_msgs] adding connection to [/controller_joystick], count 1
[rospy.internal][INFO] 2023-07-13 13:49:07,412: topic[/current_poster] adding connection to [/rviz_1689230869699315728], count 0
[rospy.internal][INFO] 2023-07-13 13:49:07,514: topic[/trigger_msgs] adding connection to [/my_bag], count 2
[rospy.internal][INFO] 2023-07-13 13:49:07,515: topic[/rosout] adding connection to [/rosout], count 0
[rospy.internal][INFO] 2023-07-13 13:49:07,515: topic[/trigger_msgs] adding connection to [/my_bag2], count 3
