[rospy.client][INFO] 2025-04-11 13:50:25,180: init_node, name[/triggers_5403_1744354225162], pid[5403]
[xmlrpc][INFO] 2025-04-11 13:50:25,180: XML-RPC server binding to 127.0.0.1:0
[xmlrpc][INFO] 2025-04-11 13:50:25,181: Started XML-RPC server [http://localhost:37291/]
[rospy.init][INFO] 2025-04-11 13:50:25,181: ROS Slave URI: [http://localhost:37291/]
[rospy.impl.masterslave][INFO] 2025-04-11 13:50:25,181: _ready: http://localhost:37291/
[xmlrpc][INFO] 2025-04-11 13:50:25,181: xml rpc node: starting XML-RPC server
[rospy.registration][INFO] 2025-04-11 13:50:25,182: Registering with master node http://localhost:11311
[rospy.registration][INFO] 2025-04-11 13:50:25,182: Registering publisher topic [/current_poster] type [geometry_msgs/PointStamped] with master
[rospy.registration][INFO] 2025-04-11 13:50:25,184: Registering publisher topic [/trigger_msgs] type [std_msgs/Int16] with master
[rospy.internal][INFO] 2025-04-11 13:50:25,217: topic[/trigger_msgs] adding connection to [/curr_posters_4267_1744354208614], count 0
[rospy.internal][INFO] 2025-04-11 13:50:25,220: topic[/trigger_msgs] adding connection to [/controller_joystick], count 1
[rospy.init][INFO] 2025-04-11 13:50:25,281: registered with master
[rospy.rosout][INFO] 2025-04-11 13:50:25,282: initializing /rosout core topic
[rospy.rosout][INFO] 2025-04-11 13:50:25,283: connected to core topic /rosout
[rospy.simtime][INFO] 2025-04-11 13:50:25,284: /use_sim_time is not set, will not subscribe to simulated time [/clock] topic
[rospy.internal][INFO] 2025-04-11 13:50:25,301: topic[/amcl_pose] adding connection to [http://localhost:45769/], count 0
[rospy.internal][INFO] 2025-04-11 13:50:25,509: topic[/rosout] adding connection to [/rosout], count 0
[rospy.internal][INFO] 2025-04-11 13:50:25,610: topic[/trigger_msgs] adding connection to [/my_bag2], count 2
[rospy.internal][INFO] 2025-04-11 13:50:25,610: topic[/trigger_msgs] adding connection to [/my_bag], count 3
[rospy.internal][INFO] 2025-04-11 13:50:35,805: topic[/trigger_msgs] removing connection to /controller_joystick
[rospy.internal][INFO] 2025-04-11 13:50:46,810: topic[/trigger_msgs] removing connection to /curr_posters_4267_1744354208614
[rospy.internal][INFO] 2025-04-11 13:51:33,248: topic[/trigger_msgs] adding connection to [/curr_posters_8270_1744354293227], count 2
[rospy.internal][INFO] 2025-04-11 13:51:37,583: topic[/trigger_msgs] adding connection to [/controller_joystick], count 3
[rospy.internal][INFO] 2025-04-11 13:51:40,719: topic[/trigger_msgs] adding connection to [/my_bag], count 4
[rospy.internal][INFO] 2025-04-11 13:51:40,719: topic[/trigger_msgs] removing connection to /my_bag
[rospy.internal][INFO] 2025-04-11 13:51:40,719: topic[/trigger_msgs] removing connection to /my_bag2
[rospy.internal][INFO] 2025-04-11 13:51:40,724: topic[/trigger_msgs] adding connection to [/my_bag2], count 3
[rospy.internal][INFO] 2025-04-11 13:52:09,845: topic[/trigger_msgs] removing connection to /controller_joystick
[rosout][WARNING] 2025-04-11 13:52:09,848: Inbound TCP/IP connection failed: connection from sender terminated before handshake header received. 0 bytes were received. Please check sender for additional details.
[rospy.internal][ERROR] 2025-04-11 13:52:09,850: Inbound TCP/IP connection failed:
Traceback (most recent call last):
  File "/opt/ros/kinetic/lib/python2.7/dist-packages/rospy/impl/tcpros_base.py", line 322, in _tcp_server_callback
    header = read_ros_handshake_header(sock, StringIO(), buff_size)
  File "/opt/ros/kinetic/lib/python2.7/dist-packages/rosgraph/network.py", line 364, in read_ros_handshake_header
    raise ROSHandshakeException("connection from sender terminated before handshake header received. %s bytes were received. Please check sender for additional details."%b.tell())
ROSHandshakeException: connection from sender terminated before handshake header received. 0 bytes were received. Please check sender for additional details.

[rospy.internal][WARNING] 2025-04-11 13:52:12,165: Unknown error initiating TCP/IP socket to localhost:46587 (http://localhost:45769/): Traceback (most recent call last):
  File "/opt/ros/kinetic/lib/python2.7/dist-packages/rospy/impl/tcpros_base.py", line 558, in connect
    self.read_header()
  File "/opt/ros/kinetic/lib/python2.7/dist-packages/rospy/impl/tcpros_base.py", line 651, in read_header
    self._validate_header(read_ros_handshake_header(sock, self.read_buff, self.protocol.buff_size))
  File "/opt/ros/kinetic/lib/python2.7/dist-packages/rosgraph/network.py", line 362, in read_ros_handshake_header
    d = sock.recv(buff_size)
error: [Errno 104] Connection reset by peer

[rospy.internal][INFO] 2025-04-11 13:52:12,165: topic[/amcl_pose] removing connection to http://localhost:45769/
[rospy.internal][INFO] 2025-04-11 13:52:12,347: topic[/rosout] removing connection to /rosout
[rospy.internal][INFO] 2025-04-11 13:53:06,872: topic[/trigger_msgs] removing connection to /curr_posters_8270_1744354293227
[rospy.internal][INFO] 2025-04-11 13:53:46,889: topic[/trigger_msgs] removing connection to /my_bag2
[rospy.internal][INFO] 2025-04-11 13:53:47,890: topic[/trigger_msgs] removing connection to /my_bag
[rospy.core][INFO] 2025-04-11 14:05:54,321: signal_shutdown [atexit]
[rospy.impl.masterslave][INFO] 2025-04-11 14:05:54,323: atexit
