[rospy.client][INFO] 2023-10-09 11:22:34,622: init_node, name[/triggers_10215_1696825354606], pid[10215]
[xmlrpc][INFO] 2023-10-09 11:22:34,623: XML-RPC server binding to 127.0.0.1:0
[xmlrpc][INFO] 2023-10-09 11:22:34,623: Started XML-RPC server [http://localhost:41445/]
[rospy.init][INFO] 2023-10-09 11:22:34,623: ROS Slave URI: [http://localhost:41445/]
[rospy.impl.masterslave][INFO] 2023-10-09 11:22:34,623: _ready: http://localhost:41445/
[rospy.registration][INFO] 2023-10-09 11:22:34,624: Registering with master node http://localhost:11311
[xmlrpc][INFO] 2023-10-09 11:22:34,624: xml rpc node: starting XML-RPC server
[rospy.registration][INFO] 2023-10-09 11:22:34,624: Registering publisher topic [/current_poster] type [geometry_msgs/PointStamped] with master
[rospy.registration][INFO] 2023-10-09 11:22:34,626: Registering publisher topic [/trigger_msgs] type [std_msgs/Int16] with master
[rospy.internal][INFO] 2023-10-09 11:22:34,644: topic[/trigger_msgs] adding connection to [/controller_joystick], count 0
[rospy.internal][INFO] 2023-10-09 11:22:34,647: topic[/trigger_msgs] adding connection to [/curr_posters_2895_1696818635177], count 1
[rospy.init][INFO] 2023-10-09 11:22:34,724: registered with master
[rospy.rosout][INFO] 2023-10-09 11:22:34,726: initializing /rosout core topic
[rospy.rosout][INFO] 2023-10-09 11:22:34,728: connected to core topic /rosout
[rospy.simtime][INFO] 2023-10-09 11:22:34,729: /use_sim_time is not set, will not subscribe to simulated time [/clock] topic
[rospy.internal][INFO] 2023-10-09 11:22:34,742: topic[/amcl_pose] adding connection to [http://localhost:43067/], count 0
[rospy.internal][INFO] 2023-10-09 11:22:34,841: topic[/current_poster] adding connection to [/rviz_1696818624845296681], count 0
[rospy.internal][INFO] 2023-10-09 11:22:34,943: topic[/rosout] adding connection to [/rosout], count 0
[rospy.internal][INFO] 2023-10-09 11:22:35,043: topic[/trigger_msgs] adding connection to [/my_bag2], count 2
[rospy.internal][INFO] 2023-10-09 11:22:35,044: topic[/trigger_msgs] adding connection to [/my_bag], count 3
[rospy.internal][INFO] 2023-10-09 11:45:56,345: topic[/trigger_msgs] removing connection to /my_bag
[rospy.core][INFO] 2023-10-09 11:45:56,577: signal_shutdown [atexit]
[rospy.internal][INFO] 2023-10-09 11:45:56,583: topic[/current_poster] removing connection to /rviz_1696818624845296681
[rospy.internal][INFO] 2023-10-09 11:45:56,583: topic[/trigger_msgs] removing connection to /controller_joystick
[rospy.internal][INFO] 2023-10-09 11:45:56,584: topic[/trigger_msgs] removing connection to /curr_posters_2895_1696818635177
[rospy.internal][INFO] 2023-10-09 11:45:56,584: topic[/trigger_msgs] removing connection to /my_bag2
[rospy.internal][INFO] 2023-10-09 11:45:56,585: topic[/rosout] removing connection to /rosout
[rospy.internal][INFO] 2023-10-09 11:45:56,585: topic[/amcl_pose] removing connection to http://localhost:43067/
[rospy.impl.masterslave][INFO] 2023-10-09 11:45:56,585: atexit
