[rospy.client][INFO] 2023-07-13 13:48:11,936: init_node, name[/triggers_3272_1689230891921], pid[3272]
[xmlrpc][INFO] 2023-07-13 13:48:11,937: XML-RPC server binding to 127.0.0.1:0
[xmlrpc][INFO] 2023-07-13 13:48:11,937: Started XML-RPC server [http://localhost:41227/]
[rospy.init][INFO] 2023-07-13 13:48:11,937: ROS Slave URI: [http://localhost:41227/]
[rospy.impl.masterslave][INFO] 2023-07-13 13:48:11,937: _ready: http://localhost:41227/
[rospy.registration][INFO] 2023-07-13 13:48:11,938: Registering with master node http://localhost:11311
[xmlrpc][INFO] 2023-07-13 13:48:11,938: xml rpc node: starting XML-RPC server
[rospy.registration][INFO] 2023-07-13 13:48:11,938: Registering publisher topic [/current_poster] type [geometry_msgs/PointStamped] with master
[rospy.registration][INFO] 2023-07-13 13:48:11,940: Registering publisher topic [/trigger_msgs] type [std_msgs/Int16] with master
[rospy.init][INFO] 2023-07-13 13:48:12,037: registered with master
[rospy.rosout][INFO] 2023-07-13 13:48:12,038: initializing /rosout core topic
[rospy.rosout][INFO] 2023-07-13 13:48:12,038: connected to core topic /rosout
[rospy.simtime][INFO] 2023-07-13 13:48:12,039: /use_sim_time is not set, will not subscribe to simulated time [/clock] topic
[rospy.internal][INFO] 2023-07-13 13:48:12,053: topic[/trigger_msgs] adding connection to [/curr_posters_2910_1689230878450], count 0
[rospy.internal][INFO] 2023-07-13 13:48:12,056: topic[/amcl_pose] adding connection to [http://localhost:37563/], count 0
[rospy.internal][INFO] 2023-07-13 13:48:12,058: topic[/trigger_msgs] adding connection to [/controller_joystick], count 1
[rospy.internal][INFO] 2023-07-13 13:48:12,233: topic[/current_poster] adding connection to [/rviz_1689230869699315728], count 0
[rospy.internal][INFO] 2023-07-13 13:48:12,235: topic[/rosout] adding connection to [/rosout], count 0
[rospy.internal][INFO] 2023-07-13 13:48:12,336: topic[/trigger_msgs] adding connection to [/my_bag2], count 2
[rospy.internal][INFO] 2023-07-13 13:48:12,336: topic[/trigger_msgs] adding connection to [/my_bag], count 3
[rospy.internal][INFO] 2023-07-13 13:48:51,572: topic[/trigger_msgs] removing connection to /my_bag
[rospy.core][INFO] 2023-07-13 13:48:51,645: signal_shutdown [atexit]
[rospy.internal][INFO] 2023-07-13 13:48:51,650: topic[/current_poster] removing connection to /rviz_1689230869699315728
[rospy.internal][INFO] 2023-07-13 13:48:51,650: topic[/trigger_msgs] removing connection to /curr_posters_2910_1689230878450
[rospy.internal][INFO] 2023-07-13 13:48:51,650: topic[/trigger_msgs] removing connection to /controller_joystick
[rospy.internal][INFO] 2023-07-13 13:48:51,651: topic[/trigger_msgs] removing connection to /my_bag2
[rospy.internal][INFO] 2023-07-13 13:48:51,651: topic[/rosout] removing connection to /rosout
[rospy.internal][INFO] 2023-07-13 13:48:51,651: topic[/amcl_pose] removing connection to http://localhost:37563/
[rospy.impl.masterslave][INFO] 2023-07-13 13:48:51,651: atexit
