[rospy.client][INFO] 2025-03-27 15:21:52,368: init_node, name[/triggers_459_1743063712351], pid[459]
[xmlrpc][INFO] 2025-03-27 15:21:52,369: XML-RPC server binding to 127.0.0.1:0
[xmlrpc][INFO] 2025-03-27 15:21:52,369: Started XML-RPC server [http://localhost:46807/]
[rospy.init][INFO] 2025-03-27 15:21:52,369: ROS Slave URI: [http://localhost:46807/]
[rospy.impl.masterslave][INFO] 2025-03-27 15:21:52,369: _ready: http://localhost:46807/
[xmlrpc][INFO] 2025-03-27 15:21:52,370: xml rpc node: starting XML-RPC server
[rospy.registration][INFO] 2025-03-27 15:21:52,370: Registering with master node http://localhost:11311
[rospy.registration][INFO] 2025-03-27 15:21:52,370: Registering publisher topic [/current_poster] type [geometry_msgs/PointStamped] with master
[rospy.registration][INFO] 2025-03-27 15:21:52,372: Registering publisher topic [/trigger_msgs] type [std_msgs/Int16] with master
[rospy.init][INFO] 2025-03-27 15:21:52,470: registered with master
[rospy.rosout][INFO] 2025-03-27 15:21:52,470: initializing /rosout core topic
[rospy.rosout][INFO] 2025-03-27 15:21:52,471: connected to core topic /rosout
[rospy.simtime][INFO] 2025-03-27 15:21:52,471: /use_sim_time is not set, will not subscribe to simulated time [/clock] topic
[rospy.internal][INFO] 2025-03-27 15:21:52,484: topic[/trigger_msgs] adding connection to [/controller_joystick], count 0
[rospy.internal][INFO] 2025-03-27 15:21:52,487: topic[/trigger_msgs] adding connection to [/curr_posters_32402_1743063696278], count 1
[rospy.internal][INFO] 2025-03-27 15:21:52,488: topic[/amcl_pose] adding connection to [http://localhost:38805/], count 0
[rospy.internal][INFO] 2025-03-27 15:21:52,768: topic[/rosout] adding connection to [/rosout], count 0
[rospy.internal][INFO] 2025-03-27 15:21:52,769: topic[/trigger_msgs] adding connection to [/my_bag], count 2
[rospy.internal][INFO] 2025-03-27 15:21:52,770: topic[/trigger_msgs] adding connection to [/my_bag2], count 3
[rospy.internal][INFO] 2025-03-27 15:24:44,059: topic[/trigger_msgs] removing connection to /controller_joystick
[rospy.internal][INFO] 2025-03-27 15:24:44,060: topic[/trigger_msgs] removing connection to /curr_posters_32402_1743063696278
[rospy.internal][INFO] 2025-03-27 15:24:45,575: topic[/trigger_msgs] adding connection to [/curr_posters_4806_1743063885551], count 2
[rospy.internal][INFO] 2025-03-27 15:24:49,907: topic[/trigger_msgs] adding connection to [/controller_joystick], count 3
[rospy.internal][INFO] 2025-03-27 15:25:10,572: topic[/trigger_msgs] removing connection to /curr_posters_4806_1743063885551
[rospy.internal][INFO] 2025-03-27 15:25:10,573: topic[/trigger_msgs] removing connection to /controller_joystick
[rospy.internal][INFO] 2025-03-27 15:25:13,872: topic[/trigger_msgs] adding connection to [/curr_posters_5617_1743063913845], count 2
[rospy.internal][INFO] 2025-03-27 15:25:18,157: topic[/trigger_msgs] adding connection to [/controller_joystick], count 3
[rospy.internal][INFO] 2025-03-27 15:26:20,104: topic[/trigger_msgs] removing connection to /controller_joystick
[rospy.internal][INFO] 2025-03-27 15:26:35,111: topic[/trigger_msgs] removing connection to /curr_posters_5617_1743063913845
[rospy.internal][WARNING] 2025-03-27 15:28:28,935: Unknown error initiating TCP/IP socket to localhost:41527 (http://localhost:38805/): Traceback (most recent call last):
  File "/opt/ros/kinetic/lib/python2.7/dist-packages/rospy/impl/tcpros_base.py", line 558, in connect
    self.read_header()
  File "/opt/ros/kinetic/lib/python2.7/dist-packages/rospy/impl/tcpros_base.py", line 651, in read_header
    self._validate_header(read_ros_handshake_header(sock, self.read_buff, self.protocol.buff_size))
  File "/opt/ros/kinetic/lib/python2.7/dist-packages/rosgraph/network.py", line 362, in read_ros_handshake_header
    d = sock.recv(buff_size)
error: [Errno 104] Connection reset by peer

[rospy.internal][INFO] 2025-03-27 15:28:28,935: topic[/amcl_pose] removing connection to http://localhost:38805/
[rospy.internal][INFO] 2025-03-27 15:28:29,161: topic[/rosout] removing connection to /rosout
[rospy.core][INFO] 2025-03-27 15:28:29,486: signal_shutdown [atexit]
[rospy.registration][WARNING] 2025-03-27 15:28:29,487: cannot unregister with master due to network issues
[rospy.internal][INFO] 2025-03-27 15:28:29,487: topic[/trigger_msgs] removing connection to /my_bag
[rospy.internal][INFO] 2025-03-27 15:28:29,487: topic[/trigger_msgs] removing connection to /my_bag2
[rospy.impl.masterslave][INFO] 2025-03-27 15:28:29,487: atexit
