[rospy.client][INFO] 2025-02-27 14:13:17,417: init_node, name[/triggers_16310_1740640397402], pid[16310]
[xmlrpc][INFO] 2025-02-27 14:13:17,418: XML-RPC server binding to 127.0.0.1:0
[xmlrpc][INFO] 2025-02-27 14:13:17,419: Started XML-RPC server [http://localhost:43975/]
[rospy.init][INFO] 2025-02-27 14:13:17,419: ROS Slave URI: [http://localhost:43975/]
[rospy.impl.masterslave][INFO] 2025-02-27 14:13:17,419: _ready: http://localhost:43975/
[rospy.registration][INFO] 2025-02-27 14:13:17,420: Registering with master node http://localhost:11311
[xmlrpc][INFO] 2025-02-27 14:13:17,420: xml rpc node: starting XML-RPC server
[rospy.registration][INFO] 2025-02-27 14:13:17,420: Registering publisher topic [/current_poster] type [geometry_msgs/PointStamped] with master
[rospy.registration][INFO] 2025-02-27 14:13:17,424: Registering publisher topic [/trigger_msgs] type [std_msgs/Int16] with master
[rospy.internal][INFO] 2025-02-27 14:13:17,502: topic[/trigger_msgs] adding connection to [/controller_joystick], count 0
[rospy.internal][INFO] 2025-02-27 14:13:17,519: topic[/trigger_msgs] adding connection to [/curr_posters_15059_1740640344607], count 1
[rospy.init][INFO] 2025-02-27 14:13:17,520: registered with master
[rospy.rosout][INFO] 2025-02-27 14:13:17,520: initializing /rosout core topic
[rospy.rosout][INFO] 2025-02-27 14:13:17,521: connected to core topic /rosout
[rospy.simtime][INFO] 2025-02-27 14:13:17,521: /use_sim_time is not set, will not subscribe to simulated time [/clock] topic
[rospy.internal][INFO] 2025-02-27 14:13:17,541: topic[/amcl_pose] adding connection to [http://localhost:38893/], count 0
[rospy.internal][INFO] 2025-02-27 14:13:17,692: topic[/current_poster] adding connection to [/rviz_1740640278990382019], count 0
[rospy.internal][INFO] 2025-02-27 14:13:17,796: topic[/trigger_msgs] adding connection to [/my_bag], count 2
[rospy.internal][INFO] 2025-02-27 14:13:17,797: topic[/rosout] adding connection to [/rosout], count 0
[rospy.internal][INFO] 2025-02-27 14:13:17,797: topic[/trigger_msgs] adding connection to [/my_bag2], count 3
[rospy.internal][INFO] 2025-02-27 14:17:51,658: topic[/current_poster] removing connection to /rviz_1740640278990382019
[rospy.internal][WARNING] 2025-02-27 14:17:54,566: Unknown error initiating TCP/IP socket to localhost:36231 (http://localhost:38893/): Traceback (most recent call last):
  File "/opt/ros/kinetic/lib/python2.7/dist-packages/rospy/impl/tcpros_base.py", line 558, in connect
    self.read_header()
  File "/opt/ros/kinetic/lib/python2.7/dist-packages/rospy/impl/tcpros_base.py", line 651, in read_header
    self._validate_header(read_ros_handshake_header(sock, self.read_buff, self.protocol.buff_size))
  File "/opt/ros/kinetic/lib/python2.7/dist-packages/rosgraph/network.py", line 362, in read_ros_handshake_header
    d = sock.recv(buff_size)
error: [Errno 104] Connection reset by peer

[rospy.internal][INFO] 2025-02-27 14:17:54,566: topic[/amcl_pose] removing connection to http://localhost:38893/
[rospy.internal][INFO] 2025-02-27 14:17:54,659: topic[/rosout] removing connection to /rosout
[rospy.internal][INFO] 2025-02-27 14:17:57,661: topic[/trigger_msgs] removing connection to /controller_joystick
[rospy.internal][INFO] 2025-02-27 14:17:57,661: topic[/trigger_msgs] removing connection to /curr_posters_15059_1740640344607
[rospy.core][INFO] 2025-02-27 14:19:54,537: signal_shutdown [atexit]
[rospy.registration][WARNING] 2025-02-27 14:19:54,538: cannot unregister with master due to network issues
[rospy.internal][INFO] 2025-02-27 14:19:54,538: topic[/trigger_msgs] removing connection to /my_bag
[rospy.internal][INFO] 2025-02-27 14:19:54,538: topic[/trigger_msgs] removing connection to /my_bag2
[rospy.impl.masterslave][INFO] 2025-02-27 14:19:54,538: atexit
