[rospy.client][INFO] 2025-01-27 10:31:03,706: init_node, name[/triggers_11095_1737948663693], pid[11095]
[xmlrpc][INFO] 2025-01-27 10:31:03,706: XML-RPC server binding to 127.0.0.1:0
[rospy.init][INFO] 2025-01-27 10:31:03,707: ROS Slave URI: [http://localhost:37181/]
[xmlrpc][INFO] 2025-01-27 10:31:03,707: Started XML-RPC server [http://localhost:37181/]
[rospy.impl.masterslave][INFO] 2025-01-27 10:31:03,707: _ready: http://localhost:37181/
[rospy.registration][INFO] 2025-01-27 10:31:03,707: Registering with master node http://localhost:11311
[xmlrpc][INFO] 2025-01-27 10:31:03,708: xml rpc node: starting XML-RPC server
[rospy.registration][INFO] 2025-01-27 10:31:03,708: Registering publisher topic [/current_poster] type [geometry_msgs/PointStamped] with master
[rospy.registration][INFO] 2025-01-27 10:31:03,709: Registering publisher topic [/trigger_msgs] type [std_msgs/Int16] with master
[rospy.internal][INFO] 2025-01-27 10:31:03,772: topic[/trigger_msgs] adding connection to [/controller_joystick], count 0
[rospy.internal][INFO] 2025-01-27 10:31:03,798: topic[/trigger_msgs] adding connection to [/curr_posters_9207_1737948579387], count 1
[rospy.init][INFO] 2025-01-27 10:31:03,807: registered with master
[rospy.rosout][INFO] 2025-01-27 10:31:03,807: initializing /rosout core topic
[rospy.rosout][INFO] 2025-01-27 10:31:03,808: connected to core topic /rosout
[rospy.simtime][INFO] 2025-01-27 10:31:03,809: /use_sim_time is not set, will not subscribe to simulated time [/clock] topic
[rospy.internal][INFO] 2025-01-27 10:31:03,825: topic[/amcl_pose] adding connection to [http://localhost:44569/], count 0
[rospy.internal][INFO] 2025-01-27 10:31:03,969: topic[/current_poster] adding connection to [/rviz_1737948266610790205], count 0
[rospy.internal][INFO] 2025-01-27 10:31:04,071: topic[/trigger_msgs] adding connection to [/my_bag], count 2
[rospy.internal][INFO] 2025-01-27 10:31:04,072: topic[/trigger_msgs] adding connection to [/my_bag2], count 3
[rospy.internal][INFO] 2025-01-27 10:31:04,073: topic[/rosout] adding connection to [/rosout], count 0
[rospy.internal][INFO] 2025-01-27 10:43:26,659: topic[/trigger_msgs] removing connection to /controller_joystick
[rospy.internal][INFO] 2025-01-27 10:43:26,659: topic[/trigger_msgs] removing connection to /curr_posters_9207_1737948579387
[rospy.internal][WARNING] 2025-01-27 10:43:37,961: Unknown error initiating TCP/IP socket to localhost:38933 (http://localhost:44569/): Traceback (most recent call last):
  File "/opt/ros/kinetic/lib/python2.7/dist-packages/rospy/impl/tcpros_base.py", line 558, in connect
    self.read_header()
  File "/opt/ros/kinetic/lib/python2.7/dist-packages/rospy/impl/tcpros_base.py", line 651, in read_header
    self._validate_header(read_ros_handshake_header(sock, self.read_buff, self.protocol.buff_size))
  File "/opt/ros/kinetic/lib/python2.7/dist-packages/rosgraph/network.py", line 362, in read_ros_handshake_header
    d = sock.recv(buff_size)
error: [Errno 104] Connection reset by peer

[rospy.internal][INFO] 2025-01-27 10:43:37,961: topic[/amcl_pose] removing connection to http://localhost:44569/
[rospy.internal][INFO] 2025-01-27 10:43:38,164: topic[/current_poster] removing connection to /rviz_1737948266610790205
[rospy.internal][INFO] 2025-01-27 10:43:38,165: topic[/rosout] removing connection to /rosout
