[rospy.client][INFO] 2025-04-11 14:07:10,564: init_node, name[/triggers_28431_1744355230535], pid[28431]
[xmlrpc][INFO] 2025-04-11 14:07:10,565: XML-RPC server binding to 127.0.0.1:0
[xmlrpc][INFO] 2025-04-11 14:07:10,565: Started XML-RPC server [http://localhost:45319/]
[rospy.init][INFO] 2025-04-11 14:07:10,566: ROS Slave URI: [http://localhost:45319/]
[rospy.impl.masterslave][INFO] 2025-04-11 14:07:10,566: _ready: http://localhost:45319/
[xmlrpc][INFO] 2025-04-11 14:07:10,566: xml rpc node: starting XML-RPC server
[rospy.registration][INFO] 2025-04-11 14:07:10,567: Registering with master node http://localhost:11311
[rospy.registration][INFO] 2025-04-11 14:07:10,567: Registering publisher topic [/current_poster] type [geometry_msgs/PointStamped] with master
[rospy.registration][INFO] 2025-04-11 14:07:10,569: Registering publisher topic [/trigger_msgs] type [std_msgs/Int16] with master
[rospy.init][INFO] 2025-04-11 14:07:10,666: registered with master
[rospy.rosout][INFO] 2025-04-11 14:07:10,666: initializing /rosout core topic
[rospy.internal][INFO] 2025-04-11 14:07:10,667: topic[/trigger_msgs] adding connection to [/curr_posters_28069_1744355219866], count 0
[rospy.rosout][INFO] 2025-04-11 14:07:10,668: connected to core topic /rosout
[rospy.simtime][INFO] 2025-04-11 14:07:10,669: /use_sim_time is not set, will not subscribe to simulated time [/clock] topic
[rospy.internal][INFO] 2025-04-11 14:07:10,685: topic[/amcl_pose] adding connection to [http://localhost:35721/], count 0
[rospy.internal][INFO] 2025-04-11 14:07:10,693: topic[/trigger_msgs] adding connection to [/controller_joystick], count 1
[rospy.internal][INFO] 2025-04-11 14:07:10,945: topic[/rosout] adding connection to [/rosout], count 0
[rospy.internal][INFO] 2025-04-11 14:07:10,946: topic[/trigger_msgs] adding connection to [/my_bag], count 2
[rospy.internal][INFO] 2025-04-11 14:07:10,948: topic[/trigger_msgs] adding connection to [/my_bag2], count 3
[rospy.internal][INFO] 2025-04-11 14:08:51,733: topic[/trigger_msgs] removing connection to /curr_posters_28069_1744355219866
[rospy.internal][INFO] 2025-04-11 14:08:51,733: topic[/trigger_msgs] removing connection to /controller_joystick
[rospy.core][INFO] 2025-04-11 14:09:24,680: signal_shutdown [atexit]
[rospy.internal][INFO] 2025-04-11 14:09:24,683: topic[/trigger_msgs] removing connection to /my_bag
[rospy.internal][INFO] 2025-04-11 14:09:24,683: topic[/trigger_msgs] removing connection to /my_bag2
[rospy.internal][INFO] 2025-04-11 14:09:24,683: topic[/rosout] removing connection to /rosout
[rospy.internal][INFO] 2025-04-11 14:09:24,683: topic[/amcl_pose] removing connection to http://localhost:35721/
[rospy.impl.masterslave][INFO] 2025-04-11 14:09:24,683: atexit
