[rospy.client][INFO] 2025-05-22 13:21:05,738: init_node, name[/triggers_9371_1747894865723], pid[9371]
[xmlrpc][INFO] 2025-05-22 13:21:05,738: XML-RPC server binding to 127.0.0.1:0
[xmlrpc][INFO] 2025-05-22 13:21:05,739: Started XML-RPC server [http://localhost:34421/]
[rospy.init][INFO] 2025-05-22 13:21:05,739: ROS Slave URI: [http://localhost:34421/]
[rospy.impl.masterslave][INFO] 2025-05-22 13:21:05,739: _ready: http://localhost:34421/
[xmlrpc][INFO] 2025-05-22 13:21:05,740: xml rpc node: starting XML-RPC server
[rospy.registration][INFO] 2025-05-22 13:21:05,740: Registering with master node http://localhost:11311
[rospy.registration][INFO] 2025-05-22 13:21:05,741: Registering publisher topic [/current_poster] type [geometry_msgs/PointStamped] with master
[rospy.registration][INFO] 2025-05-22 13:21:05,743: Registering publisher topic [/trigger_msgs] type [std_msgs/Int16] with master
[rospy.internal][INFO] 2025-05-22 13:21:05,774: topic[/trigger_msgs] adding connection to [/rostopic_8313_1747894814066], count 0
[rospy.internal][INFO] 2025-05-22 13:21:05,800: topic[/trigger_msgs] adding connection to [/controller_joystick], count 1
[rospy.internal][INFO] 2025-05-22 13:21:05,817: topic[/trigger_msgs] adding connection to [/curr_posters_7277_1747894778628], count 2
[rospy.init][INFO] 2025-05-22 13:21:05,840: registered with master
[rospy.rosout][INFO] 2025-05-22 13:21:05,840: initializing /rosout core topic
[rospy.rosout][INFO] 2025-05-22 13:21:05,841: connected to core topic /rosout
[rospy.simtime][INFO] 2025-05-22 13:21:05,842: /use_sim_time is not set, will not subscribe to simulated time [/clock] topic
[rospy.internal][INFO] 2025-05-22 13:21:05,859: topic[/amcl_pose] adding connection to [http://localhost:42973/], count 0
[rospy.internal][INFO] 2025-05-22 13:21:05,968: topic[/current_poster] adding connection to [/rviz_1747894641970227044], count 0
[rospy.internal][INFO] 2025-05-22 13:21:06,075: topic[/rosout] adding connection to [/rosout], count 0
[rospy.internal][INFO] 2025-05-22 13:21:06,175: topic[/trigger_msgs] adding connection to [/my_bag2], count 3
[rospy.internal][INFO] 2025-05-22 13:21:06,176: topic[/trigger_msgs] adding connection to [/my_bag], count 4
