[rospy.client][INFO] 2023-10-25 10:28:17,631: init_node, name[/triggers_6830_1698204497602], pid[6830]
[xmlrpc][INFO] 2023-10-25 10:28:17,632: XML-RPC server binding to 127.0.0.1:0
[xmlrpc][INFO] 2023-10-25 10:28:17,633: Started XML-RPC server [http://localhost:44971/]
[rospy.init][INFO] 2023-10-25 10:28:17,633: ROS Slave URI: [http://localhost:44971/]
[rospy.impl.masterslave][INFO] 2023-10-25 10:28:17,633: _ready: http://localhost:44971/
[rospy.registration][INFO] 2023-10-25 10:28:17,634: Registering with master node http://localhost:11311
[xmlrpc][INFO] 2023-10-25 10:28:17,634: xml rpc node: starting XML-RPC server
[rospy.registration][INFO] 2023-10-25 10:28:17,634: Registering publisher topic [/current_poster] type [geometry_msgs/PointStamped] with master
[rospy.registration][INFO] 2023-10-25 10:28:17,637: Registering publisher topic [/trigger_msgs] type [std_msgs/Int16] with master
[rospy.internal][INFO] 2023-10-25 10:28:17,693: topic[/trigger_msgs] adding connection to [/controller_joystick], count 0
[rospy.internal][INFO] 2023-10-25 10:28:17,693: topic[/trigger_msgs] adding connection to [/curr_posters_2854_1698202818502], count 1
[rospy.init][INFO] 2023-10-25 10:28:17,733: registered with master
[rospy.rosout][INFO] 2023-10-25 10:28:17,733: initializing /rosout core topic
[rospy.rosout][INFO] 2023-10-25 10:28:17,735: connected to core topic /rosout
[rospy.simtime][INFO] 2023-10-25 10:28:17,736: /use_sim_time is not set, will not subscribe to simulated time [/clock] topic
[rospy.internal][INFO] 2023-10-25 10:28:17,754: topic[/amcl_pose] adding connection to [http://localhost:42621/], count 0
[rospy.internal][INFO] 2023-10-25 10:28:17,842: topic[/current_poster] adding connection to [/rviz_1698202801861004883], count 0
[rospy.internal][INFO] 2023-10-25 10:28:17,913: topic[/rosout] adding connection to [/rosout], count 0
[rospy.internal][INFO] 2023-10-25 10:28:18,014: topic[/trigger_msgs] adding connection to [/my_bag2], count 2
[rospy.internal][INFO] 2023-10-25 10:28:18,015: topic[/trigger_msgs] adding connection to [/my_bag], count 3
