[rospy.client][INFO] 2024-04-25 09:28:42,559: init_node, name[/triggers_11653_1714012122533], pid[11653]
[xmlrpc][INFO] 2024-04-25 09:28:42,560: XML-RPC server binding to 127.0.0.1:0
[xmlrpc][INFO] 2024-04-25 09:28:42,561: Started XML-RPC server [http://localhost:35943/]
[rospy.init][INFO] 2024-04-25 09:28:42,561: ROS Slave URI: [http://localhost:35943/]
[rospy.impl.masterslave][INFO] 2024-04-25 09:28:42,561: _ready: http://localhost:35943/
[rospy.registration][INFO] 2024-04-25 09:28:42,562: Registering with master node http://localhost:11311
[xmlrpc][INFO] 2024-04-25 09:28:42,562: xml rpc node: starting XML-RPC server
[rospy.registration][INFO] 2024-04-25 09:28:42,562: Registering publisher topic [/current_poster] type [geometry_msgs/PointStamped] with master
[rospy.registration][INFO] 2024-04-25 09:28:42,564: Registering publisher topic [/trigger_msgs] type [std_msgs/Int16] with master
[rospy.init][INFO] 2024-04-25 09:28:42,661: registered with master
[rospy.rosout][INFO] 2024-04-25 09:28:42,662: initializing /rosout core topic
[rospy.rosout][INFO] 2024-04-25 09:28:42,663: connected to core topic /rosout
[rospy.simtime][INFO] 2024-04-25 09:28:42,664: /use_sim_time is not set, will not subscribe to simulated time [/clock] topic
[rospy.internal][INFO] 2024-04-25 09:28:42,668: topic[/trigger_msgs] adding connection to [/controller_joystick], count 0
[rospy.internal][INFO] 2024-04-25 09:28:42,674: topic[/trigger_msgs] adding connection to [/curr_posters_2460_1714011687427], count 1
[rospy.internal][INFO] 2024-04-25 09:28:42,680: topic[/amcl_pose] adding connection to [http://localhost:42047/], count 0
[rospy.internal][INFO] 2024-04-25 09:28:42,844: topic[/current_poster] adding connection to [/rviz_1714011690581117163], count 0
[rospy.internal][INFO] 2024-04-25 09:28:42,946: topic[/rosout] adding connection to [/rosout], count 0
[rospy.internal][INFO] 2024-04-25 09:28:42,947: topic[/trigger_msgs] adding connection to [/my_bag], count 2
[rospy.internal][INFO] 2024-04-25 09:28:42,948: topic[/trigger_msgs] adding connection to [/my_bag2], count 3
[rospy.core][INFO] 2024-04-25 11:28:37,900: signal_shutdown [atexit]
[rospy.internal][INFO] 2024-04-25 11:28:37,901: topic[/trigger_msgs] removing connection to /my_bag
[rospy.internal][INFO] 2024-04-25 11:28:37,901: topic[/trigger_msgs] removing connection to /my_bag2
[rospy.internal][INFO] 2024-04-25 11:28:37,906: topic[/current_poster] removing connection to /rviz_1714011690581117163
[rospy.internal][INFO] 2024-04-25 11:28:37,906: topic[/trigger_msgs] removing connection to /controller_joystick
[rospy.internal][INFO] 2024-04-25 11:28:37,906: topic[/trigger_msgs] removing connection to /curr_posters_2460_1714011687427
[rospy.internal][INFO] 2024-04-25 11:28:37,907: topic[/rosout] removing connection to /rosout
[rospy.internal][INFO] 2024-04-25 11:28:37,907: topic[/amcl_pose] removing connection to http://localhost:42047/
[rospy.impl.masterslave][INFO] 2024-04-25 11:28:37,907: atexit
