[rospy.client][INFO] 2023-07-10 10:03:42,143: init_node, name[/triggers_6939_1688958222129], pid[6939]
[xmlrpc][INFO] 2023-07-10 10:03:42,144: XML-RPC server binding to 127.0.0.1:0
[xmlrpc][INFO] 2023-07-10 10:03:42,144: Started XML-RPC server [http://localhost:45499/]
[rospy.init][INFO] 2023-07-10 10:03:42,144: ROS Slave URI: [http://localhost:45499/]
[rospy.impl.masterslave][INFO] 2023-07-10 10:03:42,144: _ready: http://localhost:45499/
[rospy.registration][INFO] 2023-07-10 10:03:42,145: Registering with master node http://localhost:11311
[xmlrpc][INFO] 2023-07-10 10:03:42,145: xml rpc node: starting XML-RPC server
[rospy.registration][INFO] 2023-07-10 10:03:42,145: Registering publisher topic [/current_poster] type [geometry_msgs/PointStamped] with master
[rospy.registration][INFO] 2023-07-10 10:03:42,147: Registering publisher topic [/trigger_msgs] type [std_msgs/Int16] with master
[rospy.internal][INFO] 2023-07-10 10:03:42,191: topic[/trigger_msgs] adding connection to [/curr_posters_6523_1688958205989], count 0
[rospy.internal][INFO] 2023-07-10 10:03:42,200: topic[/trigger_msgs] adding connection to [/controller_joystick], count 1
[rospy.init][INFO] 2023-07-10 10:03:42,245: registered with master
[rospy.rosout][INFO] 2023-07-10 10:03:42,245: initializing /rosout core topic
[rospy.rosout][INFO] 2023-07-10 10:03:42,246: connected to core topic /rosout
[rospy.simtime][INFO] 2023-07-10 10:03:42,246: /use_sim_time is not set, will not subscribe to simulated time [/clock] topic
[rospy.internal][INFO] 2023-07-10 10:03:42,263: topic[/amcl_pose] adding connection to [http://localhost:42273/], count 0
[rospy.internal][INFO] 2023-07-10 10:03:42,362: topic[/current_poster] adding connection to [/rviz_1688958007265118034], count 0
[rospy.internal][INFO] 2023-07-10 10:03:42,466: topic[/rosout] adding connection to [/rosout], count 0
[rospy.internal][INFO] 2023-07-10 10:03:42,566: topic[/trigger_msgs] adding connection to [/my_bag2], count 2
[rospy.internal][INFO] 2023-07-10 10:03:42,567: topic[/trigger_msgs] adding connection to [/my_bag], count 3
