[rospy.client][INFO] 2025-07-01 15:11:38,719: init_node, name[/triggers_18954_1751357498703], pid[18954]
[xmlrpc][INFO] 2025-07-01 15:11:38,720: XML-RPC server binding to 127.0.0.1:0
[xmlrpc][INFO] 2025-07-01 15:11:38,720: Started XML-RPC server [http://localhost:33079/]
[rospy.init][INFO] 2025-07-01 15:11:38,720: ROS Slave URI: [http://localhost:33079/]
[rospy.impl.masterslave][INFO] 2025-07-01 15:11:38,720: _ready: http://localhost:33079/
[rospy.registration][INFO] 2025-07-01 15:11:38,721: Registering with master node http://localhost:11311
[xmlrpc][INFO] 2025-07-01 15:11:38,721: xml rpc node: starting XML-RPC server
[rospy.registration][INFO] 2025-07-01 15:11:38,721: Registering publisher topic [/current_poster] type [geometry_msgs/PointStamped] with master
[rospy.registration][INFO] 2025-07-01 15:11:38,723: Registering publisher topic [/trigger_msgs] type [std_msgs/Int16] with master
[rospy.internal][INFO] 2025-07-01 15:11:38,741: topic[/trigger_msgs] adding connection to [/curr_posters_17545_1751357432523], count 0
[rospy.internal][INFO] 2025-07-01 15:11:38,775: topic[/trigger_msgs] adding connection to [/joystick_controller_17663_1751357436401], count 1
[rospy.init][INFO] 2025-07-01 15:11:38,821: registered with master
[rospy.rosout][INFO] 2025-07-01 15:11:38,821: initializing /rosout core topic
[rospy.rosout][INFO] 2025-07-01 15:11:38,822: connected to core topic /rosout
[rospy.simtime][INFO] 2025-07-01 15:11:38,823: /use_sim_time is not set, will not subscribe to simulated time [/clock] topic
[rospy.internal][INFO] 2025-07-01 15:11:38,839: topic[/amcl_pose] adding connection to [http://localhost:44951/], count 0
[rospy.internal][INFO] 2025-07-01 15:11:38,936: topic[/current_poster] adding connection to [/rviz_1751357383023896370], count 0
[rospy.internal][INFO] 2025-07-01 15:11:39,038: topic[/rosout] adding connection to [/rosout], count 0
[rospy.internal][INFO] 2025-07-01 15:11:39,139: topic[/trigger_msgs] adding connection to [/my_bag2], count 2
[rospy.internal][INFO] 2025-07-01 15:11:39,139: topic[/trigger_msgs] adding connection to [/my_bag], count 3
[rospy.internal][INFO] 2025-07-01 15:23:17,129: topic[/trigger_msgs] removing connection to /curr_posters_17545_1751357432523
[rospy.internal][INFO] 2025-07-01 15:23:17,130: topic[/trigger_msgs] removing connection to /joystick_controller_17663_1751357436401
[rospy.internal][WARNING] 2025-07-01 15:23:18,475: Unknown error initiating TCP/IP socket to localhost:49107 (http://localhost:44951/): Traceback (most recent call last):
  File "/opt/ros/kinetic/lib/python2.7/dist-packages/rospy/impl/tcpros_base.py", line 558, in connect
    self.read_header()
  File "/opt/ros/kinetic/lib/python2.7/dist-packages/rospy/impl/tcpros_base.py", line 651, in read_header
    self._validate_header(read_ros_handshake_header(sock, self.read_buff, self.protocol.buff_size))
  File "/opt/ros/kinetic/lib/python2.7/dist-packages/rosgraph/network.py", line 362, in read_ros_handshake_header
    d = sock.recv(buff_size)
error: [Errno 104] Connection reset by peer

[rospy.internal][INFO] 2025-07-01 15:23:18,475: topic[/amcl_pose] removing connection to http://localhost:44951/
[rospy.internal][INFO] 2025-07-01 15:23:18,630: topic[/current_poster] removing connection to /rviz_1751357383023896370
[rospy.internal][INFO] 2025-07-01 15:23:18,631: topic[/rosout] removing connection to /rosout
[rospy.core][INFO] 2025-07-01 15:23:40,457: signal_shutdown [atexit]
[rospy.registration][WARNING] 2025-07-01 15:23:40,458: cannot unregister with master due to network issues
[rospy.internal][INFO] 2025-07-01 15:23:40,458: topic[/trigger_msgs] removing connection to /my_bag2
[rospy.internal][INFO] 2025-07-01 15:23:40,458: topic[/trigger_msgs] removing connection to /my_bag
[rospy.impl.masterslave][INFO] 2025-07-01 15:23:40,458: atexit
