[rospy.client][INFO] 2023-07-14 10:50:33,412: init_node, name[/triggers_12509_1689306633397], pid[12509]
[xmlrpc][INFO] 2023-07-14 10:50:33,412: XML-RPC server binding to 127.0.0.1:0
[xmlrpc][INFO] 2023-07-14 10:50:33,413: Started XML-RPC server [http://localhost:39787/]
[rospy.init][INFO] 2023-07-14 10:50:33,413: ROS Slave URI: [http://localhost:39787/]
[rospy.impl.masterslave][INFO] 2023-07-14 10:50:33,413: _ready: http://localhost:39787/
[xmlrpc][INFO] 2023-07-14 10:50:33,413: xml rpc node: starting XML-RPC server
[rospy.registration][INFO] 2023-07-14 10:50:33,414: Registering with master node http://localhost:11311
[rospy.registration][INFO] 2023-07-14 10:50:33,414: Registering publisher topic [/current_poster] type [geometry_msgs/PointStamped] with master
[rospy.registration][INFO] 2023-07-14 10:50:33,415: Registering publisher topic [/trigger_msgs] type [std_msgs/Int16] with master
[rospy.internal][INFO] 2023-07-14 10:50:33,457: topic[/trigger_msgs] adding connection to [/controller_joystick], count 0
[rospy.internal][INFO] 2023-07-14 10:50:33,476: topic[/trigger_msgs] adding connection to [/curr_posters_12403_1689306613622], count 1
[rospy.init][INFO] 2023-07-14 10:50:33,513: registered with master
[rospy.rosout][INFO] 2023-07-14 10:50:33,513: initializing /rosout core topic
[rospy.rosout][INFO] 2023-07-14 10:50:33,515: connected to core topic /rosout
[rospy.simtime][INFO] 2023-07-14 10:50:33,516: /use_sim_time is not set, will not subscribe to simulated time [/clock] topic
[rospy.internal][INFO] 2023-07-14 10:50:33,531: topic[/amcl_pose] adding connection to [http://localhost:34999/], count 0
[rospy.internal][INFO] 2023-07-14 10:50:33,651: topic[/current_poster] adding connection to [/rviz_1689306606783951218], count 0
[rospy.internal][INFO] 2023-07-14 10:50:33,755: topic[/trigger_msgs] adding connection to [/my_bag2], count 2
[rospy.internal][INFO] 2023-07-14 10:50:33,755: topic[/trigger_msgs] adding connection to [/my_bag], count 3
[rospy.internal][INFO] 2023-07-14 10:50:33,756: topic[/rosout] adding connection to [/rosout], count 0
