[rospy.client][INFO] 2024-05-07 09:42:15,391: init_node, name[/triggers_6994_1715049735370], pid[6994]
[xmlrpc][INFO] 2024-05-07 09:42:15,391: XML-RPC server binding to 127.0.0.1:0
[xmlrpc][INFO] 2024-05-07 09:42:15,392: Started XML-RPC server [http://localhost:33333/]
[rospy.init][INFO] 2024-05-07 09:42:15,392: ROS Slave URI: [http://localhost:33333/]
[rospy.impl.masterslave][INFO] 2024-05-07 09:42:15,392: _ready: http://localhost:33333/
[rospy.registration][INFO] 2024-05-07 09:42:15,393: Registering with master node http://localhost:11311
[xmlrpc][INFO] 2024-05-07 09:42:15,393: xml rpc node: starting XML-RPC server
[rospy.registration][INFO] 2024-05-07 09:42:15,393: Registering publisher topic [/current_poster] type [geometry_msgs/PointStamped] with master
[rospy.registration][INFO] 2024-05-07 09:42:15,395: Registering publisher topic [/trigger_msgs] type [std_msgs/Int16] with master
[rospy.internal][INFO] 2024-05-07 09:42:15,440: topic[/trigger_msgs] adding connection to [/controller_joystick], count 0
[rospy.internal][INFO] 2024-05-07 09:42:15,464: topic[/trigger_msgs] adding connection to [/curr_posters_5246_1715049652640], count 1
[rospy.init][INFO] 2024-05-07 09:42:15,492: registered with master
[rospy.rosout][INFO] 2024-05-07 09:42:15,493: initializing /rosout core topic
[rospy.rosout][INFO] 2024-05-07 09:42:15,494: connected to core topic /rosout
[rospy.simtime][INFO] 2024-05-07 09:42:15,494: /use_sim_time is not set, will not subscribe to simulated time [/clock] topic
[rospy.internal][INFO] 2024-05-07 09:42:15,512: topic[/amcl_pose] adding connection to [http://localhost:42241/], count 0
[rospy.internal][INFO] 2024-05-07 09:42:15,623: topic[/current_poster] adding connection to [/rviz_1715049509791423216], count 0
[rospy.internal][INFO] 2024-05-07 09:42:15,724: topic[/rosout] adding connection to [/rosout], count 0
[rospy.internal][INFO] 2024-05-07 09:42:15,824: topic[/trigger_msgs] adding connection to [/my_bag2], count 2
[rospy.internal][INFO] 2024-05-07 09:42:15,825: topic[/trigger_msgs] adding connection to [/my_bag], count 3
[rospy.internal][INFO] 2024-05-07 10:56:15,030: topic[/trigger_msgs] removing connection to /my_bag
[rospy.core][INFO] 2024-05-07 10:56:15,334: signal_shutdown [atexit]
[rospy.internal][INFO] 2024-05-07 10:56:15,339: topic[/current_poster] removing connection to /rviz_1715049509791423216
[rospy.internal][INFO] 2024-05-07 10:56:15,339: topic[/trigger_msgs] removing connection to /controller_joystick
[rospy.internal][INFO] 2024-05-07 10:56:15,340: topic[/trigger_msgs] removing connection to /curr_posters_5246_1715049652640
[rospy.internal][INFO] 2024-05-07 10:56:15,340: topic[/trigger_msgs] removing connection to /my_bag2
[rospy.internal][INFO] 2024-05-07 10:56:15,340: topic[/rosout] removing connection to /rosout
[rospy.internal][INFO] 2024-05-07 10:56:15,341: topic[/amcl_pose] removing connection to http://localhost:42241/
[rospy.impl.masterslave][INFO] 2024-05-07 10:56:15,341: atexit
