[rospy.client][INFO] 2023-08-07 09:24:10,280: init_node, name[/triggers_3414_1691375050267], pid[3414]
[xmlrpc][INFO] 2023-08-07 09:24:10,281: XML-RPC server binding to 127.0.0.1:0
[xmlrpc][INFO] 2023-08-07 09:24:10,281: Started XML-RPC server [http://localhost:39093/]
[rospy.init][INFO] 2023-08-07 09:24:10,281: ROS Slave URI: [http://localhost:39093/]
[rospy.impl.masterslave][INFO] 2023-08-07 09:24:10,281: _ready: http://localhost:39093/
[rospy.registration][INFO] 2023-08-07 09:24:10,282: Registering with master node http://localhost:11311
[xmlrpc][INFO] 2023-08-07 09:24:10,282: xml rpc node: starting XML-RPC server
[rospy.registration][INFO] 2023-08-07 09:24:10,282: Registering publisher topic [/current_poster] type [geometry_msgs/PointStamped] with master
[rospy.registration][INFO] 2023-08-07 09:24:10,283: Registering publisher topic [/trigger_msgs] type [std_msgs/Int16] with master
[rospy.init][INFO] 2023-08-07 09:24:10,381: registered with master
[rospy.rosout][INFO] 2023-08-07 09:24:10,382: initializing /rosout core topic
[rospy.rosout][INFO] 2023-08-07 09:24:10,383: connected to core topic /rosout
[rospy.simtime][INFO] 2023-08-07 09:24:10,383: /use_sim_time is not set, will not subscribe to simulated time [/clock] topic
[rospy.internal][INFO] 2023-08-07 09:24:10,385: topic[/trigger_msgs] adding connection to [/curr_posters_2992_1691375034272], count 0
[rospy.internal][INFO] 2023-08-07 09:24:10,399: topic[/amcl_pose] adding connection to [http://localhost:46621/], count 0
[rospy.internal][INFO] 2023-08-07 09:24:10,422: topic[/trigger_msgs] adding connection to [/controller_joystick], count 1
[rospy.internal][INFO] 2023-08-07 09:24:10,570: topic[/current_poster] adding connection to [/rviz_1691375026838400124], count 0
[rospy.internal][INFO] 2023-08-07 09:24:10,674: topic[/trigger_msgs] adding connection to [/my_bag2], count 2
[rospy.internal][INFO] 2023-08-07 09:24:10,674: topic[/rosout] adding connection to [/rosout], count 0
[rospy.internal][INFO] 2023-08-07 09:24:10,675: topic[/trigger_msgs] adding connection to [/my_bag], count 3
[rospy.internal][INFO] 2023-08-07 09:25:11,426: topic[/trigger_msgs] removing connection to /my_bag
[rospy.core][INFO] 2023-08-07 09:25:11,581: signal_shutdown [atexit]
[rospy.internal][INFO] 2023-08-07 09:25:11,585: topic[/current_poster] removing connection to /rviz_1691375026838400124
[rospy.internal][INFO] 2023-08-07 09:25:11,585: topic[/trigger_msgs] removing connection to /curr_posters_2992_1691375034272
[rospy.internal][INFO] 2023-08-07 09:25:11,585: topic[/trigger_msgs] removing connection to /controller_joystick
[rospy.internal][INFO] 2023-08-07 09:25:11,585: topic[/trigger_msgs] removing connection to /my_bag2
[rospy.internal][INFO] 2023-08-07 09:25:11,586: topic[/rosout] removing connection to /rosout
[rospy.internal][INFO] 2023-08-07 09:25:11,586: topic[/amcl_pose] removing connection to http://localhost:46621/
[rospy.impl.masterslave][INFO] 2023-08-07 09:25:11,586: atexit
