[rospy.client][INFO] 2025-03-27 15:07:59,332: init_node, name[/triggers_13482_1743062879310], pid[13482]
[xmlrpc][INFO] 2025-03-27 15:07:59,332: XML-RPC server binding to 127.0.0.1:0
[xmlrpc][INFO] 2025-03-27 15:07:59,333: Started XML-RPC server [http://localhost:33611/]
[rospy.init][INFO] 2025-03-27 15:07:59,333: ROS Slave URI: [http://localhost:33611/]
[rospy.impl.masterslave][INFO] 2025-03-27 15:07:59,333: _ready: http://localhost:33611/
[rospy.registration][INFO] 2025-03-27 15:07:59,333: Registering with master node http://localhost:11311
[xmlrpc][INFO] 2025-03-27 15:07:59,334: xml rpc node: starting XML-RPC server
[rospy.registration][INFO] 2025-03-27 15:07:59,334: Registering publisher topic [/current_poster] type [geometry_msgs/PointStamped] with master
[rospy.registration][INFO] 2025-03-27 15:07:59,336: Registering publisher topic [/trigger_msgs] type [std_msgs/Int16] with master
[rospy.internal][INFO] 2025-03-27 15:07:59,393: topic[/trigger_msgs] adding connection to [/curr_posters_13167_1743062870091], count 0
[rospy.init][INFO] 2025-03-27 15:07:59,433: registered with master
[rospy.rosout][INFO] 2025-03-27 15:07:59,433: initializing /rosout core topic
[rospy.rosout][INFO] 2025-03-27 15:07:59,435: connected to core topic /rosout
[rospy.simtime][INFO] 2025-03-27 15:07:59,435: /use_sim_time is not set, will not subscribe to simulated time [/clock] topic
[rospy.internal][INFO] 2025-03-27 15:07:59,452: topic[/amcl_pose] adding connection to [http://localhost:38805/], count 0
[rospy.internal][INFO] 2025-03-27 15:07:59,556: topic[/rosout] adding connection to [/rosout], count 0
[rospy.internal][INFO] 2025-03-27 15:07:59,657: topic[/trigger_msgs] adding connection to [/my_bag2], count 1
[rospy.internal][INFO] 2025-03-27 15:07:59,657: topic[/trigger_msgs] adding connection to [/my_bag], count 2
[rospy.internal][INFO] 2025-03-27 15:09:34,993: topic[/trigger_msgs] removing connection to /curr_posters_13167_1743062870091
[rospy.core][INFO] 2025-03-27 15:10:13,442: signal_shutdown [atexit]
[rospy.internal][INFO] 2025-03-27 15:10:13,444: topic[/trigger_msgs] removing connection to /my_bag2
[rospy.internal][INFO] 2025-03-27 15:10:13,444: topic[/trigger_msgs] removing connection to /my_bag
[rospy.internal][INFO] 2025-03-27 15:10:13,445: topic[/rosout] removing connection to /rosout
[rospy.internal][INFO] 2025-03-27 15:10:13,445: topic[/amcl_pose] removing connection to http://localhost:38805/
[rospy.internal][WARNING] 2025-03-27 15:10:13,445: Unknown error initiating TCP/IP socket to localhost:41527 (http://localhost:38805/): Traceback (most recent call last):
  File "/opt/ros/kinetic/lib/python2.7/dist-packages/rospy/impl/tcpros_base.py", line 558, in connect
    self.read_header()
  File "/opt/ros/kinetic/lib/python2.7/dist-packages/rospy/impl/tcpros_base.py", line 651, in read_header
    self._validate_header(read_ros_handshake_header(sock, self.read_buff, self.protocol.buff_size))
AttributeError: 'NoneType' object has no attribute 'buff_size'

[rospy.topics][ERROR] 2025-03-27 15:10:13,445: Traceback (most recent call last):
  File "/opt/ros/kinetic/lib/python2.7/dist-packages/rospy/topics.py", line 326, in close
    c.close()
  File "/opt/ros/kinetic/lib/python2.7/dist-packages/rospy/impl/tcpros_base.py", line 839, in close
    self.socket.close()
AttributeError: 'NoneType' object has no attribute 'close'

[rospy.impl.masterslave][INFO] 2025-03-27 15:10:13,445: atexit
