[rospy.client][INFO] 2025-03-07 13:37:15,124: init_node, name[/triggers_19639_1741329435103], pid[19639]
[xmlrpc][INFO] 2025-03-07 13:37:15,124: XML-RPC server binding to 127.0.0.1:0
[xmlrpc][INFO] 2025-03-07 13:37:15,125: Started XML-RPC server [http://localhost:42163/]
[rospy.init][INFO] 2025-03-07 13:37:15,125: ROS Slave URI: [http://localhost:42163/]
[rospy.impl.masterslave][INFO] 2025-03-07 13:37:15,125: _ready: http://localhost:42163/
[xmlrpc][INFO] 2025-03-07 13:37:15,126: xml rpc node: starting XML-RPC server
[rospy.registration][INFO] 2025-03-07 13:37:15,126: Registering with master node http://localhost:11311
[rospy.registration][INFO] 2025-03-07 13:37:15,126: Registering publisher topic [/current_poster] type [geometry_msgs/PointStamped] with master
[rospy.registration][INFO] 2025-03-07 13:37:15,128: Registering publisher topic [/trigger_msgs] type [std_msgs/Int16] with master
[rospy.internal][INFO] 2025-03-07 13:37:15,155: topic[/trigger_msgs] adding connection to [/controller_joystick], count 0
[rospy.internal][INFO] 2025-03-07 13:37:15,164: topic[/trigger_msgs] adding connection to [/curr_posters_19351_1741329426742], count 1
[rospy.init][INFO] 2025-03-07 13:37:15,225: registered with master
[rospy.rosout][INFO] 2025-03-07 13:37:15,226: initializing /rosout core topic
[rospy.rosout][INFO] 2025-03-07 13:37:15,227: connected to core topic /rosout
[rospy.simtime][INFO] 2025-03-07 13:37:15,228: /use_sim_time is not set, will not subscribe to simulated time [/clock] topic
[rospy.internal][INFO] 2025-03-07 13:37:15,244: topic[/amcl_pose] adding connection to [http://localhost:39819/], count 0
[rospy.internal][INFO] 2025-03-07 13:37:15,433: topic[/rosout] adding connection to [/rosout], count 0
[rospy.internal][INFO] 2025-03-07 13:37:15,533: topic[/trigger_msgs] adding connection to [/my_bag2], count 2
[rospy.internal][INFO] 2025-03-07 13:37:15,534: topic[/trigger_msgs] adding connection to [/my_bag], count 3
[rospy.internal][INFO] 2025-03-07 13:40:55,838: topic[/trigger_msgs] removing connection to /controller_joystick
[rospy.internal][INFO] 2025-03-07 13:40:55,839: topic[/trigger_msgs] removing connection to /curr_posters_19351_1741329426742
[rospy.core][INFO] 2025-03-07 13:41:42,254: signal_shutdown [atexit]
[rospy.internal][INFO] 2025-03-07 13:41:42,256: topic[/trigger_msgs] removing connection to /my_bag2
[rospy.internal][INFO] 2025-03-07 13:41:42,257: topic[/trigger_msgs] removing connection to /my_bag
[rospy.internal][INFO] 2025-03-07 13:41:42,257: topic[/rosout] removing connection to /rosout
[rospy.internal][INFO] 2025-03-07 13:41:42,257: topic[/amcl_pose] removing connection to http://localhost:39819/
[rospy.impl.masterslave][INFO] 2025-03-07 13:41:42,257: atexit
