[rospy.client][INFO] 2024-07-25 14:47:55,059: init_node, name[/triggers_29519_1721893675042], pid[29519]
[xmlrpc][INFO] 2024-07-25 14:47:55,059: XML-RPC server binding to 127.0.0.1:0
[xmlrpc][INFO] 2024-07-25 14:47:55,060: Started XML-RPC server [http://localhost:36405/]
[rospy.init][INFO] 2024-07-25 14:47:55,060: ROS Slave URI: [http://localhost:36405/]
[rospy.impl.masterslave][INFO] 2024-07-25 14:47:55,060: _ready: http://localhost:36405/
[rospy.registration][INFO] 2024-07-25 14:47:55,061: Registering with master node http://localhost:11311
[xmlrpc][INFO] 2024-07-25 14:47:55,061: xml rpc node: starting XML-RPC server
[rospy.registration][INFO] 2024-07-25 14:47:55,061: Registering publisher topic [/current_poster] type [geometry_msgs/PointStamped] with master
[rospy.registration][INFO] 2024-07-25 14:47:55,063: Registering publisher topic [/trigger_msgs] type [std_msgs/Int16] with master
[rospy.internal][INFO] 2024-07-25 14:47:55,100: topic[/trigger_msgs] adding connection to [/curr_posters_10549_1721892745074], count 0
[rospy.internal][INFO] 2024-07-25 14:47:55,136: topic[/trigger_msgs] adding connection to [/controller_joystick], count 1
[rospy.init][INFO] 2024-07-25 14:47:55,160: registered with master
[rospy.rosout][INFO] 2024-07-25 14:47:55,160: initializing /rosout core topic
[rospy.rosout][INFO] 2024-07-25 14:47:55,162: connected to core topic /rosout
[rospy.simtime][INFO] 2024-07-25 14:47:55,162: /use_sim_time is not set, will not subscribe to simulated time [/clock] topic
[rospy.internal][INFO] 2024-07-25 14:47:55,179: topic[/amcl_pose] adding connection to [http://localhost:35703/], count 0
[rospy.internal][INFO] 2024-07-25 14:47:55,288: topic[/current_poster] adding connection to [/rviz_1721892389921024840], count 0
[rospy.internal][INFO] 2024-07-25 14:47:55,398: topic[/rosout] adding connection to [/rosout], count 0
[rospy.internal][INFO] 2024-07-25 14:47:55,498: topic[/trigger_msgs] adding connection to [/my_bag2], count 2
[rospy.internal][INFO] 2024-07-25 14:47:55,499: topic[/trigger_msgs] adding connection to [/my_bag], count 3
[rospy.core][INFO] 2024-07-25 14:51:08,109: signal_shutdown [atexit]
[rospy.internal][INFO] 2024-07-25 14:51:08,114: topic[/current_poster] removing connection to /rviz_1721892389921024840
[rospy.internal][INFO] 2024-07-25 14:51:08,115: topic[/trigger_msgs] removing connection to /curr_posters_10549_1721892745074
[rospy.internal][INFO] 2024-07-25 14:51:08,115: topic[/trigger_msgs] removing connection to /controller_joystick
[rospy.internal][INFO] 2024-07-25 14:51:08,115: topic[/trigger_msgs] removing connection to /my_bag2
[rospy.internal][INFO] 2024-07-25 14:51:08,115: topic[/trigger_msgs] removing connection to /my_bag
[rospy.internal][INFO] 2024-07-25 14:51:08,116: topic[/rosout] removing connection to /rosout
[rospy.internal][INFO] 2024-07-25 14:51:08,116: topic[/amcl_pose] removing connection to http://localhost:35703/
[rospy.internal][WARNING] 2024-07-25 14:51:08,117: Unknown error initiating TCP/IP socket to localhost:42685 (http://localhost:35703/): Traceback (most recent call last):
  File "/opt/ros/kinetic/lib/python2.7/dist-packages/rospy/impl/tcpros_base.py", line 558, in connect
    self.read_header()
  File "/opt/ros/kinetic/lib/python2.7/dist-packages/rospy/impl/tcpros_base.py", line 651, in read_header
    self._validate_header(read_ros_handshake_header(sock, self.read_buff, self.protocol.buff_size))
AttributeError: 'NoneType' object has no attribute 'buff_size'

[rospy.topics][ERROR] 2024-07-25 14:51:08,131: Traceback (most recent call last):
  File "/opt/ros/kinetic/lib/python2.7/dist-packages/rospy/topics.py", line 326, in close
    c.close()
  File "/opt/ros/kinetic/lib/python2.7/dist-packages/rospy/impl/tcpros_base.py", line 839, in close
    self.socket.close()
AttributeError: 'NoneType' object has no attribute 'close'

[rospy.impl.masterslave][INFO] 2024-07-25 14:51:08,131: atexit
