[rospy.client][INFO] 2025-04-11 14:19:45,066: init_node, name[/triggers_13017_1744355985049], pid[13017]
[xmlrpc][INFO] 2025-04-11 14:19:45,067: XML-RPC server binding to 127.0.0.1:0
[xmlrpc][INFO] 2025-04-11 14:19:45,067: Started XML-RPC server [http://localhost:38359/]
[rospy.init][INFO] 2025-04-11 14:19:45,067: ROS Slave URI: [http://localhost:38359/]
[rospy.impl.masterslave][INFO] 2025-04-11 14:19:45,067: _ready: http://localhost:38359/
[rospy.registration][INFO] 2025-04-11 14:19:45,068: Registering with master node http://localhost:11311
[xmlrpc][INFO] 2025-04-11 14:19:45,068: xml rpc node: starting XML-RPC server
[rospy.registration][INFO] 2025-04-11 14:19:45,068: Registering publisher topic [/current_poster] type [geometry_msgs/PointStamped] with master
[rospy.registration][INFO] 2025-04-11 14:19:45,069: Registering publisher topic [/trigger_msgs] type [std_msgs/Int16] with master
[rospy.internal][INFO] 2025-04-11 14:19:45,132: topic[/trigger_msgs] adding connection to [/controller_joystick], count 0
[rospy.init][INFO] 2025-04-11 14:19:45,167: registered with master
[rospy.rosout][INFO] 2025-04-11 14:19:45,167: initializing /rosout core topic
[rospy.rosout][INFO] 2025-04-11 14:19:45,169: connected to core topic /rosout
[rospy.internal][INFO] 2025-04-11 14:19:45,169: topic[/trigger_msgs] adding connection to [/curr_posters_12734_1744355977566], count 1
[rospy.simtime][INFO] 2025-04-11 14:19:45,169: /use_sim_time is not set, will not subscribe to simulated time [/clock] topic
[rospy.internal][INFO] 2025-04-11 14:19:45,186: topic[/amcl_pose] adding connection to [http://localhost:35721/], count 0
[rospy.internal][INFO] 2025-04-11 14:19:45,426: topic[/trigger_msgs] adding connection to [/my_bag], count 2
[rospy.internal][INFO] 2025-04-11 14:19:45,426: topic[/rosout] adding connection to [/rosout], count 0
[rospy.internal][INFO] 2025-04-11 14:19:45,427: topic[/trigger_msgs] adding connection to [/my_bag2], count 3
[rospy.internal][INFO] 2025-04-11 14:20:54,213: topic[/trigger_msgs] removing connection to /controller_joystick
[rospy.internal][INFO] 2025-04-11 14:20:54,213: topic[/trigger_msgs] removing connection to /curr_posters_12734_1744355977566
[rospy.internal][WARNING] 2025-04-11 14:21:08,505: Unknown error initiating TCP/IP socket to localhost:55105 (http://localhost:35721/): Traceback (most recent call last):
  File "/opt/ros/kinetic/lib/python2.7/dist-packages/rospy/impl/tcpros_base.py", line 558, in connect
    self.read_header()
  File "/opt/ros/kinetic/lib/python2.7/dist-packages/rospy/impl/tcpros_base.py", line 651, in read_header
    self._validate_header(read_ros_handshake_header(sock, self.read_buff, self.protocol.buff_size))
  File "/opt/ros/kinetic/lib/python2.7/dist-packages/rosgraph/network.py", line 362, in read_ros_handshake_header
    d = sock.recv(buff_size)
error: [Errno 104] Connection reset by peer

[rospy.internal][INFO] 2025-04-11 14:21:08,506: topic[/amcl_pose] removing connection to http://localhost:35721/
[rospy.internal][INFO] 2025-04-11 14:21:08,720: topic[/rosout] removing connection to /rosout
