[rospy.client][INFO] 2025-06-11 15:15:47,493: init_node, name[/triggers_2841_1749629747480], pid[2841]
[xmlrpc][INFO] 2025-06-11 15:15:47,493: XML-RPC server binding to 127.0.0.1:0
[xmlrpc][INFO] 2025-06-11 15:15:47,493: Started XML-RPC server [http://localhost:41183/]
[rospy.impl.masterslave][INFO] 2025-06-11 15:15:47,494: _ready: http://localhost:41183/
[rospy.init][INFO] 2025-06-11 15:15:47,494: ROS Slave URI: [http://localhost:41183/]
[rospy.registration][INFO] 2025-06-11 15:15:47,494: Registering with master node http://localhost:11311
[xmlrpc][INFO] 2025-06-11 15:15:47,494: xml rpc node: starting XML-RPC server
[rospy.registration][INFO] 2025-06-11 15:15:47,494: Registering publisher topic [/current_poster] type [geometry_msgs/PointStamped] with master
[rospy.registration][INFO] 2025-06-11 15:15:47,496: Registering publisher topic [/trigger_msgs] type [std_msgs/Int16] with master
[rospy.init][INFO] 2025-06-11 15:15:47,594: registered with master
[rospy.rosout][INFO] 2025-06-11 15:15:47,594: initializing /rosout core topic
[rospy.rosout][INFO] 2025-06-11 15:15:47,596: connected to core topic /rosout
[rospy.simtime][INFO] 2025-06-11 15:15:47,596: /use_sim_time is not set, will not subscribe to simulated time [/clock] topic
[rospy.internal][INFO] 2025-06-11 15:15:47,612: topic[/amcl_pose] adding connection to [http://localhost:38255/], count 0
[rospy.internal][INFO] 2025-06-11 15:15:47,645: topic[/trigger_msgs] adding connection to [/joystick_controller_1526_1749629688533], count 0
[rospy.internal][INFO] 2025-06-11 15:15:47,648: topic[/trigger_msgs] adding connection to [/curr_posters_1234_1749629683480], count 1
[rospy.internal][INFO] 2025-06-11 15:15:47,795: topic[/current_poster] adding connection to [/rviz_1749628350845504142], count 0
[rospy.internal][INFO] 2025-06-11 15:15:47,802: topic[/rosout] adding connection to [/rosout], count 0
[rospy.internal][INFO] 2025-06-11 15:15:47,902: topic[/trigger_msgs] adding connection to [/my_bag2], count 2
[rospy.internal][INFO] 2025-06-11 15:15:47,902: topic[/trigger_msgs] adding connection to [/my_bag], count 3
[rospy.core][INFO] 2025-06-11 15:15:50,603: signal_shutdown [atexit]
[rospy.internal][INFO] 2025-06-11 15:15:50,605: topic[/current_poster] removing connection to /rviz_1749628350845504142
[rospy.internal][INFO] 2025-06-11 15:15:50,605: topic[/trigger_msgs] removing connection to /joystick_controller_1526_1749629688533
[rospy.internal][INFO] 2025-06-11 15:15:50,605: topic[/trigger_msgs] removing connection to /curr_posters_1234_1749629683480
[rospy.internal][INFO] 2025-06-11 15:15:50,606: topic[/trigger_msgs] removing connection to /my_bag2
[rospy.internal][INFO] 2025-06-11 15:15:50,606: topic[/trigger_msgs] removing connection to /my_bag
[rospy.internal][INFO] 2025-06-11 15:15:50,606: topic[/rosout] removing connection to /rosout
[rospy.internal][INFO] 2025-06-11 15:15:50,606: topic[/amcl_pose] removing connection to http://localhost:38255/
[rospy.impl.masterslave][INFO] 2025-06-11 15:15:50,606: atexit
