[rospy.client][INFO] 2025-04-11 15:33:44,331: init_node, name[/triggers_16209_1744360424292], pid[16209]
[xmlrpc][INFO] 2025-04-11 15:33:44,332: XML-RPC server binding to 127.0.0.1:0
[xmlrpc][INFO] 2025-04-11 15:33:44,333: Started XML-RPC server [http://localhost:44759/]
[rospy.init][INFO] 2025-04-11 15:33:44,333: ROS Slave URI: [http://localhost:44759/]
[rospy.impl.masterslave][INFO] 2025-04-11 15:33:44,333: _ready: http://localhost:44759/
[rospy.registration][INFO] 2025-04-11 15:33:44,335: Registering with master node http://localhost:11311
[xmlrpc][INFO] 2025-04-11 15:33:44,335: xml rpc node: starting XML-RPC server
[rospy.registration][INFO] 2025-04-11 15:33:44,335: Registering publisher topic [/current_poster] type [geometry_msgs/PointStamped] with master
[rospy.registration][INFO] 2025-04-11 15:33:44,338: Registering publisher topic [/trigger_msgs] type [std_msgs/Int16] with master
[rospy.init][INFO] 2025-04-11 15:33:44,434: registered with master
[rospy.rosout][INFO] 2025-04-11 15:33:44,434: initializing /rosout core topic
[rospy.rosout][INFO] 2025-04-11 15:33:44,436: connected to core topic /rosout
[rospy.simtime][INFO] 2025-04-11 15:33:44,438: /use_sim_time is not set, will not subscribe to simulated time [/clock] topic
[rospy.internal][INFO] 2025-04-11 15:33:44,444: topic[/trigger_msgs] adding connection to [/curr_posters_15918_1744360416337], count 0
[rospy.internal][INFO] 2025-04-11 15:33:44,455: topic[/amcl_pose] adding connection to [http://localhost:37237/], count 0
[rospy.internal][INFO] 2025-04-11 15:33:44,619: topic[/trigger_msgs] adding connection to [/my_bag], count 1
[rosout][WARNING] 2025-04-11 15:33:44,725: Inbound TCP/IP connection failed: connection from sender terminated before handshake header received. 0 bytes were received. Please check sender for additional details.
[rospy.internal][ERROR] 2025-04-11 15:33:44,727: Inbound TCP/IP connection failed:
Traceback (most recent call last):
  File "/opt/ros/kinetic/lib/python2.7/dist-packages/rospy/impl/tcpros_base.py", line 322, in _tcp_server_callback
    header = read_ros_handshake_header(sock, StringIO(), buff_size)
  File "/opt/ros/kinetic/lib/python2.7/dist-packages/rosgraph/network.py", line 364, in read_ros_handshake_header
    raise ROSHandshakeException("connection from sender terminated before handshake header received. %s bytes were received. Please check sender for additional details."%b.tell())
ROSHandshakeException: connection from sender terminated before handshake header received. 0 bytes were received. Please check sender for additional details.

[rospy.internal][INFO] 2025-04-11 15:33:44,727: topic[/rosout] adding connection to [/rosout], count 0
[rospy.internal][INFO] 2025-04-11 15:33:44,831: topic[/trigger_msgs] adding connection to [/my_bag2], count 2
[rospy.internal][INFO] 2025-04-11 15:33:44,832: topic[/trigger_msgs] removing connection to /my_bag
[rospy.internal][INFO] 2025-04-11 15:33:44,833: topic[/trigger_msgs] adding connection to [/my_bag], count 2
[rospy.internal][INFO] 2025-04-11 15:34:17,468: topic[/trigger_msgs] removing connection to /curr_posters_15918_1744360416337
[rospy.internal][INFO] 2025-04-11 15:34:32,414: topic[/trigger_msgs] adding connection to [/curr_posters_17348_1744360472379], count 2
[rospy.internal][INFO] 2025-04-11 15:34:36,668: topic[/trigger_msgs] adding connection to [/controller_joystick], count 3
[rospy.internal][INFO] 2025-04-11 15:34:40,978: topic[/trigger_msgs] removing connection to /my_bag
[rospy.internal][INFO] 2025-04-11 15:34:41,021: topic[/trigger_msgs] adding connection to [/my_bag], count 3
[rospy.internal][INFO] 2025-04-11 15:34:41,022: topic[/trigger_msgs] removing connection to /my_bag2
[rospy.internal][INFO] 2025-04-11 15:34:41,110: topic[/trigger_msgs] adding connection to [/my_bag2], count 3
[rospy.internal][INFO] 2025-04-11 15:36:35,029: topic[/trigger_msgs] removing connection to /curr_posters_17348_1744360472379
[rospy.internal][INFO] 2025-04-11 15:36:35,029: topic[/trigger_msgs] removing connection to /controller_joystick
[rospy.internal][WARNING] 2025-04-11 15:36:40,256: Unknown error initiating TCP/IP socket to localhost:48189 (http://localhost:37237/): Traceback (most recent call last):
  File "/opt/ros/kinetic/lib/python2.7/dist-packages/rospy/impl/tcpros_base.py", line 558, in connect
    self.read_header()
  File "/opt/ros/kinetic/lib/python2.7/dist-packages/rospy/impl/tcpros_base.py", line 651, in read_header
    self._validate_header(read_ros_handshake_header(sock, self.read_buff, self.protocol.buff_size))
  File "/opt/ros/kinetic/lib/python2.7/dist-packages/rosgraph/network.py", line 362, in read_ros_handshake_header
    d = sock.recv(buff_size)
error: [Errno 104] Connection reset by peer

[rospy.internal][INFO] 2025-04-11 15:36:40,256: topic[/amcl_pose] removing connection to http://localhost:37237/
[rospy.internal][INFO] 2025-04-11 15:36:40,532: topic[/rosout] removing connection to /rosout
[rospy.internal][INFO] 2025-04-11 15:36:56,039: topic[/trigger_msgs] removing connection to /my_bag
[rospy.internal][INFO] 2025-04-11 15:36:56,040: topic[/trigger_msgs] removing connection to /my_bag2
[rospy.core][INFO] 2025-04-11 15:38:09,456: signal_shutdown [atexit]
[rospy.impl.masterslave][INFO] 2025-04-11 15:38:09,458: atexit
