[rospy.client][INFO] 2023-07-14 11:20:21,356: init_node, name[/triggers_3026_1689308421343], pid[3026]
[xmlrpc][INFO] 2023-07-14 11:20:21,357: XML-RPC server binding to 127.0.0.1:0
[xmlrpc][INFO] 2023-07-14 11:20:21,357: Started XML-RPC server [http://localhost:37851/]
[rospy.init][INFO] 2023-07-14 11:20:21,357: ROS Slave URI: [http://localhost:37851/]
[rospy.impl.masterslave][INFO] 2023-07-14 11:20:21,357: _ready: http://localhost:37851/
[rospy.registration][INFO] 2023-07-14 11:20:21,358: Registering with master node http://localhost:11311
[xmlrpc][INFO] 2023-07-14 11:20:21,358: xml rpc node: starting XML-RPC server
[rospy.registration][INFO] 2023-07-14 11:20:21,358: Registering publisher topic [/current_poster] type [geometry_msgs/PointStamped] with master
[rospy.registration][INFO] 2023-07-14 11:20:21,360: Registering publisher topic [/trigger_msgs] type [std_msgs/Int16] with master
[rospy.internal][INFO] 2023-07-14 11:20:21,377: topic[/trigger_msgs] adding connection to [/curr_posters_2726_1689308411024], count 0
[rospy.internal][INFO] 2023-07-14 11:20:21,406: topic[/trigger_msgs] adding connection to [/controller_joystick], count 1
[rospy.init][INFO] 2023-07-14 11:20:21,457: registered with master
[rospy.rosout][INFO] 2023-07-14 11:20:21,458: initializing /rosout core topic
[rospy.rosout][INFO] 2023-07-14 11:20:21,459: connected to core topic /rosout
[rospy.simtime][INFO] 2023-07-14 11:20:21,459: /use_sim_time is not set, will not subscribe to simulated time [/clock] topic
[rospy.internal][INFO] 2023-07-14 11:20:21,476: topic[/amcl_pose] adding connection to [http://localhost:45693/], count 0
[rospy.internal][INFO] 2023-07-14 11:20:21,570: topic[/current_poster] adding connection to [/rviz_1689308402734630601], count 0
[rospy.internal][INFO] 2023-07-14 11:20:21,672: topic[/rosout] adding connection to [/rosout], count 0
[rospy.internal][INFO] 2023-07-14 11:20:21,773: topic[/trigger_msgs] adding connection to [/my_bag2], count 2
[rospy.internal][INFO] 2023-07-14 11:20:21,774: topic[/trigger_msgs] adding connection to [/my_bag], count 3
[rospy.internal][INFO] 2023-07-14 11:22:57,543: topic[/trigger_msgs] removing connection to /my_bag
[rospy.core][INFO] 2023-07-14 11:22:57,704: signal_shutdown [atexit]
[rospy.internal][INFO] 2023-07-14 11:22:57,707: topic[/trigger_msgs] removing connection to /my_bag2
[rospy.internal][INFO] 2023-07-14 11:22:57,709: topic[/current_poster] removing connection to /rviz_1689308402734630601
[rospy.internal][INFO] 2023-07-14 11:22:57,709: topic[/trigger_msgs] removing connection to /curr_posters_2726_1689308411024
[rospy.internal][INFO] 2023-07-14 11:22:57,709: topic[/trigger_msgs] removing connection to /controller_joystick
[rospy.internal][INFO] 2023-07-14 11:22:57,710: topic[/rosout] removing connection to /rosout
[rospy.internal][INFO] 2023-07-14 11:22:57,710: topic[/amcl_pose] removing connection to http://localhost:45693/
[rospy.impl.masterslave][INFO] 2023-07-14 11:22:57,711: atexit
[rospy.internal][WARNING] 2023-07-14 11:22:57,711: Unknown error initiating TCP/IP socket to localhost:37113 (http://localhost:45693/): Traceback (most recent call last):
  File "/opt/ros/kinetic/lib/python2.7/dist-packages/rospy/impl/tcpros_base.py", line 559, in connect
    self.local_endpoint = self.socket.getsockname()
AttributeError: 'NoneType' object has no attribute 'getsockname'

