[rospy.client][INFO] 2023-12-07 09:52:11,282: init_node, name[/triggers_6925_1701917531268], pid[6925]
[xmlrpc][INFO] 2023-12-07 09:52:11,283: XML-RPC server binding to 127.0.0.1:0
[xmlrpc][INFO] 2023-12-07 09:52:11,283: Started XML-RPC server [http://localhost:46639/]
[rospy.init][INFO] 2023-12-07 09:52:11,284: ROS Slave URI: [http://localhost:46639/]
[rospy.impl.masterslave][INFO] 2023-12-07 09:52:11,284: _ready: http://localhost:46639/
[rospy.registration][INFO] 2023-12-07 09:52:11,284: Registering with master node http://localhost:11311
[xmlrpc][INFO] 2023-12-07 09:52:11,285: xml rpc node: starting XML-RPC server
[rospy.registration][INFO] 2023-12-07 09:52:11,285: Registering publisher topic [/current_poster] type [geometry_msgs/PointStamped] with master
[rospy.registration][INFO] 2023-12-07 09:52:11,287: Registering publisher topic [/trigger_msgs] type [std_msgs/Int16] with master
[rospy.internal][INFO] 2023-12-07 09:52:11,329: topic[/trigger_msgs] adding connection to [/controller_joystick], count 0
[rospy.internal][INFO] 2023-12-07 09:52:11,330: topic[/trigger_msgs] adding connection to [/curr_posters_3210_1701917360583], count 1
[rospy.init][INFO] 2023-12-07 09:52:11,384: registered with master
[rospy.rosout][INFO] 2023-12-07 09:52:11,384: initializing /rosout core topic
[rospy.rosout][INFO] 2023-12-07 09:52:11,385: connected to core topic /rosout
[rospy.simtime][INFO] 2023-12-07 09:52:11,386: /use_sim_time is not set, will not subscribe to simulated time [/clock] topic
[rospy.internal][INFO] 2023-12-07 09:52:11,402: topic[/amcl_pose] adding connection to [http://localhost:37539/], count 0
[rospy.internal][INFO] 2023-12-07 09:52:11,492: topic[/current_poster] adding connection to [/rviz_1701917342274151052], count 0
[rospy.internal][INFO] 2023-12-07 09:52:11,595: topic[/rosout] adding connection to [/rosout], count 0
[rospy.internal][INFO] 2023-12-07 09:52:11,695: topic[/trigger_msgs] adding connection to [/my_bag2], count 2
[rospy.internal][INFO] 2023-12-07 09:52:11,695: topic[/trigger_msgs] adding connection to [/my_bag], count 3
[rospy.internal][INFO] 2023-12-07 11:29:00,926: topic[/trigger_msgs] removing connection to /my_bag
[rospy.core][INFO] 2023-12-07 11:29:01,144: signal_shutdown [atexit]
[rospy.internal][INFO] 2023-12-07 11:29:01,148: topic[/current_poster] removing connection to /rviz_1701917342274151052
[rospy.internal][INFO] 2023-12-07 11:29:01,148: topic[/trigger_msgs] removing connection to /controller_joystick
[rospy.internal][INFO] 2023-12-07 11:29:01,148: topic[/trigger_msgs] removing connection to /curr_posters_3210_1701917360583
[rospy.internal][INFO] 2023-12-07 11:29:01,149: topic[/trigger_msgs] removing connection to /my_bag2
[rospy.internal][INFO] 2023-12-07 11:29:01,149: topic[/rosout] removing connection to /rosout
[rospy.internal][INFO] 2023-12-07 11:29:01,149: topic[/amcl_pose] removing connection to http://localhost:37539/
[rospy.internal][WARNING] 2023-12-07 11:29:01,150: Unknown error initiating TCP/IP socket to localhost:41997 (http://localhost:37539/): Traceback (most recent call last):
  File "/opt/ros/kinetic/lib/python2.7/dist-packages/rospy/impl/tcpros_base.py", line 558, in connect
    self.read_header()
  File "/opt/ros/kinetic/lib/python2.7/dist-packages/rospy/impl/tcpros_base.py", line 651, in read_header
    self._validate_header(read_ros_handshake_header(sock, self.read_buff, self.protocol.buff_size))
AttributeError: 'NoneType' object has no attribute 'buff_size'

[rospy.topics][ERROR] 2023-12-07 11:29:01,150: Traceback (most recent call last):
  File "/opt/ros/kinetic/lib/python2.7/dist-packages/rospy/topics.py", line 326, in close
    c.close()
  File "/opt/ros/kinetic/lib/python2.7/dist-packages/rospy/impl/tcpros_base.py", line 839, in close
    self.socket.close()
AttributeError: 'NoneType' object has no attribute 'close'

[rospy.impl.masterslave][INFO] 2023-12-07 11:29:01,150: atexit
