[rospy.client][INFO] 2025-04-25 14:59:41,645: init_node, name[/triggers_7199_1745567981497], pid[7199]
[xmlrpc][INFO] 2025-04-25 14:59:41,661: XML-RPC server binding to 127.0.0.1:0
[xmlrpc][INFO] 2025-04-25 14:59:41,662: Started XML-RPC server [http://localhost:33791/]
[rospy.impl.masterslave][INFO] 2025-04-25 14:59:41,663: _ready: http://localhost:33791/
[rospy.init][INFO] 2025-04-25 14:59:41,677: ROS Slave URI: [http://localhost:33791/]
[xmlrpc][INFO] 2025-04-25 14:59:41,682: xml rpc node: starting XML-RPC server
[rospy.registration][INFO] 2025-04-25 14:59:41,683: Registering with master node http://localhost:11311
[rospy.registration][INFO] 2025-04-25 14:59:41,683: Registering publisher topic [/current_poster] type [geometry_msgs/PointStamped] with master
[rospy.registration][INFO] 2025-04-25 14:59:41,688: Registering publisher topic [/trigger_msgs] type [std_msgs/Int16] with master
[rospy.init][INFO] 2025-04-25 14:59:41,781: registered with master
[rospy.rosout][INFO] 2025-04-25 14:59:41,781: initializing /rosout core topic
[rospy.rosout][INFO] 2025-04-25 14:59:41,784: connected to core topic /rosout
[rospy.simtime][INFO] 2025-04-25 14:59:41,790: /use_sim_time is not set, will not subscribe to simulated time [/clock] topic
[rospy.internal][INFO] 2025-04-25 14:59:41,895: topic[/amcl_pose] adding connection to [http://localhost:39275/], count 0
[rospy.internal][INFO] 2025-04-25 14:59:41,900: topic[/trigger_msgs] adding connection to [/curr_posters_6773_1745567972475], count 0
[rospy.internal][INFO] 2025-04-25 14:59:41,928: topic[/trigger_msgs] adding connection to [/controller_joystick], count 1
[rospy.internal][INFO] 2025-04-25 14:59:42,007: topic[/trigger_msgs] adding connection to [/my_bag2], count 2
[rospy.internal][INFO] 2025-04-25 14:59:42,052: topic[/trigger_msgs] adding connection to [/my_bag], count 3
[rospy.internal][INFO] 2025-04-25 14:59:42,080: topic[/rosout] adding connection to [/rosout], count 0
[rospy.internal][INFO] 2025-04-25 14:59:42,523: topic[/trigger_msgs] adding connection to [/my_bag], count 4
[rospy.internal][INFO] 2025-04-25 14:59:42,524: topic[/trigger_msgs] removing connection to /my_bag
[rospy.internal][INFO] 2025-04-25 14:59:42,823: topic[/trigger_msgs] adding connection to [/my_bag2], count 4
[rospy.internal][INFO] 2025-04-25 14:59:42,824: topic[/trigger_msgs] removing connection to /my_bag2
[rospy.internal][INFO] 2025-04-25 15:02:29,976: topic[/trigger_msgs] removing connection to /curr_posters_6773_1745567972475
[rospy.internal][INFO] 2025-04-25 15:02:29,976: topic[/trigger_msgs] removing connection to /controller_joystick
[rospy.internal][INFO] 2025-04-25 15:02:31,487: topic[/trigger_msgs] adding connection to [/curr_posters_10898_1745568151392], count 2
[rospy.internal][INFO] 2025-04-25 15:02:35,923: topic[/trigger_msgs] adding connection to [/controller_joystick], count 3
[rospy.internal][INFO] 2025-04-25 15:02:43,196: topic[/trigger_msgs] adding connection to [/my_bag2], count 4
[rospy.internal][INFO] 2025-04-25 15:02:43,197: topic[/trigger_msgs] removing connection to /my_bag2
[rospy.internal][INFO] 2025-04-25 15:02:43,198: topic[/trigger_msgs] removing connection to /my_bag
[rospy.internal][INFO] 2025-04-25 15:02:43,206: topic[/trigger_msgs] adding connection to [/my_bag], count 3
[rospy.internal][INFO] 2025-04-25 15:05:36,563: topic[/trigger_msgs] removing connection to /curr_posters_10898_1745568151392
[rospy.internal][INFO] 2025-04-25 15:05:36,564: topic[/trigger_msgs] removing connection to /controller_joystick
[rospy.internal][INFO] 2025-04-25 15:05:38,476: topic[/trigger_msgs] adding connection to [/curr_posters_15279_1745568338378], count 2
[rospy.internal][INFO] 2025-04-25 15:05:42,841: topic[/trigger_msgs] adding connection to [/controller_joystick], count 3
[rospy.internal][INFO] 2025-04-25 15:05:50,571: topic[/trigger_msgs] removing connection to /my_bag2
[rospy.internal][INFO] 2025-04-25 15:05:50,646: topic[/trigger_msgs] adding connection to [/my_bag2], count 3
[rospy.internal][INFO] 2025-04-25 15:05:50,931: topic[/trigger_msgs] adding connection to [/my_bag], count 4
[rospy.internal][INFO] 2025-04-25 15:05:50,931: topic[/trigger_msgs] removing connection to /my_bag
[rospy.internal][INFO] 2025-04-25 15:08:28,325: topic[/trigger_msgs] removing connection to /curr_posters_15279_1745568338378
[rospy.internal][INFO] 2025-04-25 15:08:28,325: topic[/trigger_msgs] removing connection to /controller_joystick
[rospy.internal][INFO] 2025-04-25 15:08:30,882: topic[/trigger_msgs] adding connection to [/curr_posters_19320_1745568510550], count 2
[rospy.core][INFO] 2025-04-25 15:08:32,893: signal_shutdown [atexit]
[rospy.internal][INFO] 2025-04-25 15:08:32,899: topic[/trigger_msgs] removing connection to /my_bag2
[rospy.internal][INFO] 2025-04-25 15:08:32,900: topic[/trigger_msgs] removing connection to /my_bag
[rospy.internal][INFO] 2025-04-25 15:08:32,900: topic[/trigger_msgs] removing connection to /curr_posters_19320_1745568510550
[rospy.internal][INFO] 2025-04-25 15:08:32,900: topic[/rosout] removing connection to /rosout
[rospy.internal][INFO] 2025-04-25 15:08:32,900: topic[/amcl_pose] removing connection to http://localhost:39275/
[rospy.impl.masterslave][INFO] 2025-04-25 15:08:32,901: atexit
