[rospy.client][INFO] 2023-09-15 11:28:06,562: init_node, name[/triggers_32419_1694752086547], pid[32419]
[xmlrpc][INFO] 2023-09-15 11:28:06,563: XML-RPC server binding to 127.0.0.1:0
[xmlrpc][INFO] 2023-09-15 11:28:06,563: Started XML-RPC server [http://localhost:33559/]
[rospy.init][INFO] 2023-09-15 11:28:06,563: ROS Slave URI: [http://localhost:33559/]
[rospy.impl.masterslave][INFO] 2023-09-15 11:28:06,563: _ready: http://localhost:33559/
[rospy.registration][INFO] 2023-09-15 11:28:06,564: Registering with master node http://localhost:11311
[xmlrpc][INFO] 2023-09-15 11:28:06,564: xml rpc node: starting XML-RPC server
[rospy.registration][INFO] 2023-09-15 11:28:06,564: Registering publisher topic [/current_poster] type [geometry_msgs/PointStamped] with master
[rospy.registration][INFO] 2023-09-15 11:28:06,566: Registering publisher topic [/trigger_msgs] type [std_msgs/Int16] with master
[rospy.init][INFO] 2023-09-15 11:28:06,664: registered with master
[rospy.rosout][INFO] 2023-09-15 11:28:06,664: initializing /rosout core topic
[rospy.rosout][INFO] 2023-09-15 11:28:06,666: connected to core topic /rosout
[rospy.simtime][INFO] 2023-09-15 11:28:06,667: /use_sim_time is not set, will not subscribe to simulated time [/clock] topic
[rospy.internal][INFO] 2023-09-15 11:28:06,683: topic[/amcl_pose] adding connection to [http://localhost:36577/], count 0
[rospy.internal][INFO] 2023-09-15 11:28:06,689: topic[/trigger_msgs] adding connection to [/controller_joystick], count 0
[rospy.internal][INFO] 2023-09-15 11:28:06,710: topic[/trigger_msgs] adding connection to [/curr_posters_2845_1694745865131], count 1
[rospy.internal][INFO] 2023-09-15 11:28:06,866: topic[/current_poster] adding connection to [/rviz_1694745857627302130], count 0
[rospy.internal][INFO] 2023-09-15 11:28:06,868: topic[/rosout] adding connection to [/rosout], count 0
[rospy.internal][INFO] 2023-09-15 11:28:06,969: topic[/trigger_msgs] adding connection to [/my_bag2], count 2
[rospy.internal][INFO] 2023-09-15 11:28:06,969: topic[/trigger_msgs] adding connection to [/my_bag], count 3
[rospy.internal][INFO] 2023-09-15 11:28:08,183: topic[/trigger_msgs] removing connection to /controller_joystick
[rospy.internal][INFO] 2023-09-15 11:28:08,183: topic[/trigger_msgs] removing connection to /curr_posters_2845_1694745865131
[rospy.core][INFO] 2023-09-15 11:28:09,688: signal_shutdown [atexit]
[rospy.internal][INFO] 2023-09-15 11:28:09,690: topic[/current_poster] removing connection to /rviz_1694745857627302130
[rospy.internal][INFO] 2023-09-15 11:28:09,690: topic[/trigger_msgs] removing connection to /my_bag2
[rospy.internal][INFO] 2023-09-15 11:28:09,690: topic[/trigger_msgs] removing connection to /my_bag
[rospy.internal][INFO] 2023-09-15 11:28:09,690: topic[/rosout] removing connection to /rosout
[rospy.internal][INFO] 2023-09-15 11:28:09,690: topic[/amcl_pose] removing connection to http://localhost:36577/
[rospy.impl.masterslave][INFO] 2023-09-15 11:28:09,690: atexit
[rospy.internal][WARNING] 2023-09-15 11:28:09,691: Unknown error initiating TCP/IP socket to localhost:60463 (http://localhost:36577/): Traceback (most recent call last):
  File "/opt/ros/kinetic/lib/python2.7/dist-packages/rospy/impl/tcpros_base.py", line 558, in connect
    self.read_header()
  File "/opt/ros/kinetic/lib/python2.7/dist-packages/rospy/impl/tcpros_base.py", line 651, in read_header
    self._validate_header(read_ros_handshake_header(sock, self.read_buff, self.protocol.buff_size))
AttributeError: 'NoneType' object has no attribute 'buff_size'

