[rospy.client][INFO] 2023-12-15 09:59:11,887: init_node, name[/triggers_16461_1702609151873], pid[16461]
[xmlrpc][INFO] 2023-12-15 09:59:11,888: XML-RPC server binding to 127.0.0.1:0
[xmlrpc][INFO] 2023-12-15 09:59:11,888: Started XML-RPC server [http://localhost:36957/]
[rospy.init][INFO] 2023-12-15 09:59:11,888: ROS Slave URI: [http://localhost:36957/]
[rospy.impl.masterslave][INFO] 2023-12-15 09:59:11,888: _ready: http://localhost:36957/
[rospy.registration][INFO] 2023-12-15 09:59:11,889: Registering with master node http://localhost:11311
[xmlrpc][INFO] 2023-12-15 09:59:11,889: xml rpc node: starting XML-RPC server
[rospy.registration][INFO] 2023-12-15 09:59:11,889: Registering publisher topic [/current_poster] type [geometry_msgs/PointStamped] with master
[rospy.registration][INFO] 2023-12-15 09:59:11,891: Registering publisher topic [/trigger_msgs] type [std_msgs/Int16] with master
[rospy.internal][INFO] 2023-12-15 09:59:11,972: topic[/trigger_msgs] adding connection to [/curr_posters_4208_1702608545904], count 0
[rospy.internal][INFO] 2023-12-15 09:59:11,975: topic[/trigger_msgs] adding connection to [/controller_joystick], count 1
[rospy.init][INFO] 2023-12-15 09:59:11,988: registered with master
[rospy.rosout][INFO] 2023-12-15 09:59:11,989: initializing /rosout core topic
[rospy.rosout][INFO] 2023-12-15 09:59:11,990: connected to core topic /rosout
[rospy.simtime][INFO] 2023-12-15 09:59:11,990: /use_sim_time is not set, will not subscribe to simulated time [/clock] topic
[rospy.internal][INFO] 2023-12-15 09:59:12,006: topic[/amcl_pose] adding connection to [http://localhost:42241/], count 0
[rospy.internal][INFO] 2023-12-15 09:59:12,169: topic[/current_poster] adding connection to [/rviz_1702608480531974638], count 0
[rospy.internal][INFO] 2023-12-15 09:59:12,271: topic[/trigger_msgs] adding connection to [/my_bag2], count 2
[rospy.internal][INFO] 2023-12-15 09:59:12,271: topic[/rosout] adding connection to [/rosout], count 0
[rospy.internal][INFO] 2023-12-15 09:59:12,272: topic[/trigger_msgs] adding connection to [/my_bag], count 3
[rospy.internal][INFO] 2023-12-15 11:40:05,214: topic[/trigger_msgs] removing connection to /my_bag
[rospy.core][INFO] 2023-12-15 11:40:05,482: signal_shutdown [atexit]
[rospy.internal][INFO] 2023-12-15 11:40:05,486: topic[/current_poster] removing connection to /rviz_1702608480531974638
[rospy.internal][INFO] 2023-12-15 11:40:05,487: topic[/trigger_msgs] removing connection to /curr_posters_4208_1702608545904
[rospy.internal][INFO] 2023-12-15 11:40:05,487: topic[/trigger_msgs] removing connection to /controller_joystick
[rospy.internal][INFO] 2023-12-15 11:40:05,487: topic[/trigger_msgs] removing connection to /my_bag2
[rospy.internal][INFO] 2023-12-15 11:40:05,488: topic[/rosout] removing connection to /rosout
[rospy.internal][INFO] 2023-12-15 11:40:05,488: topic[/amcl_pose] removing connection to http://localhost:42241/
[rospy.impl.masterslave][INFO] 2023-12-15 11:40:05,488: atexit
