[rospy.client][INFO] 2025-07-01 15:03:53,224: init_node, name[/triggers_8977_1751357033208], pid[8977]
[xmlrpc][INFO] 2025-07-01 15:03:53,224: XML-RPC server binding to 127.0.0.1:0
[xmlrpc][INFO] 2025-07-01 15:03:53,224: Started XML-RPC server [http://localhost:44537/]
[rospy.init][INFO] 2025-07-01 15:03:53,225: ROS Slave URI: [http://localhost:44537/]
[rospy.impl.masterslave][INFO] 2025-07-01 15:03:53,225: _ready: http://localhost:44537/
[rospy.registration][INFO] 2025-07-01 15:03:53,225: Registering with master node http://localhost:11311
[xmlrpc][INFO] 2025-07-01 15:03:53,225: xml rpc node: starting XML-RPC server
[rospy.registration][INFO] 2025-07-01 15:03:53,225: Registering publisher topic [/current_poster] type [geometry_msgs/PointStamped] with master
[rospy.registration][INFO] 2025-07-01 15:03:53,227: Registering publisher topic [/trigger_msgs] type [std_msgs/Int16] with master
[rospy.init][INFO] 2025-07-01 15:03:53,325: registered with master
[rospy.rosout][INFO] 2025-07-01 15:03:53,325: initializing /rosout core topic
[rospy.rosout][INFO] 2025-07-01 15:03:53,326: connected to core topic /rosout
[rospy.simtime][INFO] 2025-07-01 15:03:53,327: /use_sim_time is not set, will not subscribe to simulated time [/clock] topic
[rospy.internal][INFO] 2025-07-01 15:03:53,342: topic[/amcl_pose] adding connection to [http://localhost:33469/], count 0
[rospy.internal][INFO] 2025-07-01 15:03:53,348: topic[/trigger_msgs] adding connection to [/joystick_controller_7894_1751356981442], count 0
[rospy.internal][INFO] 2025-07-01 15:03:53,360: topic[/trigger_msgs] adding connection to [/curr_posters_7781_1751356977748], count 1
[rospy.internal][INFO] 2025-07-01 15:03:53,519: topic[/current_poster] adding connection to [/rviz_1751356865285702555], count 0
[rospy.internal][INFO] 2025-07-01 15:03:53,622: topic[/trigger_msgs] adding connection to [/my_bag], count 2
[rospy.internal][INFO] 2025-07-01 15:03:53,622: topic[/rosout] adding connection to [/rosout], count 0
[rospy.internal][INFO] 2025-07-01 15:03:53,623: topic[/trigger_msgs] adding connection to [/my_bag2], count 3
