[rospy.client][INFO] 2025-03-07 14:39:07,609: init_node, name[/triggers_22534_1741333147578], pid[22534]
[xmlrpc][INFO] 2025-03-07 14:39:07,610: XML-RPC server binding to 127.0.0.1:0
[xmlrpc][INFO] 2025-03-07 14:39:07,610: Started XML-RPC server [http://localhost:36181/]
[rospy.init][INFO] 2025-03-07 14:39:07,610: ROS Slave URI: [http://localhost:36181/]
[rospy.impl.masterslave][INFO] 2025-03-07 14:39:07,610: _ready: http://localhost:36181/
[rospy.registration][INFO] 2025-03-07 14:39:07,611: Registering with master node http://localhost:11311
[xmlrpc][INFO] 2025-03-07 14:39:07,611: xml rpc node: starting XML-RPC server
[rospy.registration][INFO] 2025-03-07 14:39:07,611: Registering publisher topic [/current_poster] type [geometry_msgs/PointStamped] with master
[rospy.registration][INFO] 2025-03-07 14:39:07,614: Registering publisher topic [/trigger_msgs] type [std_msgs/Int16] with master
[rospy.internal][INFO] 2025-03-07 14:39:07,658: topic[/trigger_msgs] adding connection to [/curr_posters_22255_1741333139648], count 0
[rospy.internal][INFO] 2025-03-07 14:39:07,679: topic[/trigger_msgs] adding connection to [/controller_joystick], count 1
[rospy.init][INFO] 2025-03-07 14:39:07,711: registered with master
[rospy.rosout][INFO] 2025-03-07 14:39:07,711: initializing /rosout core topic
[rospy.rosout][INFO] 2025-03-07 14:39:07,713: connected to core topic /rosout
[rospy.simtime][INFO] 2025-03-07 14:39:07,714: /use_sim_time is not set, will not subscribe to simulated time [/clock] topic
[rospy.internal][INFO] 2025-03-07 14:39:07,731: topic[/amcl_pose] adding connection to [http://localhost:36313/], count 0
[rospy.internal][INFO] 2025-03-07 14:39:07,848: topic[/trigger_msgs] adding connection to [/my_bag], count 2
[rospy.internal][INFO] 2025-03-07 14:39:07,849: topic[/trigger_msgs] adding connection to [/my_bag2], count 3
[rospy.internal][INFO] 2025-03-07 14:39:07,960: topic[/rosout] adding connection to [/rosout], count 0
[rospy.internal][INFO] 2025-03-07 14:39:08,058: topic[/trigger_msgs] adding connection to [/my_bag], count 4
[rospy.internal][INFO] 2025-03-07 14:39:08,058: topic[/trigger_msgs] removing connection to /my_bag
[rospy.internal][INFO] 2025-03-07 14:39:08,071: topic[/trigger_msgs] removing connection to /my_bag2
[rospy.internal][INFO] 2025-03-07 14:39:08,073: topic[/trigger_msgs] adding connection to [/my_bag2], count 3
[rospy.internal][INFO] 2025-03-07 14:44:21,867: topic[/trigger_msgs] removing connection to /curr_posters_22255_1741333139648
[rospy.internal][INFO] 2025-03-07 14:44:21,867: topic[/trigger_msgs] removing connection to /controller_joystick
[rospy.internal][WARNING] 2025-03-07 14:44:24,038: Unknown error initiating TCP/IP socket to localhost:43545 (http://localhost:36313/): Traceback (most recent call last):
  File "/opt/ros/kinetic/lib/python2.7/dist-packages/rospy/impl/tcpros_base.py", line 558, in connect
    self.read_header()
  File "/opt/ros/kinetic/lib/python2.7/dist-packages/rospy/impl/tcpros_base.py", line 651, in read_header
    self._validate_header(read_ros_handshake_header(sock, self.read_buff, self.protocol.buff_size))
  File "/opt/ros/kinetic/lib/python2.7/dist-packages/rosgraph/network.py", line 362, in read_ros_handshake_header
    d = sock.recv(buff_size)
error: [Errno 104] Connection reset by peer

[rospy.internal][INFO] 2025-03-07 14:44:24,038: topic[/amcl_pose] removing connection to http://localhost:36313/
[rospy.internal][INFO] 2025-03-07 14:44:24,369: topic[/rosout] removing connection to /rosout
