[rospy.client][INFO] 2024-02-27 09:40:49,916: init_node, name[/triggers_26095_1709001649902], pid[26095]
[xmlrpc][INFO] 2024-02-27 09:40:49,916: XML-RPC server binding to 127.0.0.1:0
[xmlrpc][INFO] 2024-02-27 09:40:49,917: Started XML-RPC server [http://localhost:34393/]
[rospy.init][INFO] 2024-02-27 09:40:49,917: ROS Slave URI: [http://localhost:34393/]
[rospy.impl.masterslave][INFO] 2024-02-27 09:40:49,917: _ready: http://localhost:34393/
[rospy.registration][INFO] 2024-02-27 09:40:49,918: Registering with master node http://localhost:11311
[xmlrpc][INFO] 2024-02-27 09:40:49,918: xml rpc node: starting XML-RPC server
[rospy.registration][INFO] 2024-02-27 09:40:49,918: Registering publisher topic [/current_poster] type [geometry_msgs/PointStamped] with master
[rospy.registration][INFO] 2024-02-27 09:40:49,919: Registering publisher topic [/trigger_msgs] type [std_msgs/Int16] with master
[rospy.init][INFO] 2024-02-27 09:40:50,017: registered with master
[rospy.rosout][INFO] 2024-02-27 09:40:50,017: initializing /rosout core topic
[rospy.rosout][INFO] 2024-02-27 09:40:50,018: connected to core topic /rosout
[rospy.simtime][INFO] 2024-02-27 09:40:50,019: /use_sim_time is not set, will not subscribe to simulated time [/clock] topic
[rospy.internal][INFO] 2024-02-27 09:40:50,026: topic[/trigger_msgs] adding connection to [/controller_joystick], count 0
[rospy.internal][INFO] 2024-02-27 09:40:50,035: topic[/amcl_pose] adding connection to [http://localhost:37759/], count 0
[rospy.internal][INFO] 2024-02-27 09:40:50,037: topic[/trigger_msgs] adding connection to [/curr_posters_3034_1709000510853], count 1
[rospy.internal][INFO] 2024-02-27 09:40:50,296: topic[/trigger_msgs] adding connection to [/my_bag2], count 2
[rospy.internal][INFO] 2024-02-27 09:40:50,297: topic[/trigger_msgs] adding connection to [/my_bag], count 3
[rospy.internal][INFO] 2024-02-27 09:40:50,297: topic[/rosout] adding connection to [/rosout], count 0
[rospy.internal][INFO] 2024-02-27 11:28:35,693: topic[/trigger_msgs] removing connection to /my_bag
[rospy.core][INFO] 2024-02-27 11:28:35,932: signal_shutdown [atexit]
[rospy.internal][INFO] 2024-02-27 11:28:35,936: topic[/trigger_msgs] removing connection to /controller_joystick
[rospy.internal][INFO] 2024-02-27 11:28:35,936: topic[/trigger_msgs] removing connection to /curr_posters_3034_1709000510853
[rospy.internal][INFO] 2024-02-27 11:28:35,936: topic[/trigger_msgs] removing connection to /my_bag2
[rospy.internal][INFO] 2024-02-27 11:28:35,937: topic[/rosout] removing connection to /rosout
[rospy.internal][INFO] 2024-02-27 11:28:35,937: topic[/amcl_pose] removing connection to http://localhost:37759/
[rospy.impl.masterslave][INFO] 2024-02-27 11:28:35,938: atexit
