[rospy.client][INFO] 2025-05-22 13:21:42,968: init_node, name[/triggers_10531_1747894902952], pid[10531]
[xmlrpc][INFO] 2025-05-22 13:21:42,969: XML-RPC server binding to 127.0.0.1:0
[xmlrpc][INFO] 2025-05-22 13:21:42,969: Started XML-RPC server [http://localhost:45529/]
[rospy.init][INFO] 2025-05-22 13:21:42,969: ROS Slave URI: [http://localhost:45529/]
[rospy.impl.masterslave][INFO] 2025-05-22 13:21:42,970: _ready: http://localhost:45529/
[rospy.registration][INFO] 2025-05-22 13:21:42,970: Registering with master node http://localhost:11311
[xmlrpc][INFO] 2025-05-22 13:21:42,970: xml rpc node: starting XML-RPC server
[rospy.registration][INFO] 2025-05-22 13:21:42,970: Registering publisher topic [/current_poster] type [geometry_msgs/PointStamped] with master
[rospy.registration][INFO] 2025-05-22 13:21:42,972: Registering publisher topic [/trigger_msgs] type [std_msgs/Int16] with master
[rospy.internal][INFO] 2025-05-22 13:21:43,064: topic[/trigger_msgs] adding connection to [/rostopic_8313_1747894814066], count 0
[rospy.init][INFO] 2025-05-22 13:21:43,070: registered with master
[rospy.rosout][INFO] 2025-05-22 13:21:43,070: initializing /rosout core topic
[rospy.rosout][INFO] 2025-05-22 13:21:43,071: connected to core topic /rosout
[rospy.simtime][INFO] 2025-05-22 13:21:43,072: /use_sim_time is not set, will not subscribe to simulated time [/clock] topic
[rospy.internal][INFO] 2025-05-22 13:21:43,078: topic[/trigger_msgs] adding connection to [/curr_posters_10246_1747894895419], count 1
[rospy.internal][INFO] 2025-05-22 13:21:43,079: topic[/trigger_msgs] adding connection to [/controller_joystick], count 2
[rospy.internal][INFO] 2025-05-22 13:21:43,088: topic[/amcl_pose] adding connection to [http://localhost:42973/], count 0
[rospy.internal][INFO] 2025-05-22 13:21:43,241: topic[/current_poster] adding connection to [/rviz_1747894641970227044], count 0
[rospy.internal][INFO] 2025-05-22 13:21:43,342: topic[/rosout] adding connection to [/rosout], count 0
[rospy.internal][INFO] 2025-05-22 13:21:43,352: topic[/trigger_msgs] adding connection to [/my_bag2], count 3
[rospy.internal][INFO] 2025-05-22 13:21:43,353: topic[/trigger_msgs] adding connection to [/my_bag], count 4
[rospy.internal][INFO] 2025-05-22 13:22:57,622: topic[/trigger_msgs] removing connection to /curr_posters_10246_1747894895419
[rospy.internal][INFO] 2025-05-22 13:22:57,622: topic[/trigger_msgs] removing connection to /controller_joystick
[rospy.internal][WARNING] 2025-05-22 13:23:39,030: Unknown error initiating TCP/IP socket to localhost:44627 (http://localhost:42973/): Traceback (most recent call last):
  File "/opt/ros/kinetic/lib/python2.7/dist-packages/rospy/impl/tcpros_base.py", line 558, in connect
    self.read_header()
  File "/opt/ros/kinetic/lib/python2.7/dist-packages/rospy/impl/tcpros_base.py", line 651, in read_header
    self._validate_header(read_ros_handshake_header(sock, self.read_buff, self.protocol.buff_size))
  File "/opt/ros/kinetic/lib/python2.7/dist-packages/rosgraph/network.py", line 362, in read_ros_handshake_header
    d = sock.recv(buff_size)
error: [Errno 104] Connection reset by peer

[rospy.internal][INFO] 2025-05-22 13:23:39,030: topic[/amcl_pose] removing connection to http://localhost:42973/
[rospy.internal][INFO] 2025-05-22 13:23:39,142: topic[/current_poster] removing connection to /rviz_1747894641970227044
[rospy.internal][INFO] 2025-05-22 13:23:39,142: topic[/rosout] removing connection to /rosout
[rospy.core][INFO] 2025-05-22 13:23:56,082: signal_shutdown [atexit]
[rospy.registration][WARNING] 2025-05-22 13:23:56,082: cannot unregister with master due to network issues
[rospy.internal][INFO] 2025-05-22 13:23:56,083: topic[/trigger_msgs] removing connection to /rostopic_8313_1747894814066
[rospy.internal][INFO] 2025-05-22 13:23:56,083: topic[/trigger_msgs] removing connection to /my_bag2
[rospy.internal][INFO] 2025-05-22 13:23:56,083: topic[/trigger_msgs] removing connection to /my_bag
[rospy.impl.masterslave][INFO] 2025-05-22 13:23:56,083: atexit
