[rospy.client][INFO] 2025-06-11 15:01:24,806: init_node, name[/triggers_16614_1749628884793], pid[16614]
[xmlrpc][INFO] 2025-06-11 15:01:24,807: XML-RPC server binding to 127.0.0.1:0
[xmlrpc][INFO] 2025-06-11 15:01:24,807: Started XML-RPC server [http://localhost:41897/]
[rospy.init][INFO] 2025-06-11 15:01:24,807: ROS Slave URI: [http://localhost:41897/]
[rospy.impl.masterslave][INFO] 2025-06-11 15:01:24,807: _ready: http://localhost:41897/
[rospy.registration][INFO] 2025-06-11 15:01:24,808: Registering with master node http://localhost:11311
[xmlrpc][INFO] 2025-06-11 15:01:24,808: xml rpc node: starting XML-RPC server
[rospy.registration][INFO] 2025-06-11 15:01:24,808: Registering publisher topic [/current_poster] type [geometry_msgs/PointStamped] with master
[rospy.registration][INFO] 2025-06-11 15:01:24,810: Registering publisher topic [/trigger_msgs] type [std_msgs/Int16] with master
[rospy.init][INFO] 2025-06-11 15:01:24,908: registered with master
[rospy.rosout][INFO] 2025-06-11 15:01:24,908: initializing /rosout core topic
[rospy.rosout][INFO] 2025-06-11 15:01:24,909: connected to core topic /rosout
[rospy.simtime][INFO] 2025-06-11 15:01:24,909: /use_sim_time is not set, will not subscribe to simulated time [/clock] topic
[rospy.internal][INFO] 2025-06-11 15:01:24,916: topic[/trigger_msgs] adding connection to [/curr_posters_15790_1749628845457], count 0
[rospy.internal][INFO] 2025-06-11 15:01:24,925: topic[/amcl_pose] adding connection to [http://localhost:38255/], count 0
[rospy.internal][INFO] 2025-06-11 15:01:25,085: topic[/current_poster] adding connection to [/rviz_1749628350845504142], count 0
[rospy.internal][INFO] 2025-06-11 15:01:25,188: topic[/trigger_msgs] adding connection to [/my_bag], count 1
[rospy.internal][INFO] 2025-06-11 15:01:25,189: topic[/rosout] adding connection to [/rosout], count 0
[rospy.internal][INFO] 2025-06-11 15:01:25,189: topic[/trigger_msgs] adding connection to [/my_bag2], count 2
[rospy.core][INFO] 2025-06-11 15:01:26,920: signal_shutdown [atexit]
[rospy.internal][INFO] 2025-06-11 15:01:26,922: topic[/current_poster] removing connection to /rviz_1749628350845504142
[rospy.internal][INFO] 2025-06-11 15:01:26,922: topic[/trigger_msgs] removing connection to /curr_posters_15790_1749628845457
[rospy.internal][INFO] 2025-06-11 15:01:26,923: topic[/trigger_msgs] removing connection to /my_bag
[rospy.internal][INFO] 2025-06-11 15:01:26,923: topic[/trigger_msgs] removing connection to /my_bag2
[rospy.internal][INFO] 2025-06-11 15:01:26,923: topic[/rosout] removing connection to /rosout
[rospy.internal][INFO] 2025-06-11 15:01:26,923: topic[/amcl_pose] removing connection to http://localhost:38255/
[rospy.impl.masterslave][INFO] 2025-06-11 15:01:26,923: atexit
