[rospy.client][INFO] 2023-07-14 11:08:44,933: init_node, name[/triggers_4123_1689307724920], pid[4123]
[xmlrpc][INFO] 2023-07-14 11:08:44,934: XML-RPC server binding to 127.0.0.1:0
[xmlrpc][INFO] 2023-07-14 11:08:44,934: Started XML-RPC server [http://localhost:40373/]
[rospy.init][INFO] 2023-07-14 11:08:44,934: ROS Slave URI: [http://localhost:40373/]
[rospy.impl.masterslave][INFO] 2023-07-14 11:08:44,934: _ready: http://localhost:40373/
[rospy.registration][INFO] 2023-07-14 11:08:44,935: Registering with master node http://localhost:11311
[rospy.registration][INFO] 2023-07-14 11:08:44,935: Registering publisher topic [/current_poster] type [geometry_msgs/PointStamped] with master
[xmlrpc][INFO] 2023-07-14 11:08:44,935: xml rpc node: starting XML-RPC server
[rospy.registration][INFO] 2023-07-14 11:08:44,937: Registering publisher topic [/trigger_msgs] type [std_msgs/Int16] with master
[rospy.init][INFO] 2023-07-14 11:08:45,035: registered with master
[rospy.rosout][INFO] 2023-07-14 11:08:45,035: initializing /rosout core topic
[rospy.rosout][INFO] 2023-07-14 11:08:45,036: connected to core topic /rosout
[rospy.simtime][INFO] 2023-07-14 11:08:45,037: /use_sim_time is not set, will not subscribe to simulated time [/clock] topic
[rospy.internal][INFO] 2023-07-14 11:08:45,046: topic[/trigger_msgs] adding connection to [/curr_posters_2599_1689307657112], count 0
[rospy.internal][INFO] 2023-07-14 11:08:45,053: topic[/amcl_pose] adding connection to [http://localhost:40173/], count 0
[rospy.internal][INFO] 2023-07-14 11:08:45,057: topic[/trigger_msgs] adding connection to [/controller_joystick], count 1
[rospy.internal][INFO] 2023-07-14 11:08:45,236: topic[/current_poster] adding connection to [/rviz_1689307651019388809], count 0
[rospy.internal][INFO] 2023-07-14 11:08:45,237: topic[/rosout] adding connection to [/rosout], count 0
[rospy.internal][INFO] 2023-07-14 11:08:45,337: topic[/trigger_msgs] adding connection to [/my_bag2], count 2
[rospy.internal][INFO] 2023-07-14 11:08:45,338: topic[/trigger_msgs] adding connection to [/my_bag], count 3
[rospy.core][INFO] 2023-07-14 11:12:22,559: signal_shutdown [atexit]
[rospy.internal][INFO] 2023-07-14 11:12:22,562: topic[/current_poster] removing connection to /rviz_1689307651019388809
[rospy.internal][INFO] 2023-07-14 11:12:22,562: topic[/trigger_msgs] removing connection to /curr_posters_2599_1689307657112
[rospy.internal][INFO] 2023-07-14 11:12:22,562: topic[/trigger_msgs] removing connection to /controller_joystick
[rospy.internal][INFO] 2023-07-14 11:12:22,563: topic[/trigger_msgs] removing connection to /my_bag2
[rospy.internal][INFO] 2023-07-14 11:12:22,563: topic[/trigger_msgs] removing connection to /my_bag
[rospy.internal][INFO] 2023-07-14 11:12:22,563: topic[/rosout] removing connection to /rosout
[rospy.internal][INFO] 2023-07-14 11:12:22,563: topic[/amcl_pose] removing connection to http://localhost:40173/
[rospy.impl.masterslave][INFO] 2023-07-14 11:12:22,564: atexit
