[rospy.client][INFO] 2025-03-27 15:10:42,476: init_node, name[/triggers_17205_1743063042461], pid[17205]
[xmlrpc][INFO] 2025-03-27 15:10:42,477: XML-RPC server binding to 127.0.0.1:0
[xmlrpc][INFO] 2025-03-27 15:10:42,477: Started XML-RPC server [http://localhost:40189/]
[rospy.impl.masterslave][INFO] 2025-03-27 15:10:42,478: _ready: http://localhost:40189/
[rospy.init][INFO] 2025-03-27 15:10:42,478: ROS Slave URI: [http://localhost:40189/]
[xmlrpc][INFO] 2025-03-27 15:10:42,479: xml rpc node: starting XML-RPC server
[rospy.registration][INFO] 2025-03-27 15:10:42,479: Registering with master node http://localhost:11311
[rospy.registration][INFO] 2025-03-27 15:10:42,479: Registering publisher topic [/current_poster] type [geometry_msgs/PointStamped] with master
[rospy.registration][INFO] 2025-03-27 15:10:42,480: Registering publisher topic [/trigger_msgs] type [std_msgs/Int16] with master
[rospy.internal][INFO] 2025-03-27 15:10:42,520: topic[/trigger_msgs] adding connection to [/curr_posters_16876_1743063032830], count 0
[rospy.init][INFO] 2025-03-27 15:10:42,579: registered with master
[rospy.rosout][INFO] 2025-03-27 15:10:42,579: initializing /rosout core topic
[rospy.rosout][INFO] 2025-03-27 15:10:42,580: connected to core topic /rosout
[rospy.simtime][INFO] 2025-03-27 15:10:42,580: /use_sim_time is not set, will not subscribe to simulated time [/clock] topic
[rospy.internal][INFO] 2025-03-27 15:10:42,596: topic[/amcl_pose] adding connection to [http://localhost:38805/], count 0
[rospy.internal][INFO] 2025-03-27 15:10:42,810: topic[/trigger_msgs] adding connection to [/my_bag], count 1
[rospy.internal][INFO] 2025-03-27 15:10:42,810: topic[/rosout] adding connection to [/rosout], count 0
[rospy.internal][INFO] 2025-03-27 15:10:42,811: topic[/trigger_msgs] adding connection to [/my_bag2], count 2
[rospy.internal][INFO] 2025-03-27 15:11:30,616: topic[/trigger_msgs] removing connection to /curr_posters_16876_1743063032830
[rospy.internal][INFO] 2025-03-27 15:11:31,669: topic[/trigger_msgs] adding connection to [/curr_posters_18349_1743063091644], count 2
[rospy.internal][INFO] 2025-03-27 15:11:35,946: topic[/trigger_msgs] adding connection to [/controller_joystick], count 3
[rospy.internal][INFO] 2025-03-27 15:11:36,118: topic[/trigger_msgs] removing connection to /controller_joystick
[rosout][WARNING] 2025-03-27 15:11:36,590: Inbound TCP/IP connection failed: connection from sender terminated before handshake header received. 0 bytes were received. Please check sender for additional details.
[rospy.internal][ERROR] 2025-03-27 15:11:36,591: Inbound TCP/IP connection failed:
Traceback (most recent call last):
  File "/opt/ros/kinetic/lib/python2.7/dist-packages/rospy/impl/tcpros_base.py", line 322, in _tcp_server_callback
    header = read_ros_handshake_header(sock, StringIO(), buff_size)
  File "/opt/ros/kinetic/lib/python2.7/dist-packages/rosgraph/network.py", line 364, in read_ros_handshake_header
    raise ROSHandshakeException("connection from sender terminated before handshake header received. %s bytes were received. Please check sender for additional details."%b.tell())
ROSHandshakeException: connection from sender terminated before handshake header received. 0 bytes were received. Please check sender for additional details.

[rospy.internal][INFO] 2025-03-27 15:12:15,135: topic[/trigger_msgs] removing connection to /curr_posters_18349_1743063091644
[rospy.internal][INFO] 2025-03-27 15:12:16,384: topic[/trigger_msgs] adding connection to [/curr_posters_19413_1743063136360], count 2
[rospy.internal][INFO] 2025-03-27 15:12:20,659: topic[/trigger_msgs] adding connection to [/controller_joystick], count 3
[rospy.internal][INFO] 2025-03-27 15:12:21,138: topic[/trigger_msgs] removing connection to /controller_joystick
[rospy.internal][INFO] 2025-03-27 15:12:27,141: topic[/trigger_msgs] removing connection to /my_bag
[rospy.internal][INFO] 2025-03-27 15:12:27,142: topic[/trigger_msgs] removing connection to /my_bag2
[rospy.internal][INFO] 2025-03-27 15:12:27,170: topic[/trigger_msgs] adding connection to [/my_bag], count 1
[rospy.internal][INFO] 2025-03-27 15:12:27,171: topic[/trigger_msgs] adding connection to [/my_bag2], count 2
[rospy.internal][INFO] 2025-03-27 15:12:43,650: topic[/trigger_msgs] removing connection to /curr_posters_19413_1743063136360
[rospy.core][INFO] 2025-03-27 15:12:54,587: signal_shutdown [atexit]
[rospy.internal][INFO] 2025-03-27 15:12:54,590: topic[/trigger_msgs] removing connection to /my_bag
[rospy.internal][INFO] 2025-03-27 15:12:54,590: topic[/trigger_msgs] removing connection to /my_bag2
[rospy.internal][INFO] 2025-03-27 15:12:54,590: topic[/rosout] removing connection to /rosout
[rospy.internal][INFO] 2025-03-27 15:12:54,590: topic[/amcl_pose] removing connection to http://localhost:38805/
[rospy.internal][WARNING] 2025-03-27 15:12:54,590: Unknown error initiating TCP/IP socket to localhost:41527 (http://localhost:38805/): Traceback (most recent call last):
  File "/opt/ros/kinetic/lib/python2.7/dist-packages/rospy/impl/tcpros_base.py", line 558, in connect
    self.read_header()
  File "/opt/ros/kinetic/lib/python2.7/dist-packages/rospy/impl/tcpros_base.py", line 651, in read_header
    self._validate_header(read_ros_handshake_header(sock, self.read_buff, self.protocol.buff_size))
AttributeError: 'NoneType' object has no attribute 'buff_size'

[rospy.topics][ERROR] 2025-03-27 15:12:54,590: Traceback (most recent call last):
  File "/opt/ros/kinetic/lib/python2.7/dist-packages/rospy/topics.py", line 326, in close
    c.close()
  File "/opt/ros/kinetic/lib/python2.7/dist-packages/rospy/impl/tcpros_base.py", line 839, in close
    self.socket.close()
AttributeError: 'NoneType' object has no attribute 'close'

[rospy.impl.masterslave][INFO] 2025-03-27 15:12:54,591: atexit
