[rospy.client][INFO] 2025-03-07 13:45:14,158: init_node, name[/triggers_30242_1741329914136], pid[30242]
[xmlrpc][INFO] 2025-03-07 13:45:14,158: XML-RPC server binding to 127.0.0.1:0
[xmlrpc][INFO] 2025-03-07 13:45:14,159: Started XML-RPC server [http://localhost:44609/]
[rospy.init][INFO] 2025-03-07 13:45:14,159: ROS Slave URI: [http://localhost:44609/]
[rospy.impl.masterslave][INFO] 2025-03-07 13:45:14,159: _ready: http://localhost:44609/
[rospy.registration][INFO] 2025-03-07 13:45:14,160: Registering with master node http://localhost:11311
[xmlrpc][INFO] 2025-03-07 13:45:14,160: xml rpc node: starting XML-RPC server
[rospy.registration][INFO] 2025-03-07 13:45:14,160: Registering publisher topic [/current_poster] type [geometry_msgs/PointStamped] with master
[rospy.registration][INFO] 2025-03-07 13:45:14,163: Registering publisher topic [/trigger_msgs] type [std_msgs/Int16] with master
[rospy.init][INFO] 2025-03-07 13:45:14,260: registered with master
[rospy.rosout][INFO] 2025-03-07 13:45:14,260: initializing /rosout core topic
[rospy.rosout][INFO] 2025-03-07 13:45:14,261: connected to core topic /rosout
[rospy.simtime][INFO] 2025-03-07 13:45:14,262: /use_sim_time is not set, will not subscribe to simulated time [/clock] topic
[rospy.internal][INFO] 2025-03-07 13:45:14,276: topic[/trigger_msgs] adding connection to [/controller_joystick], count 0
[rospy.internal][INFO] 2025-03-07 13:45:14,280: topic[/amcl_pose] adding connection to [http://localhost:39819/], count 0
[rospy.internal][INFO] 2025-03-07 13:45:14,283: topic[/trigger_msgs] adding connection to [/curr_posters_29966_1741329906377], count 1
[rosout][WARNING] 2025-03-07 13:45:14,476: Inbound TCP/IP connection failed: connection from sender terminated before handshake header received. 0 bytes were received. Please check sender for additional details.
[rospy.internal][ERROR] 2025-03-07 13:45:14,477: Inbound TCP/IP connection failed:
Traceback (most recent call last):
  File "/opt/ros/kinetic/lib/python2.7/dist-packages/rospy/impl/tcpros_base.py", line 322, in _tcp_server_callback
    header = read_ros_handshake_header(sock, StringIO(), buff_size)
  File "/opt/ros/kinetic/lib/python2.7/dist-packages/rosgraph/network.py", line 364, in read_ros_handshake_header
    raise ROSHandshakeException("connection from sender terminated before handshake header received. %s bytes were received. Please check sender for additional details."%b.tell())
ROSHandshakeException: connection from sender terminated before handshake header received. 0 bytes were received. Please check sender for additional details.

[rospy.internal][INFO] 2025-03-07 13:45:14,566: topic[/rosout] adding connection to [/rosout], count 0
[rospy.internal][INFO] 2025-03-07 13:45:14,568: topic[/trigger_msgs] adding connection to [/my_bag2], count 2
[rospy.internal][INFO] 2025-03-07 13:45:14,571: topic[/trigger_msgs] adding connection to [/my_bag], count 3
[rospy.internal][INFO] 2025-03-07 13:46:21,809: topic[/trigger_msgs] removing connection to /controller_joystick
[rospy.internal][INFO] 2025-03-07 13:46:21,809: topic[/trigger_msgs] removing connection to /curr_posters_29966_1741329906377
[rospy.internal][INFO] 2025-03-07 13:46:23,453: topic[/trigger_msgs] adding connection to [/curr_posters_31826_1741329983424], count 2
[rospy.internal][INFO] 2025-03-07 13:46:27,726: topic[/trigger_msgs] adding connection to [/controller_joystick], count 3
[rospy.internal][INFO] 2025-03-07 13:46:32,792: topic[/trigger_msgs] adding connection to [/my_bag2], count 4
[rospy.internal][INFO] 2025-03-07 13:46:32,792: topic[/trigger_msgs] removing connection to /my_bag2
[rospy.internal][INFO] 2025-03-07 13:46:32,792: topic[/trigger_msgs] removing connection to /my_bag
[rospy.internal][INFO] 2025-03-07 13:46:32,793: topic[/trigger_msgs] adding connection to [/my_bag], count 3
[rospy.internal][INFO] 2025-03-07 13:47:32,841: topic[/trigger_msgs] removing connection to /curr_posters_31826_1741329983424
[rospy.internal][INFO] 2025-03-07 13:47:32,841: topic[/trigger_msgs] removing connection to /controller_joystick
[rospy.internal][INFO] 2025-03-07 13:47:34,423: topic[/trigger_msgs] adding connection to [/curr_posters_1180_1741330054394], count 2
[rospy.internal][INFO] 2025-03-07 13:47:38,706: topic[/trigger_msgs] adding connection to [/controller_joystick], count 3
[rospy.internal][INFO] 2025-03-07 13:47:43,811: topic[/trigger_msgs] adding connection to [/my_bag], count 4
[rospy.internal][INFO] 2025-03-07 13:47:43,811: topic[/trigger_msgs] removing connection to /my_bag
[rospy.internal][INFO] 2025-03-07 13:47:43,811: topic[/trigger_msgs] removing connection to /my_bag2
[rospy.internal][INFO] 2025-03-07 13:47:43,812: topic[/trigger_msgs] adding connection to [/my_bag2], count 3
[rospy.internal][INFO] 2025-03-07 13:48:29,368: topic[/trigger_msgs] removing connection to /curr_posters_1180_1741330054394
[rospy.internal][INFO] 2025-03-07 13:48:29,368: topic[/trigger_msgs] removing connection to /controller_joystick
[rospy.internal][INFO] 2025-03-07 13:48:40,492: topic[/trigger_msgs] adding connection to [/curr_posters_3318_1741330120432], count 2
[rospy.internal][INFO] 2025-03-07 13:48:44,720: topic[/trigger_msgs] adding connection to [/controller_joystick], count 3
[rospy.internal][INFO] 2025-03-07 13:48:50,227: topic[/trigger_msgs] adding connection to [/my_bag], count 4
[rospy.internal][INFO] 2025-03-07 13:48:50,227: topic[/trigger_msgs] removing connection to /my_bag
[rospy.internal][INFO] 2025-03-07 13:48:50,228: topic[/trigger_msgs] removing connection to /my_bag2
[rospy.internal][INFO] 2025-03-07 13:48:50,329: topic[/trigger_msgs] adding connection to [/my_bag2], count 3
[rospy.internal][INFO] 2025-03-07 13:49:44,904: topic[/trigger_msgs] removing connection to /curr_posters_3318_1741330120432
[rospy.internal][INFO] 2025-03-07 13:49:44,904: topic[/trigger_msgs] removing connection to /controller_joystick
[rospy.internal][INFO] 2025-03-07 13:49:47,281: topic[/trigger_msgs] adding connection to [/curr_posters_5063_1741330187228], count 2
[rospy.internal][INFO] 2025-03-07 13:49:51,683: topic[/trigger_msgs] adding connection to [/controller_joystick], count 3
[rospy.internal][INFO] 2025-03-07 13:49:57,746: topic[/trigger_msgs] adding connection to [/my_bag2], count 4
[rospy.internal][INFO] 2025-03-07 13:49:57,746: topic[/trigger_msgs] removing connection to /my_bag2
[rospy.internal][INFO] 2025-03-07 13:49:57,746: topic[/trigger_msgs] removing connection to /my_bag
[rospy.internal][INFO] 2025-03-07 13:49:57,747: topic[/trigger_msgs] adding connection to [/my_bag], count 3
[rospy.internal][INFO] 2025-03-07 13:51:03,941: topic[/trigger_msgs] removing connection to /curr_posters_5063_1741330187228
[rospy.internal][INFO] 2025-03-07 13:51:03,941: topic[/trigger_msgs] removing connection to /controller_joystick
[rospy.core][INFO] 2025-03-07 13:51:53,281: signal_shutdown [atexit]
[rospy.internal][INFO] 2025-03-07 13:51:53,284: topic[/trigger_msgs] removing connection to /my_bag2
[rospy.internal][INFO] 2025-03-07 13:51:53,284: topic[/trigger_msgs] removing connection to /my_bag
[rospy.internal][INFO] 2025-03-07 13:51:53,284: topic[/rosout] removing connection to /rosout
[rospy.internal][INFO] 2025-03-07 13:51:53,285: topic[/amcl_pose] removing connection to http://localhost:39819/
[rospy.internal][WARNING] 2025-03-07 13:51:53,285: Unknown error initiating TCP/IP socket to localhost:53689 (http://localhost:39819/): Traceback (most recent call last):
  File "/opt/ros/kinetic/lib/python2.7/dist-packages/rospy/impl/tcpros_base.py", line 558, in connect
    self.read_header()
  File "/opt/ros/kinetic/lib/python2.7/dist-packages/rospy/impl/tcpros_base.py", line 651, in read_header
    self._validate_header(read_ros_handshake_header(sock, self.read_buff, self.protocol.buff_size))
AttributeError: 'NoneType' object has no attribute 'buff_size'

[rospy.topics][ERROR] 2025-03-07 13:51:53,286: Traceback (most recent call last):
  File "/opt/ros/kinetic/lib/python2.7/dist-packages/rospy/topics.py", line 326, in close
    c.close()
  File "/opt/ros/kinetic/lib/python2.7/dist-packages/rospy/impl/tcpros_base.py", line 839, in close
    self.socket.close()
AttributeError: 'NoneType' object has no attribute 'close'

[rospy.impl.masterslave][INFO] 2025-03-07 13:51:53,286: atexit
