[rospy.client][INFO] 2024-01-17 09:58:36,713: init_node, name[/triggers_13828_1705460316699], pid[13828]
[xmlrpc][INFO] 2024-01-17 09:58:36,713: XML-RPC server binding to 127.0.0.1:0
[xmlrpc][INFO] 2024-01-17 09:58:36,713: Started XML-RPC server [http://localhost:42513/]
[rospy.init][INFO] 2024-01-17 09:58:36,714: ROS Slave URI: [http://localhost:42513/]
[rospy.impl.masterslave][INFO] 2024-01-17 09:58:36,714: _ready: http://localhost:42513/
[xmlrpc][INFO] 2024-01-17 09:58:36,714: xml rpc node: starting XML-RPC server
[rospy.registration][INFO] 2024-01-17 09:58:36,714: Registering with master node http://localhost:11311
[rospy.registration][INFO] 2024-01-17 09:58:36,714: Registering publisher topic [/current_poster] type [geometry_msgs/PointStamped] with master
[rospy.registration][INFO] 2024-01-17 09:58:36,716: Registering publisher topic [/trigger_msgs] type [std_msgs/Int16] with master
[rospy.internal][INFO] 2024-01-17 09:58:36,771: topic[/trigger_msgs] adding connection to [/controller_joystick], count 0
[rospy.internal][INFO] 2024-01-17 09:58:36,797: topic[/trigger_msgs] adding connection to [/curr_posters_2622_1705459767096], count 1
[rospy.init][INFO] 2024-01-17 09:58:36,814: registered with master
[rospy.rosout][INFO] 2024-01-17 09:58:36,814: initializing /rosout core topic
[rospy.rosout][INFO] 2024-01-17 09:58:36,815: connected to core topic /rosout
[rospy.simtime][INFO] 2024-01-17 09:58:36,816: /use_sim_time is not set, will not subscribe to simulated time [/clock] topic
[rospy.internal][INFO] 2024-01-17 09:58:36,832: topic[/amcl_pose] adding connection to [http://localhost:39703/], count 0
[rospy.internal][INFO] 2024-01-17 09:58:36,965: topic[/current_poster] adding connection to [/rviz_1705459758894252314], count 0
[rospy.internal][INFO] 2024-01-17 09:58:37,067: topic[/trigger_msgs] adding connection to [/my_bag], count 2
[rospy.internal][INFO] 2024-01-17 09:58:37,067: topic[/trigger_msgs] adding connection to [/my_bag2], count 3
[rospy.internal][INFO] 2024-01-17 09:58:37,068: topic[/rosout] adding connection to [/rosout], count 0
[rospy.core][INFO] 2024-01-17 11:02:44,017: signal_shutdown [atexit]
[rospy.internal][INFO] 2024-01-17 11:02:44,023: topic[/current_poster] removing connection to /rviz_1705459758894252314
[rospy.internal][INFO] 2024-01-17 11:02:44,023: topic[/trigger_msgs] removing connection to /controller_joystick
[rospy.internal][INFO] 2024-01-17 11:02:44,023: topic[/trigger_msgs] removing connection to /curr_posters_2622_1705459767096
[rospy.internal][INFO] 2024-01-17 11:02:44,023: topic[/trigger_msgs] removing connection to /my_bag
[rospy.internal][INFO] 2024-01-17 11:02:44,024: topic[/trigger_msgs] removing connection to /my_bag2
[rospy.internal][INFO] 2024-01-17 11:02:44,024: topic[/rosout] removing connection to /rosout
[rospy.internal][INFO] 2024-01-17 11:02:44,024: topic[/amcl_pose] removing connection to http://localhost:39703/
[rospy.impl.masterslave][INFO] 2024-01-17 11:02:44,025: atexit
