[rospy.client][INFO] 2024-03-13 09:29:43,960: init_node, name[/triggers_9528_1710296983946], pid[9528]
[xmlrpc][INFO] 2024-03-13 09:29:43,961: XML-RPC server binding to 127.0.0.1:0
[xmlrpc][INFO] 2024-03-13 09:29:43,961: Started XML-RPC server [http://localhost:41095/]
[rospy.init][INFO] 2024-03-13 09:29:43,961: ROS Slave URI: [http://localhost:41095/]
[rospy.impl.masterslave][INFO] 2024-03-13 09:29:43,961: _ready: http://localhost:41095/
[rospy.registration][INFO] 2024-03-13 09:29:43,962: Registering with master node http://localhost:11311
[xmlrpc][INFO] 2024-03-13 09:29:43,962: xml rpc node: starting XML-RPC server
[rospy.registration][INFO] 2024-03-13 09:29:43,962: Registering publisher topic [/current_poster] type [geometry_msgs/PointStamped] with master
[rospy.registration][INFO] 2024-03-13 09:29:43,965: Registering publisher topic [/trigger_msgs] type [std_msgs/Int16] with master
[rospy.init][INFO] 2024-03-13 09:29:44,061: registered with master
[rospy.rosout][INFO] 2024-03-13 09:29:44,062: initializing /rosout core topic
[rospy.rosout][INFO] 2024-03-13 09:29:44,062: connected to core topic /rosout
[rospy.simtime][INFO] 2024-03-13 09:29:44,063: /use_sim_time is not set, will not subscribe to simulated time [/clock] topic
[rospy.internal][INFO] 2024-03-13 09:29:44,074: topic[/trigger_msgs] adding connection to [/curr_posters_2312_1710296651854], count 0
[rospy.internal][INFO] 2024-03-13 09:29:44,082: topic[/amcl_pose] adding connection to [http://localhost:44067/], count 0
[rospy.internal][INFO] 2024-03-13 09:29:44,085: topic[/trigger_msgs] adding connection to [/controller_joystick], count 1
[rospy.internal][INFO] 2024-03-13 09:29:44,262: topic[/current_poster] adding connection to [/rviz_1710296654332725574], count 0
[rospy.internal][INFO] 2024-03-13 09:29:44,364: topic[/trigger_msgs] adding connection to [/my_bag2], count 2
[rospy.internal][INFO] 2024-03-13 09:29:44,365: topic[/rosout] adding connection to [/rosout], count 0
[rospy.internal][INFO] 2024-03-13 09:29:44,365: topic[/trigger_msgs] adding connection to [/my_bag], count 3
[rospy.core][INFO] 2024-03-13 11:32:36,877: signal_shutdown [atexit]
[rospy.internal][INFO] 2024-03-13 11:32:36,881: topic[/current_poster] removing connection to /rviz_1710296654332725574
[rospy.internal][INFO] 2024-03-13 11:32:36,882: topic[/trigger_msgs] removing connection to /curr_posters_2312_1710296651854
[rospy.internal][INFO] 2024-03-13 11:32:36,882: topic[/trigger_msgs] removing connection to /controller_joystick
[rospy.internal][INFO] 2024-03-13 11:32:36,882: topic[/trigger_msgs] removing connection to /my_bag2
[rospy.internal][INFO] 2024-03-13 11:32:36,882: topic[/trigger_msgs] removing connection to /my_bag
[rospy.internal][INFO] 2024-03-13 11:32:36,883: topic[/rosout] removing connection to /rosout
[rospy.internal][INFO] 2024-03-13 11:32:36,883: topic[/amcl_pose] removing connection to http://localhost:44067/
[rospy.impl.masterslave][INFO] 2024-03-13 11:32:36,883: atexit
