[rospy.client][INFO] 2023-10-10 11:00:54,845: init_node, name[/triggers_3900_1696910454828], pid[3900]
[xmlrpc][INFO] 2023-10-10 11:00:54,845: XML-RPC server binding to 127.0.0.1:0
[xmlrpc][INFO] 2023-10-10 11:00:54,845: Started XML-RPC server [http://localhost:42007/]
[rospy.init][INFO] 2023-10-10 11:00:54,846: ROS Slave URI: [http://localhost:42007/]
[rospy.impl.masterslave][INFO] 2023-10-10 11:00:54,846: _ready: http://localhost:42007/
[rospy.registration][INFO] 2023-10-10 11:00:54,846: Registering with master node http://localhost:11311
[xmlrpc][INFO] 2023-10-10 11:00:54,846: xml rpc node: starting XML-RPC server
[rospy.registration][INFO] 2023-10-10 11:00:54,847: Registering publisher topic [/current_poster] type [geometry_msgs/PointStamped] with master
[rospy.registration][INFO] 2023-10-10 11:00:54,849: Registering publisher topic [/trigger_msgs] type [std_msgs/Int16] with master
[rospy.internal][INFO] 2023-10-10 11:00:54,924: topic[/trigger_msgs] adding connection to [/controller_joystick], count 0
[rospy.init][INFO] 2023-10-10 11:00:54,946: registered with master
[rospy.rosout][INFO] 2023-10-10 11:00:54,946: initializing /rosout core topic
[rospy.rosout][INFO] 2023-10-10 11:00:54,947: connected to core topic /rosout
[rospy.simtime][INFO] 2023-10-10 11:00:54,948: /use_sim_time is not set, will not subscribe to simulated time [/clock] topic
[rospy.internal][INFO] 2023-10-10 11:00:54,952: topic[/trigger_msgs] adding connection to [/curr_posters_2955_1696905637529], count 1
[rospy.internal][INFO] 2023-10-10 11:00:54,964: topic[/amcl_pose] adding connection to [http://localhost:46005/], count 0
[rospy.internal][INFO] 2023-10-10 11:00:55,120: topic[/current_poster] adding connection to [/rviz_1696905630988752716], count 0
[rospy.internal][INFO] 2023-10-10 11:00:55,222: topic[/trigger_msgs] adding connection to [/my_bag], count 2
[rospy.internal][INFO] 2023-10-10 11:00:55,223: topic[/rosout] adding connection to [/rosout], count 0
[rospy.internal][INFO] 2023-10-10 11:00:55,223: topic[/trigger_msgs] adding connection to [/my_bag2], count 3
[rospy.core][INFO] 2023-10-10 11:41:14,875: signal_shutdown [atexit]
[rospy.internal][INFO] 2023-10-10 11:41:14,878: topic[/current_poster] removing connection to /rviz_1696905630988752716
[rospy.internal][INFO] 2023-10-10 11:41:14,878: topic[/trigger_msgs] removing connection to /controller_joystick
[rospy.internal][INFO] 2023-10-10 11:41:14,878: topic[/trigger_msgs] removing connection to /curr_posters_2955_1696905637529
[rospy.internal][INFO] 2023-10-10 11:41:14,878: topic[/trigger_msgs] removing connection to /my_bag
[rospy.internal][INFO] 2023-10-10 11:41:14,878: topic[/trigger_msgs] removing connection to /my_bag2
[rospy.internal][INFO] 2023-10-10 11:41:14,879: topic[/rosout] removing connection to /rosout
[rospy.internal][INFO] 2023-10-10 11:41:14,879: topic[/amcl_pose] removing connection to http://localhost:46005/
[rospy.internal][WARNING] 2023-10-10 11:41:14,879: Unknown error initiating TCP/IP socket to localhost:34151 (http://localhost:46005/): Traceback (most recent call last):
  File "/opt/ros/kinetic/lib/python2.7/dist-packages/rospy/impl/tcpros_base.py", line 558, in connect
    self.read_header()
  File "/opt/ros/kinetic/lib/python2.7/dist-packages/rospy/impl/tcpros_base.py", line 651, in read_header
    self._validate_header(read_ros_handshake_header(sock, self.read_buff, self.protocol.buff_size))
AttributeError: 'NoneType' object has no attribute 'buff_size'

[rospy.topics][ERROR] 2023-10-10 11:41:14,894: Traceback (most recent call last):
  File "/opt/ros/kinetic/lib/python2.7/dist-packages/rospy/topics.py", line 326, in close
    c.close()
  File "/opt/ros/kinetic/lib/python2.7/dist-packages/rospy/impl/tcpros_base.py", line 839, in close
    self.socket.close()
AttributeError: 'NoneType' object has no attribute 'close'

[rospy.impl.masterslave][INFO] 2023-10-10 11:41:14,894: atexit
