[rospy.client][INFO] 2025-04-25 14:21:50,132: init_node, name[/triggers_18443_1745565710101], pid[18443]
[xmlrpc][INFO] 2025-04-25 14:21:50,132: XML-RPC server binding to 127.0.0.1:0
[xmlrpc][INFO] 2025-04-25 14:21:50,133: Started XML-RPC server [http://localhost:39057/]
[rospy.init][INFO] 2025-04-25 14:21:50,134: ROS Slave URI: [http://localhost:39057/]
[rospy.impl.masterslave][INFO] 2025-04-25 14:21:50,134: _ready: http://localhost:39057/
[xmlrpc][INFO] 2025-04-25 14:21:50,134: xml rpc node: starting XML-RPC server
[rospy.registration][INFO] 2025-04-25 14:21:50,135: Registering with master node http://localhost:11311
[rospy.registration][INFO] 2025-04-25 14:21:50,135: Registering publisher topic [/current_poster] type [geometry_msgs/PointStamped] with master
[rospy.registration][INFO] 2025-04-25 14:21:50,137: Registering publisher topic [/trigger_msgs] type [std_msgs/Int16] with master
[rospy.internal][INFO] 2025-04-25 14:21:50,217: topic[/trigger_msgs] adding connection to [/curr_posters_18138_1745565700904], count 0
[rospy.init][INFO] 2025-04-25 14:21:50,234: registered with master
[rospy.rosout][INFO] 2025-04-25 14:21:50,234: initializing /rosout core topic
[rospy.rosout][INFO] 2025-04-25 14:21:50,236: connected to core topic /rosout
[rospy.simtime][INFO] 2025-04-25 14:21:50,238: /use_sim_time is not set, will not subscribe to simulated time [/clock] topic
[rospy.internal][INFO] 2025-04-25 14:21:50,253: topic[/amcl_pose] adding connection to [http://localhost:39275/], count 0
[rospy.internal][INFO] 2025-04-25 14:21:50,506: topic[/trigger_msgs] adding connection to [/my_bag2], count 1
[rospy.internal][INFO] 2025-04-25 14:21:50,507: topic[/rosout] adding connection to [/rosout], count 0
[rospy.internal][INFO] 2025-04-25 14:21:50,507: topic[/trigger_msgs] adding connection to [/my_bag], count 2
[rospy.internal][INFO] 2025-04-25 14:24:22,820: topic[/trigger_msgs] removing connection to /curr_posters_18138_1745565700904
[rospy.internal][INFO] 2025-04-25 14:25:40,393: topic[/trigger_msgs] adding connection to [/curr_posters_23599_1745565940362], count 2
[rospy.internal][INFO] 2025-04-25 14:25:49,121: topic[/trigger_msgs] adding connection to [/my_bag2], count 3
[rospy.internal][INFO] 2025-04-25 14:25:49,121: topic[/trigger_msgs] removing connection to /my_bag2
[rospy.internal][INFO] 2025-04-25 14:25:49,121: topic[/trigger_msgs] removing connection to /my_bag
[rospy.internal][INFO] 2025-04-25 14:25:49,122: topic[/trigger_msgs] adding connection to [/my_bag], count 2
[rospy.internal][INFO] 2025-04-25 14:29:47,461: topic[/trigger_msgs] removing connection to /curr_posters_23599_1745565940362
[rospy.internal][INFO] 2025-04-25 14:29:48,251: topic[/trigger_msgs] adding connection to [/curr_posters_29140_1745566188221], count 2
[rospy.internal][INFO] 2025-04-25 14:29:52,535: topic[/trigger_msgs] adding connection to [/controller_joystick], count 3
[rospy.internal][INFO] 2025-04-25 14:29:57,465: topic[/trigger_msgs] removing connection to /my_bag2
[rospy.internal][INFO] 2025-04-25 14:30:09,471: topic[/trigger_msgs] removing connection to /my_bag
[rospy.internal][INFO] 2025-04-25 14:30:20,184: topic[/trigger_msgs] adding connection to [/my_bag], count 2
[rospy.internal][INFO] 2025-04-25 14:30:20,285: topic[/trigger_msgs] adding connection to [/my_bag2], count 3
[rospy.internal][INFO] 2025-04-25 14:30:43,486: topic[/trigger_msgs] removing connection to /curr_posters_29140_1745566188221
[rospy.internal][INFO] 2025-04-25 14:30:43,486: topic[/trigger_msgs] removing connection to /controller_joystick
[rospy.internal][INFO] 2025-04-25 14:31:14,305: topic[/trigger_msgs] adding connection to [/curr_posters_32224_1745566274278], count 2
[rospy.internal][INFO] 2025-04-25 14:31:18,632: topic[/trigger_msgs] adding connection to [/controller_joystick], count 3
[rospy.internal][INFO] 2025-04-25 14:31:23,690: topic[/trigger_msgs] adding connection to [/my_bag2], count 4
[rospy.internal][INFO] 2025-04-25 14:31:23,690: topic[/trigger_msgs] removing connection to /my_bag2
[rospy.internal][INFO] 2025-04-25 14:31:23,690: topic[/trigger_msgs] removing connection to /my_bag
[rospy.internal][INFO] 2025-04-25 14:31:23,691: topic[/trigger_msgs] adding connection to [/my_bag], count 3
[rospy.internal][INFO] 2025-04-25 14:34:09,074: topic[/trigger_msgs] removing connection to /curr_posters_32224_1745566274278
[rospy.internal][INFO] 2025-04-25 14:34:09,075: topic[/trigger_msgs] removing connection to /controller_joystick
[rospy.internal][INFO] 2025-04-25 14:34:10,621: topic[/trigger_msgs] adding connection to [/curr_posters_4115_1745566450587], count 2
[rospy.internal][INFO] 2025-04-25 14:34:15,019: topic[/trigger_msgs] adding connection to [/controller_joystick], count 3
[rospy.internal][INFO] 2025-04-25 14:34:19,842: topic[/trigger_msgs] adding connection to [/my_bag], count 4
[rospy.internal][INFO] 2025-04-25 14:34:19,843: topic[/trigger_msgs] removing connection to /my_bag
[rospy.internal][INFO] 2025-04-25 14:34:19,843: topic[/trigger_msgs] removing connection to /my_bag2
[rospy.internal][INFO] 2025-04-25 14:34:19,848: topic[/trigger_msgs] adding connection to [/my_bag2], count 3
[rospy.internal][INFO] 2025-04-25 14:43:48,828: topic[/trigger_msgs] removing connection to /curr_posters_4115_1745566450587
[rospy.internal][INFO] 2025-04-25 14:43:48,829: topic[/trigger_msgs] removing connection to /controller_joystick
[rospy.internal][INFO] 2025-04-25 14:43:50,247: topic[/trigger_msgs] adding connection to [/curr_posters_16663_1745567030204], count 2
[rospy.core][INFO] 2025-04-25 14:43:51,279: signal_shutdown [atexit]
[rospy.internal][INFO] 2025-04-25 14:43:51,282: topic[/trigger_msgs] removing connection to /my_bag
[rospy.internal][INFO] 2025-04-25 14:43:51,283: topic[/trigger_msgs] removing connection to /my_bag2
[rospy.internal][INFO] 2025-04-25 14:43:51,283: topic[/trigger_msgs] removing connection to /curr_posters_16663_1745567030204
[rospy.internal][INFO] 2025-04-25 14:43:51,283: topic[/rosout] removing connection to /rosout
[rospy.internal][INFO] 2025-04-25 14:43:51,283: topic[/amcl_pose] removing connection to http://localhost:39275/
[rospy.internal][WARNING] 2025-04-25 14:43:51,284: Unknown error initiating TCP/IP socket to localhost:53509 (http://localhost:39275/): Traceback (most recent call last):
  File "/opt/ros/kinetic/lib/python2.7/dist-packages/rospy/impl/tcpros_base.py", line 558, in connect
    self.read_header()
  File "/opt/ros/kinetic/lib/python2.7/dist-packages/rospy/impl/tcpros_base.py", line 651, in read_header
    self._validate_header(read_ros_handshake_header(sock, self.read_buff, self.protocol.buff_size))
AttributeError: 'NoneType' object has no attribute 'buff_size'

[rospy.topics][ERROR] 2025-04-25 14:43:51,285: Traceback (most recent call last):
  File "/opt/ros/kinetic/lib/python2.7/dist-packages/rospy/topics.py", line 326, in close
    c.close()
  File "/opt/ros/kinetic/lib/python2.7/dist-packages/rospy/impl/tcpros_base.py", line 839, in close
    self.socket.close()
AttributeError: 'NoneType' object has no attribute 'close'

[rospy.impl.masterslave][INFO] 2025-04-25 14:43:51,285: atexit
