[rospy.client][INFO] 2025-04-25 14:34:19,352: init_node, name[/triggers_4467_1745566459327], pid[4467]
[xmlrpc][INFO] 2025-04-25 14:34:19,352: XML-RPC server binding to 127.0.0.1:0
[xmlrpc][INFO] 2025-04-25 14:34:19,353: Started XML-RPC server [http://localhost:45307/]
[rospy.init][INFO] 2025-04-25 14:34:19,353: ROS Slave URI: [http://localhost:45307/]
[rospy.impl.masterslave][INFO] 2025-04-25 14:34:19,353: _ready: http://localhost:45307/
[rospy.registration][INFO] 2025-04-25 14:34:19,354: Registering with master node http://localhost:11311
[xmlrpc][INFO] 2025-04-25 14:34:19,354: xml rpc node: starting XML-RPC server
[rospy.registration][INFO] 2025-04-25 14:34:19,354: Registering publisher topic [/current_poster] type [geometry_msgs/PointStamped] with master
[rospy.registration][INFO] 2025-04-25 14:34:19,356: Registering publisher topic [/trigger_msgs] type [std_msgs/Int16] with master
[rospy.internal][INFO] 2025-04-25 14:34:19,445: topic[/trigger_msgs] adding connection to [/curr_posters_4115_1745566450587], count 0
[rospy.init][INFO] 2025-04-25 14:34:19,453: registered with master
[rospy.rosout][INFO] 2025-04-25 14:34:19,454: initializing /rosout core topic
[rospy.rosout][INFO] 2025-04-25 14:34:19,455: connected to core topic /rosout
[rospy.internal][INFO] 2025-04-25 14:34:19,456: topic[/trigger_msgs] adding connection to [/controller_joystick], count 1
[rospy.simtime][INFO] 2025-04-25 14:34:19,457: /use_sim_time is not set, will not subscribe to simulated time [/clock] topic
[rospy.internal][INFO] 2025-04-25 14:34:19,472: topic[/amcl_pose] adding connection to [http://localhost:39275/], count 0
[rospy.internal][INFO] 2025-04-25 14:34:19,625: topic[/trigger_msgs] adding connection to [/my_bag], count 2
[rospy.internal][INFO] 2025-04-25 14:34:19,628: topic[/trigger_msgs] adding connection to [/my_bag2], count 3
[rospy.internal][INFO] 2025-04-25 14:34:19,738: topic[/rosout] adding connection to [/rosout], count 0
[rospy.internal][INFO] 2025-04-25 14:34:19,842: topic[/trigger_msgs] adding connection to [/my_bag], count 4
[rospy.internal][INFO] 2025-04-25 14:34:19,843: topic[/trigger_msgs] removing connection to /my_bag
[rospy.internal][INFO] 2025-04-25 14:34:19,843: topic[/trigger_msgs] removing connection to /my_bag2
[rospy.internal][INFO] 2025-04-25 14:34:19,848: topic[/trigger_msgs] adding connection to [/my_bag2], count 3
[rospy.internal][INFO] 2025-04-25 14:43:48,721: topic[/trigger_msgs] removing connection to /curr_posters_4115_1745566450587
[rospy.internal][INFO] 2025-04-25 14:43:48,722: topic[/trigger_msgs] removing connection to /controller_joystick
[rospy.internal][INFO] 2025-04-25 14:43:50,248: topic[/trigger_msgs] adding connection to [/curr_posters_16663_1745567030204], count 2
[rospy.internal][INFO] 2025-04-25 14:43:54,420: topic[/trigger_msgs] adding connection to [/controller_joystick], count 3
[rospy.internal][INFO] 2025-04-25 14:43:58,799: topic[/trigger_msgs] adding connection to [/my_bag], count 4
[rospy.internal][INFO] 2025-04-25 14:43:58,800: topic[/trigger_msgs] removing connection to /my_bag
[rospy.internal][INFO] 2025-04-25 14:43:58,801: topic[/trigger_msgs] removing connection to /my_bag2
[rospy.internal][INFO] 2025-04-25 14:43:58,900: topic[/trigger_msgs] adding connection to [/my_bag2], count 3
[rospy.internal][INFO] 2025-04-25 14:45:14,761: topic[/trigger_msgs] removing connection to /curr_posters_16663_1745567030204
[rospy.internal][INFO] 2025-04-25 14:45:14,761: topic[/trigger_msgs] removing connection to /controller_joystick
[rospy.internal][INFO] 2025-04-25 14:45:15,487: topic[/trigger_msgs] adding connection to [/curr_posters_18873_1745567115436], count 2
[rospy.internal][INFO] 2025-04-25 14:45:19,799: topic[/trigger_msgs] adding connection to [/controller_joystick], count 3
[rospy.internal][INFO] 2025-04-25 14:45:22,765: topic[/trigger_msgs] removing connection to /my_bag2
[rospy.internal][INFO] 2025-04-25 14:45:23,840: topic[/trigger_msgs] adding connection to [/my_bag2], count 3
[rospy.internal][INFO] 2025-04-25 14:45:23,842: topic[/trigger_msgs] adding connection to [/my_bag], count 4
[rospy.internal][INFO] 2025-04-25 14:45:23,842: topic[/trigger_msgs] removing connection to /my_bag
[rospy.internal][INFO] 2025-04-25 14:48:01,841: topic[/trigger_msgs] removing connection to /controller_joystick
[rospy.internal][INFO] 2025-04-25 14:49:31,380: topic[/trigger_msgs] removing connection to /curr_posters_18873_1745567115436
[rospy.internal][INFO] 2025-04-25 14:49:33,006: topic[/trigger_msgs] adding connection to [/curr_posters_24900_1745567372968], count 2
[rospy.internal][INFO] 2025-04-25 14:49:37,738: topic[/trigger_msgs] adding connection to [/controller_joystick], count 3
[rospy.internal][INFO] 2025-04-25 14:49:43,123: topic[/trigger_msgs] adding connection to [/my_bag2], count 4
[rospy.internal][INFO] 2025-04-25 14:49:43,124: topic[/trigger_msgs] removing connection to /my_bag2
[rospy.internal][INFO] 2025-04-25 14:49:43,124: topic[/trigger_msgs] removing connection to /my_bag
[rospy.internal][INFO] 2025-04-25 14:49:43,125: topic[/trigger_msgs] adding connection to [/my_bag], count 3
[rospy.internal][INFO] 2025-04-25 14:56:38,120: topic[/trigger_msgs] removing connection to /curr_posters_24900_1745567372968
[rospy.internal][INFO] 2025-04-25 14:56:38,121: topic[/trigger_msgs] removing connection to /controller_joystick
[rospy.internal][INFO] 2025-04-25 14:56:39,592: topic[/trigger_msgs] adding connection to [/curr_posters_2184_1745567799534], count 2
[rospy.internal][INFO] 2025-04-25 14:56:44,021: topic[/trigger_msgs] adding connection to [/controller_joystick], count 3
[rospy.internal][INFO] 2025-04-25 14:56:47,126: topic[/trigger_msgs] removing connection to /my_bag2
[rospy.internal][INFO] 2025-04-25 14:56:47,126: topic[/trigger_msgs] removing connection to /my_bag
[rospy.internal][INFO] 2025-04-25 14:56:48,337: topic[/trigger_msgs] adding connection to [/my_bag], count 2
[rospy.internal][INFO] 2025-04-25 14:56:48,337: topic[/trigger_msgs] adding connection to [/my_bag2], count 3
[rospy.internal][INFO] 2025-04-25 14:57:32,649: topic[/trigger_msgs] removing connection to /curr_posters_2184_1745567799534
[rospy.internal][INFO] 2025-04-25 14:57:32,650: topic[/trigger_msgs] removing connection to /controller_joystick
[rospy.internal][INFO] 2025-04-25 14:57:35,798: topic[/trigger_msgs] adding connection to [/curr_posters_3917_1745567855728], count 2
[rospy.internal][INFO] 2025-04-25 14:57:39,910: topic[/trigger_msgs] adding connection to [/controller_joystick], count 3
[rospy.internal][INFO] 2025-04-25 14:57:45,058: topic[/trigger_msgs] adding connection to [/my_bag2], count 4
[rospy.internal][INFO] 2025-04-25 14:57:45,058: topic[/trigger_msgs] removing connection to /my_bag2
[rospy.internal][INFO] 2025-04-25 14:57:45,274: topic[/trigger_msgs] adding connection to [/my_bag], count 4
[rospy.internal][INFO] 2025-04-25 14:57:45,275: topic[/trigger_msgs] removing connection to /my_bag
[rospy.internal][INFO] 2025-04-25 14:59:31,212: topic[/trigger_msgs] removing connection to /curr_posters_3917_1745567855728
[rospy.internal][INFO] 2025-04-25 14:59:31,212: topic[/trigger_msgs] removing connection to /controller_joystick
[rospy.internal][INFO] 2025-04-25 14:59:32,556: topic[/trigger_msgs] adding connection to [/curr_posters_6773_1745567972475], count 2
[rospy.internal][INFO] 2025-04-25 14:59:36,873: topic[/trigger_msgs] adding connection to [/controller_joystick], count 3
[rospy.internal][INFO] 2025-04-25 14:59:42,505: topic[/trigger_msgs] adding connection to [/my_bag], count 4
[rospy.internal][INFO] 2025-04-25 14:59:42,505: topic[/trigger_msgs] removing connection to /my_bag
[rospy.internal][INFO] 2025-04-25 14:59:42,818: topic[/trigger_msgs] adding connection to [/my_bag2], count 4
[rospy.internal][INFO] 2025-04-25 14:59:42,818: topic[/trigger_msgs] removing connection to /my_bag2
[rospy.internal][INFO] 2025-04-25 15:02:29,778: topic[/trigger_msgs] removing connection to /curr_posters_6773_1745567972475
[rospy.internal][INFO] 2025-04-25 15:02:29,778: topic[/trigger_msgs] removing connection to /controller_joystick
[rospy.internal][INFO] 2025-04-25 15:02:31,494: topic[/trigger_msgs] adding connection to [/curr_posters_10898_1745568151392], count 2
[rospy.internal][INFO] 2025-04-25 15:02:35,902: topic[/trigger_msgs] adding connection to [/controller_joystick], count 3
[rospy.internal][INFO] 2025-04-25 15:02:43,198: topic[/trigger_msgs] adding connection to [/my_bag2], count 4
[rospy.internal][INFO] 2025-04-25 15:02:43,199: topic[/trigger_msgs] removing connection to /my_bag2
[rospy.internal][INFO] 2025-04-25 15:02:43,199: topic[/trigger_msgs] removing connection to /my_bag
[rospy.internal][INFO] 2025-04-25 15:02:43,201: topic[/trigger_msgs] adding connection to [/my_bag], count 3
[rospy.internal][INFO] 2025-04-25 15:05:36,442: topic[/trigger_msgs] removing connection to /curr_posters_10898_1745568151392
[rospy.internal][INFO] 2025-04-25 15:05:36,443: topic[/trigger_msgs] removing connection to /controller_joystick
[rospy.internal][INFO] 2025-04-25 15:05:38,453: topic[/trigger_msgs] adding connection to [/curr_posters_15279_1745568338378], count 2
[rospy.internal][INFO] 2025-04-25 15:05:42,834: topic[/trigger_msgs] adding connection to [/controller_joystick], count 3
[rospy.internal][INFO] 2025-04-25 15:05:50,648: topic[/trigger_msgs] adding connection to [/my_bag2], count 4
[rospy.internal][INFO] 2025-04-25 15:05:50,648: topic[/trigger_msgs] removing connection to /my_bag2
[rospy.internal][INFO] 2025-04-25 15:05:50,929: topic[/trigger_msgs] adding connection to [/my_bag], count 4
[rospy.internal][INFO] 2025-04-25 15:05:50,930: topic[/trigger_msgs] removing connection to /my_bag
[rospy.internal][INFO] 2025-04-25 15:08:28,291: topic[/trigger_msgs] removing connection to /curr_posters_15279_1745568338378
[rospy.internal][INFO] 2025-04-25 15:08:28,291: topic[/trigger_msgs] removing connection to /controller_joystick
[rospy.internal][INFO] 2025-04-25 15:08:30,911: topic[/trigger_msgs] adding connection to [/curr_posters_19320_1745568510550], count 2
[rospy.internal][INFO] 2025-04-25 15:08:34,751: topic[/trigger_msgs] adding connection to [/controller_joystick], count 3
[rospy.internal][INFO] 2025-04-25 15:08:46,048: topic[/trigger_msgs] adding connection to [/my_bag], count 4
[rospy.internal][INFO] 2025-04-25 15:08:46,049: topic[/trigger_msgs] removing connection to /my_bag
[rospy.internal][INFO] 2025-04-25 15:08:46,274: topic[/trigger_msgs] adding connection to [/my_bag2], count 4
[rospy.internal][INFO] 2025-04-25 15:08:46,274: topic[/trigger_msgs] removing connection to /my_bag2
[rospy.internal][INFO] 2025-04-25 15:14:48,935: topic[/trigger_msgs] adding connection to [/controller_joystick], count 4
[rospy.internal][INFO] 2025-04-25 15:14:48,936: topic[/trigger_msgs] removing connection to /controller_joystick
[rospy.internal][INFO] 2025-04-25 15:14:48,999: topic[/trigger_msgs] removing connection to /controller_joystick
[rospy.internal][INFO] 2025-04-25 15:14:49,499: topic[/trigger_msgs] removing connection to /curr_posters_19320_1745568510550
[rospy.internal][INFO] 2025-04-25 15:15:20,512: topic[/trigger_msgs] removing connection to /my_bag
[rospy.internal][INFO] 2025-04-25 15:15:20,512: topic[/trigger_msgs] removing connection to /my_bag2
[rospy.core][INFO] 2025-04-25 15:16:09,625: signal_shutdown [atexit]
[rospy.internal][INFO] 2025-04-25 15:16:09,628: topic[/rosout] removing connection to /rosout
[rospy.internal][INFO] 2025-04-25 15:16:09,628: topic[/amcl_pose] removing connection to http://localhost:39275/
[rospy.internal][WARNING] 2025-04-25 15:16:09,629: Unknown error initiating TCP/IP socket to localhost:53509 (http://localhost:39275/): Traceback (most recent call last):
  File "/opt/ros/kinetic/lib/python2.7/dist-packages/rospy/impl/tcpros_base.py", line 558, in connect
    self.read_header()
  File "/opt/ros/kinetic/lib/python2.7/dist-packages/rospy/impl/tcpros_base.py", line 651, in read_header
    self._validate_header(read_ros_handshake_header(sock, self.read_buff, self.protocol.buff_size))
AttributeError: 'NoneType' object has no attribute 'buff_size'

[rospy.topics][ERROR] 2025-04-25 15:16:09,629: Traceback (most recent call last):
  File "/opt/ros/kinetic/lib/python2.7/dist-packages/rospy/topics.py", line 326, in close
    c.close()
  File "/opt/ros/kinetic/lib/python2.7/dist-packages/rospy/impl/tcpros_base.py", line 839, in close
    self.socket.close()
AttributeError: 'NoneType' object has no attribute 'close'

[rospy.impl.masterslave][INFO] 2025-04-25 15:16:09,630: atexit
