[rospy.client][INFO] 2023-09-25 09:47:03,493: init_node, name[/triggers_13348_1695610023479], pid[13348]
[xmlrpc][INFO] 2023-09-25 09:47:03,493: XML-RPC server binding to 127.0.0.1:0
[xmlrpc][INFO] 2023-09-25 09:47:03,494: Started XML-RPC server [http://localhost:43797/]
[rospy.init][INFO] 2023-09-25 09:47:03,494: ROS Slave URI: [http://localhost:43797/]
[rospy.impl.masterslave][INFO] 2023-09-25 09:47:03,494: _ready: http://localhost:43797/
[rospy.registration][INFO] 2023-09-25 09:47:03,494: Registering with master node http://localhost:11311
[xmlrpc][INFO] 2023-09-25 09:47:03,494: xml rpc node: starting XML-RPC server
[rospy.registration][INFO] 2023-09-25 09:47:03,495: Registering publisher topic [/current_poster] type [geometry_msgs/PointStamped] with master
[rospy.registration][INFO] 2023-09-25 09:47:03,496: Registering publisher topic [/trigger_msgs] type [std_msgs/Int16] with master
[rospy.internal][INFO] 2023-09-25 09:47:03,593: topic[/trigger_msgs] adding connection to [/curr_posters_11234_1695609923016], count 0
[rospy.init][INFO] 2023-09-25 09:47:03,594: registered with master
[rospy.rosout][INFO] 2023-09-25 09:47:03,594: initializing /rosout core topic
[rospy.rosout][INFO] 2023-09-25 09:47:03,595: connected to core topic /rosout
[rospy.simtime][INFO] 2023-09-25 09:47:03,596: /use_sim_time is not set, will not subscribe to simulated time [/clock] topic
[rospy.internal][INFO] 2023-09-25 09:47:03,612: topic[/amcl_pose] adding connection to [http://localhost:37173/], count 0
[rospy.internal][INFO] 2023-09-25 09:47:03,628: topic[/trigger_msgs] adding connection to [/controller_joystick], count 1
[rospy.internal][INFO] 2023-09-25 09:47:03,780: topic[/current_poster] adding connection to [/rviz_1695609523019345280], count 0
[rospy.internal][INFO] 2023-09-25 09:47:03,885: topic[/trigger_msgs] adding connection to [/my_bag2], count 2
[rospy.internal][INFO] 2023-09-25 09:47:03,886: topic[/rosout] adding connection to [/rosout], count 0
[rospy.internal][INFO] 2023-09-25 09:47:03,887: topic[/trigger_msgs] adding connection to [/my_bag], count 3
[rospy.internal][INFO] 2023-09-25 11:32:10,348: topic[/trigger_msgs] removing connection to /my_bag
[rospy.core][INFO] 2023-09-25 11:32:10,546: signal_shutdown [atexit]
[rospy.internal][INFO] 2023-09-25 11:32:10,550: topic[/current_poster] removing connection to /rviz_1695609523019345280
[rospy.internal][INFO] 2023-09-25 11:32:10,551: topic[/trigger_msgs] removing connection to /curr_posters_11234_1695609923016
[rospy.internal][INFO] 2023-09-25 11:32:10,551: topic[/trigger_msgs] removing connection to /controller_joystick
[rospy.internal][INFO] 2023-09-25 11:32:10,551: topic[/trigger_msgs] removing connection to /my_bag2
[rospy.internal][INFO] 2023-09-25 11:32:10,552: topic[/rosout] removing connection to /rosout
[rospy.internal][INFO] 2023-09-25 11:32:10,552: topic[/amcl_pose] removing connection to http://localhost:37173/
[rospy.impl.masterslave][INFO] 2023-09-25 11:32:10,552: atexit
