[rospy.client][INFO] 2025-04-03 14:34:55,155: init_node, name[/triggers_23726_1743665695135], pid[23726]
[xmlrpc][INFO] 2025-04-03 14:34:55,156: XML-RPC server binding to 127.0.0.1:0
[xmlrpc][INFO] 2025-04-03 14:34:55,156: Started XML-RPC server [http://localhost:35361/]
[rospy.init][INFO] 2025-04-03 14:34:55,157: ROS Slave URI: [http://localhost:35361/]
[rospy.impl.masterslave][INFO] 2025-04-03 14:34:55,157: _ready: http://localhost:35361/
[rospy.registration][INFO] 2025-04-03 14:34:55,158: Registering with master node http://localhost:11311
[xmlrpc][INFO] 2025-04-03 14:34:55,158: xml rpc node: starting XML-RPC server
[rospy.registration][INFO] 2025-04-03 14:34:55,158: Registering publisher topic [/current_poster] type [geometry_msgs/PointStamped] with master
[rospy.registration][INFO] 2025-04-03 14:34:55,161: Registering publisher topic [/trigger_msgs] type [std_msgs/Int16] with master
[rospy.init][INFO] 2025-04-03 14:34:55,257: registered with master
[rospy.rosout][INFO] 2025-04-03 14:34:55,257: initializing /rosout core topic
[rospy.rosout][INFO] 2025-04-03 14:34:55,260: connected to core topic /rosout
[rospy.simtime][INFO] 2025-04-03 14:34:55,261: /use_sim_time is not set, will not subscribe to simulated time [/clock] topic
[rospy.internal][INFO] 2025-04-03 14:34:55,277: topic[/amcl_pose] adding connection to [http://localhost:37533/], count 0
[rospy.internal][INFO] 2025-04-03 14:34:55,292: topic[/trigger_msgs] adding connection to [/controller_joystick], count 0
[rospy.internal][INFO] 2025-04-03 14:34:55,296: topic[/trigger_msgs] adding connection to [/curr_posters_23175_1743665674385], count 1
[rosout][WARNING] 2025-04-03 14:34:55,474: Inbound TCP/IP connection failed: connection from sender terminated before handshake header received. 0 bytes were received. Please check sender for additional details.
[rospy.internal][ERROR] 2025-04-03 14:34:55,476: Inbound TCP/IP connection failed:
Traceback (most recent call last):
  File "/opt/ros/kinetic/lib/python2.7/dist-packages/rospy/impl/tcpros_base.py", line 322, in _tcp_server_callback
    header = read_ros_handshake_header(sock, StringIO(), buff_size)
  File "/opt/ros/kinetic/lib/python2.7/dist-packages/rosgraph/network.py", line 364, in read_ros_handshake_header
    raise ROSHandshakeException("connection from sender terminated before handshake header received. %s bytes were received. Please check sender for additional details."%b.tell())
ROSHandshakeException: connection from sender terminated before handshake header received. 0 bytes were received. Please check sender for additional details.

[rospy.internal][INFO] 2025-04-03 14:34:55,567: topic[/trigger_msgs] adding connection to [/my_bag2], count 2
[rospy.internal][INFO] 2025-04-03 14:34:55,569: topic[/rosout] adding connection to [/rosout], count 0
[rospy.internal][INFO] 2025-04-03 14:34:55,570: topic[/trigger_msgs] adding connection to [/my_bag], count 3
[rospy.internal][INFO] 2025-04-03 14:35:32,794: topic[/trigger_msgs] removing connection to /controller_joystick
[rospy.internal][INFO] 2025-04-03 14:35:33,795: topic[/trigger_msgs] removing connection to /curr_posters_23175_1743665674385
[rospy.internal][INFO] 2025-04-03 14:36:10,099: topic[/trigger_msgs] adding connection to [/curr_posters_25454_1743665770070], count 2
[rospy.internal][INFO] 2025-04-03 14:36:14,401: topic[/trigger_msgs] adding connection to [/controller_joystick], count 3
[rospy.internal][INFO] 2025-04-03 14:36:50,330: topic[/trigger_msgs] removing connection to /my_bag
[rospy.internal][INFO] 2025-04-03 14:36:51,831: topic[/trigger_msgs] removing connection to /my_bag2
[rospy.internal][INFO] 2025-04-03 14:40:32,937: topic[/trigger_msgs] removing connection to /curr_posters_25454_1743665770070
[rospy.internal][INFO] 2025-04-03 14:40:32,937: topic[/trigger_msgs] removing connection to /controller_joystick
[rospy.internal][INFO] 2025-04-03 14:40:33,960: topic[/trigger_msgs] adding connection to [/curr_posters_31183_1743666033930], count 0
[rospy.internal][INFO] 2025-04-03 14:40:38,209: topic[/trigger_msgs] adding connection to [/controller_joystick], count 1
[rospy.internal][INFO] 2025-04-03 14:40:42,847: topic[/trigger_msgs] adding connection to [/my_bag2], count 2
[rospy.internal][INFO] 2025-04-03 14:40:42,848: topic[/trigger_msgs] adding connection to [/my_bag], count 3
[rospy.internal][INFO] 2025-04-03 14:43:28,027: topic[/trigger_msgs] removing connection to /curr_posters_31183_1743666033930
[rospy.internal][INFO] 2025-04-03 14:43:28,027: topic[/trigger_msgs] removing connection to /controller_joystick
[rospy.internal][INFO] 2025-04-03 14:43:34,323: topic[/trigger_msgs] adding connection to [/curr_posters_3210_1743666214293], count 2
[rospy.internal][INFO] 2025-04-03 14:43:38,620: topic[/trigger_msgs] adding connection to [/controller_joystick], count 3
[rospy.internal][INFO] 2025-04-03 14:43:43,028: topic[/trigger_msgs] adding connection to [/my_bag2], count 4
[rospy.internal][INFO] 2025-04-03 14:43:43,028: topic[/trigger_msgs] removing connection to /my_bag2
[rospy.internal][INFO] 2025-04-03 14:43:43,028: topic[/trigger_msgs] removing connection to /my_bag
[rospy.internal][INFO] 2025-04-03 14:43:43,029: topic[/trigger_msgs] adding connection to [/my_bag], count 3
[rosout][WARNING] 2025-04-03 14:45:42,303: Inbound TCP/IP connection failed: connection from sender terminated before handshake header received. 0 bytes were received. Please check sender for additional details.
[rospy.internal][ERROR] 2025-04-03 14:45:42,304: Inbound TCP/IP connection failed:
Traceback (most recent call last):
  File "/opt/ros/kinetic/lib/python2.7/dist-packages/rospy/impl/tcpros_base.py", line 322, in _tcp_server_callback
    header = read_ros_handshake_header(sock, StringIO(), buff_size)
  File "/opt/ros/kinetic/lib/python2.7/dist-packages/rosgraph/network.py", line 364, in read_ros_handshake_header
    raise ROSHandshakeException("connection from sender terminated before handshake header received. %s bytes were received. Please check sender for additional details."%b.tell())
ROSHandshakeException: connection from sender terminated before handshake header received. 0 bytes were received. Please check sender for additional details.

[rospy.internal][INFO] 2025-04-03 14:45:42,596: topic[/trigger_msgs] removing connection to /controller_joystick
[rospy.internal][INFO] 2025-04-03 14:45:46,598: topic[/trigger_msgs] removing connection to /curr_posters_3210_1743666214293
[rospy.internal][INFO] 2025-04-03 14:45:48,107: topic[/trigger_msgs] adding connection to [/curr_posters_6479_1743666348071], count 2
[rospy.internal][INFO] 2025-04-03 14:45:52,454: topic[/trigger_msgs] adding connection to [/controller_joystick], count 3
[rospy.internal][INFO] 2025-04-03 14:45:56,726: topic[/trigger_msgs] adding connection to [/my_bag2], count 4
[rospy.internal][INFO] 2025-04-03 14:45:56,726: topic[/trigger_msgs] removing connection to /my_bag2
[rospy.internal][INFO] 2025-04-03 14:45:56,726: topic[/trigger_msgs] removing connection to /my_bag
[rospy.internal][INFO] 2025-04-03 14:45:56,727: topic[/trigger_msgs] adding connection to [/my_bag], count 3
[rospy.internal][INFO] 2025-04-03 14:46:29,619: topic[/trigger_msgs] removing connection to /curr_posters_6479_1743666348071
[rospy.internal][INFO] 2025-04-03 14:46:29,620: topic[/trigger_msgs] removing connection to /controller_joystick
[rospy.internal][INFO] 2025-04-03 14:46:31,108: topic[/trigger_msgs] adding connection to [/curr_posters_7707_1743666391063], count 2
[rospy.internal][INFO] 2025-04-03 14:46:35,380: topic[/trigger_msgs] adding connection to [/controller_joystick], count 3
[rospy.internal][INFO] 2025-04-03 14:46:40,008: topic[/trigger_msgs] adding connection to [/my_bag], count 4
[rospy.internal][INFO] 2025-04-03 14:46:40,009: topic[/trigger_msgs] removing connection to /my_bag
[rospy.internal][INFO] 2025-04-03 14:46:40,009: topic[/trigger_msgs] removing connection to /my_bag2
[rospy.internal][INFO] 2025-04-03 14:46:40,013: topic[/trigger_msgs] adding connection to [/my_bag2], count 3
[rospy.internal][INFO] 2025-04-03 14:49:42,716: topic[/trigger_msgs] removing connection to /curr_posters_7707_1743666391063
[rospy.internal][INFO] 2025-04-03 14:49:42,717: topic[/trigger_msgs] removing connection to /controller_joystick
[rospy.internal][INFO] 2025-04-03 14:49:44,106: topic[/trigger_msgs] adding connection to [/curr_posters_12112_1743666584041], count 2
[rospy.internal][INFO] 2025-04-03 14:49:48,392: topic[/trigger_msgs] adding connection to [/controller_joystick], count 3
[rospy.internal][INFO] 2025-04-03 14:49:54,723: topic[/trigger_msgs] removing connection to /my_bag2
[rospy.internal][INFO] 2025-04-03 14:49:54,804: topic[/trigger_msgs] adding connection to [/my_bag2], count 3
[rospy.internal][INFO] 2025-04-03 14:49:54,805: topic[/trigger_msgs] adding connection to [/my_bag], count 4
[rospy.internal][INFO] 2025-04-03 14:49:54,806: topic[/trigger_msgs] removing connection to /my_bag
[rospy.internal][INFO] 2025-04-03 14:50:25,240: topic[/trigger_msgs] removing connection to /curr_posters_12112_1743666584041
[rospy.internal][INFO] 2025-04-03 14:50:25,241: topic[/trigger_msgs] removing connection to /controller_joystick
[rospy.internal][INFO] 2025-04-03 14:50:27,279: topic[/trigger_msgs] adding connection to [/curr_posters_13348_1743666627210], count 2
[rospy.internal][INFO] 2025-04-03 14:50:31,567: topic[/trigger_msgs] adding connection to [/controller_joystick], count 3
[rospy.internal][INFO] 2025-04-03 14:50:39,908: topic[/trigger_msgs] adding connection to [/my_bag2], count 4
[rospy.internal][INFO] 2025-04-03 14:50:39,908: topic[/trigger_msgs] removing connection to /my_bag2
[rospy.internal][INFO] 2025-04-03 14:50:39,909: topic[/trigger_msgs] removing connection to /my_bag
[rospy.internal][INFO] 2025-04-03 14:50:39,910: topic[/trigger_msgs] adding connection to [/my_bag], count 3
[rospy.internal][INFO] 2025-04-03 15:06:54,369: topic[/trigger_msgs] removing connection to /controller_joystick
[rospy.internal][INFO] 2025-04-03 15:07:13,881: topic[/trigger_msgs] removing connection to /curr_posters_13348_1743666627210
[rospy.core][INFO] 2025-04-03 15:08:01,346: signal_shutdown [atexit]
[rospy.internal][INFO] 2025-04-03 15:08:01,349: topic[/trigger_msgs] removing connection to /my_bag2
[rospy.internal][INFO] 2025-04-03 15:08:01,349: topic[/trigger_msgs] removing connection to /my_bag
[rospy.internal][INFO] 2025-04-03 15:08:01,349: topic[/rosout] removing connection to /rosout
[rospy.internal][INFO] 2025-04-03 15:08:01,350: topic[/amcl_pose] removing connection to http://localhost:37533/
[rospy.internal][WARNING] 2025-04-03 15:08:01,350: Unknown error initiating TCP/IP socket to localhost:41071 (http://localhost:37533/): Traceback (most recent call last):
  File "/opt/ros/kinetic/lib/python2.7/dist-packages/rospy/impl/tcpros_base.py", line 558, in connect
    self.read_header()
  File "/opt/ros/kinetic/lib/python2.7/dist-packages/rospy/impl/tcpros_base.py", line 651, in read_header
    self._validate_header(read_ros_handshake_header(sock, self.read_buff, self.protocol.buff_size))
AttributeError: 'NoneType' object has no attribute 'buff_size'

[rospy.topics][ERROR] 2025-04-03 15:08:01,350: Traceback (most recent call last):
  File "/opt/ros/kinetic/lib/python2.7/dist-packages/rospy/topics.py", line 326, in close
    c.close()
  File "/opt/ros/kinetic/lib/python2.7/dist-packages/rospy/impl/tcpros_base.py", line 839, in close
    self.socket.close()
AttributeError: 'NoneType' object has no attribute 'close'

[rospy.impl.masterslave][INFO] 2025-04-03 15:08:01,350: atexit
