[rospy.client][INFO] 2025-04-11 13:51:40,301: init_node, name[/triggers_8545_1744354300282], pid[8545]
[xmlrpc][INFO] 2025-04-11 13:51:40,301: XML-RPC server binding to 127.0.0.1:0
[xmlrpc][INFO] 2025-04-11 13:51:40,301: Started XML-RPC server [http://localhost:33765/]
[rospy.init][INFO] 2025-04-11 13:51:40,302: ROS Slave URI: [http://localhost:33765/]
[rospy.impl.masterslave][INFO] 2025-04-11 13:51:40,302: _ready: http://localhost:33765/
[xmlrpc][INFO] 2025-04-11 13:51:40,302: xml rpc node: starting XML-RPC server
[rospy.registration][INFO] 2025-04-11 13:51:40,303: Registering with master node http://localhost:11311
[rospy.registration][INFO] 2025-04-11 13:51:40,303: Registering publisher topic [/current_poster] type [geometry_msgs/PointStamped] with master
[rospy.registration][INFO] 2025-04-11 13:51:40,304: Registering publisher topic [/trigger_msgs] type [std_msgs/Int16] with master
[rospy.internal][INFO] 2025-04-11 13:51:40,330: topic[/trigger_msgs] adding connection to [/curr_posters_8270_1744354293227], count 0
[rospy.internal][INFO] 2025-04-11 13:51:40,350: topic[/trigger_msgs] adding connection to [/controller_joystick], count 1
[rospy.init][INFO] 2025-04-11 13:51:40,402: registered with master
[rospy.rosout][INFO] 2025-04-11 13:51:40,402: initializing /rosout core topic
[rospy.rosout][INFO] 2025-04-11 13:51:40,403: connected to core topic /rosout
[rospy.simtime][INFO] 2025-04-11 13:51:40,404: /use_sim_time is not set, will not subscribe to simulated time [/clock] topic
[rospy.internal][INFO] 2025-04-11 13:51:40,420: topic[/amcl_pose] adding connection to [http://localhost:45769/], count 0
[rospy.internal][INFO] 2025-04-11 13:51:40,513: topic[/trigger_msgs] adding connection to [/my_bag], count 2
[rospy.internal][INFO] 2025-04-11 13:51:40,514: topic[/trigger_msgs] adding connection to [/my_bag2], count 3
[rospy.internal][INFO] 2025-04-11 13:51:40,618: topic[/rosout] adding connection to [/rosout], count 0
[rospy.internal][INFO] 2025-04-11 13:51:40,719: topic[/trigger_msgs] adding connection to [/my_bag], count 4
[rospy.internal][INFO] 2025-04-11 13:51:40,719: topic[/trigger_msgs] removing connection to /my_bag
[rospy.internal][INFO] 2025-04-11 13:51:40,720: topic[/trigger_msgs] removing connection to /my_bag2
[rospy.internal][INFO] 2025-04-11 13:51:40,725: topic[/trigger_msgs] adding connection to [/my_bag2], count 3
[rospy.internal][INFO] 2025-04-11 13:52:09,932: topic[/trigger_msgs] removing connection to /controller_joystick
[rospy.internal][WARNING] 2025-04-11 13:52:12,165: Unknown error initiating TCP/IP socket to localhost:46587 (http://localhost:45769/): Traceback (most recent call last):
  File "/opt/ros/kinetic/lib/python2.7/dist-packages/rospy/impl/tcpros_base.py", line 558, in connect
    self.read_header()
  File "/opt/ros/kinetic/lib/python2.7/dist-packages/rospy/impl/tcpros_base.py", line 651, in read_header
    self._validate_header(read_ros_handshake_header(sock, self.read_buff, self.protocol.buff_size))
  File "/opt/ros/kinetic/lib/python2.7/dist-packages/rosgraph/network.py", line 362, in read_ros_handshake_header
    d = sock.recv(buff_size)
error: [Errno 104] Connection reset by peer

[rospy.internal][INFO] 2025-04-11 13:52:12,166: topic[/amcl_pose] removing connection to http://localhost:45769/
[rospy.internal][INFO] 2025-04-11 13:52:12,433: topic[/rosout] removing connection to /rosout
[rospy.internal][INFO] 2025-04-11 13:53:06,457: topic[/trigger_msgs] removing connection to /curr_posters_8270_1744354293227
[rospy.internal][INFO] 2025-04-11 13:53:46,975: topic[/trigger_msgs] removing connection to /my_bag2
[rospy.internal][INFO] 2025-04-11 13:53:47,976: topic[/trigger_msgs] removing connection to /my_bag
[rospy.core][INFO] 2025-04-11 13:56:03,416: signal_shutdown [atexit]
[rospy.impl.masterslave][INFO] 2025-04-11 13:56:03,418: atexit
