[rospy.client][INFO] 2024-01-04 09:34:17,705: init_node, name[/triggers_13871_1704335657691], pid[13871]
[xmlrpc][INFO] 2024-01-04 09:34:17,706: XML-RPC server binding to 127.0.0.1:0
[xmlrpc][INFO] 2024-01-04 09:34:17,706: Started XML-RPC server [http://localhost:43619/]
[rospy.init][INFO] 2024-01-04 09:34:17,706: ROS Slave URI: [http://localhost:43619/]
[rospy.impl.masterslave][INFO] 2024-01-04 09:34:17,706: _ready: http://localhost:43619/
[rospy.registration][INFO] 2024-01-04 09:34:17,707: Registering with master node http://localhost:11311
[xmlrpc][INFO] 2024-01-04 09:34:17,707: xml rpc node: starting XML-RPC server
[rospy.registration][INFO] 2024-01-04 09:34:17,707: Registering publisher topic [/current_poster] type [geometry_msgs/PointStamped] with master
[rospy.registration][INFO] 2024-01-04 09:34:17,709: Registering publisher topic [/trigger_msgs] type [std_msgs/Int16] with master
[rospy.internal][INFO] 2024-01-04 09:34:17,772: topic[/trigger_msgs] adding connection to [/controller_joystick], count 0
[rospy.init][INFO] 2024-01-04 09:34:17,806: registered with master
[rospy.rosout][INFO] 2024-01-04 09:34:17,807: initializing /rosout core topic
[rospy.internal][INFO] 2024-01-04 09:34:17,807: topic[/trigger_msgs] adding connection to [/curr_posters_3124_1704335129093], count 1
[rospy.rosout][INFO] 2024-01-04 09:34:17,808: connected to core topic /rosout
[rospy.simtime][INFO] 2024-01-04 09:34:17,808: /use_sim_time is not set, will not subscribe to simulated time [/clock] topic
[rospy.internal][INFO] 2024-01-04 09:34:17,824: topic[/amcl_pose] adding connection to [http://localhost:42039/], count 0
[rospy.internal][INFO] 2024-01-04 09:34:17,960: topic[/current_poster] adding connection to [/rviz_1704335114191270972], count 0
[rospy.internal][INFO] 2024-01-04 09:34:18,064: topic[/trigger_msgs] adding connection to [/my_bag], count 2
[rospy.internal][INFO] 2024-01-04 09:34:18,064: topic[/trigger_msgs] adding connection to [/my_bag2], count 3
[rospy.internal][INFO] 2024-01-04 09:34:18,065: topic[/rosout] adding connection to [/rosout], count 0
[rospy.internal][INFO] 2024-01-04 11:46:50,241: topic[/trigger_msgs] removing connection to /my_bag
[rospy.core][INFO] 2024-01-04 11:46:50,380: signal_shutdown [atexit]
[rospy.internal][INFO] 2024-01-04 11:46:50,384: topic[/current_poster] removing connection to /rviz_1704335114191270972
[rospy.internal][INFO] 2024-01-04 11:46:50,384: topic[/trigger_msgs] removing connection to /controller_joystick
[rospy.internal][INFO] 2024-01-04 11:46:50,384: topic[/trigger_msgs] removing connection to /curr_posters_3124_1704335129093
[rospy.internal][INFO] 2024-01-04 11:46:50,384: topic[/trigger_msgs] removing connection to /my_bag2
[rospy.internal][INFO] 2024-01-04 11:46:50,385: topic[/rosout] removing connection to /rosout
[rospy.internal][INFO] 2024-01-04 11:46:50,385: topic[/amcl_pose] removing connection to http://localhost:42039/
[rospy.internal][WARNING] 2024-01-04 11:46:50,385: Unknown error initiating TCP/IP socket to localhost:34795 (http://localhost:42039/): Traceback (most recent call last):
  File "/opt/ros/kinetic/lib/python2.7/dist-packages/rospy/impl/tcpros_base.py", line 558, in connect
    self.read_header()
  File "/opt/ros/kinetic/lib/python2.7/dist-packages/rospy/impl/tcpros_base.py", line 651, in read_header
    self._validate_header(read_ros_handshake_header(sock, self.read_buff, self.protocol.buff_size))
AttributeError: 'NoneType' object has no attribute 'buff_size'

[rospy.topics][ERROR] 2024-01-04 11:46:50,386: Traceback (most recent call last):
  File "/opt/ros/kinetic/lib/python2.7/dist-packages/rospy/topics.py", line 326, in close
    c.close()
  File "/opt/ros/kinetic/lib/python2.7/dist-packages/rospy/impl/tcpros_base.py", line 839, in close
    self.socket.close()
AttributeError: 'NoneType' object has no attribute 'close'

[rospy.impl.masterslave][INFO] 2024-01-04 11:46:50,386: atexit
