[rospy.client][INFO] 2023-07-07 09:48:39,288: init_node, name[/triggers_16661_1688698119274], pid[16661]
[xmlrpc][INFO] 2023-07-07 09:48:39,288: XML-RPC server binding to 127.0.0.1:0
[xmlrpc][INFO] 2023-07-07 09:48:39,289: Started XML-RPC server [http://localhost:45099/]
[rospy.init][INFO] 2023-07-07 09:48:39,289: ROS Slave URI: [http://localhost:45099/]
[rospy.impl.masterslave][INFO] 2023-07-07 09:48:39,289: _ready: http://localhost:45099/
[rospy.registration][INFO] 2023-07-07 09:48:39,289: Registering with master node http://localhost:11311
[xmlrpc][INFO] 2023-07-07 09:48:39,289: xml rpc node: starting XML-RPC server
[rospy.registration][INFO] 2023-07-07 09:48:39,289: Registering publisher topic [/current_poster] type [geometry_msgs/PointStamped] with master
[rospy.registration][INFO] 2023-07-07 09:48:39,291: Registering publisher topic [/trigger_msgs] type [std_msgs/Int16] with master
[rospy.internal][INFO] 2023-07-07 09:48:39,382: topic[/trigger_msgs] adding connection to [/controller_joystick], count 0
[rospy.init][INFO] 2023-07-07 09:48:39,389: registered with master
[rospy.rosout][INFO] 2023-07-07 09:48:39,389: initializing /rosout core topic
[rospy.rosout][INFO] 2023-07-07 09:48:39,390: connected to core topic /rosout
[rospy.simtime][INFO] 2023-07-07 09:48:39,391: /use_sim_time is not set, will not subscribe to simulated time [/clock] topic
[rospy.internal][INFO] 2023-07-07 09:48:39,401: topic[/trigger_msgs] adding connection to [/curr_posters_2956_1688697449813], count 1
[rospy.internal][INFO] 2023-07-07 09:48:39,407: topic[/amcl_pose] adding connection to [http://localhost:45353/], count 0
[rospy.internal][INFO] 2023-07-07 09:48:39,559: topic[/current_poster] adding connection to [/rviz_1688697437638411386], count 0
[rospy.internal][INFO] 2023-07-07 09:48:39,661: topic[/trigger_msgs] adding connection to [/my_bag2], count 2
[rospy.internal][INFO] 2023-07-07 09:48:39,661: topic[/rosout] adding connection to [/rosout], count 0
[rospy.internal][INFO] 2023-07-07 09:48:39,662: topic[/trigger_msgs] adding connection to [/my_bag], count 3
[rospy.internal][INFO] 2023-07-07 10:44:29,418: topic[/trigger_msgs] removing connection to /my_bag
[rospy.core][INFO] 2023-07-07 10:44:29,489: signal_shutdown [atexit]
[rospy.internal][INFO] 2023-07-07 10:44:29,494: topic[/current_poster] removing connection to /rviz_1688697437638411386
[rospy.internal][INFO] 2023-07-07 10:44:29,494: topic[/trigger_msgs] removing connection to /controller_joystick
[rospy.internal][INFO] 2023-07-07 10:44:29,494: topic[/trigger_msgs] removing connection to /curr_posters_2956_1688697449813
[rospy.internal][INFO] 2023-07-07 10:44:29,494: topic[/trigger_msgs] removing connection to /my_bag2
[rospy.internal][INFO] 2023-07-07 10:44:29,495: topic[/rosout] removing connection to /rosout
[rospy.internal][INFO] 2023-07-07 10:44:29,495: topic[/amcl_pose] removing connection to http://localhost:45353/
[rospy.internal][WARNING] 2023-07-07 10:44:29,496: Unknown error initiating TCP/IP socket to localhost:49017 (http://localhost:45353/): Traceback (most recent call last):
  File "/opt/ros/kinetic/lib/python2.7/dist-packages/rospy/impl/tcpros_base.py", line 558, in connect
    self.read_header()
  File "/opt/ros/kinetic/lib/python2.7/dist-packages/rospy/impl/tcpros_base.py", line 651, in read_header
    self._validate_header(read_ros_handshake_header(sock, self.read_buff, self.protocol.buff_size))
AttributeError: 'NoneType' object has no attribute 'buff_size'

[rospy.topics][ERROR] 2023-07-07 10:44:29,496: Traceback (most recent call last):
  File "/opt/ros/kinetic/lib/python2.7/dist-packages/rospy/topics.py", line 326, in close
    c.close()
  File "/opt/ros/kinetic/lib/python2.7/dist-packages/rospy/impl/tcpros_base.py", line 839, in close
    self.socket.close()
AttributeError: 'NoneType' object has no attribute 'close'

[rospy.impl.masterslave][INFO] 2023-07-07 10:44:29,496: atexit
