[rospy.client][INFO] 2024-05-23 10:55:43,168: init_node, name[/triggers_27596_1716436543151], pid[27596]
[xmlrpc][INFO] 2024-05-23 10:55:43,168: XML-RPC server binding to 127.0.0.1:0
[xmlrpc][INFO] 2024-05-23 10:55:43,169: Started XML-RPC server [http://localhost:35289/]
[rospy.init][INFO] 2024-05-23 10:55:43,169: ROS Slave URI: [http://localhost:35289/]
[rospy.impl.masterslave][INFO] 2024-05-23 10:55:43,169: _ready: http://localhost:35289/
[xmlrpc][INFO] 2024-05-23 10:55:43,170: xml rpc node: starting XML-RPC server
[rospy.registration][INFO] 2024-05-23 10:55:43,170: Registering with master node http://localhost:11311
[rospy.registration][INFO] 2024-05-23 10:55:43,170: Registering publisher topic [/current_poster] type [geometry_msgs/PointStamped] with master
[rospy.registration][INFO] 2024-05-23 10:55:43,172: Registering publisher topic [/trigger_msgs] type [std_msgs/Int16] with master
[rospy.internal][INFO] 2024-05-23 10:55:43,256: topic[/trigger_msgs] adding connection to [/controller_joystick], count 0
[rospy.internal][INFO] 2024-05-23 10:55:43,263: topic[/trigger_msgs] adding connection to [/curr_posters_2301_1716430545956], count 1
[rospy.init][INFO] 2024-05-23 10:55:43,269: registered with master
[rospy.rosout][INFO] 2024-05-23 10:55:43,270: initializing /rosout core topic
[rospy.rosout][INFO] 2024-05-23 10:55:43,271: connected to core topic /rosout
[rospy.simtime][INFO] 2024-05-23 10:55:43,271: /use_sim_time is not set, will not subscribe to simulated time [/clock] topic
[rospy.internal][INFO] 2024-05-23 10:55:43,289: topic[/amcl_pose] adding connection to [http://localhost:46379/], count 0
[rospy.internal][INFO] 2024-05-23 10:55:43,421: topic[/current_poster] adding connection to [/rviz_1716430549220303939], count 0
[rospy.internal][INFO] 2024-05-23 10:55:43,522: topic[/rosout] adding connection to [/rosout], count 0
[rospy.internal][INFO] 2024-05-23 10:55:43,522: topic[/trigger_msgs] adding connection to [/my_bag], count 2
[rospy.internal][INFO] 2024-05-23 10:55:43,622: topic[/trigger_msgs] adding connection to [/my_bag2], count 3
[rospy.core][INFO] 2024-05-23 10:55:50,287: signal_shutdown [atexit]
[rospy.internal][INFO] 2024-05-23 10:55:50,293: topic[/trigger_msgs] removing connection to /my_bag
[rospy.internal][INFO] 2024-05-23 10:55:50,293: topic[/trigger_msgs] removing connection to /my_bag2
[rospy.internal][INFO] 2024-05-23 10:55:50,293: topic[/current_poster] removing connection to /rviz_1716430549220303939
[rospy.internal][INFO] 2024-05-23 10:55:50,293: topic[/trigger_msgs] removing connection to /controller_joystick
[rospy.internal][INFO] 2024-05-23 10:55:50,294: topic[/trigger_msgs] removing connection to /curr_posters_2301_1716430545956
[rospy.internal][INFO] 2024-05-23 10:55:50,294: topic[/rosout] removing connection to /rosout
[rospy.internal][INFO] 2024-05-23 10:55:50,294: topic[/amcl_pose] removing connection to http://localhost:46379/
[rospy.impl.masterslave][INFO] 2024-05-23 10:55:50,294: atexit
