[rospy.client][INFO] 2024-05-08 09:25:25,052: init_node, name[/triggers_12299_1715135125028], pid[12299]
[xmlrpc][INFO] 2024-05-08 09:25:25,053: XML-RPC server binding to 127.0.0.1:0
[xmlrpc][INFO] 2024-05-08 09:25:25,053: Started XML-RPC server [http://localhost:42761/]
[rospy.init][INFO] 2024-05-08 09:25:25,053: ROS Slave URI: [http://localhost:42761/]
[rospy.impl.masterslave][INFO] 2024-05-08 09:25:25,053: _ready: http://localhost:42761/
[rospy.registration][INFO] 2024-05-08 09:25:25,054: Registering with master node http://localhost:11311
[xmlrpc][INFO] 2024-05-08 09:25:25,054: xml rpc node: starting XML-RPC server
[rospy.registration][INFO] 2024-05-08 09:25:25,054: Registering publisher topic [/current_poster] type [geometry_msgs/PointStamped] with master
[rospy.registration][INFO] 2024-05-08 09:25:25,058: Registering publisher topic [/trigger_msgs] type [std_msgs/Int16] with master
[rospy.internal][INFO] 2024-05-08 09:25:25,142: topic[/trigger_msgs] adding connection to [/curr_posters_2173_1715134655283], count 0
[rospy.internal][INFO] 2024-05-08 09:25:25,153: topic[/trigger_msgs] adding connection to [/controller_joystick], count 1
[rospy.init][INFO] 2024-05-08 09:25:25,154: registered with master
[rospy.rosout][INFO] 2024-05-08 09:25:25,154: initializing /rosout core topic
[rospy.rosout][INFO] 2024-05-08 09:25:25,155: connected to core topic /rosout
[rospy.simtime][INFO] 2024-05-08 09:25:25,156: /use_sim_time is not set, will not subscribe to simulated time [/clock] topic
[rospy.internal][INFO] 2024-05-08 09:25:25,174: topic[/amcl_pose] adding connection to [http://localhost:35485/], count 0
[rospy.internal][INFO] 2024-05-08 09:25:25,312: topic[/current_poster] adding connection to [/rviz_1715134658332470358], count 0
[rospy.internal][INFO] 2024-05-08 09:25:25,414: topic[/trigger_msgs] adding connection to [/my_bag], count 2
[rospy.internal][INFO] 2024-05-08 09:25:25,414: topic[/rosout] adding connection to [/rosout], count 0
[rospy.internal][INFO] 2024-05-08 09:25:25,415: topic[/trigger_msgs] adding connection to [/my_bag2], count 3
[rospy.core][INFO] 2024-05-08 11:03:17,884: signal_shutdown [atexit]
[rospy.internal][INFO] 2024-05-08 11:03:17,889: topic[/current_poster] removing connection to /rviz_1715134658332470358
[rospy.internal][INFO] 2024-05-08 11:03:17,889: topic[/trigger_msgs] removing connection to /curr_posters_2173_1715134655283
[rospy.internal][INFO] 2024-05-08 11:03:17,889: topic[/trigger_msgs] removing connection to /controller_joystick
[rospy.internal][INFO] 2024-05-08 11:03:17,890: topic[/trigger_msgs] removing connection to /my_bag
[rospy.internal][INFO] 2024-05-08 11:03:17,890: topic[/trigger_msgs] removing connection to /my_bag2
[rospy.internal][INFO] 2024-05-08 11:03:17,890: topic[/rosout] removing connection to /rosout
[rospy.internal][INFO] 2024-05-08 11:03:17,891: topic[/amcl_pose] removing connection to http://localhost:35485/
[rospy.impl.masterslave][INFO] 2024-05-08 11:03:17,892: atexit
