[rospy.client][INFO] 2023-08-14 09:44:51,481: init_node, name[/triggers_8870_1691981091467], pid[8870]
[xmlrpc][INFO] 2023-08-14 09:44:51,481: XML-RPC server binding to 127.0.0.1:0
[xmlrpc][INFO] 2023-08-14 09:44:51,482: Started XML-RPC server [http://localhost:42739/]
[rospy.init][INFO] 2023-08-14 09:44:51,482: ROS Slave URI: [http://localhost:42739/]
[rospy.impl.masterslave][INFO] 2023-08-14 09:44:51,482: _ready: http://localhost:42739/
[xmlrpc][INFO] 2023-08-14 09:44:51,483: xml rpc node: starting XML-RPC server
[rospy.registration][INFO] 2023-08-14 09:44:51,483: Registering with master node http://localhost:11311
[rospy.registration][INFO] 2023-08-14 09:44:51,483: Registering publisher topic [/current_poster] type [geometry_msgs/PointStamped] with master
[rospy.registration][INFO] 2023-08-14 09:44:51,484: Registering publisher topic [/trigger_msgs] type [std_msgs/Int16] with master
[rospy.internal][INFO] 2023-08-14 09:44:51,529: topic[/trigger_msgs] adding connection to [/curr_posters_2890_1691980798848], count 0
[rospy.internal][INFO] 2023-08-14 09:44:51,563: topic[/trigger_msgs] adding connection to [/controller_joystick], count 1
[rospy.init][INFO] 2023-08-14 09:44:51,582: registered with master
[rospy.rosout][INFO] 2023-08-14 09:44:51,582: initializing /rosout core topic
[rospy.rosout][INFO] 2023-08-14 09:44:51,584: connected to core topic /rosout
[rospy.simtime][INFO] 2023-08-14 09:44:51,584: /use_sim_time is not set, will not subscribe to simulated time [/clock] topic
[rospy.internal][INFO] 2023-08-14 09:44:51,600: topic[/amcl_pose] adding connection to [http://localhost:36233/], count 0
[rospy.internal][INFO] 2023-08-14 09:44:51,725: topic[/current_poster] adding connection to [/rviz_1691980788754081525], count 0
[rospy.internal][INFO] 2023-08-14 09:44:51,826: topic[/trigger_msgs] adding connection to [/my_bag2], count 2
[rospy.internal][INFO] 2023-08-14 09:44:51,827: topic[/rosout] adding connection to [/rosout], count 0
[rospy.internal][INFO] 2023-08-14 09:44:51,827: topic[/trigger_msgs] adding connection to [/my_bag], count 3
[rospy.core][INFO] 2023-08-14 10:47:22,664: signal_shutdown [atexit]
[rospy.internal][INFO] 2023-08-14 10:47:22,669: topic[/current_poster] removing connection to /rviz_1691980788754081525
[rospy.internal][INFO] 2023-08-14 10:47:22,669: topic[/trigger_msgs] removing connection to /curr_posters_2890_1691980798848
[rospy.internal][INFO] 2023-08-14 10:47:22,669: topic[/trigger_msgs] removing connection to /controller_joystick
[rospy.internal][INFO] 2023-08-14 10:47:22,670: topic[/trigger_msgs] removing connection to /my_bag2
[rospy.internal][INFO] 2023-08-14 10:47:22,670: topic[/trigger_msgs] removing connection to /my_bag
[rospy.internal][INFO] 2023-08-14 10:47:22,670: topic[/rosout] removing connection to /rosout
[rospy.internal][INFO] 2023-08-14 10:47:22,670: topic[/amcl_pose] removing connection to http://localhost:36233/
[rospy.impl.masterslave][INFO] 2023-08-14 10:47:22,671: atexit
