[rospy.client][INFO] 2025-04-11 14:30:58,941: init_node, name[/triggers_28518_1744356658921], pid[28518]
[xmlrpc][INFO] 2025-04-11 14:30:58,941: XML-RPC server binding to 127.0.0.1:0
[xmlrpc][INFO] 2025-04-11 14:30:58,942: Started XML-RPC server [http://localhost:43601/]
[rospy.init][INFO] 2025-04-11 14:30:58,942: ROS Slave URI: [http://localhost:43601/]
[rospy.impl.masterslave][INFO] 2025-04-11 14:30:58,942: _ready: http://localhost:43601/
[xmlrpc][INFO] 2025-04-11 14:30:58,943: xml rpc node: starting XML-RPC server
[rospy.registration][INFO] 2025-04-11 14:30:58,943: Registering with master node http://localhost:11311
[rospy.registration][INFO] 2025-04-11 14:30:58,943: Registering publisher topic [/current_poster] type [geometry_msgs/PointStamped] with master
[rospy.registration][INFO] 2025-04-11 14:30:58,945: Registering publisher topic [/trigger_msgs] type [std_msgs/Int16] with master
[rospy.init][INFO] 2025-04-11 14:30:59,042: registered with master
[rospy.rosout][INFO] 2025-04-11 14:30:59,043: initializing /rosout core topic
[rospy.rosout][INFO] 2025-04-11 14:30:59,044: connected to core topic /rosout
[rospy.simtime][INFO] 2025-04-11 14:30:59,045: /use_sim_time is not set, will not subscribe to simulated time [/clock] topic
[rospy.internal][INFO] 2025-04-11 14:30:59,051: topic[/trigger_msgs] adding connection to [/curr_posters_28211_1744356651194], count 0
[rospy.internal][INFO] 2025-04-11 14:30:59,058: topic[/trigger_msgs] adding connection to [/controller_joystick], count 1
[rospy.internal][INFO] 2025-04-11 14:30:59,061: topic[/amcl_pose] adding connection to [http://localhost:33483/], count 0
[rospy.internal][INFO] 2025-04-11 14:30:59,346: topic[/rosout] adding connection to [/rosout], count 0
[rospy.internal][INFO] 2025-04-11 14:30:59,347: topic[/trigger_msgs] adding connection to [/my_bag2], count 2
[rospy.internal][INFO] 2025-04-11 14:30:59,348: topic[/trigger_msgs] adding connection to [/my_bag], count 3
[rospy.internal][INFO] 2025-04-11 14:33:18,117: topic[/trigger_msgs] removing connection to /curr_posters_28211_1744356651194
[rospy.internal][INFO] 2025-04-11 14:33:18,117: topic[/trigger_msgs] removing connection to /controller_joystick
[rospy.internal][INFO] 2025-04-11 14:33:19,549: topic[/trigger_msgs] adding connection to [/curr_posters_31604_1744356799521], count 2
[rospy.internal][INFO] 2025-04-11 14:33:23,804: topic[/trigger_msgs] adding connection to [/controller_joystick], count 3
[rospy.internal][INFO] 2025-04-11 14:33:27,464: topic[/trigger_msgs] adding connection to [/my_bag], count 4
[rospy.internal][INFO] 2025-04-11 14:33:27,464: topic[/trigger_msgs] removing connection to /my_bag
[rospy.internal][INFO] 2025-04-11 14:33:27,464: topic[/trigger_msgs] removing connection to /my_bag2
[rospy.internal][INFO] 2025-04-11 14:33:27,465: topic[/trigger_msgs] adding connection to [/my_bag2], count 3
[rospy.internal][INFO] 2025-04-11 14:36:07,187: topic[/trigger_msgs] removing connection to /curr_posters_31604_1744356799521
[rospy.internal][INFO] 2025-04-11 14:36:07,187: topic[/trigger_msgs] removing connection to /controller_joystick
[rospy.internal][INFO] 2025-04-11 14:36:07,930: topic[/trigger_msgs] adding connection to [/curr_posters_3510_1744356967900], count 2
[rospy.internal][INFO] 2025-04-11 14:36:12,121: topic[/trigger_msgs] adding connection to [/controller_joystick], count 3
[rospy.internal][INFO] 2025-04-11 14:36:15,408: topic[/trigger_msgs] adding connection to [/my_bag2], count 4
[rospy.internal][INFO] 2025-04-11 14:36:15,409: topic[/trigger_msgs] removing connection to /my_bag2
[rospy.internal][INFO] 2025-04-11 14:36:15,409: topic[/trigger_msgs] removing connection to /my_bag
[rospy.internal][INFO] 2025-04-11 14:36:15,417: topic[/trigger_msgs] adding connection to [/my_bag], count 3
[rospy.internal][INFO] 2025-04-11 15:09:26,056: topic[/trigger_msgs] removing connection to /curr_posters_3510_1744356967900
[rospy.internal][INFO] 2025-04-11 15:09:26,056: topic[/trigger_msgs] removing connection to /controller_joystick
[rospy.internal][INFO] 2025-04-11 15:09:27,389: topic[/trigger_msgs] adding connection to [/curr_posters_13997_1744358967358], count 2
[rospy.internal][WARNING] 2025-04-11 15:09:30,255: Unknown error initiating TCP/IP socket to localhost:46279 (http://localhost:33483/): Traceback (most recent call last):
  File "/opt/ros/kinetic/lib/python2.7/dist-packages/rospy/impl/tcpros_base.py", line 558, in connect
    self.read_header()
  File "/opt/ros/kinetic/lib/python2.7/dist-packages/rospy/impl/tcpros_base.py", line 651, in read_header
    self._validate_header(read_ros_handshake_header(sock, self.read_buff, self.protocol.buff_size))
  File "/opt/ros/kinetic/lib/python2.7/dist-packages/rosgraph/network.py", line 362, in read_ros_handshake_header
    d = sock.recv(buff_size)
error: [Errno 104] Connection reset by peer

[rospy.internal][INFO] 2025-04-11 15:09:30,255: topic[/amcl_pose] removing connection to http://localhost:33483/
[rospy.internal][INFO] 2025-04-11 15:09:30,558: topic[/rosout] removing connection to /rosout
[rospy.internal][INFO] 2025-04-11 15:10:10,077: topic[/trigger_msgs] removing connection to /curr_posters_13997_1744358967358
[rospy.internal][INFO] 2025-04-11 15:10:32,587: topic[/trigger_msgs] removing connection to /my_bag2
[rospy.internal][INFO] 2025-04-11 15:10:32,587: topic[/trigger_msgs] removing connection to /my_bag
[rospy.core][INFO] 2025-04-11 15:12:52,115: signal_shutdown [atexit]
[rospy.impl.masterslave][INFO] 2025-04-11 15:12:52,118: atexit
