[rospy.client][INFO] 2024-01-03 09:41:37,638: init_node, name[/triggers_12130_1704249697621], pid[12130]
[xmlrpc][INFO] 2024-01-03 09:41:37,638: XML-RPC server binding to 127.0.0.1:0
[xmlrpc][INFO] 2024-01-03 09:41:37,638: Started XML-RPC server [http://localhost:40623/]
[rospy.init][INFO] 2024-01-03 09:41:37,639: ROS Slave URI: [http://localhost:40623/]
[rospy.impl.masterslave][INFO] 2024-01-03 09:41:37,639: _ready: http://localhost:40623/
[rospy.registration][INFO] 2024-01-03 09:41:37,639: Registering with master node http://localhost:11311
[xmlrpc][INFO] 2024-01-03 09:41:37,640: xml rpc node: starting XML-RPC server
[rospy.registration][INFO] 2024-01-03 09:41:37,640: Registering publisher topic [/current_poster] type [geometry_msgs/PointStamped] with master
[rospy.registration][INFO] 2024-01-03 09:41:37,642: Registering publisher topic [/trigger_msgs] type [std_msgs/Int16] with master
[rospy.init][INFO] 2024-01-03 09:41:37,739: registered with master
[rospy.rosout][INFO] 2024-01-03 09:41:37,740: initializing /rosout core topic
[rospy.rosout][INFO] 2024-01-03 09:41:37,742: connected to core topic /rosout
[rospy.internal][INFO] 2024-01-03 09:41:37,743: topic[/trigger_msgs] adding connection to [/curr_posters_2842_1704249255952], count 0
[rospy.simtime][INFO] 2024-01-03 09:41:37,744: /use_sim_time is not set, will not subscribe to simulated time [/clock] topic
[rospy.internal][INFO] 2024-01-03 09:41:37,757: topic[/trigger_msgs] adding connection to [/controller_joystick], count 1
[rospy.internal][INFO] 2024-01-03 09:41:37,758: topic[/amcl_pose] adding connection to [http://localhost:42127/], count 0
[rospy.internal][INFO] 2024-01-03 09:41:37,917: topic[/current_poster] adding connection to [/rviz_1704249248442851387], count 0
[rospy.internal][INFO] 2024-01-03 09:41:38,020: topic[/trigger_msgs] adding connection to [/my_bag], count 2
[rospy.internal][INFO] 2024-01-03 09:41:38,020: topic[/trigger_msgs] adding connection to [/my_bag2], count 3
[rospy.internal][INFO] 2024-01-03 09:41:38,021: topic[/rosout] adding connection to [/rosout], count 0
[rospy.internal][INFO] 2024-01-03 11:21:07,326: topic[/trigger_msgs] removing connection to /my_bag
[rospy.core][INFO] 2024-01-03 11:21:07,578: signal_shutdown [atexit]
[rospy.internal][INFO] 2024-01-03 11:21:07,582: topic[/current_poster] removing connection to /rviz_1704249248442851387
[rospy.internal][INFO] 2024-01-03 11:21:07,582: topic[/trigger_msgs] removing connection to /curr_posters_2842_1704249255952
[rospy.internal][INFO] 2024-01-03 11:21:07,582: topic[/trigger_msgs] removing connection to /controller_joystick
[rospy.internal][INFO] 2024-01-03 11:21:07,583: topic[/trigger_msgs] removing connection to /my_bag2
[rospy.internal][INFO] 2024-01-03 11:21:07,583: topic[/rosout] removing connection to /rosout
[rospy.internal][INFO] 2024-01-03 11:21:07,583: topic[/amcl_pose] removing connection to http://localhost:42127/
[rospy.impl.masterslave][INFO] 2024-01-03 11:21:07,583: atexit
