[rospy.client][INFO] 2023-10-24 09:51:22,715: init_node, name[/triggers_9477_1698115882701], pid[9477]
[xmlrpc][INFO] 2023-10-24 09:51:22,715: XML-RPC server binding to 127.0.0.1:0
[xmlrpc][INFO] 2023-10-24 09:51:22,716: Started XML-RPC server [http://localhost:36007/]
[rospy.init][INFO] 2023-10-24 09:51:22,716: ROS Slave URI: [http://localhost:36007/]
[rospy.impl.masterslave][INFO] 2023-10-24 09:51:22,716: _ready: http://localhost:36007/
[rospy.registration][INFO] 2023-10-24 09:51:22,716: Registering with master node http://localhost:11311
[xmlrpc][INFO] 2023-10-24 09:51:22,716: xml rpc node: starting XML-RPC server
[rospy.registration][INFO] 2023-10-24 09:51:22,717: Registering publisher topic [/current_poster] type [geometry_msgs/PointStamped] with master
[rospy.registration][INFO] 2023-10-24 09:51:22,718: Registering publisher topic [/trigger_msgs] type [std_msgs/Int16] with master
[rospy.init][INFO] 2023-10-24 09:51:22,816: registered with master
[rospy.rosout][INFO] 2023-10-24 09:51:22,816: initializing /rosout core topic
[rospy.rosout][INFO] 2023-10-24 09:51:22,817: connected to core topic /rosout
[rospy.simtime][INFO] 2023-10-24 09:51:22,818: /use_sim_time is not set, will not subscribe to simulated time [/clock] topic
[rospy.internal][INFO] 2023-10-24 09:51:22,834: topic[/amcl_pose] adding connection to [http://localhost:36503/], count 0
[rospy.internal][INFO] 2023-10-24 09:51:22,839: topic[/trigger_msgs] adding connection to [/controller_joystick], count 0
[rospy.internal][INFO] 2023-10-24 09:51:22,843: topic[/trigger_msgs] adding connection to [/curr_posters_3006_1698115565705], count 1
[rospy.internal][INFO] 2023-10-24 09:51:23,019: topic[/current_poster] adding connection to [/rviz_1698115558544867691], count 0
[rospy.internal][INFO] 2023-10-24 09:51:23,021: topic[/rosout] adding connection to [/rosout], count 0
[rospy.internal][INFO] 2023-10-24 09:51:23,122: topic[/trigger_msgs] adding connection to [/my_bag2], count 2
[rospy.internal][INFO] 2023-10-24 09:51:23,122: topic[/trigger_msgs] adding connection to [/my_bag], count 3
[rospy.core][INFO] 2023-10-24 11:16:55,370: signal_shutdown [atexit]
[rospy.internal][INFO] 2023-10-24 11:16:55,374: topic[/current_poster] removing connection to /rviz_1698115558544867691
[rospy.internal][INFO] 2023-10-24 11:16:55,374: topic[/trigger_msgs] removing connection to /controller_joystick
[rospy.internal][INFO] 2023-10-24 11:16:55,375: topic[/trigger_msgs] removing connection to /curr_posters_3006_1698115565705
[rospy.internal][INFO] 2023-10-24 11:16:55,375: topic[/trigger_msgs] removing connection to /my_bag2
[rospy.internal][INFO] 2023-10-24 11:16:55,375: topic[/trigger_msgs] removing connection to /my_bag
[rospy.internal][INFO] 2023-10-24 11:16:55,376: topic[/rosout] removing connection to /rosout
[rospy.internal][INFO] 2023-10-24 11:16:55,376: topic[/amcl_pose] removing connection to http://localhost:36503/
[rospy.impl.masterslave][INFO] 2023-10-24 11:16:55,376: atexit
