[rospy.client][INFO] 2023-07-21 10:18:26,170: init_node, name[/triggers_3116_1689909506156], pid[3116]
[xmlrpc][INFO] 2023-07-21 10:18:26,171: XML-RPC server binding to 127.0.0.1:0
[xmlrpc][INFO] 2023-07-21 10:18:26,171: Started XML-RPC server [http://localhost:37567/]
[rospy.init][INFO] 2023-07-21 10:18:26,171: ROS Slave URI: [http://localhost:37567/]
[rospy.impl.masterslave][INFO] 2023-07-21 10:18:26,171: _ready: http://localhost:37567/
[rospy.registration][INFO] 2023-07-21 10:18:26,172: Registering with master node http://localhost:11311
[xmlrpc][INFO] 2023-07-21 10:18:26,172: xml rpc node: starting XML-RPC server
[rospy.registration][INFO] 2023-07-21 10:18:26,172: Registering publisher topic [/current_poster] type [geometry_msgs/PointStamped] with master
[rospy.registration][INFO] 2023-07-21 10:18:26,174: Registering publisher topic [/trigger_msgs] type [std_msgs/Int16] with master
[rospy.init][INFO] 2023-07-21 10:18:26,271: registered with master
[rospy.rosout][INFO] 2023-07-21 10:18:26,271: initializing /rosout core topic
[rospy.rosout][INFO] 2023-07-21 10:18:26,272: connected to core topic /rosout
[rospy.simtime][INFO] 2023-07-21 10:18:26,273: /use_sim_time is not set, will not subscribe to simulated time [/clock] topic
[rospy.internal][INFO] 2023-07-21 10:18:26,277: topic[/trigger_msgs] adding connection to [/curr_posters_2127_1689909472200], count 0
[rospy.internal][INFO] 2023-07-21 10:18:26,289: topic[/amcl_pose] adding connection to [http://localhost:32839/], count 0
[rospy.internal][INFO] 2023-07-21 10:18:26,292: topic[/trigger_msgs] adding connection to [/controller_joystick], count 1
[rospy.internal][INFO] 2023-07-21 10:18:26,469: topic[/current_poster] adding connection to [/rviz_1689909475161491461], count 0
[rospy.internal][INFO] 2023-07-21 10:18:26,571: topic[/trigger_msgs] adding connection to [/my_bag2], count 2
[rospy.internal][INFO] 2023-07-21 10:18:26,571: topic[/rosout] adding connection to [/rosout], count 0
[rospy.internal][INFO] 2023-07-21 10:18:26,572: topic[/trigger_msgs] adding connection to [/my_bag], count 3
[rospy.internal][INFO] 2023-07-21 10:28:44,548: topic[/trigger_msgs] removing connection to /my_bag
[rospy.core][INFO] 2023-07-21 10:28:44,758: signal_shutdown [atexit]
[rospy.internal][INFO] 2023-07-21 10:28:44,762: topic[/current_poster] removing connection to /rviz_1689909475161491461
[rospy.internal][INFO] 2023-07-21 10:28:44,762: topic[/trigger_msgs] removing connection to /curr_posters_2127_1689909472200
[rospy.internal][INFO] 2023-07-21 10:28:44,762: topic[/trigger_msgs] removing connection to /controller_joystick
[rospy.internal][INFO] 2023-07-21 10:28:44,763: topic[/trigger_msgs] removing connection to /my_bag2
[rospy.internal][INFO] 2023-07-21 10:28:44,763: topic[/rosout] removing connection to /rosout
[rospy.internal][INFO] 2023-07-21 10:28:44,763: topic[/amcl_pose] removing connection to http://localhost:32839/
[rospy.impl.masterslave][INFO] 2023-07-21 10:28:44,763: atexit
