[rospy.client][INFO] 2025-04-11 15:11:43,029: init_node, name[/triggers_18407_1744359103007], pid[18407]
[xmlrpc][INFO] 2025-04-11 15:11:43,030: XML-RPC server binding to 127.0.0.1:0
[xmlrpc][INFO] 2025-04-11 15:11:43,030: Started XML-RPC server [http://localhost:41579/]
[rospy.init][INFO] 2025-04-11 15:11:43,031: ROS Slave URI: [http://localhost:41579/]
[rospy.impl.masterslave][INFO] 2025-04-11 15:11:43,031: _ready: http://localhost:41579/
[rospy.registration][INFO] 2025-04-11 15:11:43,031: Registering with master node http://localhost:11311
[xmlrpc][INFO] 2025-04-11 15:11:43,032: xml rpc node: starting XML-RPC server
[rospy.registration][INFO] 2025-04-11 15:11:43,032: Registering publisher topic [/current_poster] type [geometry_msgs/PointStamped] with master
[rospy.registration][INFO] 2025-04-11 15:11:43,034: Registering publisher topic [/trigger_msgs] type [std_msgs/Int16] with master
[rospy.init][INFO] 2025-04-11 15:11:43,131: registered with master
[rospy.rosout][INFO] 2025-04-11 15:11:43,131: initializing /rosout core topic
[rospy.rosout][INFO] 2025-04-11 15:11:43,133: connected to core topic /rosout
[rospy.simtime][INFO] 2025-04-11 15:11:43,134: /use_sim_time is not set, will not subscribe to simulated time [/clock] topic
[rospy.internal][INFO] 2025-04-11 15:11:43,150: topic[/amcl_pose] adding connection to [http://localhost:33849/], count 0
[rospy.internal][INFO] 2025-04-11 15:11:43,154: topic[/trigger_msgs] adding connection to [/curr_posters_18013_1744359089788], count 0
[rospy.internal][INFO] 2025-04-11 15:11:43,307: topic[/trigger_msgs] adding connection to [/my_bag2], count 1
[rospy.internal][INFO] 2025-04-11 15:11:43,309: topic[/trigger_msgs] adding connection to [/my_bag], count 2
[rospy.internal][INFO] 2025-04-11 15:11:43,413: topic[/rosout] adding connection to [/rosout], count 0
[rospy.internal][INFO] 2025-04-11 15:11:43,512: topic[/trigger_msgs] adding connection to [/my_bag2], count 3
[rospy.internal][INFO] 2025-04-11 15:11:43,512: topic[/trigger_msgs] removing connection to /my_bag2
[rospy.internal][INFO] 2025-04-11 15:11:43,512: topic[/trigger_msgs] removing connection to /my_bag
[rospy.internal][INFO] 2025-04-11 15:11:43,513: topic[/trigger_msgs] adding connection to [/my_bag], count 2
[rospy.internal][INFO] 2025-04-11 15:11:57,155: topic[/trigger_msgs] removing connection to /curr_posters_18013_1744359089788
[rospy.core][INFO] 2025-04-11 15:13:57,146: signal_shutdown [atexit]
[rospy.internal][INFO] 2025-04-11 15:13:57,148: topic[/trigger_msgs] removing connection to /my_bag2
[rospy.internal][INFO] 2025-04-11 15:13:57,148: topic[/trigger_msgs] removing connection to /my_bag
[rospy.internal][INFO] 2025-04-11 15:13:57,148: topic[/rosout] removing connection to /rosout
[rospy.internal][INFO] 2025-04-11 15:13:57,148: topic[/amcl_pose] removing connection to http://localhost:33849/
[rospy.impl.masterslave][INFO] 2025-04-11 15:13:57,148: atexit
