[rospy.client][INFO] 2023-07-14 10:42:24,953: init_node, name[/triggers_3915_1689306144939], pid[3915]
[xmlrpc][INFO] 2023-07-14 10:42:24,954: XML-RPC server binding to 127.0.0.1:0
[xmlrpc][INFO] 2023-07-14 10:42:24,954: Started XML-RPC server [http://localhost:34017/]
[rospy.init][INFO] 2023-07-14 10:42:24,954: ROS Slave URI: [http://localhost:34017/]
[rospy.impl.masterslave][INFO] 2023-07-14 10:42:24,954: _ready: http://localhost:34017/
[rospy.registration][INFO] 2023-07-14 10:42:24,955: Registering with master node http://localhost:11311
[xmlrpc][INFO] 2023-07-14 10:42:24,955: xml rpc node: starting XML-RPC server
[rospy.registration][INFO] 2023-07-14 10:42:24,955: Registering publisher topic [/current_poster] type [geometry_msgs/PointStamped] with master
[rospy.registration][INFO] 2023-07-14 10:42:24,956: Registering publisher topic [/trigger_msgs] type [std_msgs/Int16] with master
[rospy.init][INFO] 2023-07-14 10:42:25,054: registered with master
[rospy.rosout][INFO] 2023-07-14 10:42:25,055: initializing /rosout core topic
[rospy.internal][INFO] 2023-07-14 10:42:25,055: topic[/trigger_msgs] adding connection to [/curr_posters_3554_1689306133904], count 0
[rospy.rosout][INFO] 2023-07-14 10:42:25,055: connected to core topic /rosout
[rospy.simtime][INFO] 2023-07-14 10:42:25,056: /use_sim_time is not set, will not subscribe to simulated time [/clock] topic
[rospy.internal][INFO] 2023-07-14 10:42:25,064: topic[/trigger_msgs] adding connection to [/controller_joystick], count 1
[rospy.internal][INFO] 2023-07-14 10:42:25,072: topic[/amcl_pose] adding connection to [http://localhost:33767/], count 0
[rospy.internal][INFO] 2023-07-14 10:42:25,236: topic[/current_poster] adding connection to [/rviz_1689306128990020964], count 0
[rospy.internal][INFO] 2023-07-14 10:42:25,238: topic[/rosout] adding connection to [/rosout], count 0
[rospy.internal][INFO] 2023-07-14 10:42:25,338: topic[/trigger_msgs] adding connection to [/my_bag2], count 2
[rospy.internal][INFO] 2023-07-14 10:42:25,339: topic[/trigger_msgs] adding connection to [/my_bag], count 3
[rospy.internal][INFO] 2023-07-14 10:48:30,722: topic[/trigger_msgs] removing connection to /curr_posters_3554_1689306133904
[rospy.internal][INFO] 2023-07-14 10:48:30,722: topic[/trigger_msgs] removing connection to /controller_joystick
[rospy.internal][WARNING] 2023-07-14 10:48:32,520: Unknown error initiating TCP/IP socket to localhost:58343 (http://localhost:33767/): Traceback (most recent call last):
  File "/opt/ros/kinetic/lib/python2.7/dist-packages/rospy/impl/tcpros_base.py", line 558, in connect
    self.read_header()
  File "/opt/ros/kinetic/lib/python2.7/dist-packages/rospy/impl/tcpros_base.py", line 651, in read_header
    self._validate_header(read_ros_handshake_header(sock, self.read_buff, self.protocol.buff_size))
  File "/opt/ros/kinetic/lib/python2.7/dist-packages/rosgraph/network.py", line 362, in read_ros_handshake_header
    d = sock.recv(buff_size)
error: [Errno 104] Connection reset by peer

[rospy.internal][INFO] 2023-07-14 10:48:32,521: topic[/amcl_pose] removing connection to http://localhost:33767/
[rospy.internal][INFO] 2023-07-14 10:48:32,724: topic[/current_poster] removing connection to /rviz_1689306128990020964
[rospy.internal][INFO] 2023-07-14 10:48:32,724: topic[/rosout] removing connection to /rosout
[rospy.core][INFO] 2023-07-14 10:48:50,189: signal_shutdown [atexit]
[rospy.registration][WARNING] 2023-07-14 10:48:50,190: cannot unregister with master due to network issues
[rospy.internal][INFO] 2023-07-14 10:48:50,190: topic[/trigger_msgs] removing connection to /my_bag2
[rospy.internal][INFO] 2023-07-14 10:48:50,190: topic[/trigger_msgs] removing connection to /my_bag
[rospy.impl.masterslave][INFO] 2023-07-14 10:48:50,191: atexit
