[rospy.client][INFO] 2025-07-01 14:38:15,035: init_node, name[/triggers_3427_1751355495021], pid[3427]
[xmlrpc][INFO] 2025-07-01 14:38:15,036: XML-RPC server binding to 127.0.0.1:0
[xmlrpc][INFO] 2025-07-01 14:38:15,036: Started XML-RPC server [http://localhost:34665/]
[rospy.init][INFO] 2025-07-01 14:38:15,036: ROS Slave URI: [http://localhost:34665/]
[rospy.impl.masterslave][INFO] 2025-07-01 14:38:15,036: _ready: http://localhost:34665/
[rospy.registration][INFO] 2025-07-01 14:38:15,037: Registering with master node http://localhost:11311
[xmlrpc][INFO] 2025-07-01 14:38:15,037: xml rpc node: starting XML-RPC server
[rospy.registration][INFO] 2025-07-01 14:38:15,037: Registering publisher topic [/current_poster] type [geometry_msgs/PointStamped] with master
[rospy.registration][INFO] 2025-07-01 14:38:15,038: Registering publisher topic [/trigger_msgs] type [std_msgs/Int16] with master
[rospy.internal][INFO] 2025-07-01 14:38:15,070: topic[/trigger_msgs] adding connection to [/curr_posters_30714_1751355281749], count 0
[rospy.internal][INFO] 2025-07-01 14:38:15,100: topic[/trigger_msgs] adding connection to [/joystick_controller_30855_1751355285723], count 1
[rospy.init][INFO] 2025-07-01 14:38:15,137: registered with master
[rospy.rosout][INFO] 2025-07-01 14:38:15,137: initializing /rosout core topic
[rospy.rosout][INFO] 2025-07-01 14:38:15,138: connected to core topic /rosout
[rospy.simtime][INFO] 2025-07-01 14:38:15,139: /use_sim_time is not set, will not subscribe to simulated time [/clock] topic
[rospy.internal][INFO] 2025-07-01 14:38:15,154: topic[/amcl_pose] adding connection to [http://localhost:40631/], count 0
[rospy.core][INFO] 2025-07-01 14:38:15,158: signal_shutdown [atexit]
[rospy.internal][INFO] 2025-07-01 14:38:15,160: topic[/trigger_msgs] removing connection to /curr_posters_30714_1751355281749
[rospy.internal][INFO] 2025-07-01 14:38:15,160: topic[/trigger_msgs] removing connection to /joystick_controller_30855_1751355285723
[rospy.internal][INFO] 2025-07-01 14:38:15,160: topic[/amcl_pose] removing connection to http://localhost:40631/
[rospy.impl.masterslave][INFO] 2025-07-01 14:38:15,161: atexit
