[rospy.client][INFO] 2025-04-03 14:50:39,314: init_node, name[/triggers_13794_1743666639270], pid[13794]
[xmlrpc][INFO] 2025-04-03 14:50:39,315: XML-RPC server binding to 127.0.0.1:0
[xmlrpc][INFO] 2025-04-03 14:50:39,316: Started XML-RPC server [http://localhost:39899/]
[rospy.init][INFO] 2025-04-03 14:50:39,316: ROS Slave URI: [http://localhost:39899/]
[rospy.impl.masterslave][INFO] 2025-04-03 14:50:39,317: _ready: http://localhost:39899/
[rospy.registration][INFO] 2025-04-03 14:50:39,318: Registering with master node http://localhost:11311
[xmlrpc][INFO] 2025-04-03 14:50:39,318: xml rpc node: starting XML-RPC server
[rospy.registration][INFO] 2025-04-03 14:50:39,319: Registering publisher topic [/current_poster] type [geometry_msgs/PointStamped] with master
[rospy.registration][INFO] 2025-04-03 14:50:39,322: Registering publisher topic [/trigger_msgs] type [std_msgs/Int16] with master
[rospy.internal][INFO] 2025-04-03 14:50:39,408: topic[/trigger_msgs] adding connection to [/controller_joystick], count 0
[rospy.init][INFO] 2025-04-03 14:50:39,417: registered with master
[rospy.rosout][INFO] 2025-04-03 14:50:39,418: initializing /rosout core topic
[rospy.internal][INFO] 2025-04-03 14:50:39,420: topic[/trigger_msgs] adding connection to [/curr_posters_13348_1743666627210], count 1
[rospy.rosout][INFO] 2025-04-03 14:50:39,421: connected to core topic /rosout
[rospy.simtime][INFO] 2025-04-03 14:50:39,422: /use_sim_time is not set, will not subscribe to simulated time [/clock] topic
[rospy.internal][INFO] 2025-04-03 14:50:39,444: topic[/amcl_pose] adding connection to [http://localhost:37533/], count 0
[rospy.internal][INFO] 2025-04-03 14:50:39,599: topic[/trigger_msgs] adding connection to [/my_bag2], count 2
[rospy.internal][INFO] 2025-04-03 14:50:39,602: topic[/trigger_msgs] adding connection to [/my_bag], count 3
[rospy.internal][INFO] 2025-04-03 14:50:39,699: topic[/rosout] adding connection to [/rosout], count 0
[rospy.internal][INFO] 2025-04-03 14:50:39,907: topic[/trigger_msgs] adding connection to [/my_bag], count 4
[rospy.internal][INFO] 2025-04-03 14:50:39,907: topic[/trigger_msgs] removing connection to /my_bag
[rospy.internal][INFO] 2025-04-03 14:50:39,908: topic[/trigger_msgs] removing connection to /my_bag2
[rospy.internal][INFO] 2025-04-03 14:50:39,911: topic[/trigger_msgs] adding connection to [/my_bag2], count 3
[rosout][WARNING] 2025-04-03 15:06:54,299: Inbound TCP/IP connection failed: connection from sender terminated before handshake header received. 0 bytes were received. Please check sender for additional details.
[rospy.internal][ERROR] 2025-04-03 15:06:54,301: Inbound TCP/IP connection failed:
Traceback (most recent call last):
  File "/opt/ros/kinetic/lib/python2.7/dist-packages/rospy/impl/tcpros_base.py", line 322, in _tcp_server_callback
    header = read_ros_handshake_header(sock, StringIO(), buff_size)
  File "/opt/ros/kinetic/lib/python2.7/dist-packages/rosgraph/network.py", line 364, in read_ros_handshake_header
    raise ROSHandshakeException("connection from sender terminated before handshake header received. %s bytes were received. Please check sender for additional details."%b.tell())
ROSHandshakeException: connection from sender terminated before handshake header received. 0 bytes were received. Please check sender for additional details.

[rospy.internal][INFO] 2025-04-03 15:06:54,599: topic[/trigger_msgs] removing connection to /controller_joystick
[rospy.internal][INFO] 2025-04-03 15:07:13,614: topic[/trigger_msgs] removing connection to /curr_posters_13348_1743666627210
[rospy.core][INFO] 2025-04-03 15:08:20,485: signal_shutdown [atexit]
[rospy.internal][INFO] 2025-04-03 15:08:20,488: topic[/trigger_msgs] removing connection to /my_bag
[rospy.internal][INFO] 2025-04-03 15:08:20,488: topic[/trigger_msgs] removing connection to /my_bag2
[rospy.internal][INFO] 2025-04-03 15:08:20,488: topic[/rosout] removing connection to /rosout
[rospy.internal][INFO] 2025-04-03 15:08:20,488: topic[/amcl_pose] removing connection to http://localhost:37533/
[rospy.impl.masterslave][INFO] 2025-04-03 15:08:20,489: atexit
