[rospy.client][INFO] 2023-09-28 11:00:03,501: init_node, name[/triggers_6656_1695873603486], pid[6656]
[xmlrpc][INFO] 2023-09-28 11:00:03,501: XML-RPC server binding to 127.0.0.1:0
[xmlrpc][INFO] 2023-09-28 11:00:03,502: Started XML-RPC server [http://localhost:42819/]
[rospy.init][INFO] 2023-09-28 11:00:03,502: ROS Slave URI: [http://localhost:42819/]
[rospy.impl.masterslave][INFO] 2023-09-28 11:00:03,502: _ready: http://localhost:42819/
[xmlrpc][INFO] 2023-09-28 11:00:03,502: xml rpc node: starting XML-RPC server
[rospy.registration][INFO] 2023-09-28 11:00:03,502: Registering with master node http://localhost:11311
[rospy.registration][INFO] 2023-09-28 11:00:03,503: Registering publisher topic [/current_poster] type [geometry_msgs/PointStamped] with master
[rospy.registration][INFO] 2023-09-28 11:00:03,504: Registering publisher topic [/trigger_msgs] type [std_msgs/Int16] with master
[rospy.internal][INFO] 2023-09-28 11:00:03,512: topic[/trigger_msgs] adding connection to [/controller_joystick], count 0
[rospy.internal][INFO] 2023-09-28 11:00:03,557: topic[/trigger_msgs] adding connection to [/curr_posters_2842_1695873417957], count 1
[rospy.init][INFO] 2023-09-28 11:00:03,602: registered with master
[rospy.rosout][INFO] 2023-09-28 11:00:03,602: initializing /rosout core topic
[rospy.rosout][INFO] 2023-09-28 11:00:03,603: connected to core topic /rosout
[rospy.simtime][INFO] 2023-09-28 11:00:03,604: /use_sim_time is not set, will not subscribe to simulated time [/clock] topic
[rospy.internal][INFO] 2023-09-28 11:00:03,621: topic[/amcl_pose] adding connection to [http://localhost:44591/], count 0
[rospy.internal][INFO] 2023-09-28 11:00:03,708: topic[/current_poster] adding connection to [/rviz_1695873395662202631], count 0
[rospy.internal][INFO] 2023-09-28 11:00:03,809: topic[/rosout] adding connection to [/rosout], count 0
[rospy.internal][INFO] 2023-09-28 11:00:03,910: topic[/trigger_msgs] adding connection to [/my_bag2], count 2
[rospy.internal][INFO] 2023-09-28 11:00:03,910: topic[/trigger_msgs] adding connection to [/my_bag], count 3
