[rospy.client][INFO] 2025-04-11 14:29:28,310: init_node, name[/triggers_26325_1744356568284], pid[26325]
[xmlrpc][INFO] 2025-04-11 14:29:28,311: XML-RPC server binding to 127.0.0.1:0
[xmlrpc][INFO] 2025-04-11 14:29:28,312: Started XML-RPC server [http://localhost:39423/]
[rospy.init][INFO] 2025-04-11 14:29:28,312: ROS Slave URI: [http://localhost:39423/]
[rospy.impl.masterslave][INFO] 2025-04-11 14:29:28,312: _ready: http://localhost:39423/
[rospy.registration][INFO] 2025-04-11 14:29:28,313: Registering with master node http://localhost:11311
[xmlrpc][INFO] 2025-04-11 14:29:28,313: xml rpc node: starting XML-RPC server
[rospy.registration][INFO] 2025-04-11 14:29:28,313: Registering publisher topic [/current_poster] type [geometry_msgs/PointStamped] with master
[rospy.registration][INFO] 2025-04-11 14:29:28,315: Registering publisher topic [/trigger_msgs] type [std_msgs/Int16] with master
[rospy.init][INFO] 2025-04-11 14:29:28,412: registered with master
[rospy.rosout][INFO] 2025-04-11 14:29:28,412: initializing /rosout core topic
[rospy.rosout][INFO] 2025-04-11 14:29:28,414: connected to core topic /rosout
[rospy.simtime][INFO] 2025-04-11 14:29:28,414: /use_sim_time is not set, will not subscribe to simulated time [/clock] topic
[rospy.internal][INFO] 2025-04-11 14:29:28,425: topic[/trigger_msgs] adding connection to [/controller_joystick], count 0
[rospy.internal][INFO] 2025-04-11 14:29:28,430: topic[/amcl_pose] adding connection to [http://localhost:33483/], count 0
[rospy.internal][INFO] 2025-04-11 14:29:28,435: topic[/trigger_msgs] adding connection to [/curr_posters_26005_1744356559913], count 1
[rospy.internal][INFO] 2025-04-11 14:29:28,712: topic[/trigger_msgs] adding connection to [/my_bag], count 2
[rospy.internal][INFO] 2025-04-11 14:29:28,713: topic[/rosout] adding connection to [/rosout], count 0
[rospy.internal][INFO] 2025-04-11 14:29:28,714: topic[/trigger_msgs] adding connection to [/my_bag2], count 3
[rospy.internal][INFO] 2025-04-11 14:30:50,463: topic[/trigger_msgs] removing connection to /controller_joystick
[rospy.internal][INFO] 2025-04-11 14:30:50,463: topic[/trigger_msgs] removing connection to /curr_posters_26005_1744356559913
[rospy.internal][INFO] 2025-04-11 14:30:51,221: topic[/trigger_msgs] adding connection to [/curr_posters_28211_1744356651194], count 2
[rospy.internal][INFO] 2025-04-11 14:30:55,476: topic[/trigger_msgs] adding connection to [/controller_joystick], count 3
[rospy.internal][INFO] 2025-04-11 14:30:59,346: topic[/trigger_msgs] adding connection to [/my_bag2], count 4
[rospy.internal][INFO] 2025-04-11 14:30:59,346: topic[/trigger_msgs] removing connection to /my_bag2
[rospy.internal][INFO] 2025-04-11 14:30:59,347: topic[/trigger_msgs] removing connection to /my_bag
[rospy.internal][INFO] 2025-04-11 14:30:59,347: topic[/trigger_msgs] adding connection to [/my_bag], count 3
[rospy.internal][INFO] 2025-04-11 14:33:18,026: topic[/trigger_msgs] removing connection to /curr_posters_28211_1744356651194
[rospy.internal][INFO] 2025-04-11 14:33:18,026: topic[/trigger_msgs] removing connection to /controller_joystick
[rospy.internal][INFO] 2025-04-11 14:33:19,546: topic[/trigger_msgs] adding connection to [/curr_posters_31604_1744356799521], count 2
[rospy.internal][INFO] 2025-04-11 14:33:23,802: topic[/trigger_msgs] adding connection to [/controller_joystick], count 3
[rospy.internal][INFO] 2025-04-11 14:33:27,464: topic[/trigger_msgs] adding connection to [/my_bag], count 4
[rospy.internal][INFO] 2025-04-11 14:33:27,464: topic[/trigger_msgs] removing connection to /my_bag
[rospy.internal][INFO] 2025-04-11 14:33:27,464: topic[/trigger_msgs] removing connection to /my_bag2
[rospy.internal][INFO] 2025-04-11 14:33:27,465: topic[/trigger_msgs] adding connection to [/my_bag2], count 3
[rospy.internal][INFO] 2025-04-11 14:36:07,099: topic[/trigger_msgs] removing connection to /curr_posters_31604_1744356799521
[rospy.internal][INFO] 2025-04-11 14:36:07,099: topic[/trigger_msgs] removing connection to /controller_joystick
[rospy.core][INFO] 2025-04-11 14:36:07,430: signal_shutdown [atexit]
[rospy.internal][INFO] 2025-04-11 14:36:07,432: topic[/trigger_msgs] removing connection to /my_bag
[rospy.internal][INFO] 2025-04-11 14:36:07,433: topic[/trigger_msgs] removing connection to /my_bag2
[rospy.internal][INFO] 2025-04-11 14:36:07,433: topic[/rosout] removing connection to /rosout
[rospy.internal][INFO] 2025-04-11 14:36:07,433: topic[/amcl_pose] removing connection to http://localhost:33483/
[rospy.internal][WARNING] 2025-04-11 14:36:07,434: Unknown error initiating TCP/IP socket to localhost:46279 (http://localhost:33483/): Traceback (most recent call last):
  File "/opt/ros/kinetic/lib/python2.7/dist-packages/rospy/impl/tcpros_base.py", line 558, in connect
    self.read_header()
  File "/opt/ros/kinetic/lib/python2.7/dist-packages/rospy/impl/tcpros_base.py", line 651, in read_header
    self._validate_header(read_ros_handshake_header(sock, self.read_buff, self.protocol.buff_size))
AttributeError: 'NoneType' object has no attribute 'buff_size'

[rospy.topics][ERROR] 2025-04-11 14:36:07,434: Traceback (most recent call last):
  File "/opt/ros/kinetic/lib/python2.7/dist-packages/rospy/topics.py", line 326, in close
    c.close()
  File "/opt/ros/kinetic/lib/python2.7/dist-packages/rospy/impl/tcpros_base.py", line 839, in close
    self.socket.close()
AttributeError: 'NoneType' object has no attribute 'close'

[rospy.impl.masterslave][INFO] 2025-04-11 14:36:07,434: atexit
