[rospy.client][INFO] 2025-04-03 14:40:42,366: init_node, name[/triggers_31529_1743666042342], pid[31529]
[xmlrpc][INFO] 2025-04-03 14:40:42,366: XML-RPC server binding to 127.0.0.1:0
[xmlrpc][INFO] 2025-04-03 14:40:42,367: Started XML-RPC server [http://localhost:35671/]
[rospy.init][INFO] 2025-04-03 14:40:42,367: ROS Slave URI: [http://localhost:35671/]
[rospy.impl.masterslave][INFO] 2025-04-03 14:40:42,367: _ready: http://localhost:35671/
[xmlrpc][INFO] 2025-04-03 14:40:42,368: xml rpc node: starting XML-RPC server
[rospy.registration][INFO] 2025-04-03 14:40:42,368: Registering with master node http://localhost:11311
[rospy.registration][INFO] 2025-04-03 14:40:42,368: Registering publisher topic [/current_poster] type [geometry_msgs/PointStamped] with master
[rospy.registration][INFO] 2025-04-03 14:40:42,370: Registering publisher topic [/trigger_msgs] type [std_msgs/Int16] with master
[rospy.init][INFO] 2025-04-03 14:40:42,467: registered with master
[rospy.rosout][INFO] 2025-04-03 14:40:42,468: initializing /rosout core topic
[rospy.rosout][INFO] 2025-04-03 14:40:42,469: connected to core topic /rosout
[rospy.simtime][INFO] 2025-04-03 14:40:42,470: /use_sim_time is not set, will not subscribe to simulated time [/clock] topic
[rospy.internal][INFO] 2025-04-03 14:40:42,480: topic[/trigger_msgs] adding connection to [/controller_joystick], count 0
[rospy.internal][INFO] 2025-04-03 14:40:42,486: topic[/amcl_pose] adding connection to [http://localhost:37533/], count 0
[rospy.internal][INFO] 2025-04-03 14:40:42,494: topic[/trigger_msgs] adding connection to [/curr_posters_31183_1743666033930], count 1
[rospy.internal][INFO] 2025-04-03 14:40:42,747: topic[/rosout] adding connection to [/rosout], count 0
[rospy.internal][INFO] 2025-04-03 14:40:42,848: topic[/trigger_msgs] adding connection to [/my_bag2], count 2
[rospy.internal][INFO] 2025-04-03 14:40:42,849: topic[/trigger_msgs] adding connection to [/my_bag], count 3
[rospy.internal][INFO] 2025-04-03 14:43:28,071: topic[/trigger_msgs] removing connection to /controller_joystick
[rospy.internal][INFO] 2025-04-03 14:43:28,071: topic[/trigger_msgs] removing connection to /curr_posters_31183_1743666033930
[rospy.internal][INFO] 2025-04-03 14:43:34,323: topic[/trigger_msgs] adding connection to [/curr_posters_3210_1743666214293], count 2
[rospy.internal][INFO] 2025-04-03 14:43:38,620: topic[/trigger_msgs] adding connection to [/controller_joystick], count 3
[rospy.internal][INFO] 2025-04-03 14:43:43,028: topic[/trigger_msgs] adding connection to [/my_bag], count 4
[rospy.internal][INFO] 2025-04-03 14:43:43,028: topic[/trigger_msgs] removing connection to /my_bag
[rospy.internal][INFO] 2025-04-03 14:43:43,029: topic[/trigger_msgs] removing connection to /my_bag2
[rospy.internal][INFO] 2025-04-03 14:43:43,030: topic[/trigger_msgs] adding connection to [/my_bag2], count 3
[rospy.internal][INFO] 2025-04-03 14:45:42,637: topic[/trigger_msgs] removing connection to /controller_joystick
[rospy.internal][INFO] 2025-04-03 14:45:46,639: topic[/trigger_msgs] removing connection to /curr_posters_3210_1743666214293
[rospy.internal][INFO] 2025-04-03 14:45:48,106: topic[/trigger_msgs] adding connection to [/curr_posters_6479_1743666348071], count 2
[rospy.internal][INFO] 2025-04-03 14:45:52,453: topic[/trigger_msgs] adding connection to [/controller_joystick], count 3
[rospy.internal][INFO] 2025-04-03 14:45:56,644: topic[/trigger_msgs] removing connection to /my_bag
[rospy.internal][INFO] 2025-04-03 14:45:56,644: topic[/trigger_msgs] removing connection to /my_bag2
[rospy.internal][INFO] 2025-04-03 14:45:56,725: topic[/trigger_msgs] adding connection to [/my_bag2], count 2
[rospy.internal][INFO] 2025-04-03 14:45:56,726: topic[/trigger_msgs] adding connection to [/my_bag], count 3
[rospy.internal][INFO] 2025-04-03 14:46:29,662: topic[/trigger_msgs] removing connection to /curr_posters_6479_1743666348071
[rospy.internal][INFO] 2025-04-03 14:46:29,662: topic[/trigger_msgs] removing connection to /controller_joystick
[rospy.internal][INFO] 2025-04-03 14:46:31,108: topic[/trigger_msgs] adding connection to [/curr_posters_7707_1743666391063], count 2
[rospy.internal][INFO] 2025-04-03 14:46:35,382: topic[/trigger_msgs] adding connection to [/controller_joystick], count 3
[rospy.internal][INFO] 2025-04-03 14:46:40,009: topic[/trigger_msgs] adding connection to [/my_bag], count 4
[rospy.internal][INFO] 2025-04-03 14:46:40,009: topic[/trigger_msgs] removing connection to /my_bag
[rospy.internal][INFO] 2025-04-03 14:46:40,010: topic[/trigger_msgs] removing connection to /my_bag2
[rospy.internal][INFO] 2025-04-03 14:46:40,014: topic[/trigger_msgs] adding connection to [/my_bag2], count 3
[rospy.internal][INFO] 2025-04-03 14:49:42,758: topic[/trigger_msgs] removing connection to /curr_posters_7707_1743666391063
[rospy.internal][INFO] 2025-04-03 14:49:42,758: topic[/trigger_msgs] removing connection to /controller_joystick
[rospy.internal][INFO] 2025-04-03 14:49:44,105: topic[/trigger_msgs] adding connection to [/curr_posters_12112_1743666584041], count 2
[rospy.internal][INFO] 2025-04-03 14:49:48,392: topic[/trigger_msgs] adding connection to [/controller_joystick], count 3
[rospy.internal][INFO] 2025-04-03 14:49:54,765: topic[/trigger_msgs] removing connection to /my_bag2
[rospy.internal][INFO] 2025-04-03 14:49:54,804: topic[/trigger_msgs] adding connection to [/my_bag2], count 3
[rospy.internal][INFO] 2025-04-03 14:49:54,805: topic[/trigger_msgs] adding connection to [/my_bag], count 4
[rospy.internal][INFO] 2025-04-03 14:49:54,805: topic[/trigger_msgs] removing connection to /my_bag
[rospy.internal][INFO] 2025-04-03 14:50:25,281: topic[/trigger_msgs] removing connection to /curr_posters_12112_1743666584041
[rospy.internal][INFO] 2025-04-03 14:50:25,282: topic[/trigger_msgs] removing connection to /controller_joystick
[rospy.internal][INFO] 2025-04-03 14:50:27,279: topic[/trigger_msgs] adding connection to [/curr_posters_13348_1743666627210], count 2
[rospy.internal][INFO] 2025-04-03 14:50:31,566: topic[/trigger_msgs] adding connection to [/controller_joystick], count 3
[rospy.internal][INFO] 2025-04-03 14:50:39,908: topic[/trigger_msgs] adding connection to [/my_bag2], count 4
[rospy.internal][INFO] 2025-04-03 14:50:39,908: topic[/trigger_msgs] removing connection to /my_bag2
[rospy.internal][INFO] 2025-04-03 14:50:39,909: topic[/trigger_msgs] removing connection to /my_bag
[rospy.internal][INFO] 2025-04-03 14:50:39,910: topic[/trigger_msgs] adding connection to [/my_bag], count 3
[rospy.internal][INFO] 2025-04-03 15:06:54,415: topic[/trigger_msgs] removing connection to /controller_joystick
[rospy.internal][INFO] 2025-04-03 15:07:13,926: topic[/trigger_msgs] removing connection to /curr_posters_13348_1743666627210
[rospy.internal][INFO] 2025-04-03 15:08:20,962: topic[/trigger_msgs] removing connection to /my_bag2
[rospy.internal][INFO] 2025-04-03 15:08:20,962: topic[/trigger_msgs] removing connection to /my_bag
[rospy.core][INFO] 2025-04-03 15:09:16,097: signal_shutdown [atexit]
[rospy.internal][INFO] 2025-04-03 15:09:16,099: topic[/rosout] removing connection to /rosout
[rospy.internal][INFO] 2025-04-03 15:09:16,100: topic[/amcl_pose] removing connection to http://localhost:37533/
[rospy.impl.masterslave][INFO] 2025-04-03 15:09:16,100: atexit
