[rospy.client][INFO] 2023-08-15 09:42:03,823: init_node, name[/triggers_4921_1692067323808], pid[4921]
[xmlrpc][INFO] 2023-08-15 09:42:03,824: XML-RPC server binding to 127.0.0.1:0
[xmlrpc][INFO] 2023-08-15 09:42:03,824: Started XML-RPC server [http://localhost:41977/]
[rospy.init][INFO] 2023-08-15 09:42:03,824: ROS Slave URI: [http://localhost:41977/]
[rospy.impl.masterslave][INFO] 2023-08-15 09:42:03,824: _ready: http://localhost:41977/
[rospy.registration][INFO] 2023-08-15 09:42:03,825: Registering with master node http://localhost:11311
[xmlrpc][INFO] 2023-08-15 09:42:03,825: xml rpc node: starting XML-RPC server
[rospy.registration][INFO] 2023-08-15 09:42:03,825: Registering publisher topic [/current_poster] type [geometry_msgs/PointStamped] with master
[rospy.registration][INFO] 2023-08-15 09:42:03,826: Registering publisher topic [/trigger_msgs] type [std_msgs/Int16] with master
[rospy.internal][INFO] 2023-08-15 09:42:03,922: topic[/trigger_msgs] adding connection to [/controller_joystick], count 0
[rospy.init][INFO] 2023-08-15 09:42:03,924: registered with master
[rospy.rosout][INFO] 2023-08-15 09:42:03,924: initializing /rosout core topic
[rospy.rosout][INFO] 2023-08-15 09:42:03,925: connected to core topic /rosout
[rospy.simtime][INFO] 2023-08-15 09:42:03,926: /use_sim_time is not set, will not subscribe to simulated time [/clock] topic
[rospy.internal][INFO] 2023-08-15 09:42:03,938: topic[/trigger_msgs] adding connection to [/curr_posters_2997_1692067232465], count 1
[rospy.internal][INFO] 2023-08-15 09:42:03,942: topic[/amcl_pose] adding connection to [http://localhost:45525/], count 0
[rospy.internal][INFO] 2023-08-15 09:42:04,109: topic[/current_poster] adding connection to [/rviz_1692067225069068900], count 0
[rospy.internal][INFO] 2023-08-15 09:42:04,212: topic[/trigger_msgs] adding connection to [/my_bag], count 2
[rospy.internal][INFO] 2023-08-15 09:42:04,212: topic[/rosout] adding connection to [/rosout], count 0
[rospy.internal][INFO] 2023-08-15 09:42:04,213: topic[/trigger_msgs] adding connection to [/my_bag2], count 3
[rospy.internal][INFO] 2023-08-15 09:43:49,987: topic[/trigger_msgs] removing connection to /my_bag
[rospy.core][INFO] 2023-08-15 09:43:50,213: signal_shutdown [atexit]
[rospy.internal][INFO] 2023-08-15 09:43:50,218: topic[/current_poster] removing connection to /rviz_1692067225069068900
[rospy.internal][INFO] 2023-08-15 09:43:50,218: topic[/trigger_msgs] removing connection to /controller_joystick
[rospy.internal][INFO] 2023-08-15 09:43:50,218: topic[/trigger_msgs] removing connection to /curr_posters_2997_1692067232465
[rospy.internal][INFO] 2023-08-15 09:43:50,218: topic[/trigger_msgs] removing connection to /my_bag2
[rospy.internal][INFO] 2023-08-15 09:43:50,219: topic[/rosout] removing connection to /rosout
[rospy.internal][INFO] 2023-08-15 09:43:50,219: topic[/amcl_pose] removing connection to http://localhost:45525/
[rospy.internal][WARNING] 2023-08-15 09:43:50,219: Unknown error initiating TCP/IP socket to localhost:46629 (http://localhost:45525/): Traceback (most recent call last):
  File "/opt/ros/kinetic/lib/python2.7/dist-packages/rospy/impl/tcpros_base.py", line 558, in connect
    self.read_header()
  File "/opt/ros/kinetic/lib/python2.7/dist-packages/rospy/impl/tcpros_base.py", line 651, in read_header
    self._validate_header(read_ros_handshake_header(sock, self.read_buff, self.protocol.buff_size))
AttributeError: 'NoneType' object has no attribute 'buff_size'

[rospy.topics][ERROR] 2023-08-15 09:43:50,220: Traceback (most recent call last):
  File "/opt/ros/kinetic/lib/python2.7/dist-packages/rospy/topics.py", line 326, in close
    c.close()
  File "/opt/ros/kinetic/lib/python2.7/dist-packages/rospy/impl/tcpros_base.py", line 839, in close
    self.socket.close()
AttributeError: 'NoneType' object has no attribute 'close'

[rospy.impl.masterslave][INFO] 2023-08-15 09:43:50,220: atexit
