[rospy.client][INFO] 2025-04-03 14:32:30,071: init_node, name[/triggers_20474_1743665550051], pid[20474]
[xmlrpc][INFO] 2025-04-03 14:32:30,071: XML-RPC server binding to 127.0.0.1:0
[xmlrpc][INFO] 2025-04-03 14:32:30,071: Started XML-RPC server [http://localhost:41523/]
[rospy.init][INFO] 2025-04-03 14:32:30,072: ROS Slave URI: [http://localhost:41523/]
[rospy.impl.masterslave][INFO] 2025-04-03 14:32:30,072: _ready: http://localhost:41523/
[rospy.registration][INFO] 2025-04-03 14:32:30,072: Registering with master node http://localhost:11311
[xmlrpc][INFO] 2025-04-03 14:32:30,072: xml rpc node: starting XML-RPC server
[rospy.registration][INFO] 2025-04-03 14:32:30,073: Registering publisher topic [/current_poster] type [geometry_msgs/PointStamped] with master
[rospy.registration][INFO] 2025-04-03 14:32:30,075: Registering publisher topic [/trigger_msgs] type [std_msgs/Int16] with master
[rospy.internal][INFO] 2025-04-03 14:32:30,161: topic[/trigger_msgs] adding connection to [/controller_joystick], count 0
[rospy.internal][INFO] 2025-04-03 14:32:30,164: topic[/trigger_msgs] adding connection to [/curr_posters_19119_1743665489543], count 1
[rospy.init][INFO] 2025-04-03 14:32:30,172: registered with master
[rospy.rosout][INFO] 2025-04-03 14:32:30,172: initializing /rosout core topic
[rospy.rosout][INFO] 2025-04-03 14:32:30,174: connected to core topic /rosout
[rospy.simtime][INFO] 2025-04-03 14:32:30,175: /use_sim_time is not set, will not subscribe to simulated time [/clock] topic
[rospy.internal][INFO] 2025-04-03 14:32:30,190: topic[/amcl_pose] adding connection to [http://localhost:37533/], count 0
[rospy.internal][INFO] 2025-04-03 14:32:30,457: topic[/trigger_msgs] adding connection to [/my_bag], count 2
[rospy.internal][INFO] 2025-04-03 14:32:30,458: topic[/rosout] adding connection to [/rosout], count 0
[rospy.internal][INFO] 2025-04-03 14:32:30,458: topic[/trigger_msgs] adding connection to [/my_bag2], count 3
[rospy.internal][INFO] 2025-04-03 14:34:04,738: topic[/trigger_msgs] removing connection to /controller_joystick
[rospy.internal][INFO] 2025-04-03 14:34:07,740: topic[/trigger_msgs] removing connection to /curr_posters_19119_1743665489543
[rospy.internal][INFO] 2025-04-03 14:34:34,411: topic[/trigger_msgs] adding connection to [/curr_posters_23175_1743665674385], count 2
[rospy.internal][INFO] 2025-04-03 14:34:38,706: topic[/trigger_msgs] adding connection to [/controller_joystick], count 3
[rospy.internal][INFO] 2025-04-03 14:34:55,568: topic[/trigger_msgs] adding connection to [/my_bag2], count 4
[rospy.internal][INFO] 2025-04-03 14:34:55,568: topic[/trigger_msgs] removing connection to /my_bag2
[rospy.internal][INFO] 2025-04-03 14:34:55,569: topic[/trigger_msgs] removing connection to /my_bag
[rospy.internal][INFO] 2025-04-03 14:34:55,570: topic[/trigger_msgs] adding connection to [/my_bag], count 3
[rospy.internal][INFO] 2025-04-03 14:35:32,778: topic[/trigger_msgs] removing connection to /controller_joystick
[rospy.internal][INFO] 2025-04-03 14:35:33,779: topic[/trigger_msgs] removing connection to /curr_posters_23175_1743665674385
[rospy.internal][INFO] 2025-04-03 14:36:10,099: topic[/trigger_msgs] adding connection to [/curr_posters_25454_1743665770070], count 2
[rospy.internal][INFO] 2025-04-03 14:36:14,400: topic[/trigger_msgs] adding connection to [/controller_joystick], count 3
[rospy.internal][INFO] 2025-04-03 14:36:50,815: topic[/trigger_msgs] removing connection to /my_bag
[rospy.internal][INFO] 2025-04-03 14:36:51,816: topic[/trigger_msgs] removing connection to /my_bag2
[rospy.internal][INFO] 2025-04-03 14:40:32,923: topic[/trigger_msgs] removing connection to /curr_posters_25454_1743665770070
[rospy.internal][INFO] 2025-04-03 14:40:32,924: topic[/trigger_msgs] removing connection to /controller_joystick
[rospy.internal][INFO] 2025-04-03 14:40:33,960: topic[/trigger_msgs] adding connection to [/curr_posters_31183_1743666033930], count 0
[rospy.internal][INFO] 2025-04-03 14:40:38,209: topic[/trigger_msgs] adding connection to [/controller_joystick], count 1
[rospy.internal][INFO] 2025-04-03 14:40:42,847: topic[/trigger_msgs] adding connection to [/my_bag], count 2
[rospy.internal][INFO] 2025-04-03 14:40:42,848: topic[/trigger_msgs] adding connection to [/my_bag2], count 3
[rospy.internal][INFO] 2025-04-03 14:43:28,009: topic[/trigger_msgs] removing connection to /curr_posters_31183_1743666033930
[rospy.internal][INFO] 2025-04-03 14:43:28,009: topic[/trigger_msgs] removing connection to /controller_joystick
[rospy.core][INFO] 2025-04-03 14:43:32,198: signal_shutdown [atexit]
[rospy.internal][INFO] 2025-04-03 14:43:32,200: topic[/trigger_msgs] removing connection to /my_bag
[rospy.internal][INFO] 2025-04-03 14:43:32,200: topic[/trigger_msgs] removing connection to /my_bag2
[rospy.internal][INFO] 2025-04-03 14:43:32,201: topic[/rosout] removing connection to /rosout
[rospy.internal][INFO] 2025-04-03 14:43:32,201: topic[/amcl_pose] removing connection to http://localhost:37533/
[rospy.impl.masterslave][INFO] 2025-04-03 14:43:32,201: atexit
