[rospy.client][INFO] 2024-03-12 09:31:58,385: init_node, name[/triggers_25265_1710210718363], pid[25265]
[xmlrpc][INFO] 2024-03-12 09:31:58,386: XML-RPC server binding to 127.0.0.1:0
[xmlrpc][INFO] 2024-03-12 09:31:58,386: Started XML-RPC server [http://localhost:45919/]
[rospy.init][INFO] 2024-03-12 09:31:58,386: ROS Slave URI: [http://localhost:45919/]
[rospy.impl.masterslave][INFO] 2024-03-12 09:31:58,386: _ready: http://localhost:45919/
[rospy.registration][INFO] 2024-03-12 09:31:58,387: Registering with master node http://localhost:11311
[xmlrpc][INFO] 2024-03-12 09:31:58,387: xml rpc node: starting XML-RPC server
[rospy.registration][INFO] 2024-03-12 09:31:58,387: Registering publisher topic [/current_poster] type [geometry_msgs/PointStamped] with master
[rospy.registration][INFO] 2024-03-12 09:31:58,389: Registering publisher topic [/trigger_msgs] type [std_msgs/Int16] with master
[rospy.init][INFO] 2024-03-12 09:31:58,487: registered with master
[rospy.rosout][INFO] 2024-03-12 09:31:58,487: initializing /rosout core topic
[rospy.rosout][INFO] 2024-03-12 09:31:58,488: connected to core topic /rosout
[rospy.simtime][INFO] 2024-03-12 09:31:58,489: /use_sim_time is not set, will not subscribe to simulated time [/clock] topic
[rospy.internal][INFO] 2024-03-12 09:31:58,506: topic[/amcl_pose] adding connection to [http://localhost:38285/], count 0
[rospy.internal][INFO] 2024-03-12 09:31:58,509: topic[/trigger_msgs] adding connection to [/controller_joystick], count 0
[rospy.internal][INFO] 2024-03-12 09:31:58,538: topic[/trigger_msgs] adding connection to [/curr_posters_2348_1710209606402], count 1
[rospy.internal][INFO] 2024-03-12 09:31:58,591: topic[/current_poster] adding connection to [/rviz_1710209606648676700], count 0
[rospy.internal][INFO] 2024-03-12 09:31:58,694: topic[/rosout] adding connection to [/rosout], count 0
[rospy.internal][INFO] 2024-03-12 09:31:58,793: topic[/trigger_msgs] adding connection to [/my_bag2], count 2
[rospy.internal][INFO] 2024-03-12 09:31:58,794: topic[/trigger_msgs] adding connection to [/my_bag], count 3
[rospy.internal][INFO] 2024-03-12 11:20:03,592: topic[/trigger_msgs] removing connection to /my_bag
[rospy.core][INFO] 2024-03-12 11:20:03,901: signal_shutdown [atexit]
[rospy.internal][INFO] 2024-03-12 11:20:03,905: topic[/current_poster] removing connection to /rviz_1710209606648676700
[rospy.internal][INFO] 2024-03-12 11:20:03,905: topic[/trigger_msgs] removing connection to /controller_joystick
[rospy.internal][INFO] 2024-03-12 11:20:03,905: topic[/trigger_msgs] removing connection to /curr_posters_2348_1710209606402
[rospy.internal][INFO] 2024-03-12 11:20:03,906: topic[/trigger_msgs] removing connection to /my_bag2
[rospy.internal][INFO] 2024-03-12 11:20:03,906: topic[/rosout] removing connection to /rosout
[rospy.internal][INFO] 2024-03-12 11:20:03,906: topic[/amcl_pose] removing connection to http://localhost:38285/
[rospy.impl.masterslave][INFO] 2024-03-12 11:20:03,907: atexit
