[rospy.client][INFO] 2023-10-25 10:26:23,300: init_node, name[/triggers_4380_1698204383281], pid[4380]
[xmlrpc][INFO] 2023-10-25 10:26:23,301: XML-RPC server binding to 127.0.0.1:0
[rospy.init][INFO] 2023-10-25 10:26:23,301: ROS Slave URI: [http://localhost:40737/]
[xmlrpc][INFO] 2023-10-25 10:26:23,301: Started XML-RPC server [http://localhost:40737/]
[rospy.impl.masterslave][INFO] 2023-10-25 10:26:23,302: _ready: http://localhost:40737/
[xmlrpc][INFO] 2023-10-25 10:26:23,302: xml rpc node: starting XML-RPC server
[rospy.registration][INFO] 2023-10-25 10:26:23,302: Registering with master node http://localhost:11311
[rospy.registration][INFO] 2023-10-25 10:26:23,303: Registering publisher topic [/current_poster] type [geometry_msgs/PointStamped] with master
[rospy.registration][INFO] 2023-10-25 10:26:23,304: Registering publisher topic [/trigger_msgs] type [std_msgs/Int16] with master
[rospy.internal][INFO] 2023-10-25 10:26:23,391: topic[/trigger_msgs] adding connection to [/controller_joystick], count 0
[rospy.internal][INFO] 2023-10-25 10:26:23,392: topic[/trigger_msgs] adding connection to [/curr_posters_2854_1698202818502], count 1
[rospy.init][INFO] 2023-10-25 10:26:23,402: registered with master
[rospy.rosout][INFO] 2023-10-25 10:26:23,402: initializing /rosout core topic
[rospy.rosout][INFO] 2023-10-25 10:26:23,403: connected to core topic /rosout
[rospy.simtime][INFO] 2023-10-25 10:26:23,404: /use_sim_time is not set, will not subscribe to simulated time [/clock] topic
[rospy.internal][INFO] 2023-10-25 10:26:23,420: topic[/amcl_pose] adding connection to [http://localhost:42621/], count 0
[rospy.internal][INFO] 2023-10-25 10:26:23,540: topic[/current_poster] adding connection to [/rviz_1698202801861004883], count 0
[rospy.internal][INFO] 2023-10-25 10:26:23,643: topic[/rosout] adding connection to [/rosout], count 0
[rospy.internal][INFO] 2023-10-25 10:26:23,744: topic[/trigger_msgs] adding connection to [/my_bag2], count 2
[rospy.internal][INFO] 2023-10-25 10:26:23,745: topic[/trigger_msgs] adding connection to [/my_bag], count 3
