[rospy.client][INFO] 2025-03-27 15:04:28,849: init_node, name[/triggers_8641_1743062668833], pid[8641]
[xmlrpc][INFO] 2025-03-27 15:04:28,849: XML-RPC server binding to 127.0.0.1:0
[xmlrpc][INFO] 2025-03-27 15:04:28,850: Started XML-RPC server [http://localhost:35093/]
[rospy.init][INFO] 2025-03-27 15:04:28,850: ROS Slave URI: [http://localhost:35093/]
[rospy.impl.masterslave][INFO] 2025-03-27 15:04:28,850: _ready: http://localhost:35093/
[xmlrpc][INFO] 2025-03-27 15:04:28,850: xml rpc node: starting XML-RPC server
[rospy.registration][INFO] 2025-03-27 15:04:28,851: Registering with master node http://localhost:11311
[rospy.registration][INFO] 2025-03-27 15:04:28,851: Registering publisher topic [/current_poster] type [geometry_msgs/PointStamped] with master
[rospy.registration][INFO] 2025-03-27 15:04:28,852: Registering publisher topic [/trigger_msgs] type [std_msgs/Int16] with master
[rospy.internal][INFO] 2025-03-27 15:04:28,933: topic[/trigger_msgs] adding connection to [/curr_posters_8002_1743062641510], count 0
[rospy.init][INFO] 2025-03-27 15:04:28,950: registered with master
[rospy.rosout][INFO] 2025-03-27 15:04:28,950: initializing /rosout core topic
[rospy.rosout][INFO] 2025-03-27 15:04:28,951: connected to core topic /rosout
[rospy.simtime][INFO] 2025-03-27 15:04:28,952: /use_sim_time is not set, will not subscribe to simulated time [/clock] topic
[rospy.internal][INFO] 2025-03-27 15:04:28,968: topic[/amcl_pose] adding connection to [http://localhost:38805/], count 0
[rospy.internal][INFO] 2025-03-27 15:04:29,218: topic[/trigger_msgs] adding connection to [/my_bag], count 1
[rospy.internal][INFO] 2025-03-27 15:04:29,218: topic[/rosout] adding connection to [/rosout], count 0
[rospy.internal][INFO] 2025-03-27 15:04:29,219: topic[/trigger_msgs] adding connection to [/my_bag2], count 2
[rospy.internal][INFO] 2025-03-27 15:06:13,017: topic[/trigger_msgs] removing connection to /curr_posters_8002_1743062641510
[rospy.internal][INFO] 2025-03-27 15:06:39,937: topic[/trigger_msgs] adding connection to [/curr_posters_11522_1743062799915], count 2
[rospy.core][INFO] 2025-03-27 15:06:42,977: signal_shutdown [atexit]
[rospy.internal][INFO] 2025-03-27 15:06:42,979: topic[/trigger_msgs] removing connection to /my_bag
[rospy.internal][INFO] 2025-03-27 15:06:42,980: topic[/trigger_msgs] removing connection to /my_bag2
[rospy.internal][INFO] 2025-03-27 15:06:42,980: topic[/trigger_msgs] removing connection to /curr_posters_11522_1743062799915
[rospy.internal][INFO] 2025-03-27 15:06:42,980: topic[/rosout] removing connection to /rosout
[rospy.internal][INFO] 2025-03-27 15:06:42,980: topic[/amcl_pose] removing connection to http://localhost:38805/
[rospy.internal][WARNING] 2025-03-27 15:06:42,981: Unknown error initiating TCP/IP socket to localhost:41527 (http://localhost:38805/): Traceback (most recent call last):
  File "/opt/ros/kinetic/lib/python2.7/dist-packages/rospy/impl/tcpros_base.py", line 558, in connect
    self.read_header()
  File "/opt/ros/kinetic/lib/python2.7/dist-packages/rospy/impl/tcpros_base.py", line 651, in read_header
    self._validate_header(read_ros_handshake_header(sock, self.read_buff, self.protocol.buff_size))
AttributeError: 'NoneType' object has no attribute 'buff_size'

[rospy.topics][ERROR] 2025-03-27 15:06:42,981: Traceback (most recent call last):
  File "/opt/ros/kinetic/lib/python2.7/dist-packages/rospy/topics.py", line 326, in close
    c.close()
  File "/opt/ros/kinetic/lib/python2.7/dist-packages/rospy/impl/tcpros_base.py", line 839, in close
    self.socket.close()
AttributeError: 'NoneType' object has no attribute 'close'

[rospy.impl.masterslave][INFO] 2025-03-27 15:06:42,981: atexit
