[rospy.client][INFO] 2025-04-11 14:36:15,008: init_node, name[/triggers_3810_1744356974976], pid[3810]
[xmlrpc][INFO] 2025-04-11 14:36:15,009: XML-RPC server binding to 127.0.0.1:0
[xmlrpc][INFO] 2025-04-11 14:36:15,009: Started XML-RPC server [http://localhost:38489/]
[rospy.init][INFO] 2025-04-11 14:36:15,010: ROS Slave URI: [http://localhost:38489/]
[rospy.impl.masterslave][INFO] 2025-04-11 14:36:15,010: _ready: http://localhost:38489/
[xmlrpc][INFO] 2025-04-11 14:36:15,011: xml rpc node: starting XML-RPC server
[rospy.registration][INFO] 2025-04-11 14:36:15,011: Registering with master node http://localhost:11311
[rospy.registration][INFO] 2025-04-11 14:36:15,011: Registering publisher topic [/current_poster] type [geometry_msgs/PointStamped] with master
[rospy.registration][INFO] 2025-04-11 14:36:15,014: Registering publisher topic [/trigger_msgs] type [std_msgs/Int16] with master
[rospy.internal][INFO] 2025-04-11 14:36:15,104: topic[/trigger_msgs] adding connection to [/curr_posters_3510_1744356967900], count 0
[rospy.internal][INFO] 2025-04-11 14:36:15,107: topic[/trigger_msgs] adding connection to [/controller_joystick], count 1
[rospy.init][INFO] 2025-04-11 14:36:15,110: registered with master
[rospy.rosout][INFO] 2025-04-11 14:36:15,110: initializing /rosout core topic
[rospy.rosout][INFO] 2025-04-11 14:36:15,112: connected to core topic /rosout
[rospy.simtime][INFO] 2025-04-11 14:36:15,114: /use_sim_time is not set, will not subscribe to simulated time [/clock] topic
[rospy.internal][INFO] 2025-04-11 14:36:15,130: topic[/amcl_pose] adding connection to [http://localhost:33483/], count 0
[rosout][WARNING] 2025-04-11 14:36:15,407: Inbound TCP/IP connection failed: connection from sender terminated before handshake header received. 0 bytes were received. Please check sender for additional details.
[rospy.internal][ERROR] 2025-04-11 14:36:15,409: Inbound TCP/IP connection failed:
Traceback (most recent call last):
  File "/opt/ros/kinetic/lib/python2.7/dist-packages/rospy/impl/tcpros_base.py", line 322, in _tcp_server_callback
    header = read_ros_handshake_header(sock, StringIO(), buff_size)
  File "/opt/ros/kinetic/lib/python2.7/dist-packages/rosgraph/network.py", line 364, in read_ros_handshake_header
    raise ROSHandshakeException("connection from sender terminated before handshake header received. %s bytes were received. Please check sender for additional details."%b.tell())
ROSHandshakeException: connection from sender terminated before handshake header received. 0 bytes were received. Please check sender for additional details.

[rospy.internal][INFO] 2025-04-11 14:36:15,410: topic[/trigger_msgs] adding connection to [/my_bag2], count 2
[rospy.internal][INFO] 2025-04-11 14:36:15,413: topic[/rosout] adding connection to [/rosout], count 0
[rospy.internal][INFO] 2025-04-11 14:36:15,418: topic[/trigger_msgs] adding connection to [/my_bag], count 3
[rospy.internal][INFO] 2025-04-11 15:09:26,014: topic[/trigger_msgs] removing connection to /curr_posters_3510_1744356967900
[rospy.internal][INFO] 2025-04-11 15:09:26,014: topic[/trigger_msgs] removing connection to /controller_joystick
[rospy.internal][INFO] 2025-04-11 15:09:27,389: topic[/trigger_msgs] adding connection to [/curr_posters_13997_1744358967358], count 2
[rospy.internal][WARNING] 2025-04-11 15:09:30,255: Unknown error initiating TCP/IP socket to localhost:46279 (http://localhost:33483/): Traceback (most recent call last):
  File "/opt/ros/kinetic/lib/python2.7/dist-packages/rospy/impl/tcpros_base.py", line 558, in connect
    self.read_header()
  File "/opt/ros/kinetic/lib/python2.7/dist-packages/rospy/impl/tcpros_base.py", line 651, in read_header
    self._validate_header(read_ros_handshake_header(sock, self.read_buff, self.protocol.buff_size))
  File "/opt/ros/kinetic/lib/python2.7/dist-packages/rosgraph/network.py", line 362, in read_ros_handshake_header
    d = sock.recv(buff_size)
error: [Errno 104] Connection reset by peer

[rospy.internal][INFO] 2025-04-11 15:09:30,255: topic[/amcl_pose] removing connection to http://localhost:33483/
[rospy.internal][INFO] 2025-04-11 15:09:30,516: topic[/rosout] removing connection to /rosout
[rospy.internal][INFO] 2025-04-11 15:10:10,035: topic[/trigger_msgs] removing connection to /curr_posters_13997_1744358967358
[rospy.internal][INFO] 2025-04-11 15:10:32,546: topic[/trigger_msgs] removing connection to /my_bag2
[rospy.internal][INFO] 2025-04-11 15:10:32,546: topic[/trigger_msgs] removing connection to /my_bag
[rospy.core][INFO] 2025-04-11 15:11:31,168: signal_shutdown [atexit]
[rospy.impl.masterslave][INFO] 2025-04-11 15:11:31,171: atexit
