[rospy.client][INFO] 2025-03-27 14:08:35,027: init_node, name[/sonar_processor_4724_1743059315015], pid[4724]
[xmlrpc][INFO] 2025-03-27 14:08:35,027: XML-RPC server binding to 127.0.0.1:0
[xmlrpc][INFO] 2025-03-27 14:08:35,027: Started XML-RPC server [http://localhost:36423/]
[rospy.init][INFO] 2025-03-27 14:08:35,028: ROS Slave URI: [http://localhost:36423/]
[rospy.impl.masterslave][INFO] 2025-03-27 14:08:35,028: _ready: http://localhost:36423/
[rospy.registration][INFO] 2025-03-27 14:08:35,028: Registering with master node http://localhost:11311
[xmlrpc][INFO] 2025-03-27 14:08:35,028: xml rpc node: starting XML-RPC server
[rospy.init][INFO] 2025-03-27 14:08:35,128: registered with master
[rospy.rosout][INFO] 2025-03-27 14:08:35,128: initializing /rosout core topic
[rospy.rosout][INFO] 2025-03-27 14:08:35,134: connected to core topic /rosout
[rospy.simtime][INFO] 2025-03-27 14:08:35,137: /use_sim_time is not set, will not subscribe to simulated time [/clock] topic
[rosout][INFO] 2025-03-27 14:08:35,152: Sonar processor initialized
[rospy.internal][INFO] 2025-03-27 14:08:35,195: topic[/RosAria/sonar] adding connection to [http://localhost:37299/], count 0
[rosout][INFO] 2025-03-27 14:08:35,274: Back Left Min: 1.17, Back Right Min: 1.35
[rospy.internal][INFO] 2025-03-27 14:08:35,349: topic[/rosout] adding connection to [/rosout], count 0
[rosout][INFO] 2025-03-27 14:08:35,374: Back Left Min: 1.17, Back Right Min: 1.35
[rosout][INFO] 2025-03-27 14:08:35,478: Back Left Min: 1.17, Back Right Min: 1.35
[rosout][INFO] 2025-03-27 14:08:35,574: Back Left Min: 1.17, Back Right Min: 1.35
[rosout][INFO] 2025-03-27 14:08:35,678: Back Left Min: 1.17, Back Right Min: 1.35
[rosout][INFO] 2025-03-27 14:08:35,775: Back Left Min: 1.17, Back Right Min: 1.35
[rosout][INFO] 2025-03-27 14:08:35,878: Back Left Min: 1.17, Back Right Min: 1.35
[rosout][INFO] 2025-03-27 14:08:35,975: Back Left Min: 1.17, Back Right Min: 1.35
[rosout][INFO] 2025-03-27 14:08:36,078: Back Left Min: 1.17, Back Right Min: 1.35
[rosout][INFO] 2025-03-27 14:08:36,175: Back Left Min: 1.17, Back Right Min: 1.35
[rosout][INFO] 2025-03-27 14:08:36,278: Back Left Min: 1.17, Back Right Min: 1.35
[rosout][INFO] 2025-03-27 14:08:36,375: Back Left Min: 1.17, Back Right Min: 1.35
[rosout][INFO] 2025-03-27 14:08:36,478: Back Left Min: 1.17, Back Right Min: 1.35
[rosout][INFO] 2025-03-27 14:08:36,575: Back Left Min: 1.17, Back Right Min: 1.35
[rosout][INFO] 2025-03-27 14:08:36,678: Back Left Min: 1.17, Back Right Min: 1.35
[rosout][INFO] 2025-03-27 14:08:36,775: Back Left Min: 1.17, Back Right Min: 1.35
[rosout][INFO] 2025-03-27 14:08:36,878: Back Left Min: 1.17, Back Right Min: 1.35
[rosout][INFO] 2025-03-27 14:08:36,975: Back Left Min: 1.17, Back Right Min: 1.35
[rosout][INFO] 2025-03-27 14:08:37,078: Back Left Min: 1.17, Back Right Min: 1.35
[rosout][INFO] 2025-03-27 14:08:37,175: Back Left Min: 1.17, Back Right Min: 1.35
[rosout][INFO] 2025-03-27 14:08:37,278: Back Left Min: 1.17, Back Right Min: 1.35
[rosout][INFO] 2025-03-27 14:08:37,375: Back Left Min: 1.17, Back Right Min: 1.35
[rosout][INFO] 2025-03-27 14:08:37,478: Back Left Min: 1.17, Back Right Min: 1.35
[rosout][INFO] 2025-03-27 14:08:37,575: Back Left Min: 1.17, Back Right Min: 1.35
[rosout][INFO] 2025-03-27 14:08:37,679: Back Left Min: 1.17, Back Right Min: 1.35
[rosout][INFO] 2025-03-27 14:08:37,775: Back Left Min: 1.17, Back Right Min: 1.35
[rosout][INFO] 2025-03-27 14:08:37,879: Back Left Min: 1.17, Back Right Min: 1.35
[rosout][INFO] 2025-03-27 14:08:37,976: Back Left Min: 1.17, Back Right Min: 1.35
[rosout][INFO] 2025-03-27 14:08:38,079: Back Left Min: 1.17, Back Right Min: 1.35
[rosout][INFO] 2025-03-27 14:08:38,176: Back Left Min: 1.17, Back Right Min: 1.35
[rosout][INFO] 2025-03-27 14:08:38,279: Back Left Min: 1.17, Back Right Min: 1.35
[rosout][INFO] 2025-03-27 14:08:38,376: Back Left Min: 1.17, Back Right Min: 1.35
[rosout][INFO] 2025-03-27 14:08:38,479: Back Left Min: 1.17, Back Right Min: 1.35
[rosout][INFO] 2025-03-27 14:08:38,576: Back Left Min: 1.17, Back Right Min: 1.35
[rosout][INFO] 2025-03-27 14:08:38,679: Back Left Min: 1.17, Back Right Min: 1.35
[rosout][INFO] 2025-03-27 14:08:38,776: Back Left Min: 1.17, Back Right Min: 1.35
[rosout][INFO] 2025-03-27 14:08:38,879: Back Left Min: 1.17, Back Right Min: 1.35
[rosout][INFO] 2025-03-27 14:08:38,976: Back Left Min: 1.17, Back Right Min: 1.35
[rosout][INFO] 2025-03-27 14:08:39,079: Back Left Min: 1.17, Back Right Min: 1.35
[rosout][INFO] 2025-03-27 14:08:39,176: Back Left Min: 1.17, Back Right Min: 1.35
[rosout][INFO] 2025-03-27 14:08:39,279: Back Left Min: 1.17, Back Right Min: 1.35
[rosout][INFO] 2025-03-27 14:08:39,376: Back Left Min: 1.17, Back Right Min: 1.35
[rosout][INFO] 2025-03-27 14:08:39,479: Back Left Min: 1.17, Back Right Min: 1.35
[rosout][INFO] 2025-03-27 14:08:39,576: Back Left Min: 1.17, Back Right Min: 1.35
[rosout][INFO] 2025-03-27 14:08:39,679: Back Left Min: 1.17, Back Right Min: 1.35
[rosout][INFO] 2025-03-27 14:08:39,776: Back Left Min: 1.17, Back Right Min: 1.35
[rosout][INFO] 2025-03-27 14:08:39,879: Back Left Min: 1.17, Back Right Min: 1.35
[rosout][INFO] 2025-03-27 14:08:39,976: Back Left Min: 1.17, Back Right Min: 1.35
[rosout][INFO] 2025-03-27 14:08:40,080: Back Left Min: 1.17, Back Right Min: 1.35
[rosout][INFO] 2025-03-27 14:08:40,177: Back Left Min: 1.17, Back Right Min: 1.35
[rosout][INFO] 2025-03-27 14:08:40,280: Back Left Min: 1.17, Back Right Min: 1.35
[rosout][INFO] 2025-03-27 14:08:40,377: Back Left Min: 1.17, Back Right Min: 1.35
[rosout][INFO] 2025-03-27 14:08:40,480: Back Left Min: 1.17, Back Right Min: 1.35
[rosout][INFO] 2025-03-27 14:08:40,577: Back Left Min: 1.17, Back Right Min: 1.35
[rosout][INFO] 2025-03-27 14:08:40,680: Back Left Min: 1.17, Back Right Min: 1.35
[rosout][INFO] 2025-03-27 14:08:40,777: Back Left Min: 1.17, Back Right Min: 1.35
[rosout][INFO] 2025-03-27 14:08:40,880: Back Left Min: 1.17, Back Right Min: 1.35
[rosout][INFO] 2025-03-27 14:08:40,977: Back Left Min: 1.17, Back Right Min: 1.35
[rosout][INFO] 2025-03-27 14:08:41,080: Back Left Min: 1.17, Back Right Min: 1.35
[rosout][INFO] 2025-03-27 14:08:41,177: Back Left Min: 1.17, Back Right Min: 1.35
[rosout][INFO] 2025-03-27 14:08:41,280: Back Left Min: 1.17, Back Right Min: 1.35
[rosout][INFO] 2025-03-27 14:08:41,377: Back Left Min: 1.17, Back Right Min: 1.35
[rosout][INFO] 2025-03-27 14:08:41,480: Back Left Min: 1.17, Back Right Min: 1.35
[rosout][INFO] 2025-03-27 14:08:41,577: Back Left Min: 1.17, Back Right Min: 1.35
[rosout][INFO] 2025-03-27 14:08:41,680: Back Left Min: 1.17, Back Right Min: 1.35
[rosout][INFO] 2025-03-27 14:08:41,777: Back Left Min: 1.17, Back Right Min: 1.35
[rosout][INFO] 2025-03-27 14:08:41,880: Back Left Min: 1.17, Back Right Min: 1.35
[rosout][INFO] 2025-03-27 14:08:41,977: Back Left Min: 1.17, Back Right Min: 1.35
[rosout][INFO] 2025-03-27 14:08:42,080: Back Left Min: 1.17, Back Right Min: 1.35
[rosout][INFO] 2025-03-27 14:08:42,177: Back Left Min: 1.17, Back Right Min: 1.35
[rosout][INFO] 2025-03-27 14:08:42,280: Back Left Min: 1.17, Back Right Min: 1.35
[rosout][INFO] 2025-03-27 14:08:42,377: Back Left Min: 1.17, Back Right Min: 1.35
[rosout][INFO] 2025-03-27 14:08:42,480: Back Left Min: 1.17, Back Right Min: 1.35
[rosout][INFO] 2025-03-27 14:08:42,577: Back Left Min: 1.17, Back Right Min: 1.35
[rosout][INFO] 2025-03-27 14:08:42,680: Back Left Min: 1.17, Back Right Min: 1.35
[rosout][INFO] 2025-03-27 14:08:42,777: Back Left Min: 1.17, Back Right Min: 1.35
[rosout][INFO] 2025-03-27 14:08:42,881: Back Left Min: 1.17, Back Right Min: 1.35
[rosout][INFO] 2025-03-27 14:08:42,977: Back Left Min: 1.17, Back Right Min: 1.35
[rosout][INFO] 2025-03-27 14:08:43,081: Back Left Min: 1.17, Back Right Min: 1.35
[rosout][INFO] 2025-03-27 14:08:43,178: Back Left Min: 1.17, Back Right Min: 1.35
[rosout][INFO] 2025-03-27 14:08:43,281: Back Left Min: 1.17, Back Right Min: 1.35
[rosout][INFO] 2025-03-27 14:08:43,378: Back Left Min: 1.17, Back Right Min: 1.35
[rosout][INFO] 2025-03-27 14:08:43,481: Back Left Min: 1.17, Back Right Min: 1.35
[rosout][INFO] 2025-03-27 14:08:43,578: Back Left Min: 1.17, Back Right Min: 1.35
[rosout][INFO] 2025-03-27 14:08:43,681: Back Left Min: 1.17, Back Right Min: 1.35
[rosout][INFO] 2025-03-27 14:08:43,778: Back Left Min: 1.17, Back Right Min: 1.35
[rosout][INFO] 2025-03-27 14:08:43,881: Back Left Min: 1.17, Back Right Min: 1.35
[rosout][INFO] 2025-03-27 14:08:43,978: Back Left Min: 1.17, Back Right Min: 1.35
[rosout][INFO] 2025-03-27 14:08:44,081: Back Left Min: 1.17, Back Right Min: 1.35
[rosout][INFO] 2025-03-27 14:08:44,178: Back Left Min: 1.17, Back Right Min: 1.35
[rosout][INFO] 2025-03-27 14:08:44,281: Back Left Min: 1.17, Back Right Min: 1.35
[rosout][INFO] 2025-03-27 14:08:44,378: Back Left Min: 1.17, Back Right Min: 1.35
[rosout][INFO] 2025-03-27 14:08:44,481: Back Left Min: 1.17, Back Right Min: 1.35
[rosout][INFO] 2025-03-27 14:08:44,578: Back Left Min: 1.17, Back Right Min: 1.35
[rosout][INFO] 2025-03-27 14:08:44,681: Back Left Min: 1.17, Back Right Min: 1.35
[rosout][INFO] 2025-03-27 14:08:44,778: Back Left Min: 1.17, Back Right Min: 1.35
[rosout][INFO] 2025-03-27 14:08:44,881: Back Left Min: 1.17, Back Right Min: 1.35
[rosout][INFO] 2025-03-27 14:08:44,978: Back Left Min: 1.17, Back Right Min: 1.35
[rosout][INFO] 2025-03-27 14:08:45,082: Back Left Min: 1.17, Back Right Min: 1.35
[rosout][INFO] 2025-03-27 14:08:45,178: Back Left Min: 1.17, Back Right Min: 1.35
[rosout][INFO] 2025-03-27 14:08:45,282: Back Left Min: 1.17, Back Right Min: 1.35
[rosout][INFO] 2025-03-27 14:08:45,378: Back Left Min: 1.17, Back Right Min: 1.35
[rosout][INFO] 2025-03-27 14:08:45,482: Back Left Min: 1.17, Back Right Min: 1.35
[rosout][INFO] 2025-03-27 14:08:45,579: Back Left Min: 1.17, Back Right Min: 1.35
[rosout][INFO] 2025-03-27 14:08:45,682: Back Left Min: 1.17, Back Right Min: 1.35
[rosout][INFO] 2025-03-27 14:08:45,779: Back Left Min: 1.17, Back Right Min: 1.35
[rosout][INFO] 2025-03-27 14:08:45,881: Back Left Min: 1.17, Back Right Min: 1.35
[rosout][INFO] 2025-03-27 14:08:45,979: Back Left Min: 1.17, Back Right Min: 1.35
[rosout][INFO] 2025-03-27 14:08:46,082: Back Left Min: 1.17, Back Right Min: 1.35
[rosout][INFO] 2025-03-27 14:08:46,179: Back Left Min: 1.17, Back Right Min: 1.35
[rosout][INFO] 2025-03-27 14:08:46,282: Back Left Min: 1.17, Back Right Min: 1.35
[rosout][INFO] 2025-03-27 14:08:46,379: Back Left Min: 1.17, Back Right Min: 1.35
[rosout][INFO] 2025-03-27 14:08:46,482: Back Left Min: 1.17, Back Right Min: 1.35
[rosout][INFO] 2025-03-27 14:08:46,579: Back Left Min: 1.17, Back Right Min: 1.35
[rosout][INFO] 2025-03-27 14:08:46,682: Back Left Min: 1.17, Back Right Min: 1.35
[rosout][INFO] 2025-03-27 14:08:46,779: Back Left Min: 1.17, Back Right Min: 1.35
[rosout][INFO] 2025-03-27 14:08:46,882: Back Left Min: 1.17, Back Right Min: 1.35
[rosout][INFO] 2025-03-27 14:08:46,979: Back Left Min: 1.17, Back Right Min: 1.35
[rosout][INFO] 2025-03-27 14:08:47,082: Back Left Min: 1.17, Back Right Min: 1.35
[rosout][INFO] 2025-03-27 14:08:47,179: Back Left Min: 1.17, Back Right Min: 1.35
[rosout][INFO] 2025-03-27 14:08:47,282: Back Left Min: 1.17, Back Right Min: 1.35
[rosout][INFO] 2025-03-27 14:08:47,379: Back Left Min: 1.17, Back Right Min: 1.35
[rosout][INFO] 2025-03-27 14:08:47,483: Back Left Min: 1.17, Back Right Min: 1.35
[rosout][INFO] 2025-03-27 14:08:47,579: Back Left Min: 1.17, Back Right Min: 1.35
[rosout][INFO] 2025-03-27 14:08:47,683: Back Left Min: 1.17, Back Right Min: 1.35
[rosout][INFO] 2025-03-27 14:08:47,779: Back Left Min: 1.17, Back Right Min: 1.35
[rosout][INFO] 2025-03-27 14:08:47,883: Back Left Min: 1.17, Back Right Min: 1.35
[rosout][INFO] 2025-03-27 14:08:47,980: Back Left Min: 1.17, Back Right Min: 1.35
[rosout][INFO] 2025-03-27 14:08:48,083: Back Left Min: 1.17, Back Right Min: 1.35
[rosout][INFO] 2025-03-27 14:08:48,180: Back Left Min: 1.17, Back Right Min: 1.35
[rosout][INFO] 2025-03-27 14:08:48,283: Back Left Min: 1.17, Back Right Min: 1.35
[rosout][INFO] 2025-03-27 14:08:48,380: Back Left Min: 1.17, Back Right Min: 1.35
[rosout][INFO] 2025-03-27 14:08:48,483: Back Left Min: 1.17, Back Right Min: 1.35
[rosout][INFO] 2025-03-27 14:08:48,580: Back Left Min: 1.17, Back Right Min: 1.35
[rosout][INFO] 2025-03-27 14:08:48,683: Back Left Min: 1.17, Back Right Min: 1.35
[rosout][INFO] 2025-03-27 14:08:48,780: Back Left Min: 1.17, Back Right Min: 1.35
[rosout][INFO] 2025-03-27 14:08:48,883: Back Left Min: 1.17, Back Right Min: 1.35
[rosout][INFO] 2025-03-27 14:08:48,980: Back Left Min: 1.17, Back Right Min: 1.35
[rosout][INFO] 2025-03-27 14:08:49,083: Back Left Min: 1.17, Back Right Min: 1.35
[rosout][INFO] 2025-03-27 14:08:49,180: Back Left Min: 1.17, Back Right Min: 1.35
[rosout][INFO] 2025-03-27 14:08:49,283: Back Left Min: 1.17, Back Right Min: 1.35
[rosout][INFO] 2025-03-27 14:08:49,380: Back Left Min: 1.17, Back Right Min: 1.35
[rosout][INFO] 2025-03-27 14:08:49,483: Back Left Min: 1.17, Back Right Min: 1.35
[rosout][INFO] 2025-03-27 14:08:49,580: Back Left Min: 1.17, Back Right Min: 1.35
[rosout][INFO] 2025-03-27 14:08:49,683: Back Left Min: 1.17, Back Right Min: 1.35
[rosout][INFO] 2025-03-27 14:08:49,780: Back Left Min: 1.17, Back Right Min: 1.35
[rosout][INFO] 2025-03-27 14:08:49,883: Back Left Min: 1.17, Back Right Min: 1.35
[rosout][INFO] 2025-03-27 14:08:49,980: Back Left Min: 1.17, Back Right Min: 1.35
[rosout][INFO] 2025-03-27 14:08:50,084: Back Left Min: 1.17, Back Right Min: 1.35
[rosout][INFO] 2025-03-27 14:08:50,180: Back Left Min: 1.17, Back Right Min: 1.35
[rosout][INFO] 2025-03-27 14:08:50,284: Back Left Min: 1.17, Back Right Min: 1.35
[rosout][INFO] 2025-03-27 14:08:50,381: Back Left Min: 1.17, Back Right Min: 1.35
[rosout][INFO] 2025-03-27 14:08:50,484: Back Left Min: 1.17, Back Right Min: 1.35
[rosout][INFO] 2025-03-27 14:08:50,581: Back Left Min: 1.17, Back Right Min: 1.35
[rosout][INFO] 2025-03-27 14:08:50,684: Back Left Min: 1.17, Back Right Min: 1.35
[rosout][INFO] 2025-03-27 14:08:50,781: Back Left Min: 1.17, Back Right Min: 1.35
[rosout][INFO] 2025-03-27 14:08:50,884: Back Left Min: 1.17, Back Right Min: 1.35
[rosout][INFO] 2025-03-27 14:08:50,981: Back Left Min: 1.17, Back Right Min: 1.35
[rosout][INFO] 2025-03-27 14:08:51,084: Back Left Min: 1.17, Back Right Min: 1.35
[rosout][INFO] 2025-03-27 14:08:51,181: Back Left Min: 1.17, Back Right Min: 1.35
[rosout][INFO] 2025-03-27 14:08:51,284: Back Left Min: 1.17, Back Right Min: 1.35
[rosout][INFO] 2025-03-27 14:08:51,381: Back Left Min: 1.17, Back Right Min: 1.35
[rosout][INFO] 2025-03-27 14:08:51,484: Back Left Min: 1.17, Back Right Min: 1.35
[rosout][INFO] 2025-03-27 14:08:51,581: Back Left Min: 1.17, Back Right Min: 1.35
[rosout][INFO] 2025-03-27 14:08:51,684: Back Left Min: 1.17, Back Right Min: 1.35
[rosout][INFO] 2025-03-27 14:08:51,781: Back Left Min: 1.17, Back Right Min: 1.35
[rosout][INFO] 2025-03-27 14:08:51,884: Back Left Min: 1.17, Back Right Min: 1.35
[rosout][INFO] 2025-03-27 14:08:51,981: Back Left Min: 1.17, Back Right Min: 1.35
[rosout][INFO] 2025-03-27 14:08:52,084: Back Left Min: 1.17, Back Right Min: 1.35
[rosout][INFO] 2025-03-27 14:08:52,181: Back Left Min: 1.17, Back Right Min: 1.35
[rosout][INFO] 2025-03-27 14:08:52,284: Back Left Min: 1.17, Back Right Min: 1.35
[rosout][INFO] 2025-03-27 14:08:52,382: Back Left Min: 1.17, Back Right Min: 1.35
[rosout][INFO] 2025-03-27 14:08:52,485: Back Left Min: 1.17, Back Right Min: 1.35
[rosout][INFO] 2025-03-27 14:08:52,581: Back Left Min: 1.17, Back Right Min: 1.35
[rosout][INFO] 2025-03-27 14:08:52,685: Back Left Min: 1.17, Back Right Min: 1.35
[rosout][INFO] 2025-03-27 14:08:52,782: Back Left Min: 1.17, Back Right Min: 1.35
[rosout][INFO] 2025-03-27 14:08:52,885: Back Left Min: 1.17, Back Right Min: 1.35
[rosout][INFO] 2025-03-27 14:08:52,982: Back Left Min: 1.17, Back Right Min: 1.35
[rosout][INFO] 2025-03-27 14:08:53,085: Back Left Min: 1.17, Back Right Min: 1.35
[rosout][INFO] 2025-03-27 14:08:53,182: Back Left Min: 1.17, Back Right Min: 1.35
[rosout][INFO] 2025-03-27 14:08:53,285: Back Left Min: 1.17, Back Right Min: 1.35
[rosout][INFO] 2025-03-27 14:08:53,382: Back Left Min: 1.17, Back Right Min: 1.35
[rosout][INFO] 2025-03-27 14:08:53,485: Back Left Min: 1.17, Back Right Min: 1.35
[rosout][INFO] 2025-03-27 14:08:53,582: Back Left Min: 1.17, Back Right Min: 1.35
[rosout][INFO] 2025-03-27 14:08:53,685: Back Left Min: 1.17, Back Right Min: 1.35
[rosout][INFO] 2025-03-27 14:08:53,782: Back Left Min: 1.17, Back Right Min: 1.35
[rosout][INFO] 2025-03-27 14:08:53,885: Back Left Min: 1.17, Back Right Min: 1.35
[rosout][INFO] 2025-03-27 14:08:53,982: Back Left Min: 1.17, Back Right Min: 1.35
[rosout][INFO] 2025-03-27 14:08:54,085: Back Left Min: 1.17, Back Right Min: 1.35
[rosout][INFO] 2025-03-27 14:08:54,182: Back Left Min: 1.17, Back Right Min: 1.35
[rosout][INFO] 2025-03-27 14:08:54,285: Back Left Min: 1.17, Back Right Min: 1.35
[rosout][INFO] 2025-03-27 14:08:54,382: Back Left Min: 1.17, Back Right Min: 1.35
[rosout][INFO] 2025-03-27 14:08:54,485: Back Left Min: 1.17, Back Right Min: 1.35
[rosout][INFO] 2025-03-27 14:08:54,582: Back Left Min: 1.17, Back Right Min: 1.35
[rosout][INFO] 2025-03-27 14:08:54,685: Back Left Min: 1.17, Back Right Min: 1.35
[rosout][INFO] 2025-03-27 14:08:54,782: Back Left Min: 1.17, Back Right Min: 1.35
[rosout][INFO] 2025-03-27 14:08:54,886: Back Left Min: 1.17, Back Right Min: 1.35
[rosout][INFO] 2025-03-27 14:08:54,983: Back Left Min: 1.17, Back Right Min: 1.35
[rosout][INFO] 2025-03-27 14:08:55,086: Back Left Min: 1.17, Back Right Min: 1.35
[rosout][INFO] 2025-03-27 14:08:55,182: Back Left Min: 1.17, Back Right Min: 1.35
[rosout][INFO] 2025-03-27 14:08:55,286: Back Left Min: 1.17, Back Right Min: 1.35
[rosout][INFO] 2025-03-27 14:08:55,383: Back Left Min: 1.17, Back Right Min: 1.35
[rosout][INFO] 2025-03-27 14:08:55,486: Back Left Min: 1.17, Back Right Min: 1.35
[rosout][INFO] 2025-03-27 14:08:55,583: Back Left Min: 1.17, Back Right Min: 1.35
[rosout][INFO] 2025-03-27 14:08:55,686: Back Left Min: 1.17, Back Right Min: 1.35
[rosout][INFO] 2025-03-27 14:08:55,783: Back Left Min: 1.17, Back Right Min: 1.35
[rosout][INFO] 2025-03-27 14:08:55,886: Back Left Min: 1.17, Back Right Min: 1.35
[rosout][INFO] 2025-03-27 14:08:55,983: Back Left Min: 1.17, Back Right Min: 1.35
[rosout][INFO] 2025-03-27 14:08:56,086: Back Left Min: 1.17, Back Right Min: 1.35
[rosout][INFO] 2025-03-27 14:08:56,183: Back Left Min: 1.17, Back Right Min: 1.35
[rosout][INFO] 2025-03-27 14:08:56,286: Back Left Min: 1.17, Back Right Min: 1.35
[rosout][INFO] 2025-03-27 14:08:56,383: Back Left Min: 1.17, Back Right Min: 1.35
[rosout][INFO] 2025-03-27 14:08:56,486: Back Left Min: 1.17, Back Right Min: 1.35
[rosout][INFO] 2025-03-27 14:08:56,583: Back Left Min: 1.17, Back Right Min: 1.35
[rosout][INFO] 2025-03-27 14:08:56,686: Back Left Min: 1.17, Back Right Min: 1.35
[rosout][INFO] 2025-03-27 14:08:56,783: Back Left Min: 1.17, Back Right Min: 1.35
[rosout][INFO] 2025-03-27 14:08:56,886: Back Left Min: 1.17, Back Right Min: 1.35
[rosout][INFO] 2025-03-27 14:08:56,983: Back Left Min: 1.17, Back Right Min: 1.35
[rosout][INFO] 2025-03-27 14:08:57,086: Back Left Min: 1.17, Back Right Min: 1.35
[rosout][INFO] 2025-03-27 14:08:57,183: Back Left Min: 1.17, Back Right Min: 1.35
[rosout][INFO] 2025-03-27 14:08:57,287: Back Left Min: 1.17, Back Right Min: 1.35
[rosout][INFO] 2025-03-27 14:08:57,383: Back Left Min: 1.17, Back Right Min: 1.35
[rosout][INFO] 2025-03-27 14:08:57,487: Back Left Min: 1.17, Back Right Min: 1.35
[rosout][INFO] 2025-03-27 14:08:57,584: Back Left Min: 1.17, Back Right Min: 1.35
[rosout][INFO] 2025-03-27 14:08:57,687: Back Left Min: 1.17, Back Right Min: 1.35
[rosout][INFO] 2025-03-27 14:08:57,784: Back Left Min: 1.17, Back Right Min: 1.35
[rosout][INFO] 2025-03-27 14:08:57,887: Back Left Min: 1.17, Back Right Min: 1.35
[rosout][INFO] 2025-03-27 14:08:57,984: Back Left Min: 1.17, Back Right Min: 1.35
[rosout][INFO] 2025-03-27 14:08:58,087: Back Left Min: 1.17, Back Right Min: 1.35
[rosout][INFO] 2025-03-27 14:08:58,184: Back Left Min: 1.17, Back Right Min: 1.35
[rosout][INFO] 2025-03-27 14:08:58,287: Back Left Min: 1.17, Back Right Min: 1.35
[rosout][INFO] 2025-03-27 14:08:58,384: Back Left Min: 1.17, Back Right Min: 1.35
[rosout][INFO] 2025-03-27 14:08:58,487: Back Left Min: 1.17, Back Right Min: 1.35
[rosout][INFO] 2025-03-27 14:08:58,584: Back Left Min: 1.17, Back Right Min: 1.35
[rosout][INFO] 2025-03-27 14:08:58,687: Back Left Min: 1.17, Back Right Min: 1.35
[rosout][INFO] 2025-03-27 14:08:58,784: Back Left Min: 1.17, Back Right Min: 1.35
[rosout][INFO] 2025-03-27 14:08:58,887: Back Left Min: 1.17, Back Right Min: 1.35
[rosout][INFO] 2025-03-27 14:08:58,984: Back Left Min: 1.17, Back Right Min: 1.35
[rosout][INFO] 2025-03-27 14:08:59,087: Back Left Min: 1.17, Back Right Min: 1.35
[rosout][INFO] 2025-03-27 14:08:59,184: Back Left Min: 1.17, Back Right Min: 1.35
[rosout][INFO] 2025-03-27 14:08:59,287: Back Left Min: 1.17, Back Right Min: 1.35
[rosout][INFO] 2025-03-27 14:08:59,384: Back Left Min: 1.17, Back Right Min: 1.35
[rosout][INFO] 2025-03-27 14:08:59,487: Back Left Min: 1.17, Back Right Min: 1.35
[rosout][INFO] 2025-03-27 14:08:59,584: Back Left Min: 1.17, Back Right Min: 1.35
[rosout][INFO] 2025-03-27 14:08:59,688: Back Left Min: 1.17, Back Right Min: 1.35
[rosout][INFO] 2025-03-27 14:08:59,784: Back Left Min: 1.17, Back Right Min: 1.35
[rosout][INFO] 2025-03-27 14:08:59,888: Back Left Min: 1.17, Back Right Min: 1.35
[rosout][INFO] 2025-03-27 14:08:59,984: Back Left Min: 1.17, Back Right Min: 1.35
[rosout][INFO] 2025-03-27 14:09:00,088: Back Left Min: 1.17, Back Right Min: 1.35
[rosout][INFO] 2025-03-27 14:09:00,185: Back Left Min: 1.17, Back Right Min: 1.35
[rosout][INFO] 2025-03-27 14:09:00,288: Back Left Min: 1.17, Back Right Min: 1.35
[rosout][INFO] 2025-03-27 14:09:00,385: Back Left Min: 1.17, Back Right Min: 1.35
[rosout][INFO] 2025-03-27 14:09:00,488: Back Left Min: 1.17, Back Right Min: 1.35
[rosout][INFO] 2025-03-27 14:09:00,585: Back Left Min: 1.17, Back Right Min: 1.35
[rosout][INFO] 2025-03-27 14:09:00,688: Back Left Min: 1.17, Back Right Min: 1.35
[rosout][INFO] 2025-03-27 14:09:00,785: Back Left Min: 1.17, Back Right Min: 1.35
[rosout][INFO] 2025-03-27 14:09:00,888: Back Left Min: 1.17, Back Right Min: 1.35
[rosout][INFO] 2025-03-27 14:09:00,985: Back Left Min: 1.17, Back Right Min: 1.35
[rosout][INFO] 2025-03-27 14:09:01,088: Back Left Min: 1.17, Back Right Min: 1.35
[rosout][INFO] 2025-03-27 14:09:01,185: Back Left Min: 1.17, Back Right Min: 1.35
[rosout][INFO] 2025-03-27 14:09:01,288: Back Left Min: 1.17, Back Right Min: 1.35
[rosout][INFO] 2025-03-27 14:09:01,385: Back Left Min: 1.17, Back Right Min: 1.35
[rosout][INFO] 2025-03-27 14:09:01,488: Back Left Min: 1.17, Back Right Min: 1.35
[rosout][INFO] 2025-03-27 14:09:01,585: Back Left Min: 1.17, Back Right Min: 1.35
[rosout][INFO] 2025-03-27 14:09:01,688: Back Left Min: 1.17, Back Right Min: 1.35
[rosout][INFO] 2025-03-27 14:09:01,785: Back Left Min: 1.17, Back Right Min: 1.35
[rosout][INFO] 2025-03-27 14:09:01,888: Back Left Min: 1.17, Back Right Min: 1.35
[rosout][INFO] 2025-03-27 14:09:01,985: Back Left Min: 1.17, Back Right Min: 1.35
[rosout][INFO] 2025-03-27 14:09:02,088: Back Left Min: 1.17, Back Right Min: 1.35
[rosout][INFO] 2025-03-27 14:09:02,185: Back Left Min: 1.17, Back Right Min: 1.35
[rosout][INFO] 2025-03-27 14:09:02,289: Back Left Min: 1.17, Back Right Min: 1.35
[rosout][INFO] 2025-03-27 14:09:02,385: Back Left Min: 1.17, Back Right Min: 1.35
[rosout][INFO] 2025-03-27 14:09:02,489: Back Left Min: 1.17, Back Right Min: 1.35
[rosout][INFO] 2025-03-27 14:09:02,586: Back Left Min: 1.17, Back Right Min: 1.35
[rosout][INFO] 2025-03-27 14:09:02,689: Back Left Min: 1.17, Back Right Min: 1.35
[rosout][INFO] 2025-03-27 14:09:02,786: Back Left Min: 1.17, Back Right Min: 1.35
[rosout][INFO] 2025-03-27 14:09:02,889: Back Left Min: 1.17, Back Right Min: 1.35
[rosout][INFO] 2025-03-27 14:09:02,986: Back Left Min: 1.17, Back Right Min: 1.35
[rosout][INFO] 2025-03-27 14:09:03,089: Back Left Min: 1.17, Back Right Min: 1.35
[rosout][INFO] 2025-03-27 14:09:03,186: Back Left Min: 1.17, Back Right Min: 1.35
[rosout][INFO] 2025-03-27 14:09:03,289: Back Left Min: 1.17, Back Right Min: 1.35
[rosout][INFO] 2025-03-27 14:09:03,386: Back Left Min: 1.17, Back Right Min: 1.35
[rosout][INFO] 2025-03-27 14:09:03,489: Back Left Min: 1.17, Back Right Min: 1.35
[rosout][INFO] 2025-03-27 14:09:03,586: Back Left Min: 1.17, Back Right Min: 1.35
[rosout][INFO] 2025-03-27 14:09:03,689: Back Left Min: 1.17, Back Right Min: 1.35
[rosout][INFO] 2025-03-27 14:09:03,786: Back Left Min: 1.17, Back Right Min: 1.35
[rosout][INFO] 2025-03-27 14:09:03,889: Back Left Min: 1.17, Back Right Min: 1.35
[rosout][INFO] 2025-03-27 14:09:03,986: Back Left Min: 1.17, Back Right Min: 1.35
[rosout][INFO] 2025-03-27 14:09:04,089: Back Left Min: 1.17, Back Right Min: 1.35
[rosout][INFO] 2025-03-27 14:09:04,186: Back Left Min: 1.17, Back Right Min: 1.35
[rosout][INFO] 2025-03-27 14:09:04,289: Back Left Min: 1.17, Back Right Min: 1.35
[rosout][INFO] 2025-03-27 14:09:04,386: Back Left Min: 1.17, Back Right Min: 1.35
[rosout][INFO] 2025-03-27 14:09:04,489: Back Left Min: 1.17, Back Right Min: 1.35
[rosout][INFO] 2025-03-27 14:09:04,586: Back Left Min: 1.17, Back Right Min: 1.35
[rosout][INFO] 2025-03-27 14:09:04,690: Back Left Min: 1.17, Back Right Min: 1.35
[rosout][INFO] 2025-03-27 14:09:04,787: Back Left Min: 1.17, Back Right Min: 1.35
[rosout][INFO] 2025-03-27 14:09:04,890: Back Left Min: 1.17, Back Right Min: 1.35
[rosout][INFO] 2025-03-27 14:09:04,987: Back Left Min: 1.17, Back Right Min: 1.35
[rosout][INFO] 2025-03-27 14:09:05,090: Back Left Min: 1.17, Back Right Min: 1.35
[rosout][INFO] 2025-03-27 14:09:05,187: Back Left Min: 1.17, Back Right Min: 1.35
[rosout][INFO] 2025-03-27 14:09:05,290: Back Left Min: 1.17, Back Right Min: 1.35
[rosout][INFO] 2025-03-27 14:09:05,387: Back Left Min: 1.17, Back Right Min: 1.35
[rosout][INFO] 2025-03-27 14:09:05,490: Back Left Min: 1.17, Back Right Min: 1.35
[rosout][INFO] 2025-03-27 14:09:05,587: Back Left Min: 1.17, Back Right Min: 1.35
[rosout][INFO] 2025-03-27 14:09:05,690: Back Left Min: 1.17, Back Right Min: 1.35
[rosout][INFO] 2025-03-27 14:09:05,787: Back Left Min: 1.17, Back Right Min: 1.35
[rosout][INFO] 2025-03-27 14:09:05,890: Back Left Min: 1.17, Back Right Min: 1.35
[rosout][INFO] 2025-03-27 14:09:05,987: Back Left Min: 1.17, Back Right Min: 1.35
[rosout][INFO] 2025-03-27 14:09:06,090: Back Left Min: 1.17, Back Right Min: 1.35
[rosout][INFO] 2025-03-27 14:09:06,187: Back Left Min: 1.17, Back Right Min: 1.35
[rosout][INFO] 2025-03-27 14:09:06,290: Back Left Min: 1.17, Back Right Min: 1.35
[rosout][INFO] 2025-03-27 14:09:06,387: Back Left Min: 1.17, Back Right Min: 1.35
[rosout][INFO] 2025-03-27 14:09:06,490: Back Left Min: 1.17, Back Right Min: 1.35
[rosout][INFO] 2025-03-27 14:09:06,587: Back Left Min: 1.17, Back Right Min: 1.35
[rosout][INFO] 2025-03-27 14:09:06,690: Back Left Min: 1.17, Back Right Min: 1.35
[rosout][INFO] 2025-03-27 14:09:06,787: Back Left Min: 1.17, Back Right Min: 1.35
[rosout][INFO] 2025-03-27 14:09:06,890: Back Left Min: 1.17, Back Right Min: 1.35
[rosout][INFO] 2025-03-27 14:09:06,987: Back Left Min: 1.17, Back Right Min: 1.35
[rosout][INFO] 2025-03-27 14:09:07,091: Back Left Min: 1.17, Back Right Min: 1.35
[rosout][INFO] 2025-03-27 14:09:07,187: Back Left Min: 1.17, Back Right Min: 1.35
[rosout][INFO] 2025-03-27 14:09:07,291: Back Left Min: 1.17, Back Right Min: 1.35
[rosout][INFO] 2025-03-27 14:09:07,388: Back Left Min: 1.17, Back Right Min: 1.35
[rosout][INFO] 2025-03-27 14:09:07,491: Back Left Min: 1.17, Back Right Min: 1.35
[rosout][INFO] 2025-03-27 14:09:07,588: Back Left Min: 1.17, Back Right Min: 1.35
[rosout][INFO] 2025-03-27 14:09:07,691: Back Left Min: 1.17, Back Right Min: 1.35
[rosout][INFO] 2025-03-27 14:09:07,788: Back Left Min: 1.17, Back Right Min: 1.35
[rosout][INFO] 2025-03-27 14:09:07,891: Back Left Min: 1.17, Back Right Min: 1.35
[rosout][INFO] 2025-03-27 14:09:07,988: Back Left Min: 1.17, Back Right Min: 1.35
[rosout][INFO] 2025-03-27 14:09:08,091: Back Left Min: 1.17, Back Right Min: 1.35
[rosout][INFO] 2025-03-27 14:09:08,188: Back Left Min: 1.17, Back Right Min: 1.35
[rosout][INFO] 2025-03-27 14:09:08,291: Back Left Min: 1.17, Back Right Min: 1.35
[rosout][INFO] 2025-03-27 14:09:08,388: Back Left Min: 1.17, Back Right Min: 1.35
[rosout][INFO] 2025-03-27 14:09:08,491: Back Left Min: 1.17, Back Right Min: 1.35
[rosout][INFO] 2025-03-27 14:09:08,588: Back Left Min: 1.17, Back Right Min: 1.35
[rosout][INFO] 2025-03-27 14:09:08,691: Back Left Min: 1.17, Back Right Min: 1.35
[rosout][INFO] 2025-03-27 14:09:08,788: Back Left Min: 1.17, Back Right Min: 1.35
[rosout][INFO] 2025-03-27 14:09:08,891: Back Left Min: 1.17, Back Right Min: 1.35
[rosout][INFO] 2025-03-27 14:09:08,988: Back Left Min: 1.17, Back Right Min: 1.35
[rosout][INFO] 2025-03-27 14:09:09,091: Back Left Min: 1.17, Back Right Min: 1.35
[rosout][INFO] 2025-03-27 14:09:09,188: Back Left Min: 1.17, Back Right Min: 1.35
[rosout][INFO] 2025-03-27 14:09:09,291: Back Left Min: 1.17, Back Right Min: 1.35
[rosout][INFO] 2025-03-27 14:09:09,388: Back Left Min: 1.17, Back Right Min: 1.35
[rosout][INFO] 2025-03-27 14:09:09,492: Back Left Min: 1.17, Back Right Min: 1.35
[rosout][INFO] 2025-03-27 14:09:09,588: Back Left Min: 1.17, Back Right Min: 1.35
[rosout][INFO] 2025-03-27 14:09:09,692: Back Left Min: 1.17, Back Right Min: 1.35
[rosout][INFO] 2025-03-27 14:09:09,789: Back Left Min: 1.17, Back Right Min: 1.35
[rosout][INFO] 2025-03-27 14:09:09,892: Back Left Min: 1.17, Back Right Min: 1.35
[rosout][INFO] 2025-03-27 14:09:09,989: Back Left Min: 1.17, Back Right Min: 1.35
[rosout][INFO] 2025-03-27 14:09:10,092: Back Left Min: 1.17, Back Right Min: 1.35
[rosout][INFO] 2025-03-27 14:09:10,189: Back Left Min: 1.17, Back Right Min: 1.35
[rosout][INFO] 2025-03-27 14:09:10,292: Back Left Min: 1.17, Back Right Min: 1.35
[rosout][INFO] 2025-03-27 14:09:10,389: Back Left Min: 1.17, Back Right Min: 1.35
[rosout][INFO] 2025-03-27 14:09:10,492: Back Left Min: 1.17, Back Right Min: 1.35
[rosout][INFO] 2025-03-27 14:09:10,589: Back Left Min: 1.17, Back Right Min: 1.35
[rosout][INFO] 2025-03-27 14:09:10,692: Back Left Min: 1.17, Back Right Min: 1.35
[rosout][INFO] 2025-03-27 14:09:10,789: Back Left Min: 1.17, Back Right Min: 1.35
[rosout][INFO] 2025-03-27 14:09:10,892: Back Left Min: 1.17, Back Right Min: 1.35
[rosout][INFO] 2025-03-27 14:09:10,989: Back Left Min: 1.17, Back Right Min: 1.35
[rosout][INFO] 2025-03-27 14:09:11,092: Back Left Min: 1.17, Back Right Min: 1.35
[rosout][INFO] 2025-03-27 14:09:11,189: Back Left Min: 1.17, Back Right Min: 1.35
[rosout][INFO] 2025-03-27 14:09:11,292: Back Left Min: 1.17, Back Right Min: 1.35
[rosout][INFO] 2025-03-27 14:09:11,389: Back Left Min: 1.17, Back Right Min: 1.35
[rosout][INFO] 2025-03-27 14:09:11,492: Back Left Min: 1.17, Back Right Min: 1.35
[rosout][INFO] 2025-03-27 14:09:11,589: Back Left Min: 1.17, Back Right Min: 1.35
[rosout][INFO] 2025-03-27 14:09:11,692: Back Left Min: 1.17, Back Right Min: 1.35
[rosout][INFO] 2025-03-27 14:09:11,789: Back Left Min: 1.17, Back Right Min: 1.35
[rosout][INFO] 2025-03-27 14:09:11,892: Back Left Min: 1.17, Back Right Min: 1.35
[rosout][INFO] 2025-03-27 14:09:11,989: Back Left Min: 1.17, Back Right Min: 1.35
[rosout][INFO] 2025-03-27 14:09:12,093: Back Left Min: 1.17, Back Right Min: 1.35
[rosout][INFO] 2025-03-27 14:09:12,189: Back Left Min: 1.17, Back Right Min: 1.35
[rosout][INFO] 2025-03-27 14:09:12,293: Back Left Min: 1.17, Back Right Min: 1.35
[rosout][INFO] 2025-03-27 14:09:12,389: Back Left Min: 1.17, Back Right Min: 1.35
[rosout][INFO] 2025-03-27 14:09:12,493: Back Left Min: 1.17, Back Right Min: 1.35
[rosout][INFO] 2025-03-27 14:09:12,590: Back Left Min: 1.17, Back Right Min: 1.35
[rosout][INFO] 2025-03-27 14:09:12,693: Back Left Min: 1.17, Back Right Min: 1.35
[rosout][INFO] 2025-03-27 14:09:12,790: Back Left Min: 1.17, Back Right Min: 1.35
[rosout][INFO] 2025-03-27 14:09:12,893: Back Left Min: 1.17, Back Right Min: 1.35
[rosout][INFO] 2025-03-27 14:09:12,990: Back Left Min: 1.17, Back Right Min: 1.35
[rosout][INFO] 2025-03-27 14:09:13,093: Back Left Min: 1.17, Back Right Min: 1.35
[rosout][INFO] 2025-03-27 14:09:13,190: Back Left Min: 1.17, Back Right Min: 1.35
[rosout][INFO] 2025-03-27 14:09:13,293: Back Left Min: 1.17, Back Right Min: 1.35
[rosout][INFO] 2025-03-27 14:09:13,390: Back Left Min: 1.17, Back Right Min: 1.35
[rosout][INFO] 2025-03-27 14:09:13,493: Back Left Min: 1.17, Back Right Min: 1.35
[rosout][INFO] 2025-03-27 14:09:13,590: Back Left Min: 1.17, Back Right Min: 1.35
[rosout][INFO] 2025-03-27 14:09:13,693: Back Left Min: 1.17, Back Right Min: 1.35
[rosout][INFO] 2025-03-27 14:09:13,790: Back Left Min: 1.17, Back Right Min: 1.35
[rosout][INFO] 2025-03-27 14:09:13,893: Back Left Min: 1.17, Back Right Min: 1.35
[rosout][INFO] 2025-03-27 14:09:13,990: Back Left Min: 1.17, Back Right Min: 1.35
[rosout][INFO] 2025-03-27 14:09:14,093: Back Left Min: 1.17, Back Right Min: 1.35
[rosout][INFO] 2025-03-27 14:09:14,190: Back Left Min: 1.17, Back Right Min: 1.35
[rosout][INFO] 2025-03-27 14:09:14,294: Back Left Min: 1.17, Back Right Min: 1.35
[rosout][INFO] 2025-03-27 14:09:14,390: Back Left Min: 1.17, Back Right Min: 1.35
[rosout][INFO] 2025-03-27 14:09:14,494: Back Left Min: 1.17, Back Right Min: 1.35
[rosout][INFO] 2025-03-27 14:09:14,590: Back Left Min: 1.17, Back Right Min: 1.35
[rosout][INFO] 2025-03-27 14:09:14,694: Back Left Min: 1.17, Back Right Min: 1.35
[rosout][INFO] 2025-03-27 14:09:14,791: Back Left Min: 1.17, Back Right Min: 1.35
[rosout][INFO] 2025-03-27 14:09:14,894: Back Left Min: 1.17, Back Right Min: 1.35
[rosout][INFO] 2025-03-27 14:09:14,991: Back Left Min: 1.17, Back Right Min: 1.35
[rosout][INFO] 2025-03-27 14:09:15,094: Back Left Min: 1.17, Back Right Min: 1.35
[rosout][INFO] 2025-03-27 14:09:15,191: Back Left Min: 1.17, Back Right Min: 1.35
[rosout][INFO] 2025-03-27 14:09:15,294: Back Left Min: 1.17, Back Right Min: 1.35
[rosout][INFO] 2025-03-27 14:09:15,391: Back Left Min: 1.17, Back Right Min: 1.35
[rosout][INFO] 2025-03-27 14:09:15,494: Back Left Min: 1.17, Back Right Min: 1.35
[rosout][INFO] 2025-03-27 14:09:15,591: Back Left Min: 1.17, Back Right Min: 1.35
[rosout][INFO] 2025-03-27 14:09:15,694: Back Left Min: 1.17, Back Right Min: 1.35
[rosout][INFO] 2025-03-27 14:09:15,791: Back Left Min: 1.17, Back Right Min: 1.35
[rosout][INFO] 2025-03-27 14:09:15,894: Back Left Min: 1.17, Back Right Min: 1.35
[rosout][INFO] 2025-03-27 14:09:15,991: Back Left Min: 1.17, Back Right Min: 1.35
[rosout][INFO] 2025-03-27 14:09:16,094: Back Left Min: 1.17, Back Right Min: 1.35
[rosout][INFO] 2025-03-27 14:09:16,191: Back Left Min: 1.17, Back Right Min: 1.35
[rosout][INFO] 2025-03-27 14:09:16,294: Back Left Min: 1.17, Back Right Min: 1.35
[rosout][INFO] 2025-03-27 14:09:16,391: Back Left Min: 1.17, Back Right Min: 1.35
[rosout][INFO] 2025-03-27 14:09:16,494: Back Left Min: 1.17, Back Right Min: 1.35
[rosout][INFO] 2025-03-27 14:09:16,591: Back Left Min: 1.17, Back Right Min: 1.35
[rosout][INFO] 2025-03-27 14:09:16,694: Back Left Min: 1.17, Back Right Min: 1.35
[rosout][INFO] 2025-03-27 14:09:16,791: Back Left Min: 1.17, Back Right Min: 1.35
[rosout][INFO] 2025-03-27 14:09:16,894: Back Left Min: 1.17, Back Right Min: 1.35
[rosout][INFO] 2025-03-27 14:09:16,991: Back Left Min: 1.17, Back Right Min: 1.35
[rosout][INFO] 2025-03-27 14:09:17,095: Back Left Min: 1.17, Back Right Min: 1.35
[rosout][INFO] 2025-03-27 14:09:17,192: Back Left Min: 1.17, Back Right Min: 1.35
[rosout][INFO] 2025-03-27 14:09:17,295: Back Left Min: 1.17, Back Right Min: 1.35
[rosout][INFO] 2025-03-27 14:09:17,392: Back Left Min: 1.17, Back Right Min: 1.35
[rosout][INFO] 2025-03-27 14:09:17,495: Back Left Min: 1.17, Back Right Min: 1.35
[rosout][INFO] 2025-03-27 14:09:17,592: Back Left Min: 1.17, Back Right Min: 1.35
[rosout][INFO] 2025-03-27 14:09:17,695: Back Left Min: 1.17, Back Right Min: 1.35
[rosout][INFO] 2025-03-27 14:09:17,792: Back Left Min: 1.17, Back Right Min: 1.35
[rosout][INFO] 2025-03-27 14:09:17,895: Back Left Min: 1.17, Back Right Min: 1.35
[rosout][INFO] 2025-03-27 14:09:17,992: Back Left Min: 1.17, Back Right Min: 1.35
[rosout][INFO] 2025-03-27 14:09:18,095: Back Left Min: 1.17, Back Right Min: 1.35
[rosout][INFO] 2025-03-27 14:09:18,192: Back Left Min: 1.17, Back Right Min: 1.35
[rosout][INFO] 2025-03-27 14:09:18,295: Back Left Min: 1.17, Back Right Min: 1.35
[rosout][INFO] 2025-03-27 14:09:18,392: Back Left Min: 1.17, Back Right Min: 1.35
[rosout][INFO] 2025-03-27 14:09:18,495: Back Left Min: 1.17, Back Right Min: 1.35
[rosout][INFO] 2025-03-27 14:09:18,592: Back Left Min: 1.17, Back Right Min: 1.35
[rosout][INFO] 2025-03-27 14:09:18,695: Back Left Min: 1.17, Back Right Min: 1.35
[rosout][INFO] 2025-03-27 14:09:18,792: Back Left Min: 1.17, Back Right Min: 1.35
[rosout][INFO] 2025-03-27 14:09:18,895: Back Left Min: 1.17, Back Right Min: 1.35
[rosout][INFO] 2025-03-27 14:09:18,992: Back Left Min: 1.17, Back Right Min: 1.35
[rosout][INFO] 2025-03-27 14:09:19,095: Back Left Min: 1.17, Back Right Min: 1.35
[rosout][INFO] 2025-03-27 14:09:19,192: Back Left Min: 1.17, Back Right Min: 1.35
[rosout][INFO] 2025-03-27 14:09:19,295: Back Left Min: 1.17, Back Right Min: 1.35
[rosout][INFO] 2025-03-27 14:09:19,392: Back Left Min: 1.17, Back Right Min: 1.35
[rosout][INFO] 2025-03-27 14:09:19,496: Back Left Min: 1.17, Back Right Min: 1.35
[rosout][INFO] 2025-03-27 14:09:19,592: Back Left Min: 1.17, Back Right Min: 1.35
[rosout][INFO] 2025-03-27 14:09:19,696: Back Left Min: 1.17, Back Right Min: 1.35
[rosout][INFO] 2025-03-27 14:09:19,793: Back Left Min: 1.17, Back Right Min: 1.35
[rosout][INFO] 2025-03-27 14:09:19,896: Back Left Min: 1.17, Back Right Min: 1.35
[rosout][INFO] 2025-03-27 14:09:19,993: Back Left Min: 1.17, Back Right Min: 1.35
[rosout][INFO] 2025-03-27 14:09:20,096: Back Left Min: 1.17, Back Right Min: 1.35
[rosout][INFO] 2025-03-27 14:09:20,193: Back Left Min: 1.17, Back Right Min: 1.35
[rosout][INFO] 2025-03-27 14:09:20,296: Back Left Min: 1.17, Back Right Min: 1.35
[rosout][INFO] 2025-03-27 14:09:20,393: Back Left Min: 1.17, Back Right Min: 1.35
[rosout][INFO] 2025-03-27 14:09:20,496: Back Left Min: 1.17, Back Right Min: 1.35
[rosout][INFO] 2025-03-27 14:09:20,593: Back Left Min: 1.17, Back Right Min: 1.35
[rosout][INFO] 2025-03-27 14:09:20,696: Back Left Min: 1.17, Back Right Min: 1.35
[rosout][INFO] 2025-03-27 14:09:20,793: Back Left Min: 1.17, Back Right Min: 1.35
[rosout][INFO] 2025-03-27 14:09:20,896: Back Left Min: 1.17, Back Right Min: 1.35
[rosout][INFO] 2025-03-27 14:09:20,993: Back Left Min: 1.17, Back Right Min: 1.35
[rosout][INFO] 2025-03-27 14:09:21,096: Back Left Min: 1.17, Back Right Min: 1.35
[rospy.core][INFO] 2025-03-27 14:09:21,131: signal_shutdown [signal-2]
[rospy.internal][INFO] 2025-03-27 14:09:21,138: topic[/rosout] removing connection to /rosout
[rospy.internal][INFO] 2025-03-27 14:09:21,139: topic[/RosAria/sonar] removing connection to http://localhost:37299/
[rospy.impl.masterslave][INFO] 2025-03-27 14:09:21,140: signal-2
[rospy.core][INFO] 2025-03-27 14:09:21,778: signal_shutdown [signal-2]
[rospy.core][INFO] 2025-03-27 14:09:21,779: signal_shutdown [atexit]
