[rospy.client][INFO] 2025-04-11 14:07:04,698: init_node, name[/sonar_processor_28301_1744355224681], pid[28301]
[xmlrpc][INFO] 2025-04-11 14:07:04,698: XML-RPC server binding to 127.0.0.1:0
[xmlrpc][INFO] 2025-04-11 14:07:04,698: Started XML-RPC server [http://localhost:37961/]
[rospy.init][INFO] 2025-04-11 14:07:04,699: ROS Slave URI: [http://localhost:37961/]
[rospy.impl.masterslave][INFO] 2025-04-11 14:07:04,699: _ready: http://localhost:37961/
[rospy.registration][INFO] 2025-04-11 14:07:04,699: Registering with master node http://localhost:11311
[xmlrpc][INFO] 2025-04-11 14:07:04,699: xml rpc node: starting XML-RPC server
[rospy.init][INFO] 2025-04-11 14:07:04,799: registered with master
[rospy.rosout][INFO] 2025-04-11 14:07:04,799: initializing /rosout core topic
[rospy.rosout][INFO] 2025-04-11 14:07:04,801: connected to core topic /rosout
[rospy.simtime][INFO] 2025-04-11 14:07:04,801: /use_sim_time is not set, will not subscribe to simulated time [/clock] topic
[rosout][INFO] 2025-04-11 14:07:04,805: Sonar processor initialized
[rospy.internal][INFO] 2025-04-11 14:07:04,814: topic[/RosAria/sonar] adding connection to [http://localhost:35503/], count 0
[rosout][INFO] 2025-04-11 14:07:04,824: Back Left Min: 0.99, Back Right Min: 0.87
[rosout][INFO] 2025-04-11 14:07:04,933: Back Left Min: 0.80, Back Right Min: 0.87
[rospy.internal][INFO] 2025-04-11 14:07:05,025: topic[/rosout] adding connection to [/rosout], count 0
[rosout][INFO] 2025-04-11 14:07:05,029: Back Left Min: 0.80, Back Right Min: 0.87
[rosout][INFO] 2025-04-11 14:07:05,133: Back Left Min: 0.80, Back Right Min: 1.58
[rosout][INFO] 2025-04-11 14:07:05,229: Back Left Min: 0.80, Back Right Min: 1.58
[rosout][INFO] 2025-04-11 14:07:05,333: Back Left Min: 0.80, Back Right Min: 1.58
[rosout][INFO] 2025-04-11 14:07:05,430: Back Left Min: 0.80, Back Right Min: 1.58
[rosout][INFO] 2025-04-11 14:07:05,533: Back Left Min: 0.80, Back Right Min: 1.58
[rosout][INFO] 2025-04-11 14:07:05,630: Back Left Min: 0.80, Back Right Min: 1.58
[rosout][INFO] 2025-04-11 14:07:05,733: Back Left Min: 0.80, Back Right Min: 1.58
[rosout][INFO] 2025-04-11 14:07:05,830: Back Left Min: 0.80, Back Right Min: 1.58
[rosout][INFO] 2025-04-11 14:07:05,933: Back Left Min: 0.80, Back Right Min: 1.58
[rosout][INFO] 2025-04-11 14:07:06,030: Back Left Min: 0.80, Back Right Min: 1.58
[rosout][INFO] 2025-04-11 14:07:06,133: Back Left Min: 0.80, Back Right Min: 1.58
[rosout][INFO] 2025-04-11 14:07:06,230: Back Left Min: 0.80, Back Right Min: 1.58
[rosout][INFO] 2025-04-11 14:07:06,333: Back Left Min: 0.80, Back Right Min: 1.58
[rosout][INFO] 2025-04-11 14:07:06,430: Back Left Min: 0.80, Back Right Min: 1.58
[rosout][INFO] 2025-04-11 14:07:06,533: Back Left Min: 0.80, Back Right Min: 1.58
[rosout][INFO] 2025-04-11 14:07:06,630: Back Left Min: 0.80, Back Right Min: 1.58
[rosout][INFO] 2025-04-11 14:07:06,733: Back Left Min: 0.80, Back Right Min: 1.58
[rosout][INFO] 2025-04-11 14:07:06,830: Back Left Min: 0.80, Back Right Min: 1.58
[rosout][INFO] 2025-04-11 14:07:06,933: Back Left Min: 0.80, Back Right Min: 1.58
[rosout][INFO] 2025-04-11 14:07:07,030: Back Left Min: 0.80, Back Right Min: 1.58
[rosout][INFO] 2025-04-11 14:07:07,133: Back Left Min: 0.80, Back Right Min: 1.58
[rosout][INFO] 2025-04-11 14:07:07,230: Back Left Min: 0.80, Back Right Min: 1.58
[rosout][INFO] 2025-04-11 14:07:07,333: Back Left Min: 0.80, Back Right Min: 1.58
[rosout][INFO] 2025-04-11 14:07:07,430: Back Left Min: 0.80, Back Right Min: 1.58
[rosout][INFO] 2025-04-11 14:07:07,534: Back Left Min: 0.80, Back Right Min: 1.58
[rosout][INFO] 2025-04-11 14:07:07,631: Back Left Min: 0.80, Back Right Min: 1.58
[rosout][INFO] 2025-04-11 14:07:07,734: Back Left Min: 0.80, Back Right Min: 1.58
[rosout][INFO] 2025-04-11 14:07:07,831: Back Left Min: 0.80, Back Right Min: 1.58
[rosout][INFO] 2025-04-11 14:07:07,934: Back Left Min: 0.80, Back Right Min: 1.58
[rosout][INFO] 2025-04-11 14:07:08,031: Back Left Min: 0.80, Back Right Min: 1.58
[rosout][INFO] 2025-04-11 14:07:08,134: Back Left Min: 0.80, Back Right Min: 1.58
[rosout][INFO] 2025-04-11 14:07:08,231: Back Left Min: 0.80, Back Right Min: 1.58
[rosout][INFO] 2025-04-11 14:07:08,334: Back Left Min: 0.80, Back Right Min: 1.58
[rosout][INFO] 2025-04-11 14:07:08,431: Back Left Min: 0.80, Back Right Min: 1.58
[rosout][INFO] 2025-04-11 14:07:08,534: Back Left Min: 0.80, Back Right Min: 1.58
[rosout][INFO] 2025-04-11 14:07:08,631: Back Left Min: 0.80, Back Right Min: 1.58
[rosout][INFO] 2025-04-11 14:07:08,734: Back Left Min: 0.80, Back Right Min: 1.58
[rosout][INFO] 2025-04-11 14:07:08,831: Back Left Min: 0.80, Back Right Min: 1.58
[rosout][INFO] 2025-04-11 14:07:08,934: Back Left Min: 0.80, Back Right Min: 1.58
[rosout][INFO] 2025-04-11 14:07:09,031: Back Left Min: 0.80, Back Right Min: 1.58
[rosout][INFO] 2025-04-11 14:07:09,134: Back Left Min: 0.80, Back Right Min: 1.58
[rosout][INFO] 2025-04-11 14:07:09,231: Back Left Min: 0.80, Back Right Min: 1.58
[rosout][INFO] 2025-04-11 14:07:09,334: Back Left Min: 0.80, Back Right Min: 1.58
[rosout][INFO] 2025-04-11 14:07:09,431: Back Left Min: 0.80, Back Right Min: 1.58
[rosout][INFO] 2025-04-11 14:07:09,535: Back Left Min: 0.80, Back Right Min: 1.58
[rosout][INFO] 2025-04-11 14:07:09,631: Back Left Min: 0.80, Back Right Min: 1.58
[rosout][INFO] 2025-04-11 14:07:09,735: Back Left Min: 0.80, Back Right Min: 1.58
[rosout][INFO] 2025-04-11 14:07:09,832: Back Left Min: 0.80, Back Right Min: 1.58
[rosout][INFO] 2025-04-11 14:07:09,935: Back Left Min: 0.80, Back Right Min: 1.58
[rosout][INFO] 2025-04-11 14:07:10,032: Back Left Min: 0.80, Back Right Min: 1.58
[rosout][INFO] 2025-04-11 14:07:10,135: Back Left Min: 0.80, Back Right Min: 1.58
[rosout][INFO] 2025-04-11 14:07:10,232: Back Left Min: 0.80, Back Right Min: 1.58
[rosout][INFO] 2025-04-11 14:07:10,335: Back Left Min: 0.80, Back Right Min: 1.58
[rosout][INFO] 2025-04-11 14:07:10,432: Back Left Min: 0.80, Back Right Min: 1.58
[rosout][INFO] 2025-04-11 14:07:10,535: Back Left Min: 0.80, Back Right Min: 1.58
[rosout][INFO] 2025-04-11 14:07:10,632: Back Left Min: 0.80, Back Right Min: 1.58
[rosout][INFO] 2025-04-11 14:07:10,735: Back Left Min: 0.80, Back Right Min: 1.58
[rosout][INFO] 2025-04-11 14:07:10,832: Back Left Min: 0.80, Back Right Min: 1.58
[rosout][INFO] 2025-04-11 14:07:10,935: Back Left Min: 0.80, Back Right Min: 1.58
[rosout][INFO] 2025-04-11 14:07:11,032: Back Left Min: 0.80, Back Right Min: 1.58
[rosout][INFO] 2025-04-11 14:07:11,136: Back Left Min: 0.80, Back Right Min: 1.58
[rosout][INFO] 2025-04-11 14:07:11,232: Back Left Min: 0.80, Back Right Min: 1.58
[rosout][INFO] 2025-04-11 14:07:11,336: Back Left Min: 0.80, Back Right Min: 1.58
[rosout][INFO] 2025-04-11 14:07:11,432: Back Left Min: 0.80, Back Right Min: 1.58
[rosout][INFO] 2025-04-11 14:07:11,536: Back Left Min: 0.80, Back Right Min: 1.58
[rosout][INFO] 2025-04-11 14:07:11,632: Back Left Min: 0.80, Back Right Min: 1.58
[rosout][INFO] 2025-04-11 14:07:11,736: Back Left Min: 0.80, Back Right Min: 1.58
[rosout][INFO] 2025-04-11 14:07:11,832: Back Left Min: 0.80, Back Right Min: 1.58
[rosout][INFO] 2025-04-11 14:07:11,936: Back Left Min: 0.80, Back Right Min: 1.58
[rosout][INFO] 2025-04-11 14:07:12,032: Back Left Min: 0.80, Back Right Min: 1.58
[rosout][INFO] 2025-04-11 14:07:12,136: Back Left Min: 0.80, Back Right Min: 1.58
[rosout][INFO] 2025-04-11 14:07:12,232: Back Left Min: 0.80, Back Right Min: 1.58
[rosout][INFO] 2025-04-11 14:07:12,336: Back Left Min: 0.80, Back Right Min: 1.58
[rosout][INFO] 2025-04-11 14:07:12,432: Back Left Min: 0.80, Back Right Min: 1.58
[rosout][INFO] 2025-04-11 14:07:12,536: Back Left Min: 0.80, Back Right Min: 1.58
[rosout][INFO] 2025-04-11 14:07:12,633: Back Left Min: 0.80, Back Right Min: 1.58
[rosout][INFO] 2025-04-11 14:07:12,736: Back Left Min: 0.80, Back Right Min: 1.58
[rosout][INFO] 2025-04-11 14:07:12,833: Back Left Min: 0.80, Back Right Min: 1.58
[rosout][INFO] 2025-04-11 14:07:12,936: Back Left Min: 0.80, Back Right Min: 1.58
[rosout][INFO] 2025-04-11 14:07:13,033: Back Left Min: 0.80, Back Right Min: 1.58
[rosout][INFO] 2025-04-11 14:07:13,136: Back Left Min: 0.80, Back Right Min: 1.58
[rosout][INFO] 2025-04-11 14:07:13,233: Back Left Min: 0.80, Back Right Min: 1.58
[rosout][INFO] 2025-04-11 14:07:13,336: Back Left Min: 0.80, Back Right Min: 1.58
[rosout][INFO] 2025-04-11 14:07:13,433: Back Left Min: 0.80, Back Right Min: 1.58
[rosout][INFO] 2025-04-11 14:07:13,536: Back Left Min: 0.80, Back Right Min: 1.58
[rosout][INFO] 2025-04-11 14:07:13,633: Back Left Min: 0.80, Back Right Min: 1.58
[rosout][INFO] 2025-04-11 14:07:13,736: Back Left Min: 0.80, Back Right Min: 1.58
[rosout][INFO] 2025-04-11 14:07:13,833: Back Left Min: 0.80, Back Right Min: 1.58
[rosout][INFO] 2025-04-11 14:07:13,936: Back Left Min: 0.80, Back Right Min: 1.58
[rosout][INFO] 2025-04-11 14:07:14,033: Back Left Min: 0.80, Back Right Min: 1.58
[rosout][INFO] 2025-04-11 14:07:14,136: Back Left Min: 0.80, Back Right Min: 1.58
[rosout][INFO] 2025-04-11 14:07:14,233: Back Left Min: 0.80, Back Right Min: 1.58
[rosout][INFO] 2025-04-11 14:07:14,336: Back Left Min: 0.80, Back Right Min: 1.58
[rosout][INFO] 2025-04-11 14:07:14,433: Back Left Min: 0.80, Back Right Min: 1.58
[rosout][INFO] 2025-04-11 14:07:14,537: Back Left Min: 0.80, Back Right Min: 1.58
[rosout][INFO] 2025-04-11 14:07:14,633: Back Left Min: 0.80, Back Right Min: 1.58
[rosout][INFO] 2025-04-11 14:07:14,737: Back Left Min: 0.80, Back Right Min: 1.58
[rosout][INFO] 2025-04-11 14:07:14,833: Back Left Min: 0.80, Back Right Min: 1.58
[rosout][INFO] 2025-04-11 14:07:14,937: Back Left Min: 0.80, Back Right Min: 1.58
[rosout][INFO] 2025-04-11 14:07:15,033: Back Left Min: 0.80, Back Right Min: 1.58
[rosout][INFO] 2025-04-11 14:07:15,137: Back Left Min: 0.80, Back Right Min: 1.58
[rosout][INFO] 2025-04-11 14:07:15,234: Back Left Min: 0.80, Back Right Min: 1.58
[rosout][INFO] 2025-04-11 14:07:15,337: Back Left Min: 0.80, Back Right Min: 1.58
[rosout][INFO] 2025-04-11 14:07:15,434: Back Left Min: 0.80, Back Right Min: 1.58
[rosout][INFO] 2025-04-11 14:07:15,537: Back Left Min: 0.80, Back Right Min: 1.58
[rosout][INFO] 2025-04-11 14:07:15,634: Back Left Min: 0.80, Back Right Min: 1.58
[rosout][INFO] 2025-04-11 14:07:15,737: Back Left Min: 0.80, Back Right Min: 1.58
[rosout][INFO] 2025-04-11 14:07:15,834: Back Left Min: 0.80, Back Right Min: 1.58
[rosout][INFO] 2025-04-11 14:07:15,937: Back Left Min: 0.80, Back Right Min: 1.58
[rosout][INFO] 2025-04-11 14:07:16,034: Back Left Min: 0.80, Back Right Min: 1.58
[rosout][INFO] 2025-04-11 14:07:16,137: Back Left Min: 0.80, Back Right Min: 1.58
[rosout][INFO] 2025-04-11 14:07:16,234: Back Left Min: 0.80, Back Right Min: 1.58
[rosout][INFO] 2025-04-11 14:07:16,337: Back Left Min: 0.80, Back Right Min: 1.58
[rosout][INFO] 2025-04-11 14:07:16,434: Back Left Min: 0.80, Back Right Min: 1.58
[rosout][INFO] 2025-04-11 14:07:16,537: Back Left Min: 0.80, Back Right Min: 1.58
[rosout][INFO] 2025-04-11 14:07:16,634: Back Left Min: 0.80, Back Right Min: 1.58
[rosout][INFO] 2025-04-11 14:07:16,738: Back Left Min: 0.80, Back Right Min: 1.58
[rosout][INFO] 2025-04-11 14:07:16,834: Back Left Min: 0.80, Back Right Min: 1.58
[rosout][INFO] 2025-04-11 14:07:16,938: Back Left Min: 0.80, Back Right Min: 1.58
[rosout][INFO] 2025-04-11 14:07:17,034: Back Left Min: 0.80, Back Right Min: 1.58
[rosout][INFO] 2025-04-11 14:07:17,138: Back Left Min: 0.80, Back Right Min: 1.58
[rosout][INFO] 2025-04-11 14:07:17,234: Back Left Min: 0.80, Back Right Min: 1.58
[rosout][INFO] 2025-04-11 14:07:17,338: Back Left Min: 0.80, Back Right Min: 1.58
[rosout][INFO] 2025-04-11 14:07:17,435: Back Left Min: 0.80, Back Right Min: 1.58
[rosout][INFO] 2025-04-11 14:07:17,538: Back Left Min: 0.79, Back Right Min: 1.58
[rosout][INFO] 2025-04-11 14:07:17,635: Back Left Min: 0.79, Back Right Min: 1.58
[rosout][INFO] 2025-04-11 14:07:17,738: Back Left Min: 0.79, Back Right Min: 0.89
[rosout][INFO] 2025-04-11 14:07:17,835: Back Left Min: 0.79, Back Right Min: 0.89
[rosout][INFO] 2025-04-11 14:07:17,938: Back Left Min: 0.79, Back Right Min: 0.89
[rosout][INFO] 2025-04-11 14:07:18,035: Back Left Min: 0.79, Back Right Min: 0.75
[rosout][INFO] 2025-04-11 14:07:18,138: Back Left Min: 0.80, Back Right Min: 0.75
[rosout][INFO] 2025-04-11 14:07:18,235: Back Left Min: 0.80, Back Right Min: 0.75
[rosout][INFO] 2025-04-11 14:07:18,339: Back Left Min: 0.80, Back Right Min: 1.58
[rosout][INFO] 2025-04-11 14:07:18,435: Back Left Min: 0.77, Back Right Min: 1.58
[rosout][INFO] 2025-04-11 14:07:18,539: Back Left Min: 0.77, Back Right Min: 0.91
[rosout][INFO] 2025-04-11 14:07:18,635: Back Left Min: 0.77, Back Right Min: 0.91
[rosout][INFO] 2025-04-11 14:07:18,739: Back Left Min: 0.76, Back Right Min: 0.91
[rosout][INFO] 2025-04-11 14:07:18,835: Back Left Min: 0.76, Back Right Min: 1.71
[rosout][INFO] 2025-04-11 14:07:18,939: Back Left Min: 0.76, Back Right Min: 1.64
[rosout][INFO] 2025-04-11 14:07:19,035: Back Left Min: 0.83, Back Right Min: 1.64
[rosout][INFO] 2025-04-11 14:07:19,139: Back Left Min: 0.83, Back Right Min: 1.64
[rosout][INFO] 2025-04-11 14:07:19,235: Back Left Min: 0.83, Back Right Min: 1.64
[rosout][INFO] 2025-04-11 14:07:19,339: Back Left Min: 0.79, Back Right Min: 1.64
[rosout][INFO] 2025-04-11 14:07:19,435: Back Left Min: 0.79, Back Right Min: 1.65
[rosout][INFO] 2025-04-11 14:07:19,539: Back Left Min: 0.79, Back Right Min: 1.65
[rosout][INFO] 2025-04-11 14:07:19,635: Back Left Min: 0.78, Back Right Min: 1.65
[rosout][INFO] 2025-04-11 14:07:19,739: Back Left Min: 0.78, Back Right Min: 1.64
[rosout][INFO] 2025-04-11 14:07:19,836: Back Left Min: 0.78, Back Right Min: 1.64
[rosout][INFO] 2025-04-11 14:07:19,939: Back Left Min: 0.81, Back Right Min: 0.74
[rosout][INFO] 2025-04-11 14:07:20,036: Back Left Min: 0.81, Back Right Min: 0.74
[rosout][INFO] 2025-04-11 14:07:20,139: Back Left Min: 0.78, Back Right Min: 0.74
[rosout][INFO] 2025-04-11 14:07:20,236: Back Left Min: 0.78, Back Right Min: 1.58
[rosout][INFO] 2025-04-11 14:07:20,339: Back Left Min: 0.78, Back Right Min: 1.58
[rosout][INFO] 2025-04-11 14:07:20,436: Back Left Min: 0.83, Back Right Min: 1.58
[rosout][INFO] 2025-04-11 14:07:20,539: Back Left Min: 0.83, Back Right Min: 0.75
[rosout][INFO] 2025-04-11 14:07:20,636: Back Left Min: 0.78, Back Right Min: 0.75
[rosout][INFO] 2025-04-11 14:07:20,739: Back Left Min: 0.78, Back Right Min: 0.74
[rosout][INFO] 2025-04-11 14:07:20,836: Back Left Min: 0.78, Back Right Min: 0.74
[rosout][INFO] 2025-04-11 14:07:20,939: Back Left Min: 0.80, Back Right Min: 0.74
[rosout][INFO] 2025-04-11 14:07:21,036: Back Left Min: 0.80, Back Right Min: 0.94
[rosout][INFO] 2025-04-11 14:07:21,139: Back Left Min: 0.79, Back Right Min: 0.79
[rosout][INFO] 2025-04-11 14:07:21,236: Back Left Min: 0.79, Back Right Min: 0.79
[rosout][INFO] 2025-04-11 14:07:21,339: Back Left Min: 0.79, Back Right Min: 0.90
[rosout][INFO] 2025-04-11 14:07:21,437: Back Left Min: 0.78, Back Right Min: 0.90
[rosout][INFO] 2025-04-11 14:07:21,539: Back Left Min: 0.78, Back Right Min: 0.90
[rosout][INFO] 2025-04-11 14:07:21,637: Back Left Min: 0.78, Back Right Min: 0.76
[rosout][INFO] 2025-04-11 14:07:21,740: Back Left Min: 0.91, Back Right Min: 0.76
[rosout][INFO] 2025-04-11 14:07:21,836: Back Left Min: 0.91, Back Right Min: 0.76
[rosout][INFO] 2025-04-11 14:07:21,940: Back Left Min: 0.91, Back Right Min: 1.58
[rosout][INFO] 2025-04-11 14:07:22,037: Back Left Min: 0.91, Back Right Min: 1.58
[rosout][INFO] 2025-04-11 14:07:22,140: Back Left Min: 0.91, Back Right Min: 1.60
[rosout][INFO] 2025-04-11 14:07:22,237: Back Left Min: 0.91, Back Right Min: 1.58
[rosout][INFO] 2025-04-11 14:07:22,340: Back Left Min: 0.91, Back Right Min: 1.58
[rosout][INFO] 2025-04-11 14:07:22,437: Back Left Min: 0.91, Back Right Min: 0.76
[rosout][INFO] 2025-04-11 14:07:22,540: Back Left Min: 0.91, Back Right Min: 0.76
[rosout][INFO] 2025-04-11 14:07:22,637: Back Left Min: 0.90, Back Right Min: 0.76
[rosout][INFO] 2025-04-11 14:07:22,740: Back Left Min: 0.90, Back Right Min: 1.69
[rosout][INFO] 2025-04-11 14:07:22,837: Back Left Min: 0.90, Back Right Min: 1.69
[rosout][INFO] 2025-04-11 14:07:22,940: Back Left Min: 0.90, Back Right Min: 1.69
[rosout][INFO] 2025-04-11 14:07:23,037: Back Left Min: 0.90, Back Right Min: 1.69
[rosout][INFO] 2025-04-11 14:07:23,140: Back Left Min: 0.90, Back Right Min: 1.79
[rosout][INFO] 2025-04-11 14:07:23,237: Back Left Min: 0.97, Back Right Min: 1.79
[rosout][INFO] 2025-04-11 14:07:23,340: Back Left Min: 0.93, Back Right Min: 0.73
[rosout][INFO] 2025-04-11 14:07:23,437: Back Left Min: 0.93, Back Right Min: 0.73
[rosout][INFO] 2025-04-11 14:07:23,541: Back Left Min: 0.81, Back Right Min: 0.73
[rosout][INFO] 2025-04-11 14:07:23,637: Back Left Min: 0.81, Back Right Min: 0.73
[rosout][INFO] 2025-04-11 14:07:23,740: Back Left Min: 0.85, Back Right Min: 0.73
[rosout][INFO] 2025-04-11 14:07:23,837: Back Left Min: 0.85, Back Right Min: 1.78
[rosout][INFO] 2025-04-11 14:07:23,941: Back Left Min: 0.85, Back Right Min: 0.75
[rosout][INFO] 2025-04-11 14:07:24,037: Back Left Min: 0.83, Back Right Min: 0.75
[rosout][INFO] 2025-04-11 14:07:24,141: Back Left Min: 0.83, Back Right Min: 1.77
[rosout][INFO] 2025-04-11 14:07:24,237: Back Left Min: 0.83, Back Right Min: 1.77
[rosout][INFO] 2025-04-11 14:07:24,341: Back Left Min: 0.83, Back Right Min: 1.77
[rosout][INFO] 2025-04-11 14:07:24,438: Back Left Min: 0.83, Back Right Min: 1.77
[rosout][INFO] 2025-04-11 14:07:24,541: Back Left Min: 0.82, Back Right Min: 1.78
[rosout][INFO] 2025-04-11 14:07:24,638: Back Left Min: 0.82, Back Right Min: 1.78
[rosout][INFO] 2025-04-11 14:07:24,741: Back Left Min: 0.82, Back Right Min: 0.74
[rosout][INFO] 2025-04-11 14:07:24,838: Back Left Min: 0.82, Back Right Min: 0.74
[rosout][INFO] 2025-04-11 14:07:24,941: Back Left Min: 0.82, Back Right Min: 0.74
[rosout][INFO] 2025-04-11 14:07:25,038: Back Left Min: 0.82, Back Right Min: 0.75
[rosout][INFO] 2025-04-11 14:07:25,141: Back Left Min: 0.95, Back Right Min: 0.75
[rosout][INFO] 2025-04-11 14:07:25,238: Back Left Min: 0.95, Back Right Min: 0.75
[rosout][INFO] 2025-04-11 14:07:25,341: Back Left Min: 0.95, Back Right Min: 1.71
[rosout][INFO] 2025-04-11 14:07:25,438: Back Left Min: 0.99, Back Right Min: 1.71
[rosout][INFO] 2025-04-11 14:07:25,541: Back Left Min: 0.93, Back Right Min: 1.71
[rosout][INFO] 2025-04-11 14:07:25,638: Back Left Min: 0.93, Back Right Min: 1.80
[rosout][INFO] 2025-04-11 14:07:25,741: Back Left Min: 0.97, Back Right Min: 1.72
[rosout][INFO] 2025-04-11 14:07:25,838: Back Left Min: 0.99, Back Right Min: 1.72
[rosout][INFO] 2025-04-11 14:07:25,941: Back Left Min: 0.99, Back Right Min: 1.72
[rosout][INFO] 2025-04-11 14:07:26,038: Back Left Min: 1.23, Back Right Min: 1.72
[rosout][INFO] 2025-04-11 14:07:26,141: Back Left Min: 0.84, Back Right Min: 1.72
[rosout][INFO] 2025-04-11 14:07:26,238: Back Left Min: 0.84, Back Right Min: 1.72
[rosout][INFO] 2025-04-11 14:07:26,341: Back Left Min: 1.58, Back Right Min: 1.73
[rosout][INFO] 2025-04-11 14:07:26,438: Back Left Min: 1.01, Back Right Min: 1.73
[rosout][INFO] 2025-04-11 14:07:26,542: Back Left Min: 1.01, Back Right Min: 1.73
[rosout][INFO] 2025-04-11 14:07:26,639: Back Left Min: 1.01, Back Right Min: 1.73
[rosout][INFO] 2025-04-11 14:07:26,742: Back Left Min: 0.91, Back Right Min: 1.53
[rosout][INFO] 2025-04-11 14:07:26,838: Back Left Min: 0.91, Back Right Min: 1.53
[rosout][INFO] 2025-04-11 14:07:26,942: Back Left Min: 1.56, Back Right Min: 1.53
[rosout][INFO] 2025-04-11 14:07:27,039: Back Left Min: 1.56, Back Right Min: 1.76
[rosout][INFO] 2025-04-11 14:07:27,142: Back Left Min: 1.56, Back Right Min: 1.76
[rosout][INFO] 2025-04-11 14:07:27,239: Back Left Min: 1.56, Back Right Min: 0.73
[rosout][INFO] 2025-04-11 14:07:27,342: Back Left Min: 1.56, Back Right Min: 0.73
[rosout][INFO] 2025-04-11 14:07:27,439: Back Left Min: 1.56, Back Right Min: 0.73
[rosout][INFO] 2025-04-11 14:07:27,542: Back Left Min: 1.56, Back Right Min: 1.76
[rosout][INFO] 2025-04-11 14:07:27,639: Back Left Min: 1.56, Back Right Min: 1.76
[rosout][INFO] 2025-04-11 14:07:27,742: Back Left Min: 1.56, Back Right Min: 1.76
[rosout][INFO] 2025-04-11 14:07:27,839: Back Left Min: 0.77, Back Right Min: 0.74
[rosout][INFO] 2025-04-11 14:07:27,942: Back Left Min: 0.77, Back Right Min: 0.74
[rosout][INFO] 2025-04-11 14:07:28,039: Back Left Min: 0.77, Back Right Min: 0.73
[rosout][INFO] 2025-04-11 14:07:28,142: Back Left Min: 1.56, Back Right Min: 0.73
[rosout][INFO] 2025-04-11 14:07:28,239: Back Left Min: 1.56, Back Right Min: 0.73
[rosout][INFO] 2025-04-11 14:07:28,342: Back Left Min: 0.72, Back Right Min: 0.75
[rosout][INFO] 2025-04-11 14:07:28,440: Back Left Min: 0.72, Back Right Min: 0.75
[rosout][INFO] 2025-04-11 14:07:28,542: Back Left Min: 0.72, Back Right Min: 0.75
[rosout][INFO] 2025-04-11 14:07:28,639: Back Left Min: 1.56, Back Right Min: 0.73
[rosout][INFO] 2025-04-11 14:07:28,742: Back Left Min: 1.56, Back Right Min: 0.73
[rosout][INFO] 2025-04-11 14:07:28,839: Back Left Min: 1.56, Back Right Min: 0.73
[rosout][INFO] 2025-04-11 14:07:28,942: Back Left Min: 1.56, Back Right Min: 1.75
[rosout][INFO] 2025-04-11 14:07:29,039: Back Left Min: 1.56, Back Right Min: 1.75
[rosout][INFO] 2025-04-11 14:07:29,143: Back Left Min: 0.88, Back Right Min: 0.73
[rosout][INFO] 2025-04-11 14:07:29,239: Back Left Min: 0.88, Back Right Min: 0.73
[rosout][INFO] 2025-04-11 14:07:29,343: Back Left Min: 0.88, Back Right Min: 0.73
[rosout][INFO] 2025-04-11 14:07:29,440: Back Left Min: 0.91, Back Right Min: 1.75
[rosout][INFO] 2025-04-11 14:07:29,543: Back Left Min: 0.91, Back Right Min: 0.75
[rosout][INFO] 2025-04-11 14:07:29,640: Back Left Min: 0.90, Back Right Min: 0.75
[rosout][INFO] 2025-04-11 14:07:29,743: Back Left Min: 0.90, Back Right Min: 1.75
[rosout][INFO] 2025-04-11 14:07:29,840: Back Left Min: 0.90, Back Right Min: 1.75
[rosout][INFO] 2025-04-11 14:07:29,943: Back Left Min: 0.98, Back Right Min: 1.75
[rosout][INFO] 2025-04-11 14:07:30,040: Back Left Min: 0.98, Back Right Min: 0.73
[rosout][INFO] 2025-04-11 14:07:30,143: Back Left Min: 1.02, Back Right Min: 0.73
[rosout][INFO] 2025-04-11 14:07:30,240: Back Left Min: 1.02, Back Right Min: 0.73
[rosout][INFO] 2025-04-11 14:07:30,343: Back Left Min: 1.02, Back Right Min: 1.76
[rosout][INFO] 2025-04-11 14:07:30,440: Back Left Min: 1.00, Back Right Min: 1.76
[rosout][INFO] 2025-04-11 14:07:30,543: Back Left Min: 1.00, Back Right Min: 1.76
[rosout][INFO] 2025-04-11 14:07:30,640: Back Left Min: 1.00, Back Right Min: 0.76
[rosout][INFO] 2025-04-11 14:07:30,743: Back Left Min: 1.04, Back Right Min: 0.76
[rosout][INFO] 2025-04-11 14:07:30,840: Back Left Min: 1.04, Back Right Min: 0.76
[rosout][INFO] 2025-04-11 14:07:30,943: Back Left Min: 1.04, Back Right Min: 0.77
[rosout][INFO] 2025-04-11 14:07:31,040: Back Left Min: 1.04, Back Right Min: 0.77
[rosout][INFO] 2025-04-11 14:07:31,143: Back Left Min: 1.04, Back Right Min: 1.75
[rosout][INFO] 2025-04-11 14:07:31,240: Back Left Min: 1.04, Back Right Min: 1.75
[rosout][INFO] 2025-04-11 14:07:31,343: Back Left Min: 1.03, Back Right Min: 1.75
[rosout][INFO] 2025-04-11 14:07:31,440: Back Left Min: 1.03, Back Right Min: 0.75
[rosout][INFO] 2025-04-11 14:07:31,543: Back Left Min: 1.02, Back Right Min: 0.75
[rosout][INFO] 2025-04-11 14:07:31,641: Back Left Min: 1.02, Back Right Min: 0.75
[rosout][INFO] 2025-04-11 14:07:31,744: Back Left Min: 1.02, Back Right Min: 1.75
[rosout][INFO] 2025-04-11 14:07:31,840: Back Left Min: 1.02, Back Right Min: 1.75
[rosout][INFO] 2025-04-11 14:07:31,944: Back Left Min: 1.02, Back Right Min: 0.75
[rosout][INFO] 2025-04-11 14:07:32,041: Back Left Min: 1.02, Back Right Min: 0.75
[rosout][INFO] 2025-04-11 14:07:32,144: Back Left Min: 1.02, Back Right Min: 0.75
[rosout][INFO] 2025-04-11 14:07:32,241: Back Left Min: 1.02, Back Right Min: 1.75
[rosout][INFO] 2025-04-11 14:07:32,344: Back Left Min: 0.96, Back Right Min: 1.76
[rosout][INFO] 2025-04-11 14:07:32,441: Back Left Min: 0.96, Back Right Min: 1.76
[rosout][INFO] 2025-04-11 14:07:32,544: Back Left Min: 0.96, Back Right Min: 1.75
[rosout][INFO] 2025-04-11 14:07:32,641: Back Left Min: 0.84, Back Right Min: 1.75
[rosout][INFO] 2025-04-11 14:07:32,744: Back Left Min: 0.84, Back Right Min: 1.75
[rosout][INFO] 2025-04-11 14:07:32,841: Back Left Min: 0.84, Back Right Min: 0.76
[rosout][INFO] 2025-04-11 14:07:32,944: Back Left Min: 0.83, Back Right Min: 0.76
[rosout][INFO] 2025-04-11 14:07:33,041: Back Left Min: 0.83, Back Right Min: 0.76
[rosout][INFO] 2025-04-11 14:07:33,144: Back Left Min: 0.83, Back Right Min: 1.75
[rosout][INFO] 2025-04-11 14:07:33,241: Back Left Min: 0.86, Back Right Min: 1.75
[rosout][INFO] 2025-04-11 14:07:33,344: Back Left Min: 0.86, Back Right Min: 1.75
[rosout][INFO] 2025-04-11 14:07:33,441: Back Left Min: 0.86, Back Right Min: 1.76
[rosout][INFO] 2025-04-11 14:07:33,544: Back Left Min: 0.89, Back Right Min: 1.76
[rosout][INFO] 2025-04-11 14:07:33,641: Back Left Min: 0.89, Back Right Min: 1.76
[rosout][INFO] 2025-04-11 14:07:33,744: Back Left Min: 1.04, Back Right Min: 1.75
[rosout][INFO] 2025-04-11 14:07:33,842: Back Left Min: 0.97, Back Right Min: 1.75
[rosout][INFO] 2025-04-11 14:07:33,945: Back Left Min: 0.97, Back Right Min: 1.75
[rosout][INFO] 2025-04-11 14:07:34,041: Back Left Min: 0.90, Back Right Min: 1.75
[rosout][INFO] 2025-04-11 14:07:34,145: Back Left Min: 0.90, Back Right Min: 1.75
[rosout][INFO] 2025-04-11 14:07:34,241: Back Left Min: 0.90, Back Right Min: 1.76
[rosout][INFO] 2025-04-11 14:07:34,345: Back Left Min: 0.90, Back Right Min: 1.76
[rosout][INFO] 2025-04-11 14:07:34,442: Back Left Min: 0.90, Back Right Min: 1.76
[rosout][INFO] 2025-04-11 14:07:34,545: Back Left Min: 0.90, Back Right Min: 1.75
[rosout][INFO] 2025-04-11 14:07:34,642: Back Left Min: 0.90, Back Right Min: 1.75
[rosout][INFO] 2025-04-11 14:07:34,745: Back Left Min: 0.90, Back Right Min: 1.75
[rosout][INFO] 2025-04-11 14:07:34,842: Back Left Min: 0.91, Back Right Min: 1.06
[rosout][INFO] 2025-04-11 14:07:34,945: Back Left Min: 0.91, Back Right Min: 1.06
[rosout][INFO] 2025-04-11 14:07:35,042: Back Left Min: 0.91, Back Right Min: 1.06
[rosout][INFO] 2025-04-11 14:07:35,145: Back Left Min: 0.91, Back Right Min: 1.76
[rosout][INFO] 2025-04-11 14:07:35,242: Back Left Min: 0.91, Back Right Min: 1.76
[rosout][INFO] 2025-04-11 14:07:35,345: Back Left Min: 0.91, Back Right Min: 1.76
[rosout][INFO] 2025-04-11 14:07:35,442: Back Left Min: 0.92, Back Right Min: 1.76
[rosout][INFO] 2025-04-11 14:07:35,545: Back Left Min: 0.92, Back Right Min: 1.76
[rosout][INFO] 2025-04-11 14:07:35,642: Back Left Min: 0.92, Back Right Min: 1.76
[rosout][INFO] 2025-04-11 14:07:35,745: Back Left Min: 0.89, Back Right Min: 1.76
[rosout][INFO] 2025-04-11 14:07:35,842: Back Left Min: 0.89, Back Right Min: 1.76
[rosout][INFO] 2025-04-11 14:07:35,945: Back Left Min: 0.89, Back Right Min: 1.76
[rosout][INFO] 2025-04-11 14:07:36,042: Back Left Min: 0.90, Back Right Min: 1.76
[rosout][INFO] 2025-04-11 14:07:36,146: Back Left Min: 0.90, Back Right Min: 1.76
[rosout][INFO] 2025-04-11 14:07:36,242: Back Left Min: 0.90, Back Right Min: 1.79
[rosout][INFO] 2025-04-11 14:07:36,346: Back Left Min: 0.90, Back Right Min: 1.79
[rosout][INFO] 2025-04-11 14:07:36,442: Back Left Min: 0.90, Back Right Min: 1.79
[rosout][INFO] 2025-04-11 14:07:36,546: Back Left Min: 0.90, Back Right Min: 1.74
[rosout][INFO] 2025-04-11 14:07:36,642: Back Left Min: 0.91, Back Right Min: 1.74
[rosout][INFO] 2025-04-11 14:07:36,746: Back Left Min: 0.91, Back Right Min: 1.75
[rosout][INFO] 2025-04-11 14:07:36,843: Back Left Min: 0.91, Back Right Min: 1.75
[rosout][INFO] 2025-04-11 14:07:36,946: Back Left Min: 0.91, Back Right Min: 1.75
[rosout][INFO] 2025-04-11 14:07:37,043: Back Left Min: 0.91, Back Right Min: 1.75
[rosout][INFO] 2025-04-11 14:07:37,146: Back Left Min: 0.91, Back Right Min: 1.75
[rosout][INFO] 2025-04-11 14:07:37,243: Back Left Min: 0.91, Back Right Min: 1.75
[rosout][INFO] 2025-04-11 14:07:37,346: Back Left Min: 0.91, Back Right Min: 1.75
[rosout][INFO] 2025-04-11 14:07:37,443: Back Left Min: 0.83, Back Right Min: 1.75
[rosout][INFO] 2025-04-11 14:07:37,546: Back Left Min: 0.83, Back Right Min: 0.74
[rosout][INFO] 2025-04-11 14:07:37,643: Back Left Min: 0.83, Back Right Min: 0.74
[rosout][INFO] 2025-04-11 14:07:37,746: Back Left Min: 0.80, Back Right Min: 0.74
[rosout][INFO] 2025-04-11 14:07:37,843: Back Left Min: 0.80, Back Right Min: 0.75
[rosout][INFO] 2025-04-11 14:07:37,946: Back Left Min: 0.78, Back Right Min: 0.75
[rosout][INFO] 2025-04-11 14:07:38,043: Back Left Min: 0.78, Back Right Min: 0.75
[rosout][INFO] 2025-04-11 14:07:38,146: Back Left Min: 0.78, Back Right Min: 0.75
[rosout][INFO] 2025-04-11 14:07:38,243: Back Left Min: 0.79, Back Right Min: 0.75
[rosout][INFO] 2025-04-11 14:07:38,346: Back Left Min: 0.79, Back Right Min: 0.75
[rosout][INFO] 2025-04-11 14:07:38,443: Back Left Min: 0.79, Back Right Min: 1.72
[rosout][INFO] 2025-04-11 14:07:38,546: Back Left Min: 0.81, Back Right Min: 1.71
[rosout][INFO] 2025-04-11 14:07:38,643: Back Left Min: 0.81, Back Right Min: 1.71
[rosout][INFO] 2025-04-11 14:07:38,746: Back Left Min: 0.84, Back Right Min: 0.74
[rosout][INFO] 2025-04-11 14:07:38,843: Back Left Min: 0.84, Back Right Min: 0.74
[rosout][INFO] 2025-04-11 14:07:38,947: Back Left Min: 0.84, Back Right Min: 1.74
[rosout][INFO] 2025-04-11 14:07:39,043: Back Left Min: 0.93, Back Right Min: 0.76
[rosout][INFO] 2025-04-11 14:07:39,147: Back Left Min: 0.93, Back Right Min: 0.76
[rosout][INFO] 2025-04-11 14:07:39,244: Back Left Min: 0.93, Back Right Min: 0.76
[rosout][INFO] 2025-04-11 14:07:39,347: Back Left Min: 0.88, Back Right Min: 1.07
[rosout][INFO] 2025-04-11 14:07:39,444: Back Left Min: 0.88, Back Right Min: 1.07
[rosout][INFO] 2025-04-11 14:07:39,547: Back Left Min: 0.88, Back Right Min: 0.73
[rosout][INFO] 2025-04-11 14:07:39,644: Back Left Min: 0.94, Back Right Min: 0.73
[rosout][INFO] 2025-04-11 14:07:39,747: Back Left Min: 0.94, Back Right Min: 0.73
[rosout][INFO] 2025-04-11 14:07:39,844: Back Left Min: 0.94, Back Right Min: 0.94
[rosout][INFO] 2025-04-11 14:07:39,948: Back Left Min: 1.06, Back Right Min: 0.94
[rosout][INFO] 2025-04-11 14:07:40,044: Back Left Min: 1.06, Back Right Min: 0.94
[rosout][INFO] 2025-04-11 14:07:40,147: Back Left Min: 0.99, Back Right Min: 0.95
[rosout][INFO] 2025-04-11 14:07:40,244: Back Left Min: 0.99, Back Right Min: 0.95
[rosout][INFO] 2025-04-11 14:07:40,347: Back Left Min: 0.99, Back Right Min: 0.95
[rosout][INFO] 2025-04-11 14:07:40,444: Back Left Min: 0.96, Back Right Min: 0.94
[rosout][INFO] 2025-04-11 14:07:40,547: Back Left Min: 0.96, Back Right Min: 0.94
[rosout][INFO] 2025-04-11 14:07:40,644: Back Left Min: 0.96, Back Right Min: 0.94
[rosout][INFO] 2025-04-11 14:07:40,747: Back Left Min: 0.98, Back Right Min: 1.01
[rosout][INFO] 2025-04-11 14:07:40,844: Back Left Min: 0.98, Back Right Min: 1.01
[rosout][INFO] 2025-04-11 14:07:40,947: Back Left Min: 0.98, Back Right Min: 0.99
[rosout][INFO] 2025-04-11 14:07:41,044: Back Left Min: 0.98, Back Right Min: 0.99
[rosout][INFO] 2025-04-11 14:07:41,147: Back Left Min: 0.98, Back Right Min: 0.99
[rosout][INFO] 2025-04-11 14:07:41,244: Back Left Min: 0.99, Back Right Min: 0.99
[rosout][INFO] 2025-04-11 14:07:41,348: Back Left Min: 0.96, Back Right Min: 0.99
[rosout][INFO] 2025-04-11 14:07:41,445: Back Left Min: 0.96, Back Right Min: 0.99
[rosout][INFO] 2025-04-11 14:07:41,548: Back Left Min: 0.97, Back Right Min: 0.91
[rosout][INFO] 2025-04-11 14:07:41,645: Back Left Min: 0.97, Back Right Min: 0.91
[rosout][INFO] 2025-04-11 14:07:41,748: Back Left Min: 0.97, Back Right Min: 0.74
[rosout][INFO] 2025-04-11 14:07:41,845: Back Left Min: 0.92, Back Right Min: 0.74
[rosout][INFO] 2025-04-11 14:07:41,948: Back Left Min: 0.92, Back Right Min: 0.74
[rosout][INFO] 2025-04-11 14:07:42,045: Back Left Min: 0.92, Back Right Min: 0.93
[rosout][INFO] 2025-04-11 14:07:42,148: Back Left Min: 0.91, Back Right Min: 0.73
[rosout][INFO] 2025-04-11 14:07:42,245: Back Left Min: 0.91, Back Right Min: 0.73
[rosout][INFO] 2025-04-11 14:07:42,348: Back Left Min: 0.91, Back Right Min: 0.73
[rosout][INFO] 2025-04-11 14:07:42,445: Back Left Min: 0.90, Back Right Min: 0.73
[rosout][INFO] 2025-04-11 14:07:42,548: Back Left Min: 0.90, Back Right Min: 0.73
[rosout][INFO] 2025-04-11 14:07:42,645: Back Left Min: 0.90, Back Right Min: 0.77
[rosout][INFO] 2025-04-11 14:07:42,748: Back Left Min: 0.91, Back Right Min: 0.77
[rosout][INFO] 2025-04-11 14:07:42,845: Back Left Min: 0.91, Back Right Min: 0.77
[rosout][INFO] 2025-04-11 14:07:42,948: Back Left Min: 0.91, Back Right Min: 0.71
[rosout][INFO] 2025-04-11 14:07:43,045: Back Left Min: 0.91, Back Right Min: 0.71
[rosout][INFO] 2025-04-11 14:07:43,148: Back Left Min: 0.91, Back Right Min: 1.78
[rosout][INFO] 2025-04-11 14:07:43,245: Back Left Min: 0.91, Back Right Min: 1.78
[rosout][INFO] 2025-04-11 14:07:43,348: Back Left Min: 0.91, Back Right Min: 1.78
[rosout][INFO] 2025-04-11 14:07:43,446: Back Left Min: 0.91, Back Right Min: 1.78
[rosout][INFO] 2025-04-11 14:07:43,549: Back Left Min: 0.91, Back Right Min: 1.78
[rosout][INFO] 2025-04-11 14:07:43,645: Back Left Min: 0.91, Back Right Min: 1.78
[rosout][INFO] 2025-04-11 14:07:43,749: Back Left Min: 0.91, Back Right Min: 1.78
[rosout][INFO] 2025-04-11 14:07:43,845: Back Left Min: 0.90, Back Right Min: 1.85
[rosout][INFO] 2025-04-11 14:07:43,949: Back Left Min: 0.90, Back Right Min: 1.85
[rosout][INFO] 2025-04-11 14:07:44,046: Back Left Min: 0.90, Back Right Min: 1.85
[rosout][INFO] 2025-04-11 14:07:44,149: Back Left Min: 0.91, Back Right Min: 1.69
[rosout][INFO] 2025-04-11 14:07:44,246: Back Left Min: 0.91, Back Right Min: 1.69
[rosout][INFO] 2025-04-11 14:07:44,349: Back Left Min: 0.96, Back Right Min: 0.95
[rosout][INFO] 2025-04-11 14:07:44,446: Back Left Min: 0.96, Back Right Min: 0.95
[rosout][INFO] 2025-04-11 14:07:44,549: Back Left Min: 0.96, Back Right Min: 0.72
[rosout][INFO] 2025-04-11 14:07:44,646: Back Left Min: 1.01, Back Right Min: 0.72
[rosout][INFO] 2025-04-11 14:07:44,749: Back Left Min: 1.01, Back Right Min: 0.72
[rosout][INFO] 2025-04-11 14:07:44,846: Back Left Min: 1.00, Back Right Min: 0.74
[rosout][INFO] 2025-04-11 14:07:44,949: Back Left Min: 1.00, Back Right Min: 0.74
[rosout][INFO] 2025-04-11 14:07:45,046: Back Left Min: 1.00, Back Right Min: 0.74
[rosout][INFO] 2025-04-11 14:07:45,149: Back Left Min: 1.00, Back Right Min: 0.90
[rosout][INFO] 2025-04-11 14:07:45,246: Back Left Min: 1.00, Back Right Min: 0.90
[rosout][INFO] 2025-04-11 14:07:45,349: Back Left Min: 1.00, Back Right Min: 0.90
[rosout][INFO] 2025-04-11 14:07:45,446: Back Left Min: 1.00, Back Right Min: 0.91
[rosout][INFO] 2025-04-11 14:07:45,550: Back Left Min: 1.00, Back Right Min: 0.91
[rosout][INFO] 2025-04-11 14:07:45,646: Back Left Min: 1.00, Back Right Min: 0.91
[rosout][INFO] 2025-04-11 14:07:45,749: Back Left Min: 0.98, Back Right Min: 0.91
[rosout][INFO] 2025-04-11 14:07:45,846: Back Left Min: 0.98, Back Right Min: 0.91
[rosout][INFO] 2025-04-11 14:07:45,949: Back Left Min: 0.99, Back Right Min: 1.09
[rosout][INFO] 2025-04-11 14:07:46,046: Back Left Min: 0.68, Back Right Min: 0.91
[rosout][INFO] 2025-04-11 14:07:46,150: Back Left Min: 0.68, Back Right Min: 0.91
[rosout][INFO] 2025-04-11 14:07:46,246: Back Left Min: 0.68, Back Right Min: 0.91
[rosout][INFO] 2025-04-11 14:07:46,350: Back Left Min: 0.91, Back Right Min: 1.72
[rosout][INFO] 2025-04-11 14:07:46,447: Back Left Min: 0.91, Back Right Min: 1.72
[rosout][INFO] 2025-04-11 14:07:46,550: Back Left Min: 0.91, Back Right Min: 1.72
[rosout][INFO] 2025-04-11 14:07:46,647: Back Left Min: 0.91, Back Right Min: 1.64
[rosout][INFO] 2025-04-11 14:07:46,750: Back Left Min: 0.91, Back Right Min: 1.64
[rosout][INFO] 2025-04-11 14:07:46,847: Back Left Min: 0.91, Back Right Min: 0.72
[rosout][INFO] 2025-04-11 14:07:46,951: Back Left Min: 0.92, Back Right Min: 0.72
[rosout][INFO] 2025-04-11 14:07:47,047: Back Left Min: 0.92, Back Right Min: 0.72
[rosout][INFO] 2025-04-11 14:07:47,150: Back Left Min: 0.92, Back Right Min: 1.80
[rosout][INFO] 2025-04-11 14:07:47,247: Back Left Min: 0.92, Back Right Min: 1.81
[rosout][INFO] 2025-04-11 14:07:47,350: Back Left Min: 0.92, Back Right Min: 0.73
[rosout][INFO] 2025-04-11 14:07:47,447: Back Left Min: 0.92, Back Right Min: 0.73
[rosout][INFO] 2025-04-11 14:07:47,550: Back Left Min: 0.95, Back Right Min: 0.73
[rosout][INFO] 2025-04-11 14:07:47,648: Back Left Min: 0.95, Back Right Min: 1.81
[rosout][INFO] 2025-04-11 14:07:47,750: Back Left Min: 0.97, Back Right Min: 1.80
[rosout][INFO] 2025-04-11 14:07:47,847: Back Left Min: 0.99, Back Right Min: 1.80
[rosout][INFO] 2025-04-11 14:07:47,950: Back Left Min: 0.99, Back Right Min: 0.72
[rosout][INFO] 2025-04-11 14:07:48,047: Back Left Min: 1.05, Back Right Min: 0.72
[rosout][INFO] 2025-04-11 14:07:48,150: Back Left Min: 1.05, Back Right Min: 0.72
[rosout][INFO] 2025-04-11 14:07:48,247: Back Left Min: 1.05, Back Right Min: 0.72
[rosout][INFO] 2025-04-11 14:07:48,351: Back Left Min: 1.09, Back Right Min: 0.72
[rosout][INFO] 2025-04-11 14:07:48,447: Back Left Min: 1.09, Back Right Min: 0.72
[rosout][INFO] 2025-04-11 14:07:48,551: Back Left Min: 1.09, Back Right Min: 0.77
[rosout][INFO] 2025-04-11 14:07:48,647: Back Left Min: 1.06, Back Right Min: 0.77
[rosout][INFO] 2025-04-11 14:07:48,751: Back Left Min: 1.06, Back Right Min: 1.80
[rosout][INFO] 2025-04-11 14:07:48,848: Back Left Min: 1.06, Back Right Min: 0.71
[rosout][INFO] 2025-04-11 14:07:48,951: Back Left Min: 1.05, Back Right Min: 0.71
[rosout][INFO] 2025-04-11 14:07:49,048: Back Left Min: 1.05, Back Right Min: 0.71
[rosout][INFO] 2025-04-11 14:07:49,151: Back Left Min: 1.06, Back Right Min: 1.80
[rosout][INFO] 2025-04-11 14:07:49,248: Back Left Min: 1.06, Back Right Min: 1.80
[rosout][INFO] 2025-04-11 14:07:49,351: Back Left Min: 1.06, Back Right Min: 0.73
[rosout][INFO] 2025-04-11 14:07:49,448: Back Left Min: 1.06, Back Right Min: 0.73
[rosout][INFO] 2025-04-11 14:07:49,551: Back Left Min: 1.06, Back Right Min: 0.73
[rosout][INFO] 2025-04-11 14:07:49,648: Back Left Min: 1.06, Back Right Min: 0.77
[rosout][INFO] 2025-04-11 14:07:49,751: Back Left Min: 1.06, Back Right Min: 0.77
[rosout][INFO] 2025-04-11 14:07:49,848: Back Left Min: 1.06, Back Right Min: 0.77
[rosout][INFO] 2025-04-11 14:07:49,951: Back Left Min: 1.06, Back Right Min: 0.75
[rosout][INFO] 2025-04-11 14:07:50,048: Back Left Min: 1.03, Back Right Min: 0.75
[rosout][INFO] 2025-04-11 14:07:50,151: Back Left Min: 1.03, Back Right Min: 0.72
[rosout][INFO] 2025-04-11 14:07:50,248: Back Left Min: 1.03, Back Right Min: 0.72
[rosout][INFO] 2025-04-11 14:07:50,351: Back Left Min: 0.98, Back Right Min: 0.72
[rosout][INFO] 2025-04-11 14:07:50,448: Back Left Min: 0.98, Back Right Min: 1.79
[rosout][INFO] 2025-04-11 14:07:50,551: Back Left Min: 1.12, Back Right Min: 1.81
[rosout][INFO] 2025-04-11 14:07:50,648: Back Left Min: 0.93, Back Right Min: 1.81
[rosout][INFO] 2025-04-11 14:07:50,751: Back Left Min: 0.93, Back Right Min: 0.75
[rosout][INFO] 2025-04-11 14:07:50,848: Back Left Min: 0.93, Back Right Min: 0.75
[rosout][INFO] 2025-04-11 14:07:50,952: Back Left Min: 0.89, Back Right Min: 0.75
[rosout][INFO] 2025-04-11 14:07:51,049: Back Left Min: 0.89, Back Right Min: 1.78
[rosout][INFO] 2025-04-11 14:07:51,152: Back Left Min: 0.91, Back Right Min: 1.77
[rosout][INFO] 2025-04-11 14:07:51,249: Back Left Min: 0.91, Back Right Min: 1.77
[rosout][INFO] 2025-04-11 14:07:51,352: Back Left Min: 0.91, Back Right Min: 0.72
[rosout][INFO] 2025-04-11 14:07:51,449: Back Left Min: 0.91, Back Right Min: 0.72
[rosout][INFO] 2025-04-11 14:07:51,552: Back Left Min: 0.91, Back Right Min: 1.77
[rosout][INFO] 2025-04-11 14:07:51,649: Back Left Min: 0.91, Back Right Min: 1.77
[rosout][INFO] 2025-04-11 14:07:51,752: Back Left Min: 0.91, Back Right Min: 1.77
[rosout][INFO] 2025-04-11 14:07:51,849: Back Left Min: 0.91, Back Right Min: 1.77
[rosout][INFO] 2025-04-11 14:07:51,952: Back Left Min: 0.91, Back Right Min: 1.77
[rosout][INFO] 2025-04-11 14:07:52,049: Back Left Min: 0.91, Back Right Min: 1.77
[rosout][INFO] 2025-04-11 14:07:52,152: Back Left Min: 0.91, Back Right Min: 0.75
[rosout][INFO] 2025-04-11 14:07:52,249: Back Left Min: 0.91, Back Right Min: 0.75
[rosout][INFO] 2025-04-11 14:07:52,352: Back Left Min: 0.90, Back Right Min: 0.75
[rosout][INFO] 2025-04-11 14:07:52,449: Back Left Min: 0.90, Back Right Min: 1.78
[rosout][INFO] 2025-04-11 14:07:52,552: Back Left Min: 0.89, Back Right Min: 1.78
[rosout][INFO] 2025-04-11 14:07:52,649: Back Left Min: 0.89, Back Right Min: 1.78
[rosout][INFO] 2025-04-11 14:07:52,752: Back Left Min: 0.89, Back Right Min: 0.73
[rosout][INFO] 2025-04-11 14:07:52,849: Back Left Min: 0.88, Back Right Min: 0.73
[rosout][INFO] 2025-04-11 14:07:52,952: Back Left Min: 0.88, Back Right Min: 0.73
[rosout][INFO] 2025-04-11 14:07:53,049: Back Left Min: 0.88, Back Right Min: 1.79
[rosout][INFO] 2025-04-11 14:07:53,153: Back Left Min: 0.88, Back Right Min: 1.67
[rosout][INFO] 2025-04-11 14:07:53,249: Back Left Min: 0.88, Back Right Min: 0.76
[rosout][INFO] 2025-04-11 14:07:53,353: Back Left Min: 0.88, Back Right Min: 0.76
[rosout][INFO] 2025-04-11 14:07:53,449: Back Left Min: 0.89, Back Right Min: 0.76
[rosout][INFO] 2025-04-11 14:07:53,553: Back Left Min: 0.88, Back Right Min: 1.73
[rosout][INFO] 2025-04-11 14:07:53,650: Back Left Min: 0.88, Back Right Min: 1.73
[rosout][INFO] 2025-04-11 14:07:53,753: Back Left Min: 1.02, Back Right Min: 1.67
[rosout][INFO] 2025-04-11 14:07:53,850: Back Left Min: 1.02, Back Right Min: 1.67
[rosout][INFO] 2025-04-11 14:07:53,953: Back Left Min: 1.02, Back Right Min: 1.68
[rosout][INFO] 2025-04-11 14:07:54,050: Back Left Min: 1.02, Back Right Min: 1.68
[rosout][INFO] 2025-04-11 14:07:54,153: Back Left Min: 1.08, Back Right Min: 0.74
[rosout][INFO] 2025-04-11 14:07:54,250: Back Left Min: 1.08, Back Right Min: 0.74
[rosout][INFO] 2025-04-11 14:07:54,353: Back Left Min: 0.88, Back Right Min: 1.68
[rosout][INFO] 2025-04-11 14:07:54,450: Back Left Min: 0.88, Back Right Min: 1.68
[rosout][INFO] 2025-04-11 14:07:54,553: Back Left Min: 0.88, Back Right Min: 1.77
[rosout][INFO] 2025-04-11 14:07:54,650: Back Left Min: 0.88, Back Right Min: 1.77
[rosout][INFO] 2025-04-11 14:07:54,753: Back Left Min: 0.88, Back Right Min: 0.77
[rosout][INFO] 2025-04-11 14:07:54,850: Back Left Min: 0.88, Back Right Min: 0.77
[rosout][INFO] 2025-04-11 14:07:54,953: Back Left Min: 0.88, Back Right Min: 1.69
[rosout][INFO] 2025-04-11 14:07:55,050: Back Left Min: 0.88, Back Right Min: 1.76
[rosout][INFO] 2025-04-11 14:07:55,153: Back Left Min: 0.88, Back Right Min: 1.76
[rosout][INFO] 2025-04-11 14:07:55,250: Back Left Min: 0.88, Back Right Min: 1.76
[rosout][INFO] 2025-04-11 14:07:55,353: Back Left Min: 0.89, Back Right Min: 1.70
[rosout][INFO] 2025-04-11 14:07:55,450: Back Left Min: 0.89, Back Right Min: 1.70
[rosout][INFO] 2025-04-11 14:07:55,553: Back Left Min: 0.89, Back Right Min: 1.69
[rosout][INFO] 2025-04-11 14:07:55,650: Back Left Min: 0.92, Back Right Min: 1.69
[rosout][INFO] 2025-04-11 14:07:55,754: Back Left Min: 0.92, Back Right Min: 1.69
[rosout][INFO] 2025-04-11 14:07:55,850: Back Left Min: 0.90, Back Right Min: 0.76
[rosout][INFO] 2025-04-11 14:07:55,954: Back Left Min: 0.90, Back Right Min: 0.76
[rosout][INFO] 2025-04-11 14:07:56,051: Back Left Min: 0.90, Back Right Min: 0.76
[rosout][INFO] 2025-04-11 14:07:56,154: Back Left Min: 0.93, Back Right Min: 0.93
[rosout][INFO] 2025-04-11 14:07:56,251: Back Left Min: 0.93, Back Right Min: 0.93
[rosout][INFO] 2025-04-11 14:07:56,354: Back Left Min: 0.93, Back Right Min: 0.93
[rosout][INFO] 2025-04-11 14:07:56,451: Back Left Min: 0.93, Back Right Min: 0.93
[rosout][INFO] 2025-04-11 14:07:56,554: Back Left Min: 0.93, Back Right Min: 0.93
[rosout][INFO] 2025-04-11 14:07:56,651: Back Left Min: 0.93, Back Right Min: 0.94
[rosout][INFO] 2025-04-11 14:07:56,754: Back Left Min: 0.91, Back Right Min: 0.94
[rosout][INFO] 2025-04-11 14:07:56,851: Back Left Min: 0.91, Back Right Min: 0.94
[rosout][INFO] 2025-04-11 14:07:56,954: Back Left Min: 0.92, Back Right Min: 0.73
[rosout][INFO] 2025-04-11 14:07:57,051: Back Left Min: 0.92, Back Right Min: 0.73
[rosout][INFO] 2025-04-11 14:07:57,154: Back Left Min: 0.92, Back Right Min: 0.73
[rosout][INFO] 2025-04-11 14:07:57,251: Back Left Min: 0.96, Back Right Min: 0.76
[rosout][INFO] 2025-04-11 14:07:57,354: Back Left Min: 0.95, Back Right Min: 0.76
[rosout][INFO] 2025-04-11 14:07:57,451: Back Left Min: 0.95, Back Right Min: 0.71
[rosout][INFO] 2025-04-11 14:07:57,554: Back Left Min: 0.91, Back Right Min: 0.71
[rosout][INFO] 2025-04-11 14:07:57,651: Back Left Min: 0.91, Back Right Min: 0.71
[rosout][INFO] 2025-04-11 14:07:57,754: Back Left Min: 0.91, Back Right Min: 1.68
[rosout][INFO] 2025-04-11 14:07:57,851: Back Left Min: 0.91, Back Right Min: 1.68
[rosout][INFO] 2025-04-11 14:07:57,954: Back Left Min: 0.91, Back Right Min: 1.68
[rosout][INFO] 2025-04-11 14:07:58,051: Back Left Min: 0.91, Back Right Min: 1.68
[rosout][INFO] 2025-04-11 14:07:58,154: Back Left Min: 0.91, Back Right Min: 1.68
[rosout][INFO] 2025-04-11 14:07:58,251: Back Left Min: 0.91, Back Right Min: 1.68
[rosout][INFO] 2025-04-11 14:07:58,355: Back Left Min: 0.91, Back Right Min: 1.67
[rosout][INFO] 2025-04-11 14:07:58,451: Back Left Min: 0.91, Back Right Min: 1.67
[rosout][INFO] 2025-04-11 14:07:58,555: Back Left Min: 0.91, Back Right Min: 1.67
[rosout][INFO] 2025-04-11 14:07:58,652: Back Left Min: 0.91, Back Right Min: 0.73
[rosout][INFO] 2025-04-11 14:07:58,755: Back Left Min: 0.91, Back Right Min: 0.73
[rosout][INFO] 2025-04-11 14:07:58,852: Back Left Min: 0.91, Back Right Min: 0.73
[rosout][INFO] 2025-04-11 14:07:58,955: Back Left Min: 0.95, Back Right Min: 1.75
[rosout][INFO] 2025-04-11 14:07:59,052: Back Left Min: 0.95, Back Right Min: 1.75
[rosout][INFO] 2025-04-11 14:07:59,155: Back Left Min: 0.95, Back Right Min: 0.71
[rosout][INFO] 2025-04-11 14:07:59,252: Back Left Min: 1.01, Back Right Min: 0.71
[rosout][INFO] 2025-04-11 14:07:59,355: Back Left Min: 1.01, Back Right Min: 0.71
[rosout][INFO] 2025-04-11 14:07:59,452: Back Left Min: 1.06, Back Right Min: 0.93
[rosout][INFO] 2025-04-11 14:07:59,555: Back Left Min: 1.06, Back Right Min: 0.93
[rosout][INFO] 2025-04-11 14:07:59,652: Back Left Min: 1.06, Back Right Min: 0.93
[rosout][INFO] 2025-04-11 14:07:59,755: Back Left Min: 1.06, Back Right Min: 0.93
[rosout][INFO] 2025-04-11 14:07:59,852: Back Left Min: 1.06, Back Right Min: 0.93
[rosout][INFO] 2025-04-11 14:07:59,955: Back Left Min: 1.06, Back Right Min: 0.73
[rosout][INFO] 2025-04-11 14:08:00,052: Back Left Min: 1.00, Back Right Min: 0.73
[rosout][INFO] 2025-04-11 14:08:00,155: Back Left Min: 1.00, Back Right Min: 0.73
[rosout][INFO] 2025-04-11 14:08:00,252: Back Left Min: 1.00, Back Right Min: 0.93
[rosout][INFO] 2025-04-11 14:08:00,356: Back Left Min: 1.00, Back Right Min: 0.77
[rosout][INFO] 2025-04-11 14:08:00,452: Back Left Min: 1.00, Back Right Min: 0.77
[rosout][INFO] 2025-04-11 14:08:00,556: Back Left Min: 1.00, Back Right Min: 0.73
[rosout][INFO] 2025-04-11 14:08:00,652: Back Left Min: 1.00, Back Right Min: 0.73
[rosout][INFO] 2025-04-11 14:08:00,756: Back Left Min: 1.00, Back Right Min: 0.73
[rosout][INFO] 2025-04-11 14:08:00,853: Back Left Min: 1.01, Back Right Min: 0.92
[rosout][INFO] 2025-04-11 14:08:00,956: Back Left Min: 1.01, Back Right Min: 0.92
[rosout][INFO] 2025-04-11 14:08:01,053: Back Left Min: 1.01, Back Right Min: 0.92
[rosout][INFO] 2025-04-11 14:08:01,156: Back Left Min: 0.99, Back Right Min: 0.78
[rosout][INFO] 2025-04-11 14:08:01,253: Back Left Min: 0.99, Back Right Min: 0.78
[rosout][INFO] 2025-04-11 14:08:01,356: Back Left Min: 0.99, Back Right Min: 0.92
[rosout][INFO] 2025-04-11 14:08:01,453: Back Left Min: 0.94, Back Right Min: 1.61
[rosout][INFO] 2025-04-11 14:08:01,556: Back Left Min: 0.94, Back Right Min: 1.61
[rosout][INFO] 2025-04-11 14:08:01,653: Back Left Min: 0.94, Back Right Min: 1.61
[rosout][INFO] 2025-04-11 14:08:01,756: Back Left Min: 0.95, Back Right Min: 1.64
[rosout][INFO] 2025-04-11 14:08:01,853: Back Left Min: 0.95, Back Right Min: 1.64
[rosout][INFO] 2025-04-11 14:08:01,956: Back Left Min: 0.95, Back Right Min: 1.64
[rosout][INFO] 2025-04-11 14:08:02,053: Back Left Min: 0.95, Back Right Min: 1.82
[rosout][INFO] 2025-04-11 14:08:02,156: Back Left Min: 0.95, Back Right Min: 1.82
[rosout][INFO] 2025-04-11 14:08:02,253: Back Left Min: 0.95, Back Right Min: 0.72
[rosout][INFO] 2025-04-11 14:08:02,356: Back Left Min: 0.94, Back Right Min: 0.72
[rosout][INFO] 2025-04-11 14:08:02,453: Back Left Min: 0.94, Back Right Min: 0.72
[rosout][INFO] 2025-04-11 14:08:02,556: Back Left Min: 0.94, Back Right Min: 1.83
[rosout][INFO] 2025-04-11 14:08:02,653: Back Left Min: 0.95, Back Right Min: 1.80
[rosout][INFO] 2025-04-11 14:08:02,757: Back Left Min: 0.95, Back Right Min: 1.80
[rosout][INFO] 2025-04-11 14:08:02,853: Back Left Min: 0.95, Back Right Min: 1.80
[rosout][INFO] 2025-04-11 14:08:02,957: Back Left Min: 0.96, Back Right Min: 1.73
[rosout][INFO] 2025-04-11 14:08:03,053: Back Left Min: 0.96, Back Right Min: 0.89
[rosout][INFO] 2025-04-11 14:08:03,157: Back Left Min: 0.96, Back Right Min: 0.89
[rosout][INFO] 2025-04-11 14:08:03,253: Back Left Min: 1.14, Back Right Min: 0.89
[rosout][INFO] 2025-04-11 14:08:03,357: Back Left Min: 0.97, Back Right Min: 1.80
[rosout][INFO] 2025-04-11 14:08:03,454: Back Left Min: 0.97, Back Right Min: 1.80
[rosout][INFO] 2025-04-11 14:08:03,557: Back Left Min: 0.97, Back Right Min: 1.75
[rosout][INFO] 2025-04-11 14:08:03,654: Back Left Min: 0.97, Back Right Min: 1.75
[rosout][INFO] 2025-04-11 14:08:03,757: Back Left Min: 0.97, Back Right Min: 1.75
[rosout][INFO] 2025-04-11 14:08:03,854: Back Left Min: 0.96, Back Right Min: 1.75
[rosout][INFO] 2025-04-11 14:08:03,957: Back Left Min: 0.96, Back Right Min: 0.71
[rosout][INFO] 2025-04-11 14:08:04,054: Back Left Min: 0.96, Back Right Min: 0.71
[rosout][INFO] 2025-04-11 14:08:04,157: Back Left Min: 1.16, Back Right Min: 0.71
[rosout][INFO] 2025-04-11 14:08:04,254: Back Left Min: 1.16, Back Right Min: 0.79
[rosout][INFO] 2025-04-11 14:08:04,357: Back Left Min: 1.16, Back Right Min: 0.79
[rosout][INFO] 2025-04-11 14:08:04,454: Back Left Min: 0.99, Back Right Min: 0.73
[rosout][INFO] 2025-04-11 14:08:04,557: Back Left Min: 0.99, Back Right Min: 0.73
[rosout][INFO] 2025-04-11 14:08:04,654: Back Left Min: 0.99, Back Right Min: 0.73
[rosout][INFO] 2025-04-11 14:08:04,757: Back Left Min: 0.98, Back Right Min: 0.72
[rosout][INFO] 2025-04-11 14:08:04,854: Back Left Min: 0.98, Back Right Min: 0.72
[rosout][INFO] 2025-04-11 14:08:04,957: Back Left Min: 0.98, Back Right Min: 0.72
[rosout][INFO] 2025-04-11 14:08:05,054: Back Left Min: 0.99, Back Right Min: 1.75
[rosout][INFO] 2025-04-11 14:08:05,158: Back Left Min: 0.99, Back Right Min: 1.75
[rosout][INFO] 2025-04-11 14:08:05,254: Back Left Min: 0.99, Back Right Min: 1.75
[rosout][INFO] 2025-04-11 14:08:05,358: Back Left Min: 0.98, Back Right Min: 1.75
[rosout][INFO] 2025-04-11 14:08:05,455: Back Left Min: 0.98, Back Right Min: 1.75
[rosout][INFO] 2025-04-11 14:08:05,558: Back Left Min: 1.01, Back Right Min: 1.72
[rosout][INFO] 2025-04-11 14:08:05,655: Back Left Min: 1.01, Back Right Min: 1.55
[rosout][INFO] 2025-04-11 14:08:05,758: Back Left Min: 1.01, Back Right Min: 1.55
[rosout][INFO] 2025-04-11 14:08:05,855: Back Left Min: 1.68, Back Right Min: 1.55
[rosout][INFO] 2025-04-11 14:08:05,958: Back Left Min: 1.68, Back Right Min: 0.70
[rosout][INFO] 2025-04-11 14:08:06,055: Back Left Min: 1.68, Back Right Min: 0.70
[rosout][INFO] 2025-04-11 14:08:06,158: Back Left Min: 0.98, Back Right Min: 1.48
[rosout][INFO] 2025-04-11 14:08:06,255: Back Left Min: 0.98, Back Right Min: 1.76
[rosout][INFO] 2025-04-11 14:08:06,358: Back Left Min: 0.98, Back Right Min: 1.76
[rosout][INFO] 2025-04-11 14:08:06,455: Back Left Min: 0.97, Back Right Min: 1.74
[rosout][INFO] 2025-04-11 14:08:06,558: Back Left Min: 0.97, Back Right Min: 1.74
[rosout][INFO] 2025-04-11 14:08:06,655: Back Left Min: 0.97, Back Right Min: 1.74
[rosout][INFO] 2025-04-11 14:08:06,758: Back Left Min: 0.99, Back Right Min: 0.74
[rosout][INFO] 2025-04-11 14:08:06,855: Back Left Min: 0.99, Back Right Min: 0.74
[rosout][INFO] 2025-04-11 14:08:06,958: Back Left Min: 0.99, Back Right Min: 0.74
[rosout][INFO] 2025-04-11 14:08:07,055: Back Left Min: 1.00, Back Right Min: 1.48
[rosout][INFO] 2025-04-11 14:08:07,158: Back Left Min: 1.00, Back Right Min: 1.48
[rosout][INFO] 2025-04-11 14:08:07,255: Back Left Min: 1.00, Back Right Min: 1.48
[rosout][INFO] 2025-04-11 14:08:07,358: Back Left Min: 1.66, Back Right Min: 1.81
[rosout][INFO] 2025-04-11 14:08:07,456: Back Left Min: 1.66, Back Right Min: 1.81
[rosout][INFO] 2025-04-11 14:08:07,558: Back Left Min: 0.97, Back Right Min: 0.81
[rosout][INFO] 2025-04-11 14:08:07,655: Back Left Min: 0.97, Back Right Min: 0.81
[rosout][INFO] 2025-04-11 14:08:07,759: Back Left Min: 0.91, Back Right Min: 0.81
[rosout][INFO] 2025-04-11 14:08:07,856: Back Left Min: 0.91, Back Right Min: 0.71
[rosout][INFO] 2025-04-11 14:08:07,959: Back Left Min: 0.91, Back Right Min: 0.71
[rosout][INFO] 2025-04-11 14:08:08,056: Back Left Min: 0.96, Back Right Min: 0.71
[rosout][INFO] 2025-04-11 14:08:08,159: Back Left Min: 0.96, Back Right Min: 0.74
[rosout][INFO] 2025-04-11 14:08:08,256: Back Left Min: 0.96, Back Right Min: 0.74
[rosout][INFO] 2025-04-11 14:08:08,359: Back Left Min: 0.95, Back Right Min: 0.76
[rosout][INFO] 2025-04-11 14:08:08,456: Back Left Min: 0.95, Back Right Min: 0.76
[rosout][INFO] 2025-04-11 14:08:08,559: Back Left Min: 0.96, Back Right Min: 0.76
[rosout][INFO] 2025-04-11 14:08:08,656: Back Left Min: 0.96, Back Right Min: 1.74
[rosout][INFO] 2025-04-11 14:08:08,759: Back Left Min: 0.96, Back Right Min: 1.76
[rosout][INFO] 2025-04-11 14:08:08,856: Back Left Min: 0.97, Back Right Min: 1.76
[rosout][INFO] 2025-04-11 14:08:08,959: Back Left Min: 0.97, Back Right Min: 1.76
[rosout][INFO] 2025-04-11 14:08:09,056: Back Left Min: 0.95, Back Right Min: 1.83
[rosout][INFO] 2025-04-11 14:08:09,159: Back Left Min: 0.95, Back Right Min: 1.83
[rosout][INFO] 2025-04-11 14:08:09,256: Back Left Min: 0.95, Back Right Min: 0.74
[rosout][INFO] 2025-04-11 14:08:09,359: Back Left Min: 0.89, Back Right Min: 0.74
[rosout][INFO] 2025-04-11 14:08:09,456: Back Left Min: 0.89, Back Right Min: 0.74
[rosout][INFO] 2025-04-11 14:08:09,559: Back Left Min: 0.89, Back Right Min: 1.70
[rosout][INFO] 2025-04-11 14:08:09,656: Back Left Min: 0.84, Back Right Min: 1.70
[rosout][INFO] 2025-04-11 14:08:09,759: Back Left Min: 0.84, Back Right Min: 1.70
[rosout][INFO] 2025-04-11 14:08:09,856: Back Left Min: 0.84, Back Right Min: 1.70
[rosout][INFO] 2025-04-11 14:08:09,959: Back Left Min: 0.82, Back Right Min: 1.70
[rosout][INFO] 2025-04-11 14:08:10,056: Back Left Min: 0.82, Back Right Min: 1.70
[rosout][INFO] 2025-04-11 14:08:10,159: Back Left Min: 0.79, Back Right Min: 1.70
[rosout][INFO] 2025-04-11 14:08:10,256: Back Left Min: 0.79, Back Right Min: 1.70
[rosout][INFO] 2025-04-11 14:08:10,360: Back Left Min: 0.79, Back Right Min: 1.70
[rosout][INFO] 2025-04-11 14:08:10,457: Back Left Min: 0.81, Back Right Min: 1.68
[rosout][INFO] 2025-04-11 14:08:10,560: Back Left Min: 0.81, Back Right Min: 1.68
[rosout][INFO] 2025-04-11 14:08:10,657: Back Left Min: 0.81, Back Right Min: 1.64
[rosout][INFO] 2025-04-11 14:08:10,760: Back Left Min: 0.78, Back Right Min: 1.64
[rosout][INFO] 2025-04-11 14:08:10,857: Back Left Min: 0.78, Back Right Min: 1.64
[rosout][INFO] 2025-04-11 14:08:10,960: Back Left Min: 0.97, Back Right Min: 0.75
[rosout][INFO] 2025-04-11 14:08:11,057: Back Left Min: 0.97, Back Right Min: 0.75
[rosout][INFO] 2025-04-11 14:08:11,160: Back Left Min: 0.97, Back Right Min: 0.75
[rosout][INFO] 2025-04-11 14:08:11,257: Back Left Min: 0.97, Back Right Min: 0.74
[rosout][INFO] 2025-04-11 14:08:11,360: Back Left Min: 0.97, Back Right Min: 0.74
[rosout][INFO] 2025-04-11 14:08:11,457: Back Left Min: 0.97, Back Right Min: 0.74
[rosout][INFO] 2025-04-11 14:08:11,560: Back Left Min: 0.73, Back Right Min: 0.75
[rosout][INFO] 2025-04-11 14:08:11,657: Back Left Min: 0.73, Back Right Min: 0.75
[rosout][INFO] 2025-04-11 14:08:11,760: Back Left Min: 0.73, Back Right Min: 1.79
[rosout][INFO] 2025-04-11 14:08:11,857: Back Left Min: 0.77, Back Right Min: 1.68
[rosout][INFO] 2025-04-11 14:08:11,960: Back Left Min: 0.77, Back Right Min: 1.68
[rosout][INFO] 2025-04-11 14:08:12,057: Back Left Min: 0.77, Back Right Min: 1.68
[rosout][INFO] 2025-04-11 14:08:12,160: Back Left Min: 0.77, Back Right Min: 1.83
[rosout][INFO] 2025-04-11 14:08:12,257: Back Left Min: 0.77, Back Right Min: 1.83
[rosout][INFO] 2025-04-11 14:08:12,360: Back Left Min: 0.77, Back Right Min: 0.73
[rosout][INFO] 2025-04-11 14:08:12,457: Back Left Min: 0.95, Back Right Min: 0.73
[rosout][INFO] 2025-04-11 14:08:12,561: Back Left Min: 0.96, Back Right Min: 1.83
[rosout][INFO] 2025-04-11 14:08:12,657: Back Left Min: 0.96, Back Right Min: 1.83
[rosout][INFO] 2025-04-11 14:08:12,761: Back Left Min: 0.96, Back Right Min: 1.83
[rosout][INFO] 2025-04-11 14:08:12,857: Back Left Min: 0.96, Back Right Min: 1.83
[rosout][INFO] 2025-04-11 14:08:12,961: Back Left Min: 0.76, Back Right Min: 0.75
[rosout][INFO] 2025-04-11 14:08:13,058: Back Left Min: 0.76, Back Right Min: 0.75
[rosout][INFO] 2025-04-11 14:08:13,161: Back Left Min: 0.76, Back Right Min: 0.74
[rosout][INFO] 2025-04-11 14:08:13,258: Back Left Min: 0.90, Back Right Min: 0.74
[rosout][INFO] 2025-04-11 14:08:13,361: Back Left Min: 0.97, Back Right Min: 0.74
[rosout][INFO] 2025-04-11 14:08:13,458: Back Left Min: 0.97, Back Right Min: 1.64
[rosout][INFO] 2025-04-11 14:08:13,561: Back Left Min: 0.76, Back Right Min: 1.64
[rosout][INFO] 2025-04-11 14:08:13,658: Back Left Min: 0.76, Back Right Min: 1.64
[rosout][INFO] 2025-04-11 14:08:13,761: Back Left Min: 0.96, Back Right Min: 0.74
[rosout][INFO] 2025-04-11 14:08:13,858: Back Left Min: 0.96, Back Right Min: 0.74
[rosout][INFO] 2025-04-11 14:08:13,961: Back Left Min: 0.96, Back Right Min: 0.74
[rosout][INFO] 2025-04-11 14:08:14,058: Back Left Min: 0.97, Back Right Min: 0.75
[rosout][INFO] 2025-04-11 14:08:14,161: Back Left Min: 0.97, Back Right Min: 0.75
[rosout][INFO] 2025-04-11 14:08:14,258: Back Left Min: 0.97, Back Right Min: 0.75
[rosout][INFO] 2025-04-11 14:08:14,362: Back Left Min: 0.97, Back Right Min: 0.75
[rosout][INFO] 2025-04-11 14:08:14,458: Back Left Min: 0.97, Back Right Min: 0.75
[rosout][INFO] 2025-04-11 14:08:14,561: Back Left Min: 0.97, Back Right Min: 1.64
[rosout][INFO] 2025-04-11 14:08:14,658: Back Left Min: 0.74, Back Right Min: 1.64
[rosout][INFO] 2025-04-11 14:08:14,762: Back Left Min: 0.74, Back Right Min: 1.64
[rosout][INFO] 2025-04-11 14:08:14,858: Back Left Min: 0.74, Back Right Min: 0.76
[rosout][INFO] 2025-04-11 14:08:14,961: Back Left Min: 0.75, Back Right Min: 0.76
[rosout][INFO] 2025-04-11 14:08:15,058: Back Left Min: 0.75, Back Right Min: 0.76
[rosout][INFO] 2025-04-11 14:08:15,162: Back Left Min: 0.75, Back Right Min: 1.70
[rosout][INFO] 2025-04-11 14:08:15,258: Back Left Min: 0.75, Back Right Min: 1.70
[rosout][INFO] 2025-04-11 14:08:15,362: Back Left Min: 0.75, Back Right Min: 0.76
[rosout][INFO] 2025-04-11 14:08:15,459: Back Left Min: 0.75, Back Right Min: 0.76
[rosout][INFO] 2025-04-11 14:08:15,562: Back Left Min: 0.75, Back Right Min: 0.76
[rosout][INFO] 2025-04-11 14:08:15,659: Back Left Min: 0.75, Back Right Min: 1.70
[rosout][INFO] 2025-04-11 14:08:15,762: Back Left Min: 0.76, Back Right Min: 0.76
[rosout][INFO] 2025-04-11 14:08:15,859: Back Left Min: 0.76, Back Right Min: 0.76
[rosout][INFO] 2025-04-11 14:08:15,962: Back Left Min: 0.76, Back Right Min: 0.69
[rosout][INFO] 2025-04-11 14:08:16,059: Back Left Min: 0.76, Back Right Min: 0.69
[rosout][INFO] 2025-04-11 14:08:16,162: Back Left Min: 0.76, Back Right Min: 0.69
[rosout][INFO] 2025-04-11 14:08:16,259: Back Left Min: 0.76, Back Right Min: 0.69
[rosout][INFO] 2025-04-11 14:08:16,362: Back Left Min: 0.75, Back Right Min: 0.69
[rosout][INFO] 2025-04-11 14:08:16,459: Back Left Min: 0.75, Back Right Min: 1.65
[rosout][INFO] 2025-04-11 14:08:16,562: Back Left Min: 0.95, Back Right Min: 0.76
[rosout][INFO] 2025-04-11 14:08:16,659: Back Left Min: 0.97, Back Right Min: 0.76
[rosout][INFO] 2025-04-11 14:08:16,762: Back Left Min: 0.97, Back Right Min: 0.76
[rosout][INFO] 2025-04-11 14:08:16,859: Back Left Min: 0.97, Back Right Min: 0.72
[rosout][INFO] 2025-04-11 14:08:16,962: Back Left Min: 0.97, Back Right Min: 0.72
[rosout][INFO] 2025-04-11 14:08:17,059: Back Left Min: 0.97, Back Right Min: 0.72
[rosout][INFO] 2025-04-11 14:08:17,162: Back Left Min: 0.97, Back Right Min: 0.75
[rosout][INFO] 2025-04-11 14:08:17,260: Back Left Min: 0.97, Back Right Min: 0.75
[rosout][INFO] 2025-04-11 14:08:17,362: Back Left Min: 0.97, Back Right Min: 0.76
[rosout][INFO] 2025-04-11 14:08:17,459: Back Left Min: 0.79, Back Right Min: 0.76
[rosout][INFO] 2025-04-11 14:08:17,563: Back Left Min: 0.79, Back Right Min: 0.76
[rosout][INFO] 2025-04-11 14:08:17,659: Back Left Min: 0.79, Back Right Min: 1.78
[rosout][INFO] 2025-04-11 14:08:17,763: Back Left Min: 0.79, Back Right Min: 1.67
[rosout][INFO] 2025-04-11 14:08:17,859: Back Left Min: 0.79, Back Right Min: 1.67
[rosout][INFO] 2025-04-11 14:08:17,963: Back Left Min: 0.96, Back Right Min: 1.67
[rosout][INFO] 2025-04-11 14:08:18,060: Back Left Min: 0.78, Back Right Min: 1.67
[rosout][INFO] 2025-04-11 14:08:18,163: Back Left Min: 0.78, Back Right Min: 1.67
[rosout][INFO] 2025-04-11 14:08:18,260: Back Left Min: 0.78, Back Right Min: 1.67
[rosout][INFO] 2025-04-11 14:08:18,363: Back Left Min: 0.78, Back Right Min: 1.67
[rosout][INFO] 2025-04-11 14:08:18,460: Back Left Min: 0.78, Back Right Min: 1.67
[rosout][INFO] 2025-04-11 14:08:18,563: Back Left Min: 0.78, Back Right Min: 0.77
[rosout][INFO] 2025-04-11 14:08:18,660: Back Left Min: 0.78, Back Right Min: 0.77
[rosout][INFO] 2025-04-11 14:08:18,763: Back Left Min: 0.78, Back Right Min: 0.72
[rosout][INFO] 2025-04-11 14:08:18,860: Back Left Min: 0.78, Back Right Min: 0.72
[rosout][INFO] 2025-04-11 14:08:18,963: Back Left Min: 0.78, Back Right Min: 0.72
[rosout][INFO] 2025-04-11 14:08:19,060: Back Left Min: 0.78, Back Right Min: 1.67
[rosout][INFO] 2025-04-11 14:08:19,163: Back Left Min: 0.78, Back Right Min: 1.67
[rosout][INFO] 2025-04-11 14:08:19,260: Back Left Min: 0.78, Back Right Min: 1.67
[rosout][INFO] 2025-04-11 14:08:19,363: Back Left Min: 0.78, Back Right Min: 0.74
[rosout][INFO] 2025-04-11 14:08:19,460: Back Left Min: 0.78, Back Right Min: 0.74
[rosout][INFO] 2025-04-11 14:08:19,563: Back Left Min: 0.78, Back Right Min: 1.68
[rosout][INFO] 2025-04-11 14:08:19,660: Back Left Min: 0.78, Back Right Min: 1.71
[rosout][INFO] 2025-04-11 14:08:19,763: Back Left Min: 0.82, Back Right Min: 1.71
[rosout][INFO] 2025-04-11 14:08:19,860: Back Left Min: 0.82, Back Right Min: 0.75
[rosout][INFO] 2025-04-11 14:08:19,964: Back Left Min: 0.86, Back Right Min: 0.75
[rosout][INFO] 2025-04-11 14:08:20,060: Back Left Min: 0.86, Back Right Min: 0.75
[rosout][INFO] 2025-04-11 14:08:20,164: Back Left Min: 0.86, Back Right Min: 0.73
[rosout][INFO] 2025-04-11 14:08:20,260: Back Left Min: 0.92, Back Right Min: 0.73
[rosout][INFO] 2025-04-11 14:08:20,364: Back Left Min: 0.92, Back Right Min: 1.94
[rosout][INFO] 2025-04-11 14:08:20,460: Back Left Min: 0.92, Back Right Min: 0.76
[rosout][INFO] 2025-04-11 14:08:20,564: Back Left Min: 0.92, Back Right Min: 0.76
[rosout][INFO] 2025-04-11 14:08:20,661: Back Left Min: 0.92, Back Right Min: 0.76
[rosout][INFO] 2025-04-11 14:08:20,764: Back Left Min: 0.92, Back Right Min: 1.94
[rosout][INFO] 2025-04-11 14:08:20,861: Back Left Min: 0.92, Back Right Min: 1.94
[rosout][INFO] 2025-04-11 14:08:20,964: Back Left Min: 0.92, Back Right Min: 0.67
[rosout][INFO] 2025-04-11 14:08:21,061: Back Left Min: 0.91, Back Right Min: 0.67
[rosout][INFO] 2025-04-11 14:08:21,164: Back Left Min: 0.91, Back Right Min: 0.67
[rosout][INFO] 2025-04-11 14:08:21,261: Back Left Min: 0.91, Back Right Min: 0.75
[rosout][INFO] 2025-04-11 14:08:21,364: Back Left Min: 0.91, Back Right Min: 0.75
[rosout][INFO] 2025-04-11 14:08:21,461: Back Left Min: 0.91, Back Right Min: 0.75
[rosout][INFO] 2025-04-11 14:08:21,564: Back Left Min: 0.91, Back Right Min: 0.71
[rosout][INFO] 2025-04-11 14:08:21,661: Back Left Min: 0.91, Back Right Min: 0.71
[rosout][INFO] 2025-04-11 14:08:21,764: Back Left Min: 0.91, Back Right Min: 0.71
[rosout][INFO] 2025-04-11 14:08:21,861: Back Left Min: 0.91, Back Right Min: 1.94
[rosout][INFO] 2025-04-11 14:08:21,964: Back Left Min: 0.91, Back Right Min: 1.94
[rosout][INFO] 2025-04-11 14:08:22,061: Back Left Min: 0.91, Back Right Min: 1.94
[rosout][INFO] 2025-04-11 14:08:22,164: Back Left Min: 0.91, Back Right Min: 1.94
[rosout][INFO] 2025-04-11 14:08:22,261: Back Left Min: 0.91, Back Right Min: 1.94
[rosout][INFO] 2025-04-11 14:08:22,365: Back Left Min: 0.91, Back Right Min: 0.76
[rosout][INFO] 2025-04-11 14:08:22,461: Back Left Min: 0.91, Back Right Min: 0.76
[rosout][INFO] 2025-04-11 14:08:22,565: Back Left Min: 0.91, Back Right Min: 0.76
[rosout][INFO] 2025-04-11 14:08:22,662: Back Left Min: 0.91, Back Right Min: 1.94
[rosout][INFO] 2025-04-11 14:08:22,765: Back Left Min: 0.91, Back Right Min: 1.94
[rosout][INFO] 2025-04-11 14:08:22,862: Back Left Min: 0.91, Back Right Min: 1.94
[rosout][INFO] 2025-04-11 14:08:22,965: Back Left Min: 0.91, Back Right Min: 1.94
[rosout][INFO] 2025-04-11 14:08:23,062: Back Left Min: 0.91, Back Right Min: 1.94
[rosout][INFO] 2025-04-11 14:08:23,165: Back Left Min: 0.91, Back Right Min: 1.94
[rosout][INFO] 2025-04-11 14:08:23,262: Back Left Min: 0.91, Back Right Min: 0.74
[rosout][INFO] 2025-04-11 14:08:23,365: Back Left Min: 0.91, Back Right Min: 0.74
[rosout][INFO] 2025-04-11 14:08:23,462: Back Left Min: 0.91, Back Right Min: 0.74
[rosout][INFO] 2025-04-11 14:08:23,565: Back Left Min: 0.91, Back Right Min: 0.74
[rosout][INFO] 2025-04-11 14:08:23,662: Back Left Min: 0.91, Back Right Min: 0.74
[rosout][INFO] 2025-04-11 14:08:23,765: Back Left Min: 0.91, Back Right Min: 1.94
[rosout][INFO] 2025-04-11 14:08:23,863: Back Left Min: 0.91, Back Right Min: 1.94
[rosout][INFO] 2025-04-11 14:08:23,966: Back Left Min: 0.91, Back Right Min: 1.94
[rosout][INFO] 2025-04-11 14:08:24,062: Back Left Min: 0.91, Back Right Min: 0.76
[rosout][INFO] 2025-04-11 14:08:24,166: Back Left Min: 0.90, Back Right Min: 0.76
[rosout][INFO] 2025-04-11 14:08:24,262: Back Left Min: 0.90, Back Right Min: 0.76
[rosout][INFO] 2025-04-11 14:08:24,365: Back Left Min: 0.90, Back Right Min: 0.75
[rosout][INFO] 2025-04-11 14:08:24,462: Back Left Min: 0.90, Back Right Min: 0.75
[rosout][INFO] 2025-04-11 14:08:24,566: Back Left Min: 0.90, Back Right Min: 0.75
[rosout][INFO] 2025-04-11 14:08:24,662: Back Left Min: 0.90, Back Right Min: 1.94
[rosout][INFO] 2025-04-11 14:08:24,766: Back Left Min: 0.90, Back Right Min: 1.94
[rosout][INFO] 2025-04-11 14:08:24,862: Back Left Min: 0.90, Back Right Min: 1.94
[rosout][INFO] 2025-04-11 14:08:24,966: Back Left Min: 0.90, Back Right Min: 1.94
[rosout][INFO] 2025-04-11 14:08:25,063: Back Left Min: 0.90, Back Right Min: 1.94
[rosout][INFO] 2025-04-11 14:08:25,166: Back Left Min: 0.90, Back Right Min: 0.73
[rosout][INFO] 2025-04-11 14:08:25,263: Back Left Min: 0.91, Back Right Min: 0.73
[rosout][INFO] 2025-04-11 14:08:25,366: Back Left Min: 0.91, Back Right Min: 0.73
[rosout][INFO] 2025-04-11 14:08:25,463: Back Left Min: 0.91, Back Right Min: 1.94
[rosout][INFO] 2025-04-11 14:08:25,566: Back Left Min: 0.91, Back Right Min: 1.94
[rosout][INFO] 2025-04-11 14:08:25,663: Back Left Min: 0.91, Back Right Min: 1.94
[rosout][INFO] 2025-04-11 14:08:25,766: Back Left Min: 0.91, Back Right Min: 1.94
[rosout][INFO] 2025-04-11 14:08:25,863: Back Left Min: 0.80, Back Right Min: 1.94
[rosout][INFO] 2025-04-11 14:08:25,966: Back Left Min: 0.80, Back Right Min: 1.94
[rosout][INFO] 2025-04-11 14:08:26,063: Back Left Min: 0.80, Back Right Min: 0.76
[rosout][INFO] 2025-04-11 14:08:26,166: Back Left Min: 0.90, Back Right Min: 0.76
[rosout][INFO] 2025-04-11 14:08:26,263: Back Left Min: 0.90, Back Right Min: 0.76
[rosout][INFO] 2025-04-11 14:08:26,366: Back Left Min: 0.90, Back Right Min: 0.75
[rosout][INFO] 2025-04-11 14:08:26,463: Back Left Min: 0.90, Back Right Min: 0.75
[rosout][INFO] 2025-04-11 14:08:26,567: Back Left Min: 0.90, Back Right Min: 1.94
[rosout][INFO] 2025-04-11 14:08:26,663: Back Left Min: 0.90, Back Right Min: 1.94
[rosout][INFO] 2025-04-11 14:08:26,766: Back Left Min: 0.90, Back Right Min: 1.94
[rosout][INFO] 2025-04-11 14:08:26,863: Back Left Min: 0.90, Back Right Min: 0.76
[rosout][INFO] 2025-04-11 14:08:26,966: Back Left Min: 0.90, Back Right Min: 0.76
[rosout][INFO] 2025-04-11 14:08:27,063: Back Left Min: 0.90, Back Right Min: 0.76
[rosout][INFO] 2025-04-11 14:08:27,167: Back Left Min: 0.90, Back Right Min: 0.75
[rosout][INFO] 2025-04-11 14:08:27,263: Back Left Min: 0.91, Back Right Min: 0.75
[rosout][INFO] 2025-04-11 14:08:27,367: Back Left Min: 0.91, Back Right Min: 0.75
[rosout][INFO] 2025-04-11 14:08:27,464: Back Left Min: 0.91, Back Right Min: 1.94
[rosout][INFO] 2025-04-11 14:08:27,567: Back Left Min: 0.91, Back Right Min: 1.94
[rosout][INFO] 2025-04-11 14:08:27,663: Back Left Min: 0.91, Back Right Min: 1.94
[rosout][INFO] 2025-04-11 14:08:27,767: Back Left Min: 0.90, Back Right Min: 1.94
[rosout][INFO] 2025-04-11 14:08:27,864: Back Left Min: 0.90, Back Right Min: 1.94
[rosout][INFO] 2025-04-11 14:08:27,967: Back Left Min: 0.90, Back Right Min: 0.75
[rosout][INFO] 2025-04-11 14:08:28,064: Back Left Min: 0.90, Back Right Min: 0.75
[rosout][INFO] 2025-04-11 14:08:28,167: Back Left Min: 0.90, Back Right Min: 0.75
[rosout][INFO] 2025-04-11 14:08:28,264: Back Left Min: 0.90, Back Right Min: 1.95
[rosout][INFO] 2025-04-11 14:08:28,367: Back Left Min: 0.91, Back Right Min: 0.92
[rosout][INFO] 2025-04-11 14:08:28,464: Back Left Min: 0.91, Back Right Min: 0.92
[rosout][INFO] 2025-04-11 14:08:28,567: Back Left Min: 0.91, Back Right Min: 0.91
[rosout][INFO] 2025-04-11 14:08:28,664: Back Left Min: 0.92, Back Right Min: 0.91
[rosout][INFO] 2025-04-11 14:08:28,767: Back Left Min: 0.92, Back Right Min: 0.91
[rosout][INFO] 2025-04-11 14:08:28,864: Back Left Min: 0.92, Back Right Min: 0.79
[rosout][INFO] 2025-04-11 14:08:28,967: Back Left Min: 0.92, Back Right Min: 0.79
[rosout][INFO] 2025-04-11 14:08:29,064: Back Left Min: 0.92, Back Right Min: 0.79
[rosout][INFO] 2025-04-11 14:08:29,167: Back Left Min: 0.92, Back Right Min: 0.91
[rosout][INFO] 2025-04-11 14:08:29,265: Back Left Min: 0.92, Back Right Min: 0.91
[rosout][INFO] 2025-04-11 14:08:29,367: Back Left Min: 0.92, Back Right Min: 0.91
[rosout][INFO] 2025-04-11 14:08:29,464: Back Left Min: 0.92, Back Right Min: 0.91
[rosout][INFO] 2025-04-11 14:08:29,568: Back Left Min: 0.92, Back Right Min: 0.91
[rosout][INFO] 2025-04-11 14:08:29,664: Back Left Min: 0.92, Back Right Min: 0.91
[rosout][INFO] 2025-04-11 14:08:29,768: Back Left Min: 0.94, Back Right Min: 0.92
[rosout][INFO] 2025-04-11 14:08:29,864: Back Left Min: 0.94, Back Right Min: 0.92
[rosout][INFO] 2025-04-11 14:08:29,968: Back Left Min: 0.94, Back Right Min: 0.74
[rosout][INFO] 2025-04-11 14:08:30,065: Back Left Min: 0.92, Back Right Min: 0.74
[rosout][INFO] 2025-04-11 14:08:30,168: Back Left Min: 0.92, Back Right Min: 0.72
[rosout][INFO] 2025-04-11 14:08:30,265: Back Left Min: 0.92, Back Right Min: 0.72
[rosout][INFO] 2025-04-11 14:08:30,368: Back Left Min: 0.92, Back Right Min: 0.72
[rosout][INFO] 2025-04-11 14:08:30,465: Back Left Min: 0.92, Back Right Min: 0.91
[rosout][INFO] 2025-04-11 14:08:30,568: Back Left Min: 0.92, Back Right Min: 0.91
[rosout][INFO] 2025-04-11 14:08:30,665: Back Left Min: 0.92, Back Right Min: 0.91
[rosout][INFO] 2025-04-11 14:08:30,768: Back Left Min: 0.92, Back Right Min: 0.91
[rosout][INFO] 2025-04-11 14:08:30,865: Back Left Min: 0.92, Back Right Min: 0.92
[rosout][INFO] 2025-04-11 14:08:30,968: Back Left Min: 0.92, Back Right Min: 0.92
[rosout][INFO] 2025-04-11 14:08:31,065: Back Left Min: 0.92, Back Right Min: 0.91
[rosout][INFO] 2025-04-11 14:08:31,168: Back Left Min: 0.92, Back Right Min: 0.89
[rosout][INFO] 2025-04-11 14:08:31,265: Back Left Min: 0.92, Back Right Min: 0.89
[rosout][INFO] 2025-04-11 14:08:31,368: Back Left Min: 0.92, Back Right Min: 0.72
[rosout][INFO] 2025-04-11 14:08:31,465: Back Left Min: 0.91, Back Right Min: 0.72
[rosout][INFO] 2025-04-11 14:08:31,568: Back Left Min: 0.91, Back Right Min: 0.92
[rosout][INFO] 2025-04-11 14:08:31,665: Back Left Min: 0.91, Back Right Min: 0.76
[rosout][INFO] 2025-04-11 14:08:31,768: Back Left Min: 1.00, Back Right Min: 0.76
[rosout][INFO] 2025-04-11 14:08:31,865: Back Left Min: 1.00, Back Right Min: 0.76
[rosout][INFO] 2025-04-11 14:08:31,969: Back Left Min: 1.00, Back Right Min: 0.87
[rosout][INFO] 2025-04-11 14:08:32,065: Back Left Min: 1.00, Back Right Min: 0.87
[rosout][INFO] 2025-04-11 14:08:32,169: Back Left Min: 1.00, Back Right Min: 0.89
[rosout][INFO] 2025-04-11 14:08:32,265: Back Left Min: 0.98, Back Right Min: 0.89
[rosout][INFO] 2025-04-11 14:08:32,369: Back Left Min: 0.98, Back Right Min: 0.89
[rosout][INFO] 2025-04-11 14:08:32,466: Back Left Min: 0.98, Back Right Min: 0.73
[rosout][INFO] 2025-04-11 14:08:32,569: Back Left Min: 0.92, Back Right Min: 0.73
[rosout][INFO] 2025-04-11 14:08:32,666: Back Left Min: 0.92, Back Right Min: 0.73
[rosout][INFO] 2025-04-11 14:08:32,769: Back Left Min: 0.92, Back Right Min: 0.81
[rosout][INFO] 2025-04-11 14:08:32,866: Back Left Min: 0.90, Back Right Min: 0.81
[rosout][INFO] 2025-04-11 14:08:32,969: Back Left Min: 0.90, Back Right Min: 0.81
[rosout][INFO] 2025-04-11 14:08:33,066: Back Left Min: 0.90, Back Right Min: 0.84
[rosout][INFO] 2025-04-11 14:08:33,169: Back Left Min: 0.89, Back Right Min: 0.84
[rosout][INFO] 2025-04-11 14:08:33,266: Back Left Min: 0.89, Back Right Min: 0.64
[rosout][INFO] 2025-04-11 14:08:33,369: Back Left Min: 0.89, Back Right Min: 0.64
[rosout][INFO] 2025-04-11 14:08:33,466: Back Left Min: 0.89, Back Right Min: 0.64
[rosout][INFO] 2025-04-11 14:08:33,569: Back Left Min: 0.89, Back Right Min: 0.83
[rosout][INFO] 2025-04-11 14:08:33,666: Back Left Min: 0.83, Back Right Min: 0.73
[rosout][INFO] 2025-04-11 14:08:33,769: Back Left Min: 0.83, Back Right Min: 0.73
[rosout][INFO] 2025-04-11 14:08:33,866: Back Left Min: 0.83, Back Right Min: 0.73
[rosout][INFO] 2025-04-11 14:08:33,969: Back Left Min: 0.86, Back Right Min: 0.77
[rosout][INFO] 2025-04-11 14:08:34,066: Back Left Min: 0.86, Back Right Min: 0.64
[rosout][INFO] 2025-04-11 14:08:34,169: Back Left Min: 0.86, Back Right Min: 0.64
[rosout][INFO] 2025-04-11 14:08:34,266: Back Left Min: 0.85, Back Right Min: 0.64
[rosout][INFO] 2025-04-11 14:08:34,370: Back Left Min: 0.85, Back Right Min: 0.65
[rosout][INFO] 2025-04-11 14:08:34,466: Back Left Min: 0.85, Back Right Min: 0.65
[rosout][INFO] 2025-04-11 14:08:34,570: Back Left Min: 0.91, Back Right Min: 0.65
[rosout][INFO] 2025-04-11 14:08:34,666: Back Left Min: 0.91, Back Right Min: 1.74
[rosout][INFO] 2025-04-11 14:08:34,770: Back Left Min: 0.91, Back Right Min: 1.99
[rosout][INFO] 2025-04-11 14:08:34,867: Back Left Min: 0.86, Back Right Min: 1.89
[rosout][INFO] 2025-04-11 14:08:34,970: Back Left Min: 0.82, Back Right Min: 0.67
[rosout][INFO] 2025-04-11 14:08:35,067: Back Left Min: 0.82, Back Right Min: 0.67
[rosout][INFO] 2025-04-11 14:08:35,170: Back Left Min: 0.90, Back Right Min: 0.67
[rosout][INFO] 2025-04-11 14:08:35,267: Back Left Min: 0.90, Back Right Min: 1.90
[rosout][INFO] 2025-04-11 14:08:35,370: Back Left Min: 0.90, Back Right Min: 1.90
[rosout][INFO] 2025-04-11 14:08:35,467: Back Left Min: 0.91, Back Right Min: 1.90
[rosout][INFO] 2025-04-11 14:08:35,570: Back Left Min: 0.91, Back Right Min: 1.90
[rosout][INFO] 2025-04-11 14:08:35,667: Back Left Min: 0.91, Back Right Min: 1.90
[rosout][INFO] 2025-04-11 14:08:35,770: Back Left Min: 0.82, Back Right Min: 1.90
[rosout][INFO] 2025-04-11 14:08:35,867: Back Left Min: 0.82, Back Right Min: 0.71
[rosout][INFO] 2025-04-11 14:08:35,970: Back Left Min: 0.82, Back Right Min: 0.71
[rosout][INFO] 2025-04-11 14:08:36,067: Back Left Min: 0.82, Back Right Min: 0.70
[rosout][INFO] 2025-04-11 14:08:36,170: Back Left Min: 0.82, Back Right Min: 0.70
[rosout][INFO] 2025-04-11 14:08:36,267: Back Left Min: 0.82, Back Right Min: 0.70
[rosout][INFO] 2025-04-11 14:08:36,370: Back Left Min: 0.82, Back Right Min: 0.72
[rosout][INFO] 2025-04-11 14:08:36,467: Back Left Min: 0.82, Back Right Min: 0.72
[rosout][INFO] 2025-04-11 14:08:36,570: Back Left Min: 0.87, Back Right Min: 0.72
[rosout][INFO] 2025-04-11 14:08:36,667: Back Left Min: 0.90, Back Right Min: 0.76
[rosout][INFO] 2025-04-11 14:08:36,770: Back Left Min: 0.90, Back Right Min: 0.76
[rosout][INFO] 2025-04-11 14:08:36,867: Back Left Min: 0.84, Back Right Min: 0.76
[rosout][INFO] 2025-04-11 14:08:36,970: Back Left Min: 0.83, Back Right Min: 1.82
[rosout][INFO] 2025-04-11 14:08:37,067: Back Left Min: 0.83, Back Right Min: 1.82
[rosout][INFO] 2025-04-11 14:08:37,171: Back Left Min: 0.83, Back Right Min: 1.82
[rosout][INFO] 2025-04-11 14:08:37,268: Back Left Min: 0.89, Back Right Min: 1.82
[rosout][INFO] 2025-04-11 14:08:37,371: Back Left Min: 0.89, Back Right Min: 1.87
[rosout][INFO] 2025-04-11 14:08:37,468: Back Left Min: 0.82, Back Right Min: 1.87
[rosout][INFO] 2025-04-11 14:08:37,571: Back Left Min: 0.82, Back Right Min: 1.87
[rosout][INFO] 2025-04-11 14:08:37,668: Back Left Min: 0.82, Back Right Min: 1.80
[rosout][INFO] 2025-04-11 14:08:37,771: Back Left Min: 0.89, Back Right Min: 1.80
[rosout][INFO] 2025-04-11 14:08:37,868: Back Left Min: 0.89, Back Right Min: 1.80
[rosout][INFO] 2025-04-11 14:08:37,971: Back Left Min: 0.89, Back Right Min: 1.82
[rosout][INFO] 2025-04-11 14:08:38,068: Back Left Min: 0.91, Back Right Min: 0.76
[rosout][INFO] 2025-04-11 14:08:38,171: Back Left Min: 0.91, Back Right Min: 0.76
[rosout][INFO] 2025-04-11 14:08:38,268: Back Left Min: 0.91, Back Right Min: 0.76
[rosout][INFO] 2025-04-11 14:08:38,371: Back Left Min: 0.91, Back Right Min: 1.82
[rosout][INFO] 2025-04-11 14:08:38,468: Back Left Min: 0.91, Back Right Min: 1.83
[rosout][INFO] 2025-04-11 14:08:38,571: Back Left Min: 0.91, Back Right Min: 0.75
[rosout][INFO] 2025-04-11 14:08:38,668: Back Left Min: 0.91, Back Right Min: 0.75
[rosout][INFO] 2025-04-11 14:08:38,771: Back Left Min: 0.91, Back Right Min: 0.75
[rosout][INFO] 2025-04-11 14:08:38,868: Back Left Min: 0.94, Back Right Min: 1.83
[rosout][INFO] 2025-04-11 14:08:38,971: Back Left Min: 0.94, Back Right Min: 0.72
[rosout][INFO] 2025-04-11 14:08:39,068: Back Left Min: 0.94, Back Right Min: 0.72
[rosout][INFO] 2025-04-11 14:08:39,171: Back Left Min: 0.96, Back Right Min: 1.82
[rosout][INFO] 2025-04-11 14:08:39,268: Back Left Min: 0.96, Back Right Min: 1.82
[rosout][INFO] 2025-04-11 14:08:39,372: Back Left Min: 0.90, Back Right Min: 1.82
[rosout][INFO] 2025-04-11 14:08:39,468: Back Left Min: 0.90, Back Right Min: 1.82
[rosout][INFO] 2025-04-11 14:08:39,572: Back Left Min: 0.90, Back Right Min: 1.82
[rosout][INFO] 2025-04-11 14:08:39,668: Back Left Min: 0.88, Back Right Min: 1.82
[rosout][INFO] 2025-04-11 14:08:39,772: Back Left Min: 0.88, Back Right Min: 0.69
[rosout][INFO] 2025-04-11 14:08:39,868: Back Left Min: 0.88, Back Right Min: 0.69
[rosout][INFO] 2025-04-11 14:08:39,972: Back Left Min: 0.91, Back Right Min: 0.69
[rosout][INFO] 2025-04-11 14:08:40,069: Back Left Min: 0.91, Back Right Min: 1.82
[rosout][INFO] 2025-04-11 14:08:40,172: Back Left Min: 0.94, Back Right Min: 1.82
[rosout][INFO] 2025-04-11 14:08:40,269: Back Left Min: 0.94, Back Right Min: 0.73
[rosout][INFO] 2025-04-11 14:08:40,372: Back Left Min: 0.94, Back Right Min: 0.73
[rosout][INFO] 2025-04-11 14:08:40,469: Back Left Min: 0.93, Back Right Min: 0.73
[rosout][INFO] 2025-04-11 14:08:40,572: Back Left Min: 0.93, Back Right Min: 1.82
[rosout][INFO] 2025-04-11 14:08:40,669: Back Left Min: 0.93, Back Right Min: 1.82
[rosout][INFO] 2025-04-11 14:08:40,772: Back Left Min: 0.94, Back Right Min: 1.82
[rosout][INFO] 2025-04-11 14:08:40,869: Back Left Min: 0.94, Back Right Min: 1.82
[rosout][INFO] 2025-04-11 14:08:40,972: Back Left Min: 0.94, Back Right Min: 1.82
[rosout][INFO] 2025-04-11 14:08:41,069: Back Left Min: 0.95, Back Right Min: 1.82
[rosout][INFO] 2025-04-11 14:08:41,172: Back Left Min: 0.95, Back Right Min: 1.82
[rosout][INFO] 2025-04-11 14:08:41,269: Back Left Min: 0.95, Back Right Min: 1.82
[rosout][INFO] 2025-04-11 14:08:41,372: Back Left Min: 0.96, Back Right Min: 1.82
[rosout][INFO] 2025-04-11 14:08:41,469: Back Left Min: 0.96, Back Right Min: 1.82
[rosout][INFO] 2025-04-11 14:08:41,572: Back Left Min: 0.97, Back Right Min: 1.82
[rosout][INFO] 2025-04-11 14:08:41,669: Back Left Min: 0.97, Back Right Min: 1.82
[rosout][INFO] 2025-04-11 14:08:41,773: Back Left Min: 0.97, Back Right Min: 1.82
[rosout][INFO] 2025-04-11 14:08:41,869: Back Left Min: 0.96, Back Right Min: 1.82
[rosout][INFO] 2025-04-11 14:08:41,973: Back Left Min: 0.96, Back Right Min: 1.82
[rosout][INFO] 2025-04-11 14:08:42,069: Back Left Min: 0.96, Back Right Min: 1.82
[rosout][INFO] 2025-04-11 14:08:42,173: Back Left Min: 0.93, Back Right Min: 1.83
[rosout][INFO] 2025-04-11 14:08:42,270: Back Left Min: 0.93, Back Right Min: 1.83
[rosout][INFO] 2025-04-11 14:08:42,373: Back Left Min: 0.90, Back Right Min: 1.82
[rosout][INFO] 2025-04-11 14:08:42,470: Back Left Min: 0.89, Back Right Min: 1.82
[rosout][INFO] 2025-04-11 14:08:42,573: Back Left Min: 0.89, Back Right Min: 0.74
[rosout][INFO] 2025-04-11 14:08:42,670: Back Left Min: 0.87, Back Right Min: 0.74
[rosout][INFO] 2025-04-11 14:08:42,773: Back Left Min: 0.85, Back Right Min: 0.74
[rosout][INFO] 2025-04-11 14:08:42,870: Back Left Min: 0.85, Back Right Min: 1.83
[rosout][INFO] 2025-04-11 14:08:42,973: Back Left Min: 0.85, Back Right Min: 1.83
[rosout][INFO] 2025-04-11 14:08:43,070: Back Left Min: 0.86, Back Right Min: 1.83
[rosout][INFO] 2025-04-11 14:08:43,173: Back Left Min: 0.86, Back Right Min: 1.83
[rosout][INFO] 2025-04-11 14:08:43,270: Back Left Min: 0.86, Back Right Min: 1.82
[rosout][INFO] 2025-04-11 14:08:43,373: Back Left Min: 0.86, Back Right Min: 1.82
[rosout][INFO] 2025-04-11 14:08:43,470: Back Left Min: 0.86, Back Right Min: 1.82
[rosout][INFO] 2025-04-11 14:08:43,573: Back Left Min: 0.85, Back Right Min: 1.83
[rosout][INFO] 2025-04-11 14:08:43,670: Back Left Min: 0.85, Back Right Min: 1.83
[rosout][INFO] 2025-04-11 14:08:43,774: Back Left Min: 0.85, Back Right Min: 1.83
[rosout][INFO] 2025-04-11 14:08:43,870: Back Left Min: 0.85, Back Right Min: 1.83
[rosout][INFO] 2025-04-11 14:08:43,973: Back Left Min: 0.85, Back Right Min: 1.83
[rosout][INFO] 2025-04-11 14:08:44,070: Back Left Min: 0.85, Back Right Min: 1.83
[rosout][INFO] 2025-04-11 14:08:44,173: Back Left Min: 0.85, Back Right Min: 1.83
[rosout][INFO] 2025-04-11 14:08:44,270: Back Left Min: 0.85, Back Right Min: 1.83
[rosout][INFO] 2025-04-11 14:08:44,374: Back Left Min: 0.85, Back Right Min: 1.83
[rosout][INFO] 2025-04-11 14:08:44,470: Back Left Min: 0.85, Back Right Min: 1.83
[rosout][INFO] 2025-04-11 14:08:44,574: Back Left Min: 0.85, Back Right Min: 1.83
[rosout][INFO] 2025-04-11 14:08:44,671: Back Left Min: 0.85, Back Right Min: 1.82
[rosout][INFO] 2025-04-11 14:08:44,774: Back Left Min: 0.84, Back Right Min: 1.82
[rosout][INFO] 2025-04-11 14:08:44,871: Back Left Min: 0.84, Back Right Min: 1.82
[rosout][INFO] 2025-04-11 14:08:44,974: Back Left Min: 0.84, Back Right Min: 1.82
[rosout][INFO] 2025-04-11 14:08:45,071: Back Left Min: 0.84, Back Right Min: 1.82
[rosout][INFO] 2025-04-11 14:08:45,174: Back Left Min: 0.84, Back Right Min: 1.83
[rosout][INFO] 2025-04-11 14:08:45,271: Back Left Min: 0.85, Back Right Min: 1.83
[rosout][INFO] 2025-04-11 14:08:45,374: Back Left Min: 0.85, Back Right Min: 0.78
[rosout][INFO] 2025-04-11 14:08:45,471: Back Left Min: 0.85, Back Right Min: 0.78
[rosout][INFO] 2025-04-11 14:08:45,574: Back Left Min: 0.83, Back Right Min: 0.78
[rosout][INFO] 2025-04-11 14:08:45,671: Back Left Min: 0.83, Back Right Min: 0.72
[rosout][INFO] 2025-04-11 14:08:45,774: Back Left Min: 0.83, Back Right Min: 0.72
[rosout][INFO] 2025-04-11 14:08:45,871: Back Left Min: 0.84, Back Right Min: 0.72
[rosout][INFO] 2025-04-11 14:08:45,974: Back Left Min: 0.84, Back Right Min: 0.76
[rosout][INFO] 2025-04-11 14:08:46,071: Back Left Min: 0.84, Back Right Min: 0.76
[rosout][INFO] 2025-04-11 14:08:46,174: Back Left Min: 0.84, Back Right Min: 0.66
[rosout][INFO] 2025-04-11 14:08:46,271: Back Left Min: 0.84, Back Right Min: 0.66
[rosout][INFO] 2025-04-11 14:08:46,374: Back Left Min: 0.84, Back Right Min: 0.66
[rosout][INFO] 2025-04-11 14:08:46,471: Back Left Min: 0.84, Back Right Min: 1.85
[rosout][INFO] 2025-04-11 14:08:46,574: Back Left Min: 0.84, Back Right Min: 1.77
[rosout][INFO] 2025-04-11 14:08:46,671: Back Left Min: 0.84, Back Right Min: 1.77
[rosout][INFO] 2025-04-11 14:08:46,775: Back Left Min: 0.84, Back Right Min: 0.71
[rosout][INFO] 2025-04-11 14:08:46,871: Back Left Min: 0.84, Back Right Min: 0.71
[rosout][INFO] 2025-04-11 14:08:46,975: Back Left Min: 0.84, Back Right Min: 0.65
[rosout][INFO] 2025-04-11 14:08:47,072: Back Left Min: 0.84, Back Right Min: 0.65
[rosout][INFO] 2025-04-11 14:08:47,175: Back Left Min: 0.84, Back Right Min: 0.65
[rosout][INFO] 2025-04-11 14:08:47,272: Back Left Min: 0.84, Back Right Min: 1.83
[rosout][INFO] 2025-04-11 14:08:47,375: Back Left Min: 0.84, Back Right Min: 0.75
[rosout][INFO] 2025-04-11 14:08:47,472: Back Left Min: 0.84, Back Right Min: 0.75
[rosout][INFO] 2025-04-11 14:08:47,575: Back Left Min: 0.85, Back Right Min: 0.75
[rosout][INFO] 2025-04-11 14:08:47,672: Back Left Min: 0.85, Back Right Min: 1.83
[rosout][INFO] 2025-04-11 14:08:47,775: Back Left Min: 0.85, Back Right Min: 1.83
[rosout][INFO] 2025-04-11 14:08:47,872: Back Left Min: 0.85, Back Right Min: 1.83
[rosout][INFO] 2025-04-11 14:08:47,975: Back Left Min: 0.85, Back Right Min: 1.83
[rosout][INFO] 2025-04-11 14:08:48,072: Back Left Min: 0.85, Back Right Min: 1.83
[rosout][INFO] 2025-04-11 14:08:48,175: Back Left Min: 0.85, Back Right Min: 0.73
[rosout][INFO] 2025-04-11 14:08:48,272: Back Left Min: 0.85, Back Right Min: 0.73
[rosout][INFO] 2025-04-11 14:08:48,375: Back Left Min: 0.89, Back Right Min: 0.73
[rosout][INFO] 2025-04-11 14:08:48,472: Back Left Min: 0.89, Back Right Min: 0.74
[rosout][INFO] 2025-04-11 14:08:48,575: Back Left Min: 0.91, Back Right Min: 0.74
[rosout][INFO] 2025-04-11 14:08:48,672: Back Left Min: 0.91, Back Right Min: 0.74
[rosout][INFO] 2025-04-11 14:08:48,775: Back Left Min: 0.91, Back Right Min: 1.73
[rosout][INFO] 2025-04-11 14:08:48,872: Back Left Min: 0.93, Back Right Min: 1.73
[rosout][INFO] 2025-04-11 14:08:48,976: Back Left Min: 0.93, Back Right Min: 0.70
[rosout][INFO] 2025-04-11 14:08:49,073: Back Left Min: 0.94, Back Right Min: 0.70
[rosout][INFO] 2025-04-11 14:08:49,176: Back Left Min: 0.94, Back Right Min: 0.70
[rosout][INFO] 2025-04-11 14:08:49,273: Back Left Min: 0.94, Back Right Min: 1.73
[rosout][INFO] 2025-04-11 14:08:49,376: Back Left Min: 0.95, Back Right Min: 1.73
[rosout][INFO] 2025-04-11 14:08:49,473: Back Left Min: 0.95, Back Right Min: 1.73
[rosout][INFO] 2025-04-11 14:08:49,576: Back Left Min: 0.95, Back Right Min: 0.66
[rosout][INFO] 2025-04-11 14:08:49,673: Back Left Min: 0.98, Back Right Min: 0.66
[rosout][INFO] 2025-04-11 14:08:49,776: Back Left Min: 0.98, Back Right Min: 0.74
[rosout][INFO] 2025-04-11 14:08:49,873: Back Left Min: 0.98, Back Right Min: 0.74
[rosout][INFO] 2025-04-11 14:08:49,976: Back Left Min: 0.99, Back Right Min: 0.74
[rosout][INFO] 2025-04-11 14:08:50,073: Back Left Min: 0.99, Back Right Min: 0.97
[rosout][INFO] 2025-04-11 14:08:50,176: Back Left Min: 0.97, Back Right Min: 0.95
[rosout][INFO] 2025-04-11 14:08:50,273: Back Left Min: 0.97, Back Right Min: 0.95
[rosout][INFO] 2025-04-11 14:08:50,376: Back Left Min: 0.97, Back Right Min: 0.95
[rosout][INFO] 2025-04-11 14:08:50,473: Back Left Min: 1.05, Back Right Min: 0.94
[rosout][INFO] 2025-04-11 14:08:50,576: Back Left Min: 0.74, Back Right Min: 0.94
[rosout][INFO] 2025-04-11 14:08:50,673: Back Left Min: 0.74, Back Right Min: 0.94
[rosout][INFO] 2025-04-11 14:08:50,776: Back Left Min: 0.79, Back Right Min: 0.93
[rosout][INFO] 2025-04-11 14:08:50,874: Back Left Min: 0.79, Back Right Min: 0.93
[rosout][INFO] 2025-04-11 14:08:50,976: Back Left Min: 0.79, Back Right Min: 0.71
[rosout][INFO] 2025-04-11 14:08:51,073: Back Left Min: 0.81, Back Right Min: 0.71
[rosout][INFO] 2025-04-11 14:08:51,176: Back Left Min: 0.81, Back Right Min: 0.71
[rosout][INFO] 2025-04-11 14:08:51,274: Back Left Min: 0.81, Back Right Min: 0.74
[rosout][INFO] 2025-04-11 14:08:51,376: Back Left Min: 0.81, Back Right Min: 0.74
[rosout][INFO] 2025-04-11 14:08:51,474: Back Left Min: 0.81, Back Right Min: 0.74
