[rospy.client][INFO] 2025-03-27 14:09:23,670: init_node, name[/sonar_processor_4746_1743059363658], pid[4746]
[xmlrpc][INFO] 2025-03-27 14:09:23,670: XML-RPC server binding to 127.0.0.1:0
[xmlrpc][INFO] 2025-03-27 14:09:23,670: Started XML-RPC server [http://localhost:45649/]
[rospy.init][INFO] 2025-03-27 14:09:23,670: ROS Slave URI: [http://localhost:45649/]
[rospy.impl.masterslave][INFO] 2025-03-27 14:09:23,670: _ready: http://localhost:45649/
[rospy.registration][INFO] 2025-03-27 14:09:23,671: Registering with master node http://localhost:11311
[xmlrpc][INFO] 2025-03-27 14:09:23,671: xml rpc node: starting XML-RPC server
[rospy.init][INFO] 2025-03-27 14:09:23,771: registered with master
[rospy.rosout][INFO] 2025-03-27 14:09:23,771: initializing /rosout core topic
[rospy.rosout][INFO] 2025-03-27 14:09:23,777: connected to core topic /rosout
[rospy.simtime][INFO] 2025-03-27 14:09:23,780: /use_sim_time is not set, will not subscribe to simulated time [/clock] topic
[rosout][INFO] 2025-03-27 14:09:23,793: Sonar processor initialized
[rospy.internal][INFO] 2025-03-27 14:09:23,838: topic[/RosAria/sonar] adding connection to [http://localhost:37299/], count 0
[rosout][INFO] 2025-03-27 14:09:23,891: Back Left Min: 1.17, Back Right Min: 1.35
[rosout][INFO] 2025-03-27 14:09:23,995: Back Left Min: 1.17, Back Right Min: 1.35
[rospy.internal][INFO] 2025-03-27 14:09:24,041: topic[/rosout] adding connection to [/rosout], count 0
[rosout][INFO] 2025-03-27 14:09:24,097: Back Left Min: 1.17, Back Right Min: 1.35
[rosout][INFO] 2025-03-27 14:09:24,195: Back Left Min: 1.17, Back Right Min: 1.35
[rosout][INFO] 2025-03-27 14:09:24,298: Back Left Min: 1.17, Back Right Min: 1.35
[rosout][INFO] 2025-03-27 14:09:24,395: Back Left Min: 1.17, Back Right Min: 1.35
[rosout][INFO] 2025-03-27 14:09:24,498: Back Left Min: 1.17, Back Right Min: 1.35
[rosout][INFO] 2025-03-27 14:09:24,595: Back Left Min: 1.17, Back Right Min: 1.35
[rosout][INFO] 2025-03-27 14:09:24,698: Back Left Min: 1.17, Back Right Min: 1.35
[rosout][INFO] 2025-03-27 14:09:24,795: Back Left Min: 1.17, Back Right Min: 1.35
[rosout][INFO] 2025-03-27 14:09:24,898: Back Left Min: 1.17, Back Right Min: 1.35
[rosout][INFO] 2025-03-27 14:09:24,995: Back Left Min: 1.17, Back Right Min: 1.35
[rosout][INFO] 2025-03-27 14:09:25,098: Back Left Min: 1.17, Back Right Min: 1.35
[rosout][INFO] 2025-03-27 14:09:25,195: Back Left Min: 1.17, Back Right Min: 1.35
[rosout][INFO] 2025-03-27 14:09:25,298: Back Left Min: 1.17, Back Right Min: 1.35
[rosout][INFO] 2025-03-27 14:09:25,395: Back Left Min: 1.17, Back Right Min: 1.35
[rosout][INFO] 2025-03-27 14:09:25,498: Back Left Min: 1.17, Back Right Min: 1.35
[rosout][INFO] 2025-03-27 14:09:25,595: Back Left Min: 1.17, Back Right Min: 1.35
[rosout][INFO] 2025-03-27 14:09:25,698: Back Left Min: 1.17, Back Right Min: 1.35
[rosout][INFO] 2025-03-27 14:09:25,795: Back Left Min: 1.17, Back Right Min: 1.35
[rosout][INFO] 2025-03-27 14:09:25,898: Back Left Min: 1.17, Back Right Min: 1.35
[rosout][INFO] 2025-03-27 14:09:25,995: Back Left Min: 1.17, Back Right Min: 1.35
[rosout][INFO] 2025-03-27 14:09:26,098: Back Left Min: 1.17, Back Right Min: 1.35
[rosout][INFO] 2025-03-27 14:09:26,195: Back Left Min: 1.17, Back Right Min: 1.35
[rosout][INFO] 2025-03-27 14:09:26,298: Back Left Min: 1.17, Back Right Min: 1.35
[rosout][INFO] 2025-03-27 14:09:26,395: Back Left Min: 1.17, Back Right Min: 1.35
[rosout][INFO] 2025-03-27 14:09:26,499: Back Left Min: 1.17, Back Right Min: 1.35
[rosout][INFO] 2025-03-27 14:09:26,595: Back Left Min: 1.17, Back Right Min: 1.35
[rosout][INFO] 2025-03-27 14:09:26,699: Back Left Min: 1.17, Back Right Min: 1.35
[rosout][INFO] 2025-03-27 14:09:26,796: Back Left Min: 1.17, Back Right Min: 1.35
[rosout][INFO] 2025-03-27 14:09:26,899: Back Left Min: 1.17, Back Right Min: 1.35
[rosout][INFO] 2025-03-27 14:09:26,996: Back Left Min: 1.17, Back Right Min: 1.35
[rosout][INFO] 2025-03-27 14:09:27,099: Back Left Min: 1.17, Back Right Min: 1.35
[rosout][INFO] 2025-03-27 14:09:27,196: Back Left Min: 1.17, Back Right Min: 1.35
[rosout][INFO] 2025-03-27 14:09:27,299: Back Left Min: 1.17, Back Right Min: 1.35
[rosout][INFO] 2025-03-27 14:09:27,396: Back Left Min: 1.17, Back Right Min: 1.35
[rosout][INFO] 2025-03-27 14:09:27,499: Back Left Min: 1.17, Back Right Min: 1.35
[rosout][INFO] 2025-03-27 14:09:27,596: Back Left Min: 1.17, Back Right Min: 1.35
[rosout][INFO] 2025-03-27 14:09:27,699: Back Left Min: 1.17, Back Right Min: 1.35
[rosout][INFO] 2025-03-27 14:09:27,796: Back Left Min: 1.17, Back Right Min: 1.35
[rosout][INFO] 2025-03-27 14:09:27,899: Back Left Min: 1.17, Back Right Min: 1.35
[rosout][INFO] 2025-03-27 14:09:27,996: Back Left Min: 1.17, Back Right Min: 1.35
[rosout][INFO] 2025-03-27 14:09:28,099: Back Left Min: 1.17, Back Right Min: 1.35
[rosout][INFO] 2025-03-27 14:09:28,196: Back Left Min: 1.17, Back Right Min: 1.35
[rosout][INFO] 2025-03-27 14:09:28,299: Back Left Min: 1.17, Back Right Min: 1.35
[rosout][INFO] 2025-03-27 14:09:28,396: Back Left Min: 1.17, Back Right Min: 1.35
[rosout][INFO] 2025-03-27 14:09:28,499: Back Left Min: 1.17, Back Right Min: 1.35
[rosout][INFO] 2025-03-27 14:09:28,596: Back Left Min: 1.17, Back Right Min: 1.35
[rosout][INFO] 2025-03-27 14:09:28,699: Back Left Min: 1.17, Back Right Min: 1.35
[rosout][INFO] 2025-03-27 14:09:28,796: Back Left Min: 1.17, Back Right Min: 1.35
[rosout][INFO] 2025-03-27 14:09:28,900: Back Left Min: 1.17, Back Right Min: 1.35
[rosout][INFO] 2025-03-27 14:09:28,996: Back Left Min: 1.17, Back Right Min: 1.35
[rosout][INFO] 2025-03-27 14:09:29,100: Back Left Min: 1.17, Back Right Min: 1.35
[rosout][INFO] 2025-03-27 14:09:29,197: Back Left Min: 1.17, Back Right Min: 1.35
[rosout][INFO] 2025-03-27 14:09:29,300: Back Left Min: 1.17, Back Right Min: 1.35
[rosout][INFO] 2025-03-27 14:09:29,397: Back Left Min: 1.17, Back Right Min: 1.35
[rosout][INFO] 2025-03-27 14:09:29,500: Back Left Min: 1.17, Back Right Min: 1.35
[rosout][INFO] 2025-03-27 14:09:29,597: Back Left Min: 1.17, Back Right Min: 1.35
[rosout][INFO] 2025-03-27 14:09:29,700: Back Left Min: 1.17, Back Right Min: 1.35
[rosout][INFO] 2025-03-27 14:09:29,797: Back Left Min: 1.17, Back Right Min: 1.35
[rosout][INFO] 2025-03-27 14:09:29,900: Back Left Min: 1.17, Back Right Min: 1.35
[rosout][INFO] 2025-03-27 14:09:29,997: Back Left Min: 1.17, Back Right Min: 1.35
[rosout][INFO] 2025-03-27 14:09:30,100: Back Left Min: 1.17, Back Right Min: 1.35
[rosout][INFO] 2025-03-27 14:09:30,197: Back Left Min: 1.17, Back Right Min: 1.35
[rosout][INFO] 2025-03-27 14:09:30,300: Back Left Min: 1.17, Back Right Min: 1.35
[rosout][INFO] 2025-03-27 14:09:30,397: Back Left Min: 1.17, Back Right Min: 1.35
[rosout][INFO] 2025-03-27 14:09:30,500: Back Left Min: 1.17, Back Right Min: 1.35
[rosout][INFO] 2025-03-27 14:09:30,597: Back Left Min: 1.17, Back Right Min: 1.35
[rosout][INFO] 2025-03-27 14:09:30,700: Back Left Min: 1.17, Back Right Min: 1.35
[rosout][INFO] 2025-03-27 14:09:30,797: Back Left Min: 1.17, Back Right Min: 1.35
[rosout][INFO] 2025-03-27 14:09:30,900: Back Left Min: 1.17, Back Right Min: 1.35
[rosout][INFO] 2025-03-27 14:09:30,997: Back Left Min: 1.17, Back Right Min: 1.35
[rosout][INFO] 2025-03-27 14:09:31,100: Back Left Min: 1.17, Back Right Min: 1.35
[rosout][INFO] 2025-03-27 14:09:31,197: Back Left Min: 1.17, Back Right Min: 1.35
[rosout][INFO] 2025-03-27 14:09:31,301: Back Left Min: 1.17, Back Right Min: 1.35
[rosout][INFO] 2025-03-27 14:09:31,397: Back Left Min: 1.17, Back Right Min: 1.35
[rosout][INFO] 2025-03-27 14:09:31,501: Back Left Min: 1.17, Back Right Min: 1.35
[rosout][INFO] 2025-03-27 14:09:31,598: Back Left Min: 1.17, Back Right Min: 1.35
[rosout][INFO] 2025-03-27 14:09:31,701: Back Left Min: 1.17, Back Right Min: 1.35
[rosout][INFO] 2025-03-27 14:09:31,798: Back Left Min: 1.17, Back Right Min: 1.35
[rosout][INFO] 2025-03-27 14:09:31,901: Back Left Min: 1.17, Back Right Min: 1.35
[rosout][INFO] 2025-03-27 14:09:31,998: Back Left Min: 1.17, Back Right Min: 1.35
[rosout][INFO] 2025-03-27 14:09:32,101: Back Left Min: 1.17, Back Right Min: 1.35
[rosout][INFO] 2025-03-27 14:09:32,198: Back Left Min: 1.17, Back Right Min: 1.35
[rosout][INFO] 2025-03-27 14:09:32,301: Back Left Min: 1.17, Back Right Min: 1.35
[rosout][INFO] 2025-03-27 14:09:32,398: Back Left Min: 1.17, Back Right Min: 1.35
[rosout][INFO] 2025-03-27 14:09:32,501: Back Left Min: 1.17, Back Right Min: 1.35
[rosout][INFO] 2025-03-27 14:09:32,598: Back Left Min: 1.17, Back Right Min: 1.35
[rosout][INFO] 2025-03-27 14:09:32,701: Back Left Min: 1.17, Back Right Min: 1.35
[rosout][INFO] 2025-03-27 14:09:32,798: Back Left Min: 1.17, Back Right Min: 1.35
[rosout][INFO] 2025-03-27 14:09:32,901: Back Left Min: 1.17, Back Right Min: 1.35
[rosout][INFO] 2025-03-27 14:09:32,998: Back Left Min: 1.17, Back Right Min: 1.35
[rosout][INFO] 2025-03-27 14:09:33,101: Back Left Min: 1.17, Back Right Min: 1.35
[rosout][INFO] 2025-03-27 14:09:33,198: Back Left Min: 1.17, Back Right Min: 1.35
[rosout][INFO] 2025-03-27 14:09:33,301: Back Left Min: 1.17, Back Right Min: 1.35
[rosout][INFO] 2025-03-27 14:09:33,398: Back Left Min: 1.17, Back Right Min: 1.35
[rosout][INFO] 2025-03-27 14:09:33,501: Back Left Min: 1.17, Back Right Min: 1.35
[rosout][INFO] 2025-03-27 14:09:33,598: Back Left Min: 1.17, Back Right Min: 1.35
[rosout][INFO] 2025-03-27 14:09:33,701: Back Left Min: 1.17, Back Right Min: 1.35
[rosout][INFO] 2025-03-27 14:09:33,798: Back Left Min: 1.17, Back Right Min: 1.35
[rosout][INFO] 2025-03-27 14:09:33,902: Back Left Min: 1.17, Back Right Min: 1.35
[rosout][INFO] 2025-03-27 14:09:33,998: Back Left Min: 1.17, Back Right Min: 1.35
[rosout][INFO] 2025-03-27 14:09:34,102: Back Left Min: 1.17, Back Right Min: 1.35
[rosout][INFO] 2025-03-27 14:09:34,198: Back Left Min: 1.17, Back Right Min: 1.35
[rosout][INFO] 2025-03-27 14:09:34,302: Back Left Min: 1.17, Back Right Min: 1.35
[rosout][INFO] 2025-03-27 14:09:34,399: Back Left Min: 1.17, Back Right Min: 1.35
[rosout][INFO] 2025-03-27 14:09:34,502: Back Left Min: 1.17, Back Right Min: 1.35
[rosout][INFO] 2025-03-27 14:09:34,599: Back Left Min: 1.17, Back Right Min: 1.35
[rosout][INFO] 2025-03-27 14:09:34,702: Back Left Min: 1.17, Back Right Min: 1.35
[rosout][INFO] 2025-03-27 14:09:34,799: Back Left Min: 1.17, Back Right Min: 1.35
[rosout][INFO] 2025-03-27 14:09:34,902: Back Left Min: 1.17, Back Right Min: 1.35
[rosout][INFO] 2025-03-27 14:09:34,999: Back Left Min: 0.91, Back Right Min: 1.35
[rosout][INFO] 2025-03-27 14:09:35,102: Back Left Min: 0.91, Back Right Min: 1.35
[rosout][INFO] 2025-03-27 14:09:35,199: Back Left Min: 0.91, Back Right Min: 1.35
[rosout][INFO] 2025-03-27 14:09:35,302: Back Left Min: 0.88, Back Right Min: 1.35
[rosout][INFO] 2025-03-27 14:09:35,399: Back Left Min: 0.88, Back Right Min: 1.35
[rosout][INFO] 2025-03-27 14:09:35,502: Back Left Min: 0.88, Back Right Min: 1.35
[rosout][INFO] 2025-03-27 14:09:35,599: Back Left Min: 0.85, Back Right Min: 1.35
[rosout][INFO] 2025-03-27 14:09:35,702: Back Left Min: 0.85, Back Right Min: 1.35
[rosout][INFO] 2025-03-27 14:09:35,799: Back Left Min: 0.85, Back Right Min: 1.35
[rosout][INFO] 2025-03-27 14:09:35,902: Back Left Min: 0.85, Back Right Min: 1.35
[rosout][INFO] 2025-03-27 14:09:35,999: Back Left Min: 0.85, Back Right Min: 1.35
[rosout][INFO] 2025-03-27 14:09:36,103: Back Left Min: 0.90, Back Right Min: 1.35
[rosout][INFO] 2025-03-27 14:09:36,199: Back Left Min: 0.90, Back Right Min: 1.35
[rosout][INFO] 2025-03-27 14:09:36,303: Back Left Min: 0.90, Back Right Min: 1.35
[rosout][INFO] 2025-03-27 14:09:36,399: Back Left Min: 0.91, Back Right Min: 1.35
[rosout][INFO] 2025-03-27 14:09:36,503: Back Left Min: 0.91, Back Right Min: 1.35
[rosout][INFO] 2025-03-27 14:09:36,600: Back Left Min: 0.91, Back Right Min: 1.35
[rosout][INFO] 2025-03-27 14:09:36,703: Back Left Min: 0.94, Back Right Min: 1.35
[rosout][INFO] 2025-03-27 14:09:36,800: Back Left Min: 0.94, Back Right Min: 1.35
[rosout][INFO] 2025-03-27 14:09:36,903: Back Left Min: 0.95, Back Right Min: 1.35
[rosout][INFO] 2025-03-27 14:09:37,000: Back Left Min: 1.17, Back Right Min: 1.35
[rosout][INFO] 2025-03-27 14:09:37,103: Back Left Min: 1.02, Back Right Min: 1.35
[rosout][INFO] 2025-03-27 14:09:37,200: Back Left Min: 0.94, Back Right Min: 1.35
[rosout][INFO] 2025-03-27 14:09:37,303: Back Left Min: 0.94, Back Right Min: 1.35
[rosout][INFO] 2025-03-27 14:09:37,400: Back Left Min: 0.94, Back Right Min: 1.35
[rosout][INFO] 2025-03-27 14:09:37,503: Back Left Min: 0.94, Back Right Min: 1.35
[rosout][INFO] 2025-03-27 14:09:37,600: Back Left Min: 0.94, Back Right Min: 1.35
[rosout][INFO] 2025-03-27 14:09:37,703: Back Left Min: 0.94, Back Right Min: 1.35
[rosout][INFO] 2025-03-27 14:09:37,800: Back Left Min: 0.94, Back Right Min: 1.35
[rosout][INFO] 2025-03-27 14:09:37,903: Back Left Min: 0.88, Back Right Min: 1.35
[rosout][INFO] 2025-03-27 14:09:38,000: Back Left Min: 0.88, Back Right Min: 1.35
[rosout][INFO] 2025-03-27 14:09:38,103: Back Left Min: 0.88, Back Right Min: 1.35
[rosout][INFO] 2025-03-27 14:09:38,200: Back Left Min: 0.84, Back Right Min: 1.36
[rosout][INFO] 2025-03-27 14:09:38,303: Back Left Min: 0.84, Back Right Min: 1.36
[rosout][INFO] 2025-03-27 14:09:38,400: Back Left Min: 0.84, Back Right Min: 1.36
[rosout][INFO] 2025-03-27 14:09:38,504: Back Left Min: 0.73, Back Right Min: 1.37
[rosout][INFO] 2025-03-27 14:09:38,600: Back Left Min: 0.73, Back Right Min: 1.37
[rosout][INFO] 2025-03-27 14:09:38,704: Back Left Min: 0.73, Back Right Min: 1.36
[rosout][INFO] 2025-03-27 14:09:38,800: Back Left Min: 0.83, Back Right Min: 1.36
[rosout][INFO] 2025-03-27 14:09:38,904: Back Left Min: 0.83, Back Right Min: 1.36
[rosout][INFO] 2025-03-27 14:09:39,001: Back Left Min: 0.83, Back Right Min: 0.83
[rosout][INFO] 2025-03-27 14:09:39,104: Back Left Min: 0.96, Back Right Min: 0.83
[rosout][INFO] 2025-03-27 14:09:39,201: Back Left Min: 0.96, Back Right Min: 0.83
[rosout][INFO] 2025-03-27 14:09:39,304: Back Left Min: 0.95, Back Right Min: 0.81
[rosout][INFO] 2025-03-27 14:09:39,401: Back Left Min: 0.95, Back Right Min: 0.81
[rosout][INFO] 2025-03-27 14:09:39,504: Back Left Min: 0.95, Back Right Min: 0.85
[rosout][INFO] 2025-03-27 14:09:39,601: Back Left Min: 1.17, Back Right Min: 0.85
[rosout][INFO] 2025-03-27 14:09:39,704: Back Left Min: 1.17, Back Right Min: 0.85
[rosout][INFO] 2025-03-27 14:09:39,801: Back Left Min: 1.17, Back Right Min: 0.86
[rosout][INFO] 2025-03-27 14:09:39,904: Back Left Min: 1.17, Back Right Min: 0.86
[rosout][INFO] 2025-03-27 14:09:40,001: Back Left Min: 1.17, Back Right Min: 0.86
[rosout][INFO] 2025-03-27 14:09:40,104: Back Left Min: 1.17, Back Right Min: 0.90
[rosout][INFO] 2025-03-27 14:09:40,201: Back Left Min: 1.17, Back Right Min: 0.90
[rosout][INFO] 2025-03-27 14:09:40,304: Back Left Min: 1.17, Back Right Min: 0.94
[rosout][INFO] 2025-03-27 14:09:40,401: Back Left Min: 1.17, Back Right Min: 0.94
[rosout][INFO] 2025-03-27 14:09:40,504: Back Left Min: 1.17, Back Right Min: 0.94
[rosout][INFO] 2025-03-27 14:09:40,601: Back Left Min: 1.17, Back Right Min: 0.95
[rosout][INFO] 2025-03-27 14:09:40,704: Back Left Min: 1.17, Back Right Min: 0.95
[rosout][INFO] 2025-03-27 14:09:40,801: Back Left Min: 1.17, Back Right Min: 0.98
[rosout][INFO] 2025-03-27 14:09:40,904: Back Left Min: 1.17, Back Right Min: 1.12
[rosout][INFO] 2025-03-27 14:09:41,001: Back Left Min: 1.17, Back Right Min: 1.12
[rosout][INFO] 2025-03-27 14:09:41,104: Back Left Min: 1.17, Back Right Min: 1.06
[rosout][INFO] 2025-03-27 14:09:41,201: Back Left Min: 1.17, Back Right Min: 1.06
[rosout][INFO] 2025-03-27 14:09:41,304: Back Left Min: 1.17, Back Right Min: 1.09
[rosout][INFO] 2025-03-27 14:09:41,401: Back Left Min: 1.17, Back Right Min: 1.09
[rosout][INFO] 2025-03-27 14:09:41,505: Back Left Min: 1.17, Back Right Min: 1.09
[rosout][INFO] 2025-03-27 14:09:41,602: Back Left Min: 1.17, Back Right Min: 1.08
[rosout][INFO] 2025-03-27 14:09:41,705: Back Left Min: 1.17, Back Right Min: 1.08
[rosout][INFO] 2025-03-27 14:09:41,802: Back Left Min: 1.17, Back Right Min: 1.08
[rosout][INFO] 2025-03-27 14:09:41,905: Back Left Min: 1.17, Back Right Min: 1.25
[rosout][INFO] 2025-03-27 14:09:42,002: Back Left Min: 1.17, Back Right Min: 1.25
[rosout][INFO] 2025-03-27 14:09:42,105: Back Left Min: 1.17, Back Right Min: 1.25
[rosout][INFO] 2025-03-27 14:09:42,202: Back Left Min: 1.17, Back Right Min: 0.84
[rosout][INFO] 2025-03-27 14:09:42,305: Back Left Min: 1.17, Back Right Min: 0.84
[rosout][INFO] 2025-03-27 14:09:42,402: Back Left Min: 1.17, Back Right Min: 0.54
[rosout][INFO] 2025-03-27 14:09:42,505: Back Left Min: 1.17, Back Right Min: 0.54
[rosout][INFO] 2025-03-27 14:09:42,602: Back Left Min: 1.17, Back Right Min: 0.54
[rosout][INFO] 2025-03-27 14:09:42,705: Back Left Min: 1.17, Back Right Min: 0.54
[rosout][INFO] 2025-03-27 14:09:42,802: Back Left Min: 1.17, Back Right Min: 0.54
[rosout][INFO] 2025-03-27 14:09:42,905: Back Left Min: 1.17, Back Right Min: 0.54
[rosout][INFO] 2025-03-27 14:09:43,002: Back Left Min: 1.17, Back Right Min: 0.54
[rosout][INFO] 2025-03-27 14:09:43,105: Back Left Min: 1.17, Back Right Min: 0.54
[rosout][INFO] 2025-03-27 14:09:43,202: Back Left Min: 1.17, Back Right Min: 0.54
[rosout][INFO] 2025-03-27 14:09:43,305: Back Left Min: 1.17, Back Right Min: 0.54
[rosout][INFO] 2025-03-27 14:09:43,402: Back Left Min: 1.17, Back Right Min: 0.54
[rosout][INFO] 2025-03-27 14:09:43,505: Back Left Min: 1.17, Back Right Min: 0.54
[rosout][INFO] 2025-03-27 14:09:43,602: Back Left Min: 1.17, Back Right Min: 0.54
[rosout][INFO] 2025-03-27 14:09:43,706: Back Left Min: 1.17, Back Right Min: 0.54
[rosout][INFO] 2025-03-27 14:09:43,802: Back Left Min: 1.17, Back Right Min: 0.54
[rosout][INFO] 2025-03-27 14:09:43,906: Back Left Min: 1.17, Back Right Min: 0.54
[rosout][INFO] 2025-03-27 14:09:44,003: Back Left Min: 1.17, Back Right Min: 0.54
[rosout][INFO] 2025-03-27 14:09:44,106: Back Left Min: 1.17, Back Right Min: 0.54
[rosout][INFO] 2025-03-27 14:09:44,203: Back Left Min: 1.17, Back Right Min: 0.54
[rosout][INFO] 2025-03-27 14:09:44,306: Back Left Min: 1.17, Back Right Min: 0.54
[rosout][INFO] 2025-03-27 14:09:44,403: Back Left Min: 1.17, Back Right Min: 0.54
[rosout][INFO] 2025-03-27 14:09:44,506: Back Left Min: 1.17, Back Right Min: 0.54
[rosout][INFO] 2025-03-27 14:09:44,603: Back Left Min: 1.17, Back Right Min: 0.54
[rosout][INFO] 2025-03-27 14:09:44,706: Back Left Min: 1.17, Back Right Min: 0.54
[rosout][INFO] 2025-03-27 14:09:44,803: Back Left Min: 1.17, Back Right Min: 0.54
[rosout][INFO] 2025-03-27 14:09:44,906: Back Left Min: 1.17, Back Right Min: 0.54
[rosout][INFO] 2025-03-27 14:09:45,003: Back Left Min: 1.17, Back Right Min: 0.54
[rosout][INFO] 2025-03-27 14:09:45,106: Back Left Min: 1.17, Back Right Min: 0.54
[rosout][INFO] 2025-03-27 14:09:45,203: Back Left Min: 1.17, Back Right Min: 0.54
[rosout][INFO] 2025-03-27 14:09:45,306: Back Left Min: 1.17, Back Right Min: 0.54
[rosout][INFO] 2025-03-27 14:09:45,403: Back Left Min: 1.17, Back Right Min: 0.54
[rosout][INFO] 2025-03-27 14:09:45,506: Back Left Min: 1.17, Back Right Min: 0.60
[rosout][INFO] 2025-03-27 14:09:45,603: Back Left Min: 1.17, Back Right Min: 0.60
[rosout][INFO] 2025-03-27 14:09:45,706: Back Left Min: 1.17, Back Right Min: 0.60
[rosout][INFO] 2025-03-27 14:09:45,803: Back Left Min: 1.17, Back Right Min: 0.60
[rosout][INFO] 2025-03-27 14:09:45,906: Back Left Min: 1.17, Back Right Min: 0.60
[rosout][INFO] 2025-03-27 14:09:46,003: Back Left Min: 1.17, Back Right Min: 0.60
[rosout][INFO] 2025-03-27 14:09:46,107: Back Left Min: 1.17, Back Right Min: 0.60
[rosout][INFO] 2025-03-27 14:09:46,203: Back Left Min: 1.17, Back Right Min: 0.60
[rosout][INFO] 2025-03-27 14:09:46,307: Back Left Min: 1.17, Back Right Min: 0.60
[rosout][INFO] 2025-03-27 14:09:46,403: Back Left Min: 1.17, Back Right Min: 0.60
[rosout][INFO] 2025-03-27 14:09:46,507: Back Left Min: 1.17, Back Right Min: 0.60
[rosout][INFO] 2025-03-27 14:09:46,604: Back Left Min: 1.17, Back Right Min: 0.60
[rosout][INFO] 2025-03-27 14:09:46,707: Back Left Min: 1.17, Back Right Min: 0.60
[rosout][INFO] 2025-03-27 14:09:46,804: Back Left Min: 1.17, Back Right Min: 0.60
[rosout][INFO] 2025-03-27 14:09:46,907: Back Left Min: 1.17, Back Right Min: 0.62
[rosout][INFO] 2025-03-27 14:09:47,004: Back Left Min: 1.17, Back Right Min: 0.63
[rosout][INFO] 2025-03-27 14:09:47,107: Back Left Min: 1.17, Back Right Min: 0.63
[rosout][INFO] 2025-03-27 14:09:47,204: Back Left Min: 1.17, Back Right Min: 0.62
[rosout][INFO] 2025-03-27 14:09:47,307: Back Left Min: 1.17, Back Right Min: 0.62
[rosout][INFO] 2025-03-27 14:09:47,404: Back Left Min: 1.17, Back Right Min: 0.62
[rosout][INFO] 2025-03-27 14:09:47,507: Back Left Min: 1.17, Back Right Min: 0.62
[rosout][INFO] 2025-03-27 14:09:47,604: Back Left Min: 1.17, Back Right Min: 0.62
[rosout][INFO] 2025-03-27 14:09:47,707: Back Left Min: 1.17, Back Right Min: 0.62
[rosout][INFO] 2025-03-27 14:09:47,804: Back Left Min: 1.17, Back Right Min: 0.63
[rosout][INFO] 2025-03-27 14:09:47,907: Back Left Min: 1.17, Back Right Min: 0.63
[rosout][INFO] 2025-03-27 14:09:48,004: Back Left Min: 1.17, Back Right Min: 0.63
[rosout][INFO] 2025-03-27 14:09:48,108: Back Left Min: 1.17, Back Right Min: 0.63
[rosout][INFO] 2025-03-27 14:09:48,204: Back Left Min: 1.17, Back Right Min: 0.63
[rosout][INFO] 2025-03-27 14:09:48,307: Back Left Min: 1.17, Back Right Min: 0.63
[rosout][INFO] 2025-03-27 14:09:48,404: Back Left Min: 1.17, Back Right Min: 0.64
[rosout][INFO] 2025-03-27 14:09:48,508: Back Left Min: 1.17, Back Right Min: 0.65
[rosout][INFO] 2025-03-27 14:09:48,604: Back Left Min: 1.17, Back Right Min: 0.65
[rosout][INFO] 2025-03-27 14:09:48,708: Back Left Min: 1.17, Back Right Min: 0.65
[rosout][INFO] 2025-03-27 14:09:48,804: Back Left Min: 1.17, Back Right Min: 0.65
[rosout][INFO] 2025-03-27 14:09:48,908: Back Left Min: 1.17, Back Right Min: 0.65
[rosout][INFO] 2025-03-27 14:09:49,005: Back Left Min: 1.17, Back Right Min: 0.65
[rosout][INFO] 2025-03-27 14:09:49,108: Back Left Min: 0.68, Back Right Min: 0.65
[rosout][INFO] 2025-03-27 14:09:49,205: Back Left Min: 0.68, Back Right Min: 0.65
[rosout][INFO] 2025-03-27 14:09:49,308: Back Left Min: 0.68, Back Right Min: 0.65
[rosout][INFO] 2025-03-27 14:09:49,405: Back Left Min: 0.70, Back Right Min: 0.65
[rosout][INFO] 2025-03-27 14:09:49,508: Back Left Min: 0.70, Back Right Min: 0.65
[rosout][INFO] 2025-03-27 14:09:49,605: Back Left Min: 0.70, Back Right Min: 0.66
[rosout][INFO] 2025-03-27 14:09:49,708: Back Left Min: 0.67, Back Right Min: 0.65
[rosout][INFO] 2025-03-27 14:09:49,805: Back Left Min: 0.67, Back Right Min: 0.65
[rosout][INFO] 2025-03-27 14:09:49,908: Back Left Min: 0.67, Back Right Min: 0.65
[rosout][INFO] 2025-03-27 14:09:50,005: Back Left Min: 0.65, Back Right Min: 0.65
[rosout][INFO] 2025-03-27 14:09:50,108: Back Left Min: 0.65, Back Right Min: 0.65
[rosout][INFO] 2025-03-27 14:09:50,205: Back Left Min: 0.65, Back Right Min: 0.65
[rosout][INFO] 2025-03-27 14:09:50,308: Back Left Min: 0.65, Back Right Min: 0.65
[rosout][INFO] 2025-03-27 14:09:50,405: Back Left Min: 0.65, Back Right Min: 0.64
[rosout][INFO] 2025-03-27 14:09:50,508: Back Left Min: 0.66, Back Right Min: 0.64
[rosout][INFO] 2025-03-27 14:09:50,605: Back Left Min: 0.66, Back Right Min: 0.64
[rosout][INFO] 2025-03-27 14:09:50,708: Back Left Min: 0.66, Back Right Min: 0.64
[rosout][INFO] 2025-03-27 14:09:50,805: Back Left Min: 1.17, Back Right Min: 0.64
[rosout][INFO] 2025-03-27 14:09:50,908: Back Left Min: 1.17, Back Right Min: 0.73
[rosout][INFO] 2025-03-27 14:09:51,005: Back Left Min: 1.17, Back Right Min: 0.73
[rosout][INFO] 2025-03-27 14:09:51,109: Back Left Min: 0.69, Back Right Min: 0.88
[rosout][INFO] 2025-03-27 14:09:51,205: Back Left Min: 0.69, Back Right Min: 0.86
[rosout][INFO] 2025-03-27 14:09:51,309: Back Left Min: 0.69, Back Right Min: 0.86
[rosout][INFO] 2025-03-27 14:09:51,406: Back Left Min: 1.17, Back Right Min: 0.86
[rosout][INFO] 2025-03-27 14:09:51,509: Back Left Min: 1.17, Back Right Min: 0.87
[rosout][INFO] 2025-03-27 14:09:51,606: Back Left Min: 1.17, Back Right Min: 0.87
[rosout][INFO] 2025-03-27 14:09:51,709: Back Left Min: 1.17, Back Right Min: 0.87
[rosout][INFO] 2025-03-27 14:09:51,806: Back Left Min: 1.17, Back Right Min: 0.87
[rosout][INFO] 2025-03-27 14:09:51,909: Back Left Min: 1.17, Back Right Min: 0.72
[rosout][INFO] 2025-03-27 14:09:52,006: Back Left Min: 1.17, Back Right Min: 0.72
[rosout][INFO] 2025-03-27 14:09:52,109: Back Left Min: 1.17, Back Right Min: 0.72
[rosout][INFO] 2025-03-27 14:09:52,206: Back Left Min: 0.69, Back Right Min: 0.89
[rosout][INFO] 2025-03-27 14:09:52,309: Back Left Min: 0.69, Back Right Min: 0.85
[rosout][INFO] 2025-03-27 14:09:52,406: Back Left Min: 0.69, Back Right Min: 0.85
[rosout][INFO] 2025-03-27 14:09:52,509: Back Left Min: 0.70, Back Right Min: 0.85
[rosout][INFO] 2025-03-27 14:09:52,606: Back Left Min: 0.70, Back Right Min: 0.87
[rosout][INFO] 2025-03-27 14:09:52,709: Back Left Min: 0.70, Back Right Min: 0.71
[rosout][INFO] 2025-03-27 14:09:52,806: Back Left Min: 1.17, Back Right Min: 0.71
[rosout][INFO] 2025-03-27 14:09:52,909: Back Left Min: 1.17, Back Right Min: 0.71
[rosout][INFO] 2025-03-27 14:09:53,006: Back Left Min: 1.17, Back Right Min: 0.86
[rosout][INFO] 2025-03-27 14:09:53,109: Back Left Min: 1.17, Back Right Min: 0.87
[rosout][INFO] 2025-03-27 14:09:53,206: Back Left Min: 1.17, Back Right Min: 0.87
[rosout][INFO] 2025-03-27 14:09:53,309: Back Left Min: 0.67, Back Right Min: 0.87
[rosout][INFO] 2025-03-27 14:09:53,406: Back Left Min: 0.67, Back Right Min: 0.86
[rosout][INFO] 2025-03-27 14:09:53,510: Back Left Min: 0.67, Back Right Min: 0.86
[rosout][INFO] 2025-03-27 14:09:53,607: Back Left Min: 1.17, Back Right Min: 0.86
[rosout][INFO] 2025-03-27 14:09:53,710: Back Left Min: 1.17, Back Right Min: 0.87
[rosout][INFO] 2025-03-27 14:09:53,807: Back Left Min: 1.17, Back Right Min: 0.87
[rosout][INFO] 2025-03-27 14:09:53,910: Back Left Min: 1.17, Back Right Min: 0.87
[rosout][INFO] 2025-03-27 14:09:54,006: Back Left Min: 1.17, Back Right Min: 0.87
[rosout][INFO] 2025-03-27 14:09:54,110: Back Left Min: 1.17, Back Right Min: 0.87
[rosout][INFO] 2025-03-27 14:09:54,207: Back Left Min: 0.67, Back Right Min: 0.87
[rosout][INFO] 2025-03-27 14:09:54,310: Back Left Min: 0.67, Back Right Min: 0.91
[rosout][INFO] 2025-03-27 14:09:54,407: Back Left Min: 0.67, Back Right Min: 0.91
[rosout][INFO] 2025-03-27 14:09:54,510: Back Left Min: 1.17, Back Right Min: 0.90
[rosout][INFO] 2025-03-27 14:09:54,607: Back Left Min: 1.17, Back Right Min: 0.90
[rosout][INFO] 2025-03-27 14:09:54,710: Back Left Min: 1.17, Back Right Min: 0.90
[rosout][INFO] 2025-03-27 14:09:54,807: Back Left Min: 1.17, Back Right Min: 0.90
[rosout][INFO] 2025-03-27 14:09:54,910: Back Left Min: 1.17, Back Right Min: 0.90
[rosout][INFO] 2025-03-27 14:09:55,007: Back Left Min: 0.71, Back Right Min: 0.90
[rosout][INFO] 2025-03-27 14:09:55,110: Back Left Min: 0.71, Back Right Min: 0.91
[rosout][INFO] 2025-03-27 14:09:55,207: Back Left Min: 0.71, Back Right Min: 0.91
[rosout][INFO] 2025-03-27 14:09:55,310: Back Left Min: 0.71, Back Right Min: 0.91
[rosout][INFO] 2025-03-27 14:09:55,407: Back Left Min: 0.71, Back Right Min: 0.91
[rosout][INFO] 2025-03-27 14:09:55,510: Back Left Min: 0.71, Back Right Min: 0.91
[rosout][INFO] 2025-03-27 14:09:55,607: Back Left Min: 1.17, Back Right Min: 0.91
[rosout][INFO] 2025-03-27 14:09:55,710: Back Left Min: 1.17, Back Right Min: 0.91
[rosout][INFO] 2025-03-27 14:09:55,808: Back Left Min: 1.17, Back Right Min: 0.91
[rosout][INFO] 2025-03-27 14:09:55,911: Back Left Min: 1.17, Back Right Min: 0.96
[rosout][INFO] 2025-03-27 14:09:56,008: Back Left Min: 1.17, Back Right Min: 0.93
[rosout][INFO] 2025-03-27 14:09:56,111: Back Left Min: 0.68, Back Right Min: 0.93
[rosout][INFO] 2025-03-27 14:09:56,208: Back Left Min: 0.68, Back Right Min: 0.93
[rosout][INFO] 2025-03-27 14:09:56,311: Back Left Min: 0.68, Back Right Min: 0.93
[rosout][INFO] 2025-03-27 14:09:56,408: Back Left Min: 1.17, Back Right Min: 0.93
[rosout][INFO] 2025-03-27 14:09:56,511: Back Left Min: 1.17, Back Right Min: 0.93
[rosout][INFO] 2025-03-27 14:09:56,608: Back Left Min: 1.17, Back Right Min: 0.93
[rosout][INFO] 2025-03-27 14:09:56,711: Back Left Min: 1.17, Back Right Min: 0.93
[rosout][INFO] 2025-03-27 14:09:56,808: Back Left Min: 1.17, Back Right Min: 0.92
[rosout][INFO] 2025-03-27 14:09:56,911: Back Left Min: 1.17, Back Right Min: 0.92
[rosout][INFO] 2025-03-27 14:09:57,008: Back Left Min: 1.17, Back Right Min: 0.92
[rosout][INFO] 2025-03-27 14:09:57,111: Back Left Min: 1.17, Back Right Min: 0.92
[rosout][INFO] 2025-03-27 14:09:57,208: Back Left Min: 1.17, Back Right Min: 0.92
[rosout][INFO] 2025-03-27 14:09:57,311: Back Left Min: 0.70, Back Right Min: 0.87
[rosout][INFO] 2025-03-27 14:09:57,408: Back Left Min: 0.70, Back Right Min: 0.87
[rosout][INFO] 2025-03-27 14:09:57,511: Back Left Min: 1.17, Back Right Min: 0.87
[rosout][INFO] 2025-03-27 14:09:57,608: Back Left Min: 1.17, Back Right Min: 0.87
[rosout][INFO] 2025-03-27 14:09:57,711: Back Left Min: 1.17, Back Right Min: 0.87
[rosout][INFO] 2025-03-27 14:09:57,808: Back Left Min: 0.72, Back Right Min: 0.87
[rosout][INFO] 2025-03-27 14:09:57,911: Back Left Min: 0.72, Back Right Min: 0.88
[rosout][INFO] 2025-03-27 14:09:58,008: Back Left Min: 0.72, Back Right Min: 0.88
[rosout][INFO] 2025-03-27 14:09:58,111: Back Left Min: 1.17, Back Right Min: 0.88
[rosout][INFO] 2025-03-27 14:09:58,208: Back Left Min: 1.17, Back Right Min: 0.87
[rosout][INFO] 2025-03-27 14:09:58,312: Back Left Min: 1.17, Back Right Min: 0.87
[rosout][INFO] 2025-03-27 14:09:58,408: Back Left Min: 1.17, Back Right Min: 0.87
[rosout][INFO] 2025-03-27 14:09:58,512: Back Left Min: 1.17, Back Right Min: 0.87
[rosout][INFO] 2025-03-27 14:09:58,609: Back Left Min: 1.17, Back Right Min: 0.87
[rosout][INFO] 2025-03-27 14:09:58,712: Back Left Min: 1.17, Back Right Min: 0.87
[rosout][INFO] 2025-03-27 14:09:58,809: Back Left Min: 1.17, Back Right Min: 0.87
[rosout][INFO] 2025-03-27 14:09:58,912: Back Left Min: 1.17, Back Right Min: 0.87
[rosout][INFO] 2025-03-27 14:09:59,009: Back Left Min: 1.17, Back Right Min: 0.87
[rosout][INFO] 2025-03-27 14:09:59,112: Back Left Min: 1.17, Back Right Min: 0.87
[rosout][INFO] 2025-03-27 14:09:59,209: Back Left Min: 1.17, Back Right Min: 0.87
[rosout][INFO] 2025-03-27 14:09:59,312: Back Left Min: 1.17, Back Right Min: 0.88
[rosout][INFO] 2025-03-27 14:09:59,409: Back Left Min: 1.17, Back Right Min: 0.88
[rosout][INFO] 2025-03-27 14:09:59,512: Back Left Min: 1.17, Back Right Min: 0.88
[rosout][INFO] 2025-03-27 14:09:59,609: Back Left Min: 1.17, Back Right Min: 0.88
[rosout][INFO] 2025-03-27 14:09:59,712: Back Left Min: 1.17, Back Right Min: 0.88
[rosout][INFO] 2025-03-27 14:09:59,809: Back Left Min: 0.71, Back Right Min: 0.88
[rosout][INFO] 2025-03-27 14:09:59,912: Back Left Min: 0.71, Back Right Min: 0.87
[rosout][INFO] 2025-03-27 14:10:00,009: Back Left Min: 0.71, Back Right Min: 0.87
[rosout][INFO] 2025-03-27 14:10:00,112: Back Left Min: 0.71, Back Right Min: 0.87
[rosout][INFO] 2025-03-27 14:10:00,209: Back Left Min: 0.71, Back Right Min: 0.87
[rosout][INFO] 2025-03-27 14:10:00,312: Back Left Min: 1.17, Back Right Min: 0.87
[rosout][INFO] 2025-03-27 14:10:00,409: Back Left Min: 1.17, Back Right Min: 0.87
[rosout][INFO] 2025-03-27 14:10:00,512: Back Left Min: 1.17, Back Right Min: 0.87
[rosout][INFO] 2025-03-27 14:10:00,609: Back Left Min: 1.17, Back Right Min: 0.87
[rosout][INFO] 2025-03-27 14:10:00,713: Back Left Min: 1.17, Back Right Min: 0.87
[rosout][INFO] 2025-03-27 14:10:00,809: Back Left Min: 1.17, Back Right Min: 0.87
[rosout][INFO] 2025-03-27 14:10:00,913: Back Left Min: 0.71, Back Right Min: 0.87
[rosout][INFO] 2025-03-27 14:10:01,010: Back Left Min: 0.71, Back Right Min: 0.87
[rosout][INFO] 2025-03-27 14:10:01,113: Back Left Min: 0.71, Back Right Min: 0.87
[rosout][INFO] 2025-03-27 14:10:01,210: Back Left Min: 1.17, Back Right Min: 0.87
[rosout][INFO] 2025-03-27 14:10:01,313: Back Left Min: 1.17, Back Right Min: 0.86
[rosout][INFO] 2025-03-27 14:10:01,410: Back Left Min: 1.17, Back Right Min: 0.86
[rosout][INFO] 2025-03-27 14:10:01,513: Back Left Min: 1.17, Back Right Min: 0.87
[rosout][INFO] 2025-03-27 14:10:01,610: Back Left Min: 1.17, Back Right Min: 0.87
[rosout][INFO] 2025-03-27 14:10:01,713: Back Left Min: 0.71, Back Right Min: 0.87
[rosout][INFO] 2025-03-27 14:10:01,810: Back Left Min: 0.71, Back Right Min: 0.86
[rosout][INFO] 2025-03-27 14:10:01,913: Back Left Min: 0.71, Back Right Min: 0.86
[rosout][INFO] 2025-03-27 14:10:02,010: Back Left Min: 1.17, Back Right Min: 0.86
[rosout][INFO] 2025-03-27 14:10:02,113: Back Left Min: 1.17, Back Right Min: 0.86
[rosout][INFO] 2025-03-27 14:10:02,210: Back Left Min: 1.17, Back Right Min: 0.86
[rosout][INFO] 2025-03-27 14:10:02,313: Back Left Min: 1.17, Back Right Min: 0.86
[rosout][INFO] 2025-03-27 14:10:02,410: Back Left Min: 1.17, Back Right Min: 0.86
[rosout][INFO] 2025-03-27 14:10:02,513: Back Left Min: 1.17, Back Right Min: 0.86
[rosout][INFO] 2025-03-27 14:10:02,610: Back Left Min: 0.72, Back Right Min: 0.86
[rosout][INFO] 2025-03-27 14:10:02,713: Back Left Min: 0.72, Back Right Min: 0.86
[rosout][INFO] 2025-03-27 14:10:02,810: Back Left Min: 0.72, Back Right Min: 0.86
[rosout][INFO] 2025-03-27 14:10:02,913: Back Left Min: 0.71, Back Right Min: 0.86
[rosout][INFO] 2025-03-27 14:10:03,010: Back Left Min: 0.71, Back Right Min: 0.86
[rosout][INFO] 2025-03-27 14:10:03,114: Back Left Min: 1.17, Back Right Min: 0.86
[rosout][INFO] 2025-03-27 14:10:03,210: Back Left Min: 1.17, Back Right Min: 0.87
[rosout][INFO] 2025-03-27 14:10:03,314: Back Left Min: 1.17, Back Right Min: 0.87
[rosout][INFO] 2025-03-27 14:10:03,411: Back Left Min: 1.17, Back Right Min: 0.87
[rosout][INFO] 2025-03-27 14:10:03,514: Back Left Min: 1.17, Back Right Min: 0.87
[rosout][INFO] 2025-03-27 14:10:03,611: Back Left Min: 1.17, Back Right Min: 0.87
[rosout][INFO] 2025-03-27 14:10:03,714: Back Left Min: 0.71, Back Right Min: 0.87
[rosout][INFO] 2025-03-27 14:10:03,811: Back Left Min: 0.71, Back Right Min: 0.87
[rosout][INFO] 2025-03-27 14:10:03,914: Back Left Min: 0.71, Back Right Min: 0.87
[rosout][INFO] 2025-03-27 14:10:04,011: Back Left Min: 1.17, Back Right Min: 0.87
[rosout][INFO] 2025-03-27 14:10:04,114: Back Left Min: 1.17, Back Right Min: 0.86
[rosout][INFO] 2025-03-27 14:10:04,211: Back Left Min: 1.17, Back Right Min: 0.86
[rosout][INFO] 2025-03-27 14:10:04,314: Back Left Min: 1.17, Back Right Min: 0.87
[rosout][INFO] 2025-03-27 14:10:04,411: Back Left Min: 1.17, Back Right Min: 0.87
[rosout][INFO] 2025-03-27 14:10:04,514: Back Left Min: 0.71, Back Right Min: 0.87
[rosout][INFO] 2025-03-27 14:10:04,611: Back Left Min: 0.71, Back Right Min: 0.87
[rosout][INFO] 2025-03-27 14:10:04,714: Back Left Min: 0.71, Back Right Min: 0.87
[rosout][INFO] 2025-03-27 14:10:04,811: Back Left Min: 1.17, Back Right Min: 0.87
[rosout][INFO] 2025-03-27 14:10:04,914: Back Left Min: 1.17, Back Right Min: 0.87
[rosout][INFO] 2025-03-27 14:10:05,011: Back Left Min: 1.17, Back Right Min: 0.87
[rosout][INFO] 2025-03-27 14:10:05,114: Back Left Min: 1.17, Back Right Min: 0.87
[rosout][INFO] 2025-03-27 14:10:05,211: Back Left Min: 1.17, Back Right Min: 0.87
[rosout][INFO] 2025-03-27 14:10:05,314: Back Left Min: 1.17, Back Right Min: 0.87
[rosout][INFO] 2025-03-27 14:10:05,411: Back Left Min: 0.72, Back Right Min: 0.87
[rosout][INFO] 2025-03-27 14:10:05,515: Back Left Min: 0.72, Back Right Min: 0.87
[rosout][INFO] 2025-03-27 14:10:05,611: Back Left Min: 0.72, Back Right Min: 0.87
[rosout][INFO] 2025-03-27 14:10:05,715: Back Left Min: 1.17, Back Right Min: 0.87
[rosout][INFO] 2025-03-27 14:10:05,812: Back Left Min: 1.17, Back Right Min: 0.87
[rosout][INFO] 2025-03-27 14:10:05,915: Back Left Min: 1.17, Back Right Min: 0.87
[rosout][INFO] 2025-03-27 14:10:06,012: Back Left Min: 1.17, Back Right Min: 0.87
[rosout][INFO] 2025-03-27 14:10:06,115: Back Left Min: 1.17, Back Right Min: 0.87
[rosout][INFO] 2025-03-27 14:10:06,212: Back Left Min: 1.17, Back Right Min: 0.87
[rosout][INFO] 2025-03-27 14:10:06,315: Back Left Min: 1.17, Back Right Min: 0.87
[rosout][INFO] 2025-03-27 14:10:06,412: Back Left Min: 1.17, Back Right Min: 0.87
[rosout][INFO] 2025-03-27 14:10:06,515: Back Left Min: 0.72, Back Right Min: 0.87
[rosout][INFO] 2025-03-27 14:10:06,612: Back Left Min: 0.72, Back Right Min: 0.87
[rosout][INFO] 2025-03-27 14:10:06,715: Back Left Min: 0.72, Back Right Min: 0.87
[rosout][INFO] 2025-03-27 14:10:06,812: Back Left Min: 1.17, Back Right Min: 0.87
[rosout][INFO] 2025-03-27 14:10:06,915: Back Left Min: 1.17, Back Right Min: 0.87
[rosout][INFO] 2025-03-27 14:10:07,012: Back Left Min: 1.17, Back Right Min: 0.87
[rosout][INFO] 2025-03-27 14:10:07,115: Back Left Min: 1.17, Back Right Min: 0.87
[rosout][INFO] 2025-03-27 14:10:07,212: Back Left Min: 1.17, Back Right Min: 0.87
[rosout][INFO] 2025-03-27 14:10:07,315: Back Left Min: 0.72, Back Right Min: 0.87
[rosout][INFO] 2025-03-27 14:10:07,412: Back Left Min: 0.72, Back Right Min: 0.87
[rosout][INFO] 2025-03-27 14:10:07,515: Back Left Min: 0.72, Back Right Min: 0.87
[rosout][INFO] 2025-03-27 14:10:07,612: Back Left Min: 1.17, Back Right Min: 0.87
[rosout][INFO] 2025-03-27 14:10:07,715: Back Left Min: 1.17, Back Right Min: 0.88
[rosout][INFO] 2025-03-27 14:10:07,812: Back Left Min: 1.17, Back Right Min: 0.88
[rosout][INFO] 2025-03-27 14:10:07,916: Back Left Min: 1.17, Back Right Min: 0.88
[rosout][INFO] 2025-03-27 14:10:08,012: Back Left Min: 1.17, Back Right Min: 0.88
[rosout][INFO] 2025-03-27 14:10:08,116: Back Left Min: 1.17, Back Right Min: 0.88
[rosout][INFO] 2025-03-27 14:10:08,213: Back Left Min: 0.72, Back Right Min: 0.88
[rosout][INFO] 2025-03-27 14:10:08,316: Back Left Min: 0.72, Back Right Min: 0.87
[rosout][INFO] 2025-03-27 14:10:08,413: Back Left Min: 0.72, Back Right Min: 0.87
[rosout][INFO] 2025-03-27 14:10:08,516: Back Left Min: 1.17, Back Right Min: 0.87
[rosout][INFO] 2025-03-27 14:10:08,613: Back Left Min: 1.17, Back Right Min: 0.87
[rosout][INFO] 2025-03-27 14:10:08,716: Back Left Min: 1.17, Back Right Min: 0.87
[rosout][INFO] 2025-03-27 14:10:08,813: Back Left Min: 1.17, Back Right Min: 0.87
[rosout][INFO] 2025-03-27 14:10:08,916: Back Left Min: 1.17, Back Right Min: 0.87
[rosout][INFO] 2025-03-27 14:10:09,013: Back Left Min: 0.72, Back Right Min: 0.87
[rosout][INFO] 2025-03-27 14:10:09,116: Back Left Min: 0.72, Back Right Min: 0.87
[rosout][INFO] 2025-03-27 14:10:09,213: Back Left Min: 0.72, Back Right Min: 0.87
[rosout][INFO] 2025-03-27 14:10:09,316: Back Left Min: 1.17, Back Right Min: 0.87
[rosout][INFO] 2025-03-27 14:10:09,413: Back Left Min: 1.17, Back Right Min: 0.87
[rosout][INFO] 2025-03-27 14:10:09,516: Back Left Min: 1.17, Back Right Min: 0.87
[rosout][INFO] 2025-03-27 14:10:09,613: Back Left Min: 1.17, Back Right Min: 0.87
[rosout][INFO] 2025-03-27 14:10:09,716: Back Left Min: 1.17, Back Right Min: 0.86
[rosout][INFO] 2025-03-27 14:10:09,813: Back Left Min: 1.17, Back Right Min: 0.86
[rosout][INFO] 2025-03-27 14:10:09,916: Back Left Min: 1.17, Back Right Min: 0.87
[rosout][INFO] 2025-03-27 14:10:10,013: Back Left Min: 1.17, Back Right Min: 0.87
[rosout][INFO] 2025-03-27 14:10:10,116: Back Left Min: 1.17, Back Right Min: 0.87
[rosout][INFO] 2025-03-27 14:10:10,214: Back Left Min: 1.17, Back Right Min: 0.88
[rosout][INFO] 2025-03-27 14:10:10,317: Back Left Min: 1.17, Back Right Min: 0.88
[rosout][INFO] 2025-03-27 14:10:10,413: Back Left Min: 1.17, Back Right Min: 0.88
[rosout][INFO] 2025-03-27 14:10:10,517: Back Left Min: 1.17, Back Right Min: 0.86
[rosout][INFO] 2025-03-27 14:10:10,613: Back Left Min: 1.17, Back Right Min: 0.86
[rosout][INFO] 2025-03-27 14:10:10,717: Back Left Min: 1.17, Back Right Min: 0.86
[rosout][INFO] 2025-03-27 14:10:10,814: Back Left Min: 1.17, Back Right Min: 0.86
[rosout][INFO] 2025-03-27 14:10:10,917: Back Left Min: 1.17, Back Right Min: 0.86
[rosout][INFO] 2025-03-27 14:10:11,014: Back Left Min: 1.17, Back Right Min: 0.86
[rosout][INFO] 2025-03-27 14:10:11,117: Back Left Min: 1.17, Back Right Min: 0.86
[rosout][INFO] 2025-03-27 14:10:11,214: Back Left Min: 1.17, Back Right Min: 0.86
[rosout][INFO] 2025-03-27 14:10:11,317: Back Left Min: 1.17, Back Right Min: 0.87
[rosout][INFO] 2025-03-27 14:10:11,414: Back Left Min: 1.17, Back Right Min: 0.87
[rosout][INFO] 2025-03-27 14:10:11,517: Back Left Min: 1.17, Back Right Min: 0.87
[rosout][INFO] 2025-03-27 14:10:11,614: Back Left Min: 1.17, Back Right Min: 0.87
[rosout][INFO] 2025-03-27 14:10:11,717: Back Left Min: 1.17, Back Right Min: 0.87
[rosout][INFO] 2025-03-27 14:10:11,814: Back Left Min: 1.17, Back Right Min: 0.87
[rosout][INFO] 2025-03-27 14:10:11,917: Back Left Min: 1.17, Back Right Min: 0.90
[rosout][INFO] 2025-03-27 14:10:12,014: Back Left Min: 1.17, Back Right Min: 0.90
[rosout][INFO] 2025-03-27 14:10:12,117: Back Left Min: 1.17, Back Right Min: 0.90
[rosout][INFO] 2025-03-27 14:10:12,214: Back Left Min: 1.17, Back Right Min: 0.90
[rosout][INFO] 2025-03-27 14:10:12,317: Back Left Min: 1.17, Back Right Min: 0.90
[rosout][INFO] 2025-03-27 14:10:12,414: Back Left Min: 1.17, Back Right Min: 0.90
[rosout][INFO] 2025-03-27 14:10:12,517: Back Left Min: 1.17, Back Right Min: 0.91
[rosout][INFO] 2025-03-27 14:10:12,614: Back Left Min: 1.17, Back Right Min: 0.91
[rosout][INFO] 2025-03-27 14:10:12,717: Back Left Min: 1.17, Back Right Min: 0.91
[rosout][INFO] 2025-03-27 14:10:12,814: Back Left Min: 1.17, Back Right Min: 0.91
[rosout][INFO] 2025-03-27 14:10:12,918: Back Left Min: 1.17, Back Right Min: 0.91
[rosout][INFO] 2025-03-27 14:10:13,014: Back Left Min: 1.17, Back Right Min: 0.91
[rosout][INFO] 2025-03-27 14:10:13,118: Back Left Min: 1.17, Back Right Min: 0.91
[rosout][INFO] 2025-03-27 14:10:13,215: Back Left Min: 1.17, Back Right Min: 0.91
[rosout][INFO] 2025-03-27 14:10:13,318: Back Left Min: 1.17, Back Right Min: 0.90
[rosout][INFO] 2025-03-27 14:10:13,415: Back Left Min: 1.17, Back Right Min: 0.90
[rosout][INFO] 2025-03-27 14:10:13,518: Back Left Min: 1.17, Back Right Min: 0.90
[rosout][INFO] 2025-03-27 14:10:13,615: Back Left Min: 1.17, Back Right Min: 0.90
[rosout][INFO] 2025-03-27 14:10:13,718: Back Left Min: 1.17, Back Right Min: 0.90
[rosout][INFO] 2025-03-27 14:10:13,815: Back Left Min: 1.17, Back Right Min: 0.90
[rosout][INFO] 2025-03-27 14:10:13,918: Back Left Min: 1.17, Back Right Min: 0.90
[rosout][INFO] 2025-03-27 14:10:14,015: Back Left Min: 1.17, Back Right Min: 0.90
[rosout][INFO] 2025-03-27 14:10:14,118: Back Left Min: 1.17, Back Right Min: 0.87
[rosout][INFO] 2025-03-27 14:10:14,215: Back Left Min: 1.17, Back Right Min: 0.87
[rosout][INFO] 2025-03-27 14:10:14,318: Back Left Min: 1.17, Back Right Min: 0.87
[rosout][INFO] 2025-03-27 14:10:14,415: Back Left Min: 1.17, Back Right Min: 0.88
[rosout][INFO] 2025-03-27 14:10:14,518: Back Left Min: 1.17, Back Right Min: 0.88
[rosout][INFO] 2025-03-27 14:10:14,615: Back Left Min: 1.17, Back Right Min: 0.88
[rosout][INFO] 2025-03-27 14:10:14,718: Back Left Min: 1.17, Back Right Min: 0.89
[rosout][INFO] 2025-03-27 14:10:14,815: Back Left Min: 1.17, Back Right Min: 0.89
[rosout][INFO] 2025-03-27 14:10:14,918: Back Left Min: 1.17, Back Right Min: 0.89
[rosout][INFO] 2025-03-27 14:10:15,015: Back Left Min: 1.17, Back Right Min: 0.91
[rosout][INFO] 2025-03-27 14:10:15,119: Back Left Min: 1.17, Back Right Min: 0.91
[rosout][INFO] 2025-03-27 14:10:15,215: Back Left Min: 1.17, Back Right Min: 0.91
[rosout][INFO] 2025-03-27 14:10:15,319: Back Left Min: 1.17, Back Right Min: 0.89
[rosout][INFO] 2025-03-27 14:10:15,416: Back Left Min: 1.17, Back Right Min: 0.89
[rosout][INFO] 2025-03-27 14:10:15,519: Back Left Min: 1.17, Back Right Min: 0.92
[rosout][INFO] 2025-03-27 14:10:15,616: Back Left Min: 1.17, Back Right Min: 0.91
[rosout][INFO] 2025-03-27 14:10:15,719: Back Left Min: 1.17, Back Right Min: 0.91
[rosout][INFO] 2025-03-27 14:10:15,816: Back Left Min: 1.17, Back Right Min: 0.91
[rosout][INFO] 2025-03-27 14:10:15,919: Back Left Min: 1.17, Back Right Min: 0.91
[rosout][INFO] 2025-03-27 14:10:16,016: Back Left Min: 1.17, Back Right Min: 0.91
[rosout][INFO] 2025-03-27 14:10:16,119: Back Left Min: 1.17, Back Right Min: 0.89
[rosout][INFO] 2025-03-27 14:10:16,216: Back Left Min: 1.17, Back Right Min: 0.89
[rosout][INFO] 2025-03-27 14:10:16,319: Back Left Min: 1.17, Back Right Min: 0.89
[rosout][INFO] 2025-03-27 14:10:16,416: Back Left Min: 1.17, Back Right Min: 0.89
[rosout][INFO] 2025-03-27 14:10:16,519: Back Left Min: 1.17, Back Right Min: 0.89
[rosout][INFO] 2025-03-27 14:10:16,616: Back Left Min: 1.17, Back Right Min: 0.89
[rosout][INFO] 2025-03-27 14:10:16,719: Back Left Min: 1.17, Back Right Min: 0.88
[rosout][INFO] 2025-03-27 14:10:16,816: Back Left Min: 1.17, Back Right Min: 0.88
[rosout][INFO] 2025-03-27 14:10:16,919: Back Left Min: 1.17, Back Right Min: 0.88
[rosout][INFO] 2025-03-27 14:10:17,016: Back Left Min: 1.17, Back Right Min: 0.88
[rosout][INFO] 2025-03-27 14:10:17,119: Back Left Min: 1.17, Back Right Min: 0.88
[rosout][INFO] 2025-03-27 14:10:17,216: Back Left Min: 1.17, Back Right Min: 0.88
[rosout][INFO] 2025-03-27 14:10:17,319: Back Left Min: 1.17, Back Right Min: 0.88
[rosout][INFO] 2025-03-27 14:10:17,416: Back Left Min: 1.17, Back Right Min: 0.88
[rosout][INFO] 2025-03-27 14:10:17,520: Back Left Min: 1.17, Back Right Min: 0.88
[rosout][INFO] 2025-03-27 14:10:17,616: Back Left Min: 1.17, Back Right Min: 0.88
[rosout][INFO] 2025-03-27 14:10:17,720: Back Left Min: 1.17, Back Right Min: 0.88
[rosout][INFO] 2025-03-27 14:10:17,816: Back Left Min: 1.17, Back Right Min: 0.88
[rosout][INFO] 2025-03-27 14:10:17,920: Back Left Min: 1.17, Back Right Min: 0.88
[rosout][INFO] 2025-03-27 14:10:18,017: Back Left Min: 1.17, Back Right Min: 0.88
[rosout][INFO] 2025-03-27 14:10:18,120: Back Left Min: 1.17, Back Right Min: 0.91
[rosout][INFO] 2025-03-27 14:10:18,217: Back Left Min: 1.17, Back Right Min: 0.91
[rosout][INFO] 2025-03-27 14:10:18,320: Back Left Min: 1.17, Back Right Min: 0.89
[rosout][INFO] 2025-03-27 14:10:18,417: Back Left Min: 1.17, Back Right Min: 0.89
[rosout][INFO] 2025-03-27 14:10:18,520: Back Left Min: 1.17, Back Right Min: 0.89
[rosout][INFO] 2025-03-27 14:10:18,617: Back Left Min: 1.17, Back Right Min: 0.89
[rosout][INFO] 2025-03-27 14:10:18,720: Back Left Min: 1.17, Back Right Min: 0.89
[rosout][INFO] 2025-03-27 14:10:18,817: Back Left Min: 1.17, Back Right Min: 0.89
[rosout][INFO] 2025-03-27 14:10:18,920: Back Left Min: 1.17, Back Right Min: 0.89
[rosout][INFO] 2025-03-27 14:10:19,017: Back Left Min: 1.17, Back Right Min: 0.89
[rosout][INFO] 2025-03-27 14:10:19,120: Back Left Min: 1.17, Back Right Min: 0.89
[rosout][INFO] 2025-03-27 14:10:19,217: Back Left Min: 1.17, Back Right Min: 0.89
[rosout][INFO] 2025-03-27 14:10:19,320: Back Left Min: 1.17, Back Right Min: 0.89
[rosout][INFO] 2025-03-27 14:10:19,417: Back Left Min: 1.17, Back Right Min: 0.89
[rosout][INFO] 2025-03-27 14:10:19,520: Back Left Min: 1.17, Back Right Min: 0.88
[rosout][INFO] 2025-03-27 14:10:19,617: Back Left Min: 1.17, Back Right Min: 0.88
[rosout][INFO] 2025-03-27 14:10:19,720: Back Left Min: 1.17, Back Right Min: 0.88
[rosout][INFO] 2025-03-27 14:10:19,817: Back Left Min: 1.17, Back Right Min: 0.88
[rosout][INFO] 2025-03-27 14:10:19,921: Back Left Min: 1.17, Back Right Min: 0.88
[rosout][INFO] 2025-03-27 14:10:20,017: Back Left Min: 1.17, Back Right Min: 0.89
[rosout][INFO] 2025-03-27 14:10:20,121: Back Left Min: 1.17, Back Right Min: 0.89
[rosout][INFO] 2025-03-27 14:10:20,217: Back Left Min: 1.17, Back Right Min: 0.89
[rosout][INFO] 2025-03-27 14:10:20,321: Back Left Min: 1.17, Back Right Min: 0.87
[rosout][INFO] 2025-03-27 14:10:20,418: Back Left Min: 1.17, Back Right Min: 0.87
[rosout][INFO] 2025-03-27 14:10:20,521: Back Left Min: 1.17, Back Right Min: 0.87
[rosout][INFO] 2025-03-27 14:10:20,618: Back Left Min: 1.17, Back Right Min: 0.87
[rosout][INFO] 2025-03-27 14:10:20,721: Back Left Min: 1.17, Back Right Min: 0.87
[rosout][INFO] 2025-03-27 14:10:20,818: Back Left Min: 1.17, Back Right Min: 0.87
[rosout][INFO] 2025-03-27 14:10:20,921: Back Left Min: 1.17, Back Right Min: 0.87
[rosout][INFO] 2025-03-27 14:10:21,018: Back Left Min: 1.17, Back Right Min: 0.87
[rosout][INFO] 2025-03-27 14:10:21,121: Back Left Min: 1.17, Back Right Min: 0.89
[rosout][INFO] 2025-03-27 14:10:21,218: Back Left Min: 1.17, Back Right Min: 0.89
[rosout][INFO] 2025-03-27 14:10:21,321: Back Left Min: 1.17, Back Right Min: 0.89
[rosout][INFO] 2025-03-27 14:10:21,418: Back Left Min: 1.17, Back Right Min: 0.88
[rosout][INFO] 2025-03-27 14:10:21,521: Back Left Min: 1.17, Back Right Min: 0.88
[rosout][INFO] 2025-03-27 14:10:21,618: Back Left Min: 1.17, Back Right Min: 0.88
[rosout][INFO] 2025-03-27 14:10:21,721: Back Left Min: 1.17, Back Right Min: 0.90
[rosout][INFO] 2025-03-27 14:10:21,818: Back Left Min: 1.17, Back Right Min: 0.90
[rosout][INFO] 2025-03-27 14:10:21,921: Back Left Min: 1.17, Back Right Min: 0.90
[rosout][INFO] 2025-03-27 14:10:22,018: Back Left Min: 1.17, Back Right Min: 0.89
[rosout][INFO] 2025-03-27 14:10:22,121: Back Left Min: 1.17, Back Right Min: 0.89
[rosout][INFO] 2025-03-27 14:10:22,218: Back Left Min: 1.17, Back Right Min: 0.89
[rosout][INFO] 2025-03-27 14:10:22,321: Back Left Min: 1.17, Back Right Min: 0.89
[rosout][INFO] 2025-03-27 14:10:22,418: Back Left Min: 1.17, Back Right Min: 0.89
[rosout][INFO] 2025-03-27 14:10:22,522: Back Left Min: 1.17, Back Right Min: 0.88
[rosout][INFO] 2025-03-27 14:10:22,618: Back Left Min: 1.17, Back Right Min: 0.88
[rosout][INFO] 2025-03-27 14:10:22,722: Back Left Min: 1.17, Back Right Min: 0.88
[rosout][INFO] 2025-03-27 14:10:22,818: Back Left Min: 1.17, Back Right Min: 0.88
[rosout][INFO] 2025-03-27 14:10:22,922: Back Left Min: 1.17, Back Right Min: 0.88
[rosout][INFO] 2025-03-27 14:10:23,019: Back Left Min: 1.17, Back Right Min: 0.88
[rosout][INFO] 2025-03-27 14:10:23,122: Back Left Min: 1.17, Back Right Min: 0.87
[rosout][INFO] 2025-03-27 14:10:23,219: Back Left Min: 1.17, Back Right Min: 0.87
[rosout][INFO] 2025-03-27 14:10:23,322: Back Left Min: 1.17, Back Right Min: 0.87
[rosout][INFO] 2025-03-27 14:10:23,419: Back Left Min: 1.17, Back Right Min: 0.87
[rosout][INFO] 2025-03-27 14:10:23,522: Back Left Min: 1.17, Back Right Min: 0.87
[rosout][INFO] 2025-03-27 14:10:23,619: Back Left Min: 1.17, Back Right Min: 0.87
[rosout][INFO] 2025-03-27 14:10:23,722: Back Left Min: 1.17, Back Right Min: 0.89
[rosout][INFO] 2025-03-27 14:10:23,819: Back Left Min: 1.17, Back Right Min: 0.89
[rosout][INFO] 2025-03-27 14:10:23,922: Back Left Min: 1.17, Back Right Min: 0.89
[rosout][INFO] 2025-03-27 14:10:24,019: Back Left Min: 1.17, Back Right Min: 0.91
[rosout][INFO] 2025-03-27 14:10:24,122: Back Left Min: 1.17, Back Right Min: 0.91
[rosout][INFO] 2025-03-27 14:10:24,219: Back Left Min: 1.17, Back Right Min: 0.89
[rosout][INFO] 2025-03-27 14:10:24,322: Back Left Min: 1.17, Back Right Min: 0.89
[rosout][INFO] 2025-03-27 14:10:24,419: Back Left Min: 1.17, Back Right Min: 0.89
[rosout][INFO] 2025-03-27 14:10:24,522: Back Left Min: 1.17, Back Right Min: 0.92
[rosout][INFO] 2025-03-27 14:10:24,619: Back Left Min: 1.17, Back Right Min: 0.92
[rosout][INFO] 2025-03-27 14:10:24,722: Back Left Min: 1.17, Back Right Min: 0.92
[rosout][INFO] 2025-03-27 14:10:24,819: Back Left Min: 1.17, Back Right Min: 0.87
[rosout][INFO] 2025-03-27 14:10:24,923: Back Left Min: 1.17, Back Right Min: 0.87
[rosout][INFO] 2025-03-27 14:10:25,019: Back Left Min: 1.17, Back Right Min: 0.87
[rosout][INFO] 2025-03-27 14:10:25,123: Back Left Min: 1.17, Back Right Min: 0.87
[rosout][INFO] 2025-03-27 14:10:25,220: Back Left Min: 1.17, Back Right Min: 0.87
[rosout][INFO] 2025-03-27 14:10:25,323: Back Left Min: 1.17, Back Right Min: 0.87
[rosout][INFO] 2025-03-27 14:10:25,420: Back Left Min: 1.17, Back Right Min: 0.87
[rosout][INFO] 2025-03-27 14:10:25,523: Back Left Min: 1.17, Back Right Min: 0.87
[rosout][INFO] 2025-03-27 14:10:25,620: Back Left Min: 1.17, Back Right Min: 0.87
[rosout][INFO] 2025-03-27 14:10:25,723: Back Left Min: 1.17, Back Right Min: 0.87
[rosout][INFO] 2025-03-27 14:10:25,820: Back Left Min: 1.17, Back Right Min: 0.87
[rosout][INFO] 2025-03-27 14:10:25,923: Back Left Min: 1.17, Back Right Min: 0.87
[rosout][INFO] 2025-03-27 14:10:26,020: Back Left Min: 1.17, Back Right Min: 0.87
[rosout][INFO] 2025-03-27 14:10:26,123: Back Left Min: 1.17, Back Right Min: 0.87
[rospy.core][INFO] 2025-03-27 14:10:26,148: signal_shutdown [signal-2]
[rospy.internal][INFO] 2025-03-27 14:10:26,159: topic[/rosout] removing connection to /rosout
[rospy.internal][INFO] 2025-03-27 14:10:26,159: topic[/RosAria/sonar] removing connection to http://localhost:37299/
[rospy.impl.masterslave][INFO] 2025-03-27 14:10:26,160: signal-2
[rospy.core][INFO] 2025-03-27 14:10:26,293: signal_shutdown [atexit]
