[rospy.client][INFO] 2025-04-11 14:19:42,391: init_node, name[/sonar_processor_12942_1744355982379], pid[12942]
[xmlrpc][INFO] 2025-04-11 14:19:42,391: XML-RPC server binding to 127.0.0.1:0
[xmlrpc][INFO] 2025-04-11 14:19:42,391: Started XML-RPC server [http://localhost:32961/]
[rospy.init][INFO] 2025-04-11 14:19:42,391: ROS Slave URI: [http://localhost:32961/]
[rospy.impl.masterslave][INFO] 2025-04-11 14:19:42,391: _ready: http://localhost:32961/
[xmlrpc][INFO] 2025-04-11 14:19:42,392: xml rpc node: starting XML-RPC server
[rospy.registration][INFO] 2025-04-11 14:19:42,392: Registering with master node http://localhost:11311
[rospy.init][INFO] 2025-04-11 14:19:42,492: registered with master
[rospy.rosout][INFO] 2025-04-11 14:19:42,492: initializing /rosout core topic
[rospy.rosout][INFO] 2025-04-11 14:19:42,498: connected to core topic /rosout
[rospy.simtime][INFO] 2025-04-11 14:19:42,501: /use_sim_time is not set, will not subscribe to simulated time [/clock] topic
[rosout][INFO] 2025-04-11 14:19:42,516: Sonar processor initialized
[rospy.internal][INFO] 2025-04-11 14:19:42,559: topic[/RosAria/sonar] adding connection to [http://localhost:35503/], count 0
[rosout][INFO] 2025-04-11 14:19:42,646: Back Left Min: 0.95, Back Right Min: 0.73
[rospy.internal][INFO] 2025-04-11 14:19:42,719: topic[/rosout] adding connection to [/rosout], count 0
[rosout][INFO] 2025-04-11 14:19:42,743: Back Left Min: 0.95, Back Right Min: 0.73
[rosout][INFO] 2025-04-11 14:19:42,847: Back Left Min: 0.95, Back Right Min: 0.96
[rosout][INFO] 2025-04-11 14:19:42,943: Back Left Min: 0.92, Back Right Min: 0.96
[rosout][INFO] 2025-04-11 14:19:43,047: Back Left Min: 0.92, Back Right Min: 0.96
[rosout][INFO] 2025-04-11 14:19:43,144: Back Left Min: 0.92, Back Right Min: 0.96
[rosout][INFO] 2025-04-11 14:19:43,247: Back Left Min: 0.95, Back Right Min: 0.96
[rosout][INFO] 2025-04-11 14:19:43,343: Back Left Min: 0.95, Back Right Min: 0.96
[rosout][INFO] 2025-04-11 14:19:43,446: Back Left Min: 0.95, Back Right Min: 0.96
[rosout][INFO] 2025-04-11 14:19:43,543: Back Left Min: 0.95, Back Right Min: 0.96
[rosout][INFO] 2025-04-11 14:19:43,646: Back Left Min: 0.95, Back Right Min: 0.96
[rosout][INFO] 2025-04-11 14:19:43,743: Back Left Min: 0.95, Back Right Min: 0.96
[rosout][INFO] 2025-04-11 14:19:43,846: Back Left Min: 0.95, Back Right Min: 0.96
[rosout][INFO] 2025-04-11 14:19:43,943: Back Left Min: 0.95, Back Right Min: 0.96
[rosout][INFO] 2025-04-11 14:19:44,046: Back Left Min: 0.95, Back Right Min: 0.96
[rosout][INFO] 2025-04-11 14:19:44,143: Back Left Min: 0.95, Back Right Min: 0.96
[rosout][INFO] 2025-04-11 14:19:44,246: Back Left Min: 0.95, Back Right Min: 0.96
[rosout][INFO] 2025-04-11 14:19:44,343: Back Left Min: 0.95, Back Right Min: 0.96
[rosout][INFO] 2025-04-11 14:19:44,446: Back Left Min: 0.95, Back Right Min: 0.96
[rosout][INFO] 2025-04-11 14:19:44,543: Back Left Min: 0.95, Back Right Min: 0.96
[rosout][INFO] 2025-04-11 14:19:44,646: Back Left Min: 0.94, Back Right Min: 0.96
[rosout][INFO] 2025-04-11 14:19:44,743: Back Left Min: 0.94, Back Right Min: 0.96
[rosout][INFO] 2025-04-11 14:19:44,847: Back Left Min: 0.95, Back Right Min: 0.96
[rosout][INFO] 2025-04-11 14:19:44,943: Back Left Min: 0.95, Back Right Min: 0.96
[rosout][INFO] 2025-04-11 14:19:45,047: Back Left Min: 0.95, Back Right Min: 0.96
[rosout][INFO] 2025-04-11 14:19:45,144: Back Left Min: 0.95, Back Right Min: 0.96
[rosout][INFO] 2025-04-11 14:19:45,247: Back Left Min: 0.95, Back Right Min: 0.96
[rosout][INFO] 2025-04-11 14:19:45,344: Back Left Min: 0.95, Back Right Min: 0.96
[rosout][INFO] 2025-04-11 14:19:45,447: Back Left Min: 0.92, Back Right Min: 0.96
[rosout][INFO] 2025-04-11 14:19:45,544: Back Left Min: 0.92, Back Right Min: 0.96
[rosout][INFO] 2025-04-11 14:19:45,647: Back Left Min: 0.92, Back Right Min: 0.96
[rosout][INFO] 2025-04-11 14:19:45,744: Back Left Min: 0.92, Back Right Min: 0.96
[rosout][INFO] 2025-04-11 14:19:45,847: Back Left Min: 0.92, Back Right Min: 0.96
[rosout][INFO] 2025-04-11 14:19:45,944: Back Left Min: 0.92, Back Right Min: 0.96
[rosout][INFO] 2025-04-11 14:19:46,047: Back Left Min: 0.93, Back Right Min: 0.96
[rosout][INFO] 2025-04-11 14:19:46,144: Back Left Min: 0.93, Back Right Min: 0.96
[rosout][INFO] 2025-04-11 14:19:46,247: Back Left Min: 0.94, Back Right Min: 0.96
[rosout][INFO] 2025-04-11 14:19:46,344: Back Left Min: 0.94, Back Right Min: 0.96
[rosout][INFO] 2025-04-11 14:19:46,447: Back Left Min: 0.94, Back Right Min: 0.96
[rosout][INFO] 2025-04-11 14:19:46,544: Back Left Min: 0.82, Back Right Min: 0.96
[rosout][INFO] 2025-04-11 14:19:46,647: Back Left Min: 0.82, Back Right Min: 0.96
[rosout][INFO] 2025-04-11 14:19:46,744: Back Left Min: 0.82, Back Right Min: 0.96
[rosout][INFO] 2025-04-11 14:19:46,847: Back Left Min: 0.80, Back Right Min: 1.00
[rosout][INFO] 2025-04-11 14:19:46,944: Back Left Min: 0.80, Back Right Min: 1.00
[rosout][INFO] 2025-04-11 14:19:47,047: Back Left Min: 0.80, Back Right Min: 0.97
[rosout][INFO] 2025-04-11 14:19:47,144: Back Left Min: 0.79, Back Right Min: 0.97
[rosout][INFO] 2025-04-11 14:19:47,248: Back Left Min: 0.79, Back Right Min: 0.97
[rosout][INFO] 2025-04-11 14:19:47,344: Back Left Min: 0.79, Back Right Min: 0.99
[rosout][INFO] 2025-04-11 14:19:47,448: Back Left Min: 0.79, Back Right Min: 0.99
[rosout][INFO] 2025-04-11 14:19:47,545: Back Left Min: 0.79, Back Right Min: 0.99
[rosout][INFO] 2025-04-11 14:19:47,648: Back Left Min: 0.79, Back Right Min: 0.98
[rosout][INFO] 2025-04-11 14:19:47,745: Back Left Min: 0.79, Back Right Min: 0.98
[rosout][INFO] 2025-04-11 14:19:47,848: Back Left Min: 0.79, Back Right Min: 0.98
[rosout][INFO] 2025-04-11 14:19:47,945: Back Left Min: 0.79, Back Right Min: 0.97
[rosout][INFO] 2025-04-11 14:19:48,048: Back Left Min: 0.79, Back Right Min: 0.97
[rosout][INFO] 2025-04-11 14:19:48,145: Back Left Min: 0.79, Back Right Min: 0.97
[rosout][INFO] 2025-04-11 14:19:48,248: Back Left Min: 0.80, Back Right Min: 0.97
[rosout][INFO] 2025-04-11 14:19:48,345: Back Left Min: 0.80, Back Right Min: 0.97
[rosout][INFO] 2025-04-11 14:19:48,448: Back Left Min: 0.80, Back Right Min: 0.96
[rosout][INFO] 2025-04-11 14:19:48,545: Back Left Min: 0.80, Back Right Min: 0.96
[rosout][INFO] 2025-04-11 14:19:48,648: Back Left Min: 0.80, Back Right Min: 0.96
[rosout][INFO] 2025-04-11 14:19:48,745: Back Left Min: 0.80, Back Right Min: 0.96
[rosout][INFO] 2025-04-11 14:19:48,848: Back Left Min: 0.85, Back Right Min: 0.96
[rosout][INFO] 2025-04-11 14:19:48,945: Back Left Min: 0.85, Back Right Min: 0.96
[rosout][INFO] 2025-04-11 14:19:49,048: Back Left Min: 0.94, Back Right Min: 0.96
[rosout][INFO] 2025-04-11 14:19:49,145: Back Left Min: 0.94, Back Right Min: 0.96
[rosout][INFO] 2025-04-11 14:19:49,248: Back Left Min: 0.94, Back Right Min: 0.96
[rosout][INFO] 2025-04-11 14:19:49,345: Back Left Min: 0.84, Back Right Min: 0.96
[rosout][INFO] 2025-04-11 14:19:49,448: Back Left Min: 0.84, Back Right Min: 0.96
[rosout][INFO] 2025-04-11 14:19:49,545: Back Left Min: 0.84, Back Right Min: 0.96
[rosout][INFO] 2025-04-11 14:19:49,649: Back Left Min: 0.93, Back Right Min: 0.96
[rosout][INFO] 2025-04-11 14:19:49,745: Back Left Min: 0.93, Back Right Min: 0.96
[rosout][INFO] 2025-04-11 14:19:49,849: Back Left Min: 0.93, Back Right Min: 0.96
[rosout][INFO] 2025-04-11 14:19:49,946: Back Left Min: 0.93, Back Right Min: 0.96
[rosout][INFO] 2025-04-11 14:19:50,049: Back Left Min: 0.93, Back Right Min: 0.96
[rosout][INFO] 2025-04-11 14:19:50,146: Back Left Min: 0.93, Back Right Min: 0.96
[rosout][INFO] 2025-04-11 14:19:50,249: Back Left Min: 0.95, Back Right Min: 0.96
[rosout][INFO] 2025-04-11 14:19:50,346: Back Left Min: 0.95, Back Right Min: 0.96
[rosout][INFO] 2025-04-11 14:19:50,449: Back Left Min: 0.95, Back Right Min: 0.96
[rosout][INFO] 2025-04-11 14:19:50,546: Back Left Min: 0.95, Back Right Min: 0.96
[rosout][INFO] 2025-04-11 14:19:50,649: Back Left Min: 0.95, Back Right Min: 0.96
[rosout][INFO] 2025-04-11 14:19:50,746: Back Left Min: 0.95, Back Right Min: 0.96
[rosout][INFO] 2025-04-11 14:19:50,849: Back Left Min: 0.95, Back Right Min: 0.96
[rosout][INFO] 2025-04-11 14:19:50,946: Back Left Min: 0.95, Back Right Min: 0.96
[rosout][INFO] 2025-04-11 14:19:51,049: Back Left Min: 0.95, Back Right Min: 0.96
[rosout][INFO] 2025-04-11 14:19:51,146: Back Left Min: 0.95, Back Right Min: 0.96
[rosout][INFO] 2025-04-11 14:19:51,249: Back Left Min: 0.95, Back Right Min: 0.96
[rosout][INFO] 2025-04-11 14:19:51,346: Back Left Min: 0.95, Back Right Min: 0.96
[rosout][INFO] 2025-04-11 14:19:51,449: Back Left Min: 0.95, Back Right Min: 0.96
[rosout][INFO] 2025-04-11 14:19:51,546: Back Left Min: 0.95, Back Right Min: 0.96
[rosout][INFO] 2025-04-11 14:19:51,649: Back Left Min: 0.95, Back Right Min: 0.96
[rosout][INFO] 2025-04-11 14:19:51,746: Back Left Min: 0.95, Back Right Min: 0.96
[rosout][INFO] 2025-04-11 14:19:51,849: Back Left Min: 0.95, Back Right Min: 0.96
[rosout][INFO] 2025-04-11 14:19:51,946: Back Left Min: 0.95, Back Right Min: 0.96
[rosout][INFO] 2025-04-11 14:19:52,050: Back Left Min: 0.95, Back Right Min: 0.96
[rosout][INFO] 2025-04-11 14:19:52,146: Back Left Min: 0.95, Back Right Min: 0.96
[rosout][INFO] 2025-04-11 14:19:52,250: Back Left Min: 0.95, Back Right Min: 0.96
[rosout][INFO] 2025-04-11 14:19:52,347: Back Left Min: 0.95, Back Right Min: 0.96
[rosout][INFO] 2025-04-11 14:19:52,450: Back Left Min: 0.95, Back Right Min: 0.96
[rosout][INFO] 2025-04-11 14:19:52,547: Back Left Min: 0.95, Back Right Min: 0.96
[rosout][INFO] 2025-04-11 14:19:52,650: Back Left Min: 0.95, Back Right Min: 0.96
[rosout][INFO] 2025-04-11 14:19:52,747: Back Left Min: 0.95, Back Right Min: 0.96
[rosout][INFO] 2025-04-11 14:19:52,850: Back Left Min: 0.95, Back Right Min: 0.96
[rosout][INFO] 2025-04-11 14:19:52,947: Back Left Min: 0.95, Back Right Min: 0.96
[rosout][INFO] 2025-04-11 14:19:53,050: Back Left Min: 0.95, Back Right Min: 0.96
[rosout][INFO] 2025-04-11 14:19:53,147: Back Left Min: 0.95, Back Right Min: 0.96
[rosout][INFO] 2025-04-11 14:19:53,250: Back Left Min: 0.95, Back Right Min: 0.96
[rosout][INFO] 2025-04-11 14:19:53,347: Back Left Min: 0.95, Back Right Min: 0.96
[rosout][INFO] 2025-04-11 14:19:53,450: Back Left Min: 0.95, Back Right Min: 0.96
[rosout][INFO] 2025-04-11 14:19:53,547: Back Left Min: 0.95, Back Right Min: 0.96
[rosout][INFO] 2025-04-11 14:19:53,650: Back Left Min: 0.94, Back Right Min: 0.96
[rosout][INFO] 2025-04-11 14:19:53,747: Back Left Min: 0.94, Back Right Min: 0.96
[rosout][INFO] 2025-04-11 14:19:53,850: Back Left Min: 0.94, Back Right Min: 0.96
[rosout][INFO] 2025-04-11 14:19:53,947: Back Left Min: 0.94, Back Right Min: 0.96
[rosout][INFO] 2025-04-11 14:19:54,050: Back Left Min: 0.94, Back Right Min: 0.97
[rosout][INFO] 2025-04-11 14:19:54,147: Back Left Min: 0.81, Back Right Min: 0.97
[rosout][INFO] 2025-04-11 14:19:54,251: Back Left Min: 0.81, Back Right Min: 0.97
[rosout][INFO] 2025-04-11 14:19:54,347: Back Left Min: 0.81, Back Right Min: 0.95
[rosout][INFO] 2025-04-11 14:19:54,451: Back Left Min: 0.84, Back Right Min: 0.95
[rosout][INFO] 2025-04-11 14:19:54,547: Back Left Min: 0.84, Back Right Min: 0.95
[rosout][INFO] 2025-04-11 14:19:54,651: Back Left Min: 0.93, Back Right Min: 0.72
[rosout][INFO] 2025-04-11 14:19:54,748: Back Left Min: 0.80, Back Right Min: 0.72
[rosout][INFO] 2025-04-11 14:19:54,851: Back Left Min: 0.80, Back Right Min: 0.77
[rosout][INFO] 2025-04-11 14:19:54,948: Back Left Min: 0.80, Back Right Min: 0.77
[rosout][INFO] 2025-04-11 14:19:55,051: Back Left Min: 0.81, Back Right Min: 0.77
[rosout][INFO] 2025-04-11 14:19:55,148: Back Left Min: 0.81, Back Right Min: 1.74
[rosout][INFO] 2025-04-11 14:19:55,251: Back Left Min: 0.81, Back Right Min: 1.70
[rosout][INFO] 2025-04-11 14:19:55,348: Back Left Min: 0.93, Back Right Min: 1.70
[rosout][INFO] 2025-04-11 14:19:55,451: Back Left Min: 0.93, Back Right Min: 1.70
[rosout][INFO] 2025-04-11 14:19:55,548: Back Left Min: 0.93, Back Right Min: 1.79
[rosout][INFO] 2025-04-11 14:19:55,651: Back Left Min: 0.92, Back Right Min: 1.70
[rosout][INFO] 2025-04-11 14:19:55,748: Back Left Min: 0.92, Back Right Min: 0.74
[rosout][INFO] 2025-04-11 14:19:55,851: Back Left Min: 0.92, Back Right Min: 0.74
[rosout][INFO] 2025-04-11 14:19:55,948: Back Left Min: 0.91, Back Right Min: 0.74
[rosout][INFO] 2025-04-11 14:19:56,051: Back Left Min: 0.91, Back Right Min: 1.71
[rosout][INFO] 2025-04-11 14:19:56,148: Back Left Min: 0.91, Back Right Min: 1.71
[rosout][INFO] 2025-04-11 14:19:56,251: Back Left Min: 0.85, Back Right Min: 0.70
[rosout][INFO] 2025-04-11 14:19:56,348: Back Left Min: 0.85, Back Right Min: 0.70
[rosout][INFO] 2025-04-11 14:19:56,451: Back Left Min: 0.85, Back Right Min: 0.70
[rosout][INFO] 2025-04-11 14:19:56,548: Back Left Min: 0.81, Back Right Min: 1.71
[rosout][INFO] 2025-04-11 14:19:56,651: Back Left Min: 0.81, Back Right Min: 1.71
[rosout][INFO] 2025-04-11 14:19:56,748: Back Left Min: 0.81, Back Right Min: 1.70
[rosout][INFO] 2025-04-11 14:19:56,852: Back Left Min: 1.12, Back Right Min: 1.70
[rosout][INFO] 2025-04-11 14:19:56,948: Back Left Min: 1.12, Back Right Min: 1.70
[rosout][INFO] 2025-04-11 14:19:57,052: Back Left Min: 2.06, Back Right Min: 0.77
[rosout][INFO] 2025-04-11 14:19:57,148: Back Left Min: 0.92, Back Right Min: 0.77
[rosout][INFO] 2025-04-11 14:19:57,252: Back Left Min: 0.92, Back Right Min: 0.77
[rosout][INFO] 2025-04-11 14:19:57,349: Back Left Min: 0.64, Back Right Min: 1.69
[rosout][INFO] 2025-04-11 14:19:57,452: Back Left Min: 0.64, Back Right Min: 0.69
[rosout][INFO] 2025-04-11 14:19:57,549: Back Left Min: 0.64, Back Right Min: 0.69
[rosout][INFO] 2025-04-11 14:19:57,652: Back Left Min: 0.81, Back Right Min: 1.69
[rosout][INFO] 2025-04-11 14:19:57,749: Back Left Min: 0.90, Back Right Min: 0.74
[rosout][INFO] 2025-04-11 14:19:57,852: Back Left Min: 0.90, Back Right Min: 0.74
[rosout][INFO] 2025-04-11 14:19:57,949: Back Left Min: 0.93, Back Right Min: 0.74
[rosout][INFO] 2025-04-11 14:19:58,052: Back Left Min: 0.93, Back Right Min: 1.69
[rosout][INFO] 2025-04-11 14:19:58,149: Back Left Min: 0.93, Back Right Min: 1.69
[rosout][INFO] 2025-04-11 14:19:58,252: Back Left Min: 0.81, Back Right Min: 0.70
[rosout][INFO] 2025-04-11 14:19:58,349: Back Left Min: 0.81, Back Right Min: 0.70
[rosout][INFO] 2025-04-11 14:19:58,452: Back Left Min: 0.81, Back Right Min: 1.68
[rosout][INFO] 2025-04-11 14:19:58,549: Back Left Min: 0.80, Back Right Min: 0.75
[rosout][INFO] 2025-04-11 14:19:58,652: Back Left Min: 0.80, Back Right Min: 0.75
[rosout][INFO] 2025-04-11 14:19:58,749: Back Left Min: 0.80, Back Right Min: 0.75
[rosout][INFO] 2025-04-11 14:19:58,852: Back Left Min: 0.85, Back Right Min: 1.46
[rosout][INFO] 2025-04-11 14:19:58,949: Back Left Min: 0.85, Back Right Min: 1.46
[rosout][INFO] 2025-04-11 14:19:59,053: Back Left Min: 0.94, Back Right Min: 1.46
[rosout][INFO] 2025-04-11 14:19:59,149: Back Left Min: 1.12, Back Right Min: 1.71
[rosout][INFO] 2025-04-11 14:19:59,253: Back Left Min: 1.12, Back Right Min: 1.71
[rosout][INFO] 2025-04-11 14:19:59,349: Back Left Min: 1.12, Back Right Min: 0.69
[rosout][INFO] 2025-04-11 14:19:59,453: Back Left Min: 0.81, Back Right Min: 0.69
[rosout][INFO] 2025-04-11 14:19:59,550: Back Left Min: 0.81, Back Right Min: 0.69
[rosout][INFO] 2025-04-11 14:19:59,653: Back Left Min: 1.81, Back Right Min: 2.06
[rosout][INFO] 2025-04-11 14:19:59,750: Back Left Min: 1.74, Back Right Min: 1.06
[rosout][INFO] 2025-04-11 14:19:59,853: Back Left Min: 1.74, Back Right Min: 1.06
[rosout][INFO] 2025-04-11 14:19:59,950: Back Left Min: 1.74, Back Right Min: 0.77
[rosout][INFO] 2025-04-11 14:20:00,053: Back Left Min: 1.73, Back Right Min: 0.77
[rosout][INFO] 2025-04-11 14:20:00,150: Back Left Min: 1.73, Back Right Min: 0.70
[rosout][INFO] 2025-04-11 14:20:00,253: Back Left Min: 1.73, Back Right Min: 0.70
[rosout][INFO] 2025-04-11 14:20:00,350: Back Left Min: 1.80, Back Right Min: 0.70
[rosout][INFO] 2025-04-11 14:20:00,453: Back Left Min: 1.78, Back Right Min: 1.45
[rosout][INFO] 2025-04-11 14:20:00,550: Back Left Min: 1.78, Back Right Min: 1.45
[rosout][INFO] 2025-04-11 14:20:00,653: Back Left Min: 1.75, Back Right Min: 1.01
[rosout][INFO] 2025-04-11 14:20:00,750: Back Left Min: 1.75, Back Right Min: 1.01
[rosout][INFO] 2025-04-11 14:20:00,853: Back Left Min: 1.75, Back Right Min: 1.47
[rosout][INFO] 2025-04-11 14:20:00,950: Back Left Min: 1.78, Back Right Min: 1.47
[rosout][INFO] 2025-04-11 14:20:01,053: Back Left Min: 1.85, Back Right Min: 1.46
[rosout][INFO] 2025-04-11 14:20:01,150: Back Left Min: 1.85, Back Right Min: 1.46
[rosout][INFO] 2025-04-11 14:20:01,253: Back Left Min: 1.85, Back Right Min: 1.01
[rosout][INFO] 2025-04-11 14:20:01,350: Back Left Min: 1.81, Back Right Min: 0.71
[rosout][INFO] 2025-04-11 14:20:01,454: Back Left Min: 1.81, Back Right Min: 0.71
[rosout][INFO] 2025-04-11 14:20:01,550: Back Left Min: 1.81, Back Right Min: 0.71
[rosout][INFO] 2025-04-11 14:20:01,654: Back Left Min: 1.73, Back Right Min: 1.01
[rosout][INFO] 2025-04-11 14:20:01,750: Back Left Min: 1.73, Back Right Min: 1.01
[rosout][INFO] 2025-04-11 14:20:01,854: Back Left Min: 1.75, Back Right Min: 1.01
[rosout][INFO] 2025-04-11 14:20:01,951: Back Left Min: 1.75, Back Right Min: 1.01
[rosout][INFO] 2025-04-11 14:20:02,054: Back Left Min: 1.75, Back Right Min: 1.01
[rosout][INFO] 2025-04-11 14:20:02,151: Back Left Min: 1.75, Back Right Min: 1.01
[rosout][INFO] 2025-04-11 14:20:02,254: Back Left Min: 1.75, Back Right Min: 1.01
[rosout][INFO] 2025-04-11 14:20:02,351: Back Left Min: 1.75, Back Right Min: 1.01
[rosout][INFO] 2025-04-11 14:20:02,454: Back Left Min: 1.75, Back Right Min: 0.74
[rosout][INFO] 2025-04-11 14:20:02,551: Back Left Min: 1.75, Back Right Min: 0.74
[rosout][INFO] 2025-04-11 14:20:02,654: Back Left Min: 1.75, Back Right Min: 0.74
[rosout][INFO] 2025-04-11 14:20:02,751: Back Left Min: 1.75, Back Right Min: 0.69
[rosout][INFO] 2025-04-11 14:20:02,855: Back Left Min: 1.75, Back Right Min: 0.69
[rosout][INFO] 2025-04-11 14:20:02,951: Back Left Min: 1.75, Back Right Min: 0.69
[rosout][INFO] 2025-04-11 14:20:03,055: Back Left Min: 1.75, Back Right Min: 0.76
[rosout][INFO] 2025-04-11 14:20:03,151: Back Left Min: 1.75, Back Right Min: 0.76
[rosout][INFO] 2025-04-11 14:20:03,255: Back Left Min: 1.31, Back Right Min: 1.01
[rosout][INFO] 2025-04-11 14:20:03,351: Back Left Min: 1.31, Back Right Min: 1.01
[rosout][INFO] 2025-04-11 14:20:03,455: Back Left Min: 1.31, Back Right Min: 1.01
[rosout][INFO] 2025-04-11 14:20:03,551: Back Left Min: 1.40, Back Right Min: 1.03
[rosout][INFO] 2025-04-11 14:20:03,655: Back Left Min: 1.33, Back Right Min: 1.03
[rosout][INFO] 2025-04-11 14:20:03,751: Back Left Min: 1.24, Back Right Min: 1.03
[rosout][INFO] 2025-04-11 14:20:03,855: Back Left Min: 1.24, Back Right Min: 1.07
[rosout][INFO] 2025-04-11 14:20:03,951: Back Left Min: 1.24, Back Right Min: 1.07
[rosout][INFO] 2025-04-11 14:20:04,055: Back Left Min: 1.34, Back Right Min: 1.14
[rosout][INFO] 2025-04-11 14:20:04,151: Back Left Min: 1.51, Back Right Min: 0.74
[rosout][INFO] 2025-04-11 14:20:04,255: Back Left Min: 1.82, Back Right Min: 0.74
[rosout][INFO] 2025-04-11 14:20:04,352: Back Left Min: 1.82, Back Right Min: 0.74
[rosout][INFO] 2025-04-11 14:20:04,455: Back Left Min: 1.86, Back Right Min: 1.24
[rosout][INFO] 2025-04-11 14:20:04,552: Back Left Min: 1.86, Back Right Min: 1.24
[rosout][INFO] 2025-04-11 14:20:04,655: Back Left Min: 1.99, Back Right Min: 2.00
[rosout][INFO] 2025-04-11 14:20:04,752: Back Left Min: 1.99, Back Right Min: 2.00
[rosout][INFO] 2025-04-11 14:20:04,855: Back Left Min: 1.99, Back Right Min: 2.09
[rosout][INFO] 2025-04-11 14:20:04,952: Back Left Min: 2.05, Back Right Min: 1.48
[rosout][INFO] 2025-04-11 14:20:05,055: Back Left Min: 2.05, Back Right Min: 1.48
[rosout][INFO] 2025-04-11 14:20:05,152: Back Left Min: 2.05, Back Right Min: 1.48
[rosout][INFO] 2025-04-11 14:20:05,255: Back Left Min: 2.06, Back Right Min: 1.54
[rosout][INFO] 2025-04-11 14:20:05,352: Back Left Min: 2.06, Back Right Min: 1.54
[rosout][INFO] 2025-04-11 14:20:05,455: Back Left Min: 2.06, Back Right Min: 1.54
[rosout][INFO] 2025-04-11 14:20:05,552: Back Left Min: 2.07, Back Right Min: 0.72
[rosout][INFO] 2025-04-11 14:20:05,655: Back Left Min: 2.07, Back Right Min: 0.72
[rosout][INFO] 2025-04-11 14:20:05,752: Back Left Min: 2.07, Back Right Min: 0.72
[rosout][INFO] 2025-04-11 14:20:05,855: Back Left Min: 2.07, Back Right Min: 1.58
[rosout][INFO] 2025-04-11 14:20:05,952: Back Left Min: 1.84, Back Right Min: 1.58
[rosout][INFO] 2025-04-11 14:20:06,055: Back Left Min: 1.27, Back Right Min: 1.58
[rosout][INFO] 2025-04-11 14:20:06,152: Back Left Min: 1.19, Back Right Min: 1.58
[rosout][INFO] 2025-04-11 14:20:06,256: Back Left Min: 1.19, Back Right Min: 1.58
[rosout][INFO] 2025-04-11 14:20:06,352: Back Left Min: 1.19, Back Right Min: 2.30
[rosout][INFO] 2025-04-11 14:20:06,456: Back Left Min: 2.04, Back Right Min: 1.59
[rosout][INFO] 2025-04-11 14:20:06,553: Back Left Min: 2.04, Back Right Min: 1.59
[rosout][INFO] 2025-04-11 14:20:06,656: Back Left Min: 2.05, Back Right Min: 2.28
[rosout][INFO] 2025-04-11 14:20:06,753: Back Left Min: 2.05, Back Right Min: 2.28
[rosout][INFO] 2025-04-11 14:20:06,856: Back Left Min: 2.05, Back Right Min: 0.69
[rosout][INFO] 2025-04-11 14:20:06,953: Back Left Min: 2.04, Back Right Min: 0.69
[rosout][INFO] 2025-04-11 14:20:07,056: Back Left Min: 2.04, Back Right Min: 0.69
[rosout][INFO] 2025-04-11 14:20:07,153: Back Left Min: 2.04, Back Right Min: 2.22
[rosout][INFO] 2025-04-11 14:20:07,256: Back Left Min: 2.04, Back Right Min: 0.75
[rosout][INFO] 2025-04-11 14:20:07,353: Back Left Min: 2.04, Back Right Min: 0.75
[rosout][INFO] 2025-04-11 14:20:07,456: Back Left Min: 2.04, Back Right Min: 0.75
[rosout][INFO] 2025-04-11 14:20:07,553: Back Left Min: 2.04, Back Right Min: 2.22
[rosout][INFO] 2025-04-11 14:20:07,656: Back Left Min: 2.04, Back Right Min: 2.22
[rosout][INFO] 2025-04-11 14:20:07,753: Back Left Min: 2.04, Back Right Min: 0.73
[rosout][INFO] 2025-04-11 14:20:07,856: Back Left Min: 2.04, Back Right Min: 0.73
[rosout][INFO] 2025-04-11 14:20:07,953: Back Left Min: 2.04, Back Right Min: 0.73
[rosout][INFO] 2025-04-11 14:20:08,056: Back Left Min: 2.05, Back Right Min: 1.57
[rosout][INFO] 2025-04-11 14:20:08,153: Back Left Min: 2.05, Back Right Min: 1.57
[rosout][INFO] 2025-04-11 14:20:08,256: Back Left Min: 2.05, Back Right Min: 1.57
[rosout][INFO] 2025-04-11 14:20:08,353: Back Left Min: 2.05, Back Right Min: 2.22
[rosout][INFO] 2025-04-11 14:20:08,456: Back Left Min: 2.05, Back Right Min: 2.22
[rosout][INFO] 2025-04-11 14:20:08,553: Back Left Min: 2.05, Back Right Min: 2.28
[rosout][INFO] 2025-04-11 14:20:08,657: Back Left Min: 2.04, Back Right Min: 2.28
[rosout][INFO] 2025-04-11 14:20:08,754: Back Left Min: 2.04, Back Right Min: 2.28
[rosout][INFO] 2025-04-11 14:20:08,857: Back Left Min: 2.04, Back Right Min: 0.70
[rosout][INFO] 2025-04-11 14:20:08,954: Back Left Min: 2.04, Back Right Min: 0.70
[rosout][INFO] 2025-04-11 14:20:09,057: Back Left Min: 2.04, Back Right Min: 0.70
[rosout][INFO] 2025-04-11 14:20:09,154: Back Left Min: 2.05, Back Right Min: 2.22
[rosout][INFO] 2025-04-11 14:20:09,257: Back Left Min: 2.05, Back Right Min: 2.22
[rosout][INFO] 2025-04-11 14:20:09,354: Back Left Min: 2.05, Back Right Min: 2.22
[rosout][INFO] 2025-04-11 14:20:09,457: Back Left Min: 2.05, Back Right Min: 2.22
[rosout][INFO] 2025-04-11 14:20:09,554: Back Left Min: 2.05, Back Right Min: 2.22
[rosout][INFO] 2025-04-11 14:20:09,657: Back Left Min: 2.05, Back Right Min: 2.23
[rosout][INFO] 2025-04-11 14:20:09,754: Back Left Min: 2.05, Back Right Min: 2.23
[rosout][INFO] 2025-04-11 14:20:09,857: Back Left Min: 2.05, Back Right Min: 2.23
[rosout][INFO] 2025-04-11 14:20:09,954: Back Left Min: 1.84, Back Right Min: 2.22
[rosout][INFO] 2025-04-11 14:20:10,057: Back Left Min: 1.18, Back Right Min: 2.22
[rosout][INFO] 2025-04-11 14:20:10,154: Back Left Min: 1.18, Back Right Min: 2.22
[rosout][INFO] 2025-04-11 14:20:10,257: Back Left Min: 1.28, Back Right Min: 0.70
[rosout][INFO] 2025-04-11 14:20:10,355: Back Left Min: 1.42, Back Right Min: 0.70
[rosout][INFO] 2025-04-11 14:20:10,457: Back Left Min: 1.42, Back Right Min: 0.70
[rosout][INFO] 2025-04-11 14:20:10,555: Back Left Min: 1.45, Back Right Min: 2.19
[rosout][INFO] 2025-04-11 14:20:10,657: Back Left Min: 1.45, Back Right Min: 2.19
[rosout][INFO] 2025-04-11 14:20:10,755: Back Left Min: 1.55, Back Right Min: 2.19
[rosout][INFO] 2025-04-11 14:20:10,857: Back Left Min: 1.56, Back Right Min: 0.71
[rosout][INFO] 2025-04-11 14:20:10,955: Back Left Min: 2.02, Back Right Min: 0.71
[rosout][INFO] 2025-04-11 14:20:11,058: Back Left Min: 2.03, Back Right Min: 0.71
[rosout][INFO] 2025-04-11 14:20:11,155: Back Left Min: 2.00, Back Right Min: 1.98
[rosout][INFO] 2025-04-11 14:20:11,258: Back Left Min: 2.00, Back Right Min: 1.98
[rosout][INFO] 2025-04-11 14:20:11,355: Back Left Min: 2.00, Back Right Min: 1.86
[rosout][INFO] 2025-04-11 14:20:11,458: Back Left Min: 1.16, Back Right Min: 1.86
[rosout][INFO] 2025-04-11 14:20:11,555: Back Left Min: 1.16, Back Right Min: 1.86
[rosout][INFO] 2025-04-11 14:20:11,658: Back Left Min: 1.16, Back Right Min: 0.77
[rosout][INFO] 2025-04-11 14:20:11,755: Back Left Min: 1.07, Back Right Min: 0.77
[rosout][INFO] 2025-04-11 14:20:11,858: Back Left Min: 1.07, Back Right Min: 0.77
[rosout][INFO] 2025-04-11 14:20:11,955: Back Left Min: 1.07, Back Right Min: 1.72
[rosout][INFO] 2025-04-11 14:20:12,058: Back Left Min: 1.03, Back Right Min: 1.72
[rosout][INFO] 2025-04-11 14:20:12,155: Back Left Min: 1.03, Back Right Min: 1.72
[rosout][INFO] 2025-04-11 14:20:12,258: Back Left Min: 1.03, Back Right Min: 0.76
[rosout][INFO] 2025-04-11 14:20:12,355: Back Left Min: 1.04, Back Right Min: 0.76
[rosout][INFO] 2025-04-11 14:20:12,458: Back Left Min: 1.04, Back Right Min: 0.76
[rosout][INFO] 2025-04-11 14:20:12,555: Back Left Min: 1.04, Back Right Min: 1.71
[rosout][INFO] 2025-04-11 14:20:12,658: Back Left Min: 1.03, Back Right Min: 1.71
[rosout][INFO] 2025-04-11 14:20:12,755: Back Left Min: 1.03, Back Right Min: 1.71
[rosout][INFO] 2025-04-11 14:20:12,858: Back Left Min: 1.04, Back Right Min: 1.71
[rosout][INFO] 2025-04-11 14:20:12,955: Back Left Min: 1.04, Back Right Min: 1.71
[rosout][INFO] 2025-04-11 14:20:13,058: Back Left Min: 1.04, Back Right Min: 0.75
[rosout][INFO] 2025-04-11 14:20:13,155: Back Left Min: 1.03, Back Right Min: 0.75
[rosout][INFO] 2025-04-11 14:20:13,258: Back Left Min: 1.03, Back Right Min: 0.75
[rosout][INFO] 2025-04-11 14:20:13,355: Back Left Min: 1.03, Back Right Min: 1.71
[rosout][INFO] 2025-04-11 14:20:13,459: Back Left Min: 1.04, Back Right Min: 1.71
[rosout][INFO] 2025-04-11 14:20:13,555: Back Left Min: 1.04, Back Right Min: 1.71
[rosout][INFO] 2025-04-11 14:20:13,659: Back Left Min: 1.04, Back Right Min: 0.74
[rosout][INFO] 2025-04-11 14:20:13,756: Back Left Min: 1.03, Back Right Min: 0.74
[rosout][INFO] 2025-04-11 14:20:13,859: Back Left Min: 1.03, Back Right Min: 0.74
[rosout][INFO] 2025-04-11 14:20:13,956: Back Left Min: 0.91, Back Right Min: 1.71
[rosout][INFO] 2025-04-11 14:20:14,059: Back Left Min: 0.91, Back Right Min: 1.71
[rosout][INFO] 2025-04-11 14:20:14,156: Back Left Min: 0.91, Back Right Min: 1.72
[rosout][INFO] 2025-04-11 14:20:14,259: Back Left Min: 1.03, Back Right Min: 1.03
[rosout][INFO] 2025-04-11 14:20:14,356: Back Left Min: 1.03, Back Right Min: 1.03
[rosout][INFO] 2025-04-11 14:20:14,459: Back Left Min: 1.03, Back Right Min: 0.76
[rosout][INFO] 2025-04-11 14:20:14,556: Back Left Min: 1.13, Back Right Min: 0.76
[rosout][INFO] 2025-04-11 14:20:14,659: Back Left Min: 1.16, Back Right Min: 0.76
[rosout][INFO] 2025-04-11 14:20:14,756: Back Left Min: 1.30, Back Right Min: 1.71
[rosout][INFO] 2025-04-11 14:20:14,859: Back Left Min: 1.46, Back Right Min: 1.71
[rosout][INFO] 2025-04-11 14:20:14,956: Back Left Min: 1.46, Back Right Min: 1.72
[rosout][INFO] 2025-04-11 14:20:15,059: Back Left Min: 1.86, Back Right Min: 1.04
[rosout][INFO] 2025-04-11 14:20:15,156: Back Left Min: 1.86, Back Right Min: 1.04
[rosout][INFO] 2025-04-11 14:20:15,259: Back Left Min: 1.92, Back Right Min: 1.03
[rosout][INFO] 2025-04-11 14:20:15,356: Back Left Min: 1.92, Back Right Min: 1.03
[rosout][INFO] 2025-04-11 14:20:15,459: Back Left Min: 1.92, Back Right Min: 1.03
[rosout][INFO] 2025-04-11 14:20:15,556: Back Left Min: 1.95, Back Right Min: 1.03
[rosout][INFO] 2025-04-11 14:20:15,659: Back Left Min: 1.95, Back Right Min: 1.03
[rosout][INFO] 2025-04-11 14:20:15,756: Back Left Min: 1.93, Back Right Min: 1.54
[rosout][INFO] 2025-04-11 14:20:15,860: Back Left Min: 1.92, Back Right Min: 0.73
[rosout][INFO] 2025-04-11 14:20:15,956: Back Left Min: 1.92, Back Right Min: 0.73
[rosout][INFO] 2025-04-11 14:20:16,060: Back Left Min: 1.91, Back Right Min: 0.73
[rosout][INFO] 2025-04-11 14:20:16,156: Back Left Min: 1.91, Back Right Min: 1.03
[rosout][INFO] 2025-04-11 14:20:16,260: Back Left Min: 1.88, Back Right Min: 1.56
[rosout][INFO] 2025-04-11 14:20:16,357: Back Left Min: 1.88, Back Right Min: 1.54
[rosout][INFO] 2025-04-11 14:20:16,460: Back Left Min: 1.03, Back Right Min: 0.79
[rosout][INFO] 2025-04-11 14:20:16,557: Back Left Min: 1.03, Back Right Min: 0.79
[rosout][INFO] 2025-04-11 14:20:16,660: Back Left Min: 1.03, Back Right Min: 0.79
[rosout][INFO] 2025-04-11 14:20:16,757: Back Left Min: 1.02, Back Right Min: 1.01
[rosout][INFO] 2025-04-11 14:20:16,860: Back Left Min: 1.02, Back Right Min: 1.53
[rosout][INFO] 2025-04-11 14:20:16,957: Back Left Min: 1.02, Back Right Min: 1.53
[rosout][INFO] 2025-04-11 14:20:17,060: Back Left Min: 0.97, Back Right Min: 1.53
[rosout][INFO] 2025-04-11 14:20:17,157: Back Left Min: 0.97, Back Right Min: 1.89
[rosout][INFO] 2025-04-11 14:20:17,260: Back Left Min: 0.97, Back Right Min: 0.74
[rosout][INFO] 2025-04-11 14:20:17,357: Back Left Min: 1.01, Back Right Min: 0.74
[rosout][INFO] 2025-04-11 14:20:17,460: Back Left Min: 1.01, Back Right Min: 0.74
[rosout][INFO] 2025-04-11 14:20:17,557: Back Left Min: 1.02, Back Right Min: 1.89
[rosout][INFO] 2025-04-11 14:20:17,660: Back Left Min: 1.02, Back Right Min: 1.54
[rosout][INFO] 2025-04-11 14:20:17,757: Back Left Min: 1.02, Back Right Min: 1.54
[rosout][INFO] 2025-04-11 14:20:17,860: Back Left Min: 0.98, Back Right Min: 0.75
[rosout][INFO] 2025-04-11 14:20:17,957: Back Left Min: 0.98, Back Right Min: 0.75
[rosout][INFO] 2025-04-11 14:20:18,060: Back Left Min: 0.98, Back Right Min: 0.75
[rosout][INFO] 2025-04-11 14:20:18,157: Back Left Min: 1.02, Back Right Min: 1.88
[rosout][INFO] 2025-04-11 14:20:18,261: Back Left Min: 1.02, Back Right Min: 1.88
[rosout][INFO] 2025-04-11 14:20:18,357: Back Left Min: 0.98, Back Right Min: 1.88
[rosout][INFO] 2025-04-11 14:20:18,461: Back Left Min: 0.98, Back Right Min: 0.79
[rosout][INFO] 2025-04-11 14:20:18,557: Back Left Min: 0.98, Back Right Min: 0.79
[rosout][INFO] 2025-04-11 14:20:18,661: Back Left Min: 0.99, Back Right Min: 0.77
[rosout][INFO] 2025-04-11 14:20:18,758: Back Left Min: 0.99, Back Right Min: 0.77
[rosout][INFO] 2025-04-11 14:20:18,861: Back Left Min: 0.98, Back Right Min: 0.77
[rosout][INFO] 2025-04-11 14:20:18,958: Back Left Min: 0.98, Back Right Min: 0.76
[rosout][INFO] 2025-04-11 14:20:19,061: Back Left Min: 0.98, Back Right Min: 0.76
[rosout][INFO] 2025-04-11 14:20:19,158: Back Left Min: 0.98, Back Right Min: 0.76
[rosout][INFO] 2025-04-11 14:20:19,261: Back Left Min: 0.98, Back Right Min: 0.74
[rosout][INFO] 2025-04-11 14:20:19,358: Back Left Min: 0.98, Back Right Min: 0.74
[rosout][INFO] 2025-04-11 14:20:19,461: Back Left Min: 0.98, Back Right Min: 0.74
[rosout][INFO] 2025-04-11 14:20:19,558: Back Left Min: 0.98, Back Right Min: 0.74
[rosout][INFO] 2025-04-11 14:20:19,661: Back Left Min: 0.98, Back Right Min: 0.74
[rosout][INFO] 2025-04-11 14:20:19,758: Back Left Min: 0.98, Back Right Min: 0.74
[rosout][INFO] 2025-04-11 14:20:19,861: Back Left Min: 0.98, Back Right Min: 0.73
[rosout][INFO] 2025-04-11 14:20:19,958: Back Left Min: 0.98, Back Right Min: 0.73
[rosout][INFO] 2025-04-11 14:20:20,061: Back Left Min: 0.99, Back Right Min: 2.02
[rosout][INFO] 2025-04-11 14:20:20,158: Back Left Min: 0.99, Back Right Min: 2.02
[rosout][INFO] 2025-04-11 14:20:20,261: Back Left Min: 1.02, Back Right Min: 1.89
[rosout][INFO] 2025-04-11 14:20:20,358: Back Left Min: 1.02, Back Right Min: 1.89
[rosout][INFO] 2025-04-11 14:20:20,461: Back Left Min: 1.01, Back Right Min: 1.89
[rosout][INFO] 2025-04-11 14:20:20,558: Back Left Min: 1.01, Back Right Min: 1.89
[rosout][INFO] 2025-04-11 14:20:20,662: Back Left Min: 1.01, Back Right Min: 1.89
[rosout][INFO] 2025-04-11 14:20:20,758: Back Left Min: 1.00, Back Right Min: 1.89
[rosout][INFO] 2025-04-11 14:20:20,862: Back Left Min: 1.00, Back Right Min: 1.89
[rosout][INFO] 2025-04-11 14:20:20,958: Back Left Min: 1.00, Back Right Min: 1.89
[rosout][INFO] 2025-04-11 14:20:21,062: Back Left Min: 1.01, Back Right Min: 1.89
[rosout][INFO] 2025-04-11 14:20:21,159: Back Left Min: 1.01, Back Right Min: 1.89
[rosout][INFO] 2025-04-11 14:20:21,262: Back Left Min: 1.01, Back Right Min: 0.72
[rosout][INFO] 2025-04-11 14:20:21,359: Back Left Min: 1.00, Back Right Min: 0.72
[rosout][INFO] 2025-04-11 14:20:21,462: Back Left Min: 1.00, Back Right Min: 1.89
[rosout][INFO] 2025-04-11 14:20:21,559: Back Left Min: 1.00, Back Right Min: 1.89
[rosout][INFO] 2025-04-11 14:20:21,662: Back Left Min: 1.00, Back Right Min: 1.89
[rosout][INFO] 2025-04-11 14:20:21,759: Back Left Min: 1.00, Back Right Min: 1.89
[rosout][INFO] 2025-04-11 14:20:21,862: Back Left Min: 1.01, Back Right Min: 1.89
[rosout][INFO] 2025-04-11 14:20:21,959: Back Left Min: 1.01, Back Right Min: 1.89
[rosout][INFO] 2025-04-11 14:20:22,062: Back Left Min: 1.01, Back Right Min: 1.89
[rosout][INFO] 2025-04-11 14:20:22,159: Back Left Min: 1.02, Back Right Min: 1.89
[rosout][INFO] 2025-04-11 14:20:22,262: Back Left Min: 1.02, Back Right Min: 1.89
[rosout][INFO] 2025-04-11 14:20:22,359: Back Left Min: 1.02, Back Right Min: 1.89
[rosout][INFO] 2025-04-11 14:20:22,462: Back Left Min: 1.03, Back Right Min: 1.89
[rosout][INFO] 2025-04-11 14:20:22,559: Back Left Min: 1.03, Back Right Min: 1.89
[rosout][INFO] 2025-04-11 14:20:22,662: Back Left Min: 1.03, Back Right Min: 0.72
[rosout][INFO] 2025-04-11 14:20:22,759: Back Left Min: 1.02, Back Right Min: 0.72
[rosout][INFO] 2025-04-11 14:20:22,862: Back Left Min: 1.02, Back Right Min: 1.89
[rosout][INFO] 2025-04-11 14:20:22,959: Back Left Min: 1.02, Back Right Min: 1.72
[rosout][INFO] 2025-04-11 14:20:23,063: Back Left Min: 1.02, Back Right Min: 1.72
[rosout][INFO] 2025-04-11 14:20:23,159: Back Left Min: 1.02, Back Right Min: 0.79
[rosout][INFO] 2025-04-11 14:20:23,263: Back Left Min: 1.02, Back Right Min: 0.79
[rosout][INFO] 2025-04-11 14:20:23,360: Back Left Min: 1.02, Back Right Min: 0.79
[rosout][INFO] 2025-04-11 14:20:23,463: Back Left Min: 1.02, Back Right Min: 1.89
[rosout][INFO] 2025-04-11 14:20:23,560: Back Left Min: 0.95, Back Right Min: 1.89
[rosout][INFO] 2025-04-11 14:20:23,663: Back Left Min: 0.95, Back Right Min: 1.89
[rosout][INFO] 2025-04-11 14:20:23,760: Back Left Min: 0.95, Back Right Min: 1.89
[rosout][INFO] 2025-04-11 14:20:23,863: Back Left Min: 0.96, Back Right Min: 1.89
[rosout][INFO] 2025-04-11 14:20:23,960: Back Left Min: 0.96, Back Right Min: 1.89
[rosout][INFO] 2025-04-11 14:20:24,063: Back Left Min: 0.96, Back Right Min: 0.77
[rosout][INFO] 2025-04-11 14:20:24,160: Back Left Min: 0.95, Back Right Min: 0.77
[rosout][INFO] 2025-04-11 14:20:24,263: Back Left Min: 0.95, Back Right Min: 1.89
[rosout][INFO] 2025-04-11 14:20:24,360: Back Left Min: 0.95, Back Right Min: 1.89
[rosout][INFO] 2025-04-11 14:20:24,463: Back Left Min: 0.98, Back Right Min: 1.89
[rosout][INFO] 2025-04-11 14:20:24,560: Back Left Min: 0.98, Back Right Min: 0.75
[rosout][INFO] 2025-04-11 14:20:24,663: Back Left Min: 1.02, Back Right Min: 0.75
[rosout][INFO] 2025-04-11 14:20:24,760: Back Left Min: 1.02, Back Right Min: 0.75
[rosout][INFO] 2025-04-11 14:20:24,863: Back Left Min: 1.02, Back Right Min: 1.89
[rosout][INFO] 2025-04-11 14:20:24,960: Back Left Min: 0.91, Back Right Min: 1.89
[rosout][INFO] 2025-04-11 14:20:25,063: Back Left Min: 0.91, Back Right Min: 1.89
[rosout][INFO] 2025-04-11 14:20:25,160: Back Left Min: 0.91, Back Right Min: 1.89
[rosout][INFO] 2025-04-11 14:20:25,263: Back Left Min: 1.00, Back Right Min: 1.89
[rosout][INFO] 2025-04-11 14:20:25,360: Back Left Min: 1.00, Back Right Min: 1.89
[rosout][INFO] 2025-04-11 14:20:25,464: Back Left Min: 1.00, Back Right Min: 0.76
[rosout][INFO] 2025-04-11 14:20:25,561: Back Left Min: 1.00, Back Right Min: 0.76
[rosout][INFO] 2025-04-11 14:20:25,664: Back Left Min: 1.00, Back Right Min: 1.89
[rosout][INFO] 2025-04-11 14:20:25,761: Back Left Min: 1.00, Back Right Min: 1.89
[rosout][INFO] 2025-04-11 14:20:25,864: Back Left Min: 1.00, Back Right Min: 1.89
[rosout][INFO] 2025-04-11 14:20:25,961: Back Left Min: 1.00, Back Right Min: 0.76
[rosout][INFO] 2025-04-11 14:20:26,064: Back Left Min: 1.00, Back Right Min: 0.76
[rosout][INFO] 2025-04-11 14:20:26,161: Back Left Min: 1.00, Back Right Min: 0.76
[rosout][INFO] 2025-04-11 14:20:26,264: Back Left Min: 1.00, Back Right Min: 1.89
[rosout][INFO] 2025-04-11 14:20:26,361: Back Left Min: 1.00, Back Right Min: 1.89
[rosout][INFO] 2025-04-11 14:20:26,464: Back Left Min: 1.00, Back Right Min: 1.89
[rosout][INFO] 2025-04-11 14:20:26,561: Back Left Min: 1.00, Back Right Min: 1.89
[rosout][INFO] 2025-04-11 14:20:26,664: Back Left Min: 1.00, Back Right Min: 1.89
[rosout][INFO] 2025-04-11 14:20:26,761: Back Left Min: 1.00, Back Right Min: 1.89
[rosout][INFO] 2025-04-11 14:20:26,864: Back Left Min: 1.00, Back Right Min: 0.75
[rosout][INFO] 2025-04-11 14:20:26,961: Back Left Min: 1.00, Back Right Min: 0.75
[rosout][INFO] 2025-04-11 14:20:27,064: Back Left Min: 1.00, Back Right Min: 1.89
[rosout][INFO] 2025-04-11 14:20:27,161: Back Left Min: 1.00, Back Right Min: 1.89
[rosout][INFO] 2025-04-11 14:20:27,264: Back Left Min: 1.00, Back Right Min: 1.89
[rosout][INFO] 2025-04-11 14:20:27,361: Back Left Min: 1.00, Back Right Min: 0.74
[rosout][INFO] 2025-04-11 14:20:27,464: Back Left Min: 1.00, Back Right Min: 0.74
[rosout][INFO] 2025-04-11 14:20:27,561: Back Left Min: 1.00, Back Right Min: 0.74
[rosout][INFO] 2025-04-11 14:20:27,664: Back Left Min: 1.00, Back Right Min: 1.89
[rosout][INFO] 2025-04-11 14:20:27,761: Back Left Min: 1.00, Back Right Min: 1.89
[rosout][INFO] 2025-04-11 14:20:27,865: Back Left Min: 1.00, Back Right Min: 1.89
[rosout][INFO] 2025-04-11 14:20:27,961: Back Left Min: 1.00, Back Right Min: 0.78
[rosout][INFO] 2025-04-11 14:20:28,065: Back Left Min: 1.00, Back Right Min: 0.78
[rosout][INFO] 2025-04-11 14:20:28,161: Back Left Min: 1.00, Back Right Min: 0.78
[rosout][INFO] 2025-04-11 14:20:28,265: Back Left Min: 1.00, Back Right Min: 0.77
[rosout][INFO] 2025-04-11 14:20:28,362: Back Left Min: 1.00, Back Right Min: 0.77
[rosout][INFO] 2025-04-11 14:20:28,465: Back Left Min: 1.00, Back Right Min: 1.89
[rosout][INFO] 2025-04-11 14:20:28,562: Back Left Min: 0.99, Back Right Min: 1.89
[rosout][INFO] 2025-04-11 14:20:28,665: Back Left Min: 0.99, Back Right Min: 1.89
[rosout][INFO] 2025-04-11 14:20:28,762: Back Left Min: 0.99, Back Right Min: 0.76
[rosout][INFO] 2025-04-11 14:20:28,865: Back Left Min: 1.00, Back Right Min: 0.76
[rosout][INFO] 2025-04-11 14:20:28,962: Back Left Min: 1.00, Back Right Min: 0.76
[rosout][INFO] 2025-04-11 14:20:29,065: Back Left Min: 1.00, Back Right Min: 0.78
[rosout][INFO] 2025-04-11 14:20:29,162: Back Left Min: 1.00, Back Right Min: 0.78
[rosout][INFO] 2025-04-11 14:20:29,265: Back Left Min: 1.00, Back Right Min: 0.78
[rosout][INFO] 2025-04-11 14:20:29,362: Back Left Min: 1.00, Back Right Min: 0.76
[rosout][INFO] 2025-04-11 14:20:29,465: Back Left Min: 1.01, Back Right Min: 0.76
[rosout][INFO] 2025-04-11 14:20:29,562: Back Left Min: 1.01, Back Right Min: 0.76
[rosout][INFO] 2025-04-11 14:20:29,665: Back Left Min: 1.01, Back Right Min: 0.75
[rosout][INFO] 2025-04-11 14:20:29,762: Back Left Min: 1.00, Back Right Min: 0.75
[rosout][INFO] 2025-04-11 14:20:29,865: Back Left Min: 1.00, Back Right Min: 0.78
[rosout][INFO] 2025-04-11 14:20:29,962: Back Left Min: 1.00, Back Right Min: 0.78
[rosout][INFO] 2025-04-11 14:20:30,065: Back Left Min: 1.01, Back Right Min: 0.78
[rosout][INFO] 2025-04-11 14:20:30,162: Back Left Min: 1.01, Back Right Min: 0.75
[rosout][INFO] 2025-04-11 14:20:30,266: Back Left Min: 1.01, Back Right Min: 0.75
[rosout][INFO] 2025-04-11 14:20:30,363: Back Left Min: 1.01, Back Right Min: 0.75
[rosout][INFO] 2025-04-11 14:20:30,466: Back Left Min: 1.01, Back Right Min: 0.75
[rosout][INFO] 2025-04-11 14:20:30,563: Back Left Min: 1.01, Back Right Min: 0.75
[rosout][INFO] 2025-04-11 14:20:30,666: Back Left Min: 1.01, Back Right Min: 0.75
[rosout][INFO] 2025-04-11 14:20:30,763: Back Left Min: 1.01, Back Right Min: 0.77
[rosout][INFO] 2025-04-11 14:20:30,866: Back Left Min: 1.01, Back Right Min: 0.77
[rosout][INFO] 2025-04-11 14:20:30,963: Back Left Min: 1.01, Back Right Min: 0.77
[rosout][INFO] 2025-04-11 14:20:31,066: Back Left Min: 1.01, Back Right Min: 0.76
[rosout][INFO] 2025-04-11 14:20:31,163: Back Left Min: 1.01, Back Right Min: 0.76
[rosout][INFO] 2025-04-11 14:20:31,266: Back Left Min: 1.01, Back Right Min: 0.75
[rosout][INFO] 2025-04-11 14:20:31,363: Back Left Min: 1.01, Back Right Min: 0.75
[rosout][INFO] 2025-04-11 14:20:31,466: Back Left Min: 1.01, Back Right Min: 0.75
[rosout][INFO] 2025-04-11 14:20:31,563: Back Left Min: 1.01, Back Right Min: 0.76
[rosout][INFO] 2025-04-11 14:20:31,666: Back Left Min: 1.02, Back Right Min: 0.76
[rosout][INFO] 2025-04-11 14:20:31,763: Back Left Min: 1.02, Back Right Min: 0.76
[rosout][INFO] 2025-04-11 14:20:31,866: Back Left Min: 1.02, Back Right Min: 0.76
[rosout][INFO] 2025-04-11 14:20:31,963: Back Left Min: 1.02, Back Right Min: 0.76
[rosout][INFO] 2025-04-11 14:20:32,066: Back Left Min: 1.02, Back Right Min: 0.76
[rosout][INFO] 2025-04-11 14:20:32,163: Back Left Min: 1.02, Back Right Min: 0.75
[rosout][INFO] 2025-04-11 14:20:32,266: Back Left Min: 1.01, Back Right Min: 0.75
[rosout][INFO] 2025-04-11 14:20:32,363: Back Left Min: 1.01, Back Right Min: 0.75
[rosout][INFO] 2025-04-11 14:20:32,466: Back Left Min: 1.01, Back Right Min: 0.75
[rosout][INFO] 2025-04-11 14:20:32,563: Back Left Min: 1.01, Back Right Min: 0.75
[rosout][INFO] 2025-04-11 14:20:32,667: Back Left Min: 1.01, Back Right Min: 0.77
[rosout][INFO] 2025-04-11 14:20:32,763: Back Left Min: 1.01, Back Right Min: 0.77
[rosout][INFO] 2025-04-11 14:20:32,867: Back Left Min: 1.01, Back Right Min: 0.77
[rosout][INFO] 2025-04-11 14:20:32,964: Back Left Min: 1.01, Back Right Min: 0.74
[rosout][INFO] 2025-04-11 14:20:33,067: Back Left Min: 1.01, Back Right Min: 0.74
[rosout][INFO] 2025-04-11 14:20:33,164: Back Left Min: 1.01, Back Right Min: 0.74
[rosout][INFO] 2025-04-11 14:20:33,267: Back Left Min: 1.01, Back Right Min: 0.75
[rosout][INFO] 2025-04-11 14:20:33,364: Back Left Min: 1.01, Back Right Min: 0.75
[rosout][INFO] 2025-04-11 14:20:33,467: Back Left Min: 1.01, Back Right Min: 0.75
[rosout][INFO] 2025-04-11 14:20:33,564: Back Left Min: 1.01, Back Right Min: 0.76
[rosout][INFO] 2025-04-11 14:20:33,667: Back Left Min: 1.01, Back Right Min: 0.76
[rosout][INFO] 2025-04-11 14:20:33,764: Back Left Min: 1.01, Back Right Min: 0.76
[rosout][INFO] 2025-04-11 14:20:33,867: Back Left Min: 1.01, Back Right Min: 0.75
[rosout][INFO] 2025-04-11 14:20:33,964: Back Left Min: 1.01, Back Right Min: 0.75
[rosout][INFO] 2025-04-11 14:20:34,067: Back Left Min: 1.01, Back Right Min: 0.74
[rosout][INFO] 2025-04-11 14:20:34,164: Back Left Min: 1.01, Back Right Min: 0.74
[rosout][INFO] 2025-04-11 14:20:34,267: Back Left Min: 1.01, Back Right Min: 0.74
[rosout][INFO] 2025-04-11 14:20:34,364: Back Left Min: 1.01, Back Right Min: 0.76
[rosout][INFO] 2025-04-11 14:20:34,467: Back Left Min: 1.01, Back Right Min: 0.76
[rosout][INFO] 2025-04-11 14:20:34,564: Back Left Min: 1.01, Back Right Min: 0.76
[rosout][INFO] 2025-04-11 14:20:34,667: Back Left Min: 1.01, Back Right Min: 0.75
[rosout][INFO] 2025-04-11 14:20:34,764: Back Left Min: 1.01, Back Right Min: 0.75
[rosout][INFO] 2025-04-11 14:20:34,867: Back Left Min: 1.01, Back Right Min: 0.75
[rosout][INFO] 2025-04-11 14:20:34,964: Back Left Min: 1.01, Back Right Min: 0.74
[rosout][INFO] 2025-04-11 14:20:35,068: Back Left Min: 1.00, Back Right Min: 0.74
[rosout][INFO] 2025-04-11 14:20:35,164: Back Left Min: 1.00, Back Right Min: 0.74
[rosout][INFO] 2025-04-11 14:20:35,268: Back Left Min: 1.00, Back Right Min: 0.75
[rosout][INFO] 2025-04-11 14:20:35,365: Back Left Min: 1.05, Back Right Min: 0.75
[rosout][INFO] 2025-04-11 14:20:35,468: Back Left Min: 1.05, Back Right Min: 0.75
[rosout][INFO] 2025-04-11 14:20:35,565: Back Left Min: 1.05, Back Right Min: 0.75
[rosout][INFO] 2025-04-11 14:20:35,668: Back Left Min: 0.88, Back Right Min: 0.75
[rosout][INFO] 2025-04-11 14:20:35,765: Back Left Min: 0.88, Back Right Min: 0.75
[rosout][INFO] 2025-04-11 14:20:35,868: Back Left Min: 1.05, Back Right Min: 0.75
[rosout][INFO] 2025-04-11 14:20:35,965: Back Left Min: 1.05, Back Right Min: 0.75
[rosout][INFO] 2025-04-11 14:20:36,068: Back Left Min: 1.05, Back Right Min: 0.75
[rosout][INFO] 2025-04-11 14:20:36,165: Back Left Min: 0.95, Back Right Min: 0.75
[rosout][INFO] 2025-04-11 14:20:36,268: Back Left Min: 0.95, Back Right Min: 0.75
[rosout][INFO] 2025-04-11 14:20:36,365: Back Left Min: 0.95, Back Right Min: 0.76
[rosout][INFO] 2025-04-11 14:20:36,468: Back Left Min: 0.94, Back Right Min: 0.76
[rosout][INFO] 2025-04-11 14:20:36,565: Back Left Min: 0.94, Back Right Min: 0.76
[rosout][INFO] 2025-04-11 14:20:36,668: Back Left Min: 0.94, Back Right Min: 0.75
[rosout][INFO] 2025-04-11 14:20:36,765: Back Left Min: 0.92, Back Right Min: 0.75
[rosout][INFO] 2025-04-11 14:20:36,868: Back Left Min: 0.92, Back Right Min: 0.74
[rosout][INFO] 2025-04-11 14:20:36,965: Back Left Min: 0.92, Back Right Min: 0.74
[rosout][INFO] 2025-04-11 14:20:37,068: Back Left Min: 0.93, Back Right Min: 0.74
[rosout][INFO] 2025-04-11 14:20:37,165: Back Left Min: 0.93, Back Right Min: 0.75
[rosout][INFO] 2025-04-11 14:20:37,268: Back Left Min: 0.93, Back Right Min: 0.75
[rosout][INFO] 2025-04-11 14:20:37,365: Back Left Min: 0.93, Back Right Min: 0.75
[rosout][INFO] 2025-04-11 14:20:37,469: Back Left Min: 0.93, Back Right Min: 0.75
[rosout][INFO] 2025-04-11 14:20:37,565: Back Left Min: 0.93, Back Right Min: 0.75
[rosout][INFO] 2025-04-11 14:20:37,669: Back Left Min: 0.93, Back Right Min: 0.75
[rosout][INFO] 2025-04-11 14:20:37,766: Back Left Min: 0.93, Back Right Min: 0.75
[rosout][INFO] 2025-04-11 14:20:37,869: Back Left Min: 0.92, Back Right Min: 0.75
[rosout][INFO] 2025-04-11 14:20:37,966: Back Left Min: 0.92, Back Right Min: 0.75
[rosout][INFO] 2025-04-11 14:20:38,069: Back Left Min: 0.92, Back Right Min: 0.75
[rosout][INFO] 2025-04-11 14:20:38,166: Back Left Min: 0.92, Back Right Min: 0.75
[rosout][INFO] 2025-04-11 14:20:38,269: Back Left Min: 0.92, Back Right Min: 0.75
[rosout][INFO] 2025-04-11 14:20:38,366: Back Left Min: 0.92, Back Right Min: 0.75
[rosout][INFO] 2025-04-11 14:20:38,469: Back Left Min: 0.92, Back Right Min: 0.75
[rosout][INFO] 2025-04-11 14:20:38,566: Back Left Min: 0.92, Back Right Min: 0.74
[rosout][INFO] 2025-04-11 14:20:38,669: Back Left Min: 0.92, Back Right Min: 0.74
[rosout][INFO] 2025-04-11 14:20:38,766: Back Left Min: 0.92, Back Right Min: 0.74
[rosout][INFO] 2025-04-11 14:20:38,869: Back Left Min: 0.92, Back Right Min: 0.75
[rosout][INFO] 2025-04-11 14:20:38,966: Back Left Min: 0.92, Back Right Min: 0.75
[rosout][INFO] 2025-04-11 14:20:39,069: Back Left Min: 0.92, Back Right Min: 0.75
[rosout][INFO] 2025-04-11 14:20:39,166: Back Left Min: 0.92, Back Right Min: 0.75
[rosout][INFO] 2025-04-11 14:20:39,269: Back Left Min: 0.92, Back Right Min: 0.75
[rosout][INFO] 2025-04-11 14:20:39,366: Back Left Min: 0.92, Back Right Min: 0.75
[rosout][INFO] 2025-04-11 14:20:39,469: Back Left Min: 0.92, Back Right Min: 0.74
[rosout][INFO] 2025-04-11 14:20:39,566: Back Left Min: 0.92, Back Right Min: 0.74
[rosout][INFO] 2025-04-11 14:20:39,669: Back Left Min: 0.92, Back Right Min: 0.75
[rosout][INFO] 2025-04-11 14:20:39,766: Back Left Min: 0.92, Back Right Min: 0.75
[rosout][INFO] 2025-04-11 14:20:39,870: Back Left Min: 0.92, Back Right Min: 0.75
[rosout][INFO] 2025-04-11 14:20:39,966: Back Left Min: 0.92, Back Right Min: 0.75
[rosout][INFO] 2025-04-11 14:20:40,070: Back Left Min: 0.92, Back Right Min: 0.75
[rosout][INFO] 2025-04-11 14:20:40,167: Back Left Min: 0.92, Back Right Min: 0.75
[rosout][INFO] 2025-04-11 14:20:40,270: Back Left Min: 0.92, Back Right Min: 0.74
[rosout][INFO] 2025-04-11 14:20:40,367: Back Left Min: 0.92, Back Right Min: 0.74
[rosout][INFO] 2025-04-11 14:20:40,470: Back Left Min: 0.92, Back Right Min: 0.74
[rosout][INFO] 2025-04-11 14:20:40,567: Back Left Min: 0.92, Back Right Min: 0.75
[rosout][INFO] 2025-04-11 14:20:40,670: Back Left Min: 0.92, Back Right Min: 0.75
[rosout][INFO] 2025-04-11 14:20:40,767: Back Left Min: 0.92, Back Right Min: 0.75
[rosout][INFO] 2025-04-11 14:20:40,870: Back Left Min: 0.92, Back Right Min: 0.75
[rosout][INFO] 2025-04-11 14:20:40,967: Back Left Min: 0.92, Back Right Min: 0.75
[rosout][INFO] 2025-04-11 14:20:41,070: Back Left Min: 0.92, Back Right Min: 0.75
[rosout][INFO] 2025-04-11 14:20:41,167: Back Left Min: 0.92, Back Right Min: 0.75
[rosout][INFO] 2025-04-11 14:20:41,270: Back Left Min: 0.92, Back Right Min: 0.75
[rosout][INFO] 2025-04-11 14:20:41,367: Back Left Min: 0.92, Back Right Min: 0.75
[rosout][INFO] 2025-04-11 14:20:41,470: Back Left Min: 0.92, Back Right Min: 0.75
[rosout][INFO] 2025-04-11 14:20:41,567: Back Left Min: 0.92, Back Right Min: 0.75
[rosout][INFO] 2025-04-11 14:20:41,670: Back Left Min: 0.92, Back Right Min: 0.75
[rosout][INFO] 2025-04-11 14:20:41,767: Back Left Min: 0.92, Back Right Min: 0.75
[rosout][INFO] 2025-04-11 14:20:41,870: Back Left Min: 0.92, Back Right Min: 0.75
[rosout][INFO] 2025-04-11 14:20:41,967: Back Left Min: 0.92, Back Right Min: 0.75
[rosout][INFO] 2025-04-11 14:20:42,070: Back Left Min: 0.92, Back Right Min: 0.75
[rosout][INFO] 2025-04-11 14:20:42,167: Back Left Min: 0.92, Back Right Min: 0.75
[rosout][INFO] 2025-04-11 14:20:42,271: Back Left Min: 0.92, Back Right Min: 0.75
[rosout][INFO] 2025-04-11 14:20:42,367: Back Left Min: 0.91, Back Right Min: 0.75
[rosout][INFO] 2025-04-11 14:20:42,471: Back Left Min: 0.91, Back Right Min: 0.75
[rosout][INFO] 2025-04-11 14:20:42,568: Back Left Min: 0.91, Back Right Min: 0.75
[rosout][INFO] 2025-04-11 14:20:42,671: Back Left Min: 0.91, Back Right Min: 0.75
[rosout][INFO] 2025-04-11 14:20:42,768: Back Left Min: 0.91, Back Right Min: 0.75
[rosout][INFO] 2025-04-11 14:20:42,871: Back Left Min: 0.91, Back Right Min: 0.75
[rosout][INFO] 2025-04-11 14:20:42,968: Back Left Min: 0.91, Back Right Min: 0.75
[rosout][INFO] 2025-04-11 14:20:43,071: Back Left Min: 0.91, Back Right Min: 0.75
[rosout][INFO] 2025-04-11 14:20:43,168: Back Left Min: 0.92, Back Right Min: 0.75
[rosout][INFO] 2025-04-11 14:20:43,271: Back Left Min: 0.92, Back Right Min: 0.75
[rosout][INFO] 2025-04-11 14:20:43,368: Back Left Min: 0.92, Back Right Min: 0.75
[rosout][INFO] 2025-04-11 14:20:43,471: Back Left Min: 0.92, Back Right Min: 0.75
[rosout][INFO] 2025-04-11 14:20:43,568: Back Left Min: 0.92, Back Right Min: 0.75
[rosout][INFO] 2025-04-11 14:20:43,671: Back Left Min: 0.92, Back Right Min: 0.75
[rosout][INFO] 2025-04-11 14:20:43,768: Back Left Min: 0.92, Back Right Min: 0.75
[rosout][INFO] 2025-04-11 14:20:43,871: Back Left Min: 0.92, Back Right Min: 0.74
[rosout][INFO] 2025-04-11 14:20:43,968: Back Left Min: 0.92, Back Right Min: 0.74
[rosout][INFO] 2025-04-11 14:20:44,071: Back Left Min: 0.92, Back Right Min: 0.74
[rosout][INFO] 2025-04-11 14:20:44,168: Back Left Min: 0.92, Back Right Min: 0.74
[rosout][INFO] 2025-04-11 14:20:44,271: Back Left Min: 0.92, Back Right Min: 0.74
[rosout][INFO] 2025-04-11 14:20:44,368: Back Left Min: 0.92, Back Right Min: 0.74
[rosout][INFO] 2025-04-11 14:20:44,471: Back Left Min: 0.92, Back Right Min: 0.75
[rosout][INFO] 2025-04-11 14:20:44,568: Back Left Min: 0.93, Back Right Min: 0.75
[rosout][INFO] 2025-04-11 14:20:44,672: Back Left Min: 0.93, Back Right Min: 0.75
[rosout][INFO] 2025-04-11 14:20:44,768: Back Left Min: 0.93, Back Right Min: 0.74
[rosout][INFO] 2025-04-11 14:20:44,872: Back Left Min: 0.94, Back Right Min: 0.74
[rosout][INFO] 2025-04-11 14:20:44,969: Back Left Min: 0.94, Back Right Min: 0.74
[rosout][INFO] 2025-04-11 14:20:45,072: Back Left Min: 0.95, Back Right Min: 0.75
[rosout][INFO] 2025-04-11 14:20:45,169: Back Left Min: 0.95, Back Right Min: 0.75
[rosout][INFO] 2025-04-11 14:20:45,272: Back Left Min: 0.95, Back Right Min: 0.75
[rosout][INFO] 2025-04-11 14:20:45,369: Back Left Min: 0.93, Back Right Min: 0.75
[rosout][INFO] 2025-04-11 14:20:45,472: Back Left Min: 0.93, Back Right Min: 0.75
[rosout][INFO] 2025-04-11 14:20:45,569: Back Left Min: 0.93, Back Right Min: 0.74
[rosout][INFO] 2025-04-11 14:20:45,672: Back Left Min: 0.93, Back Right Min: 0.74
[rosout][INFO] 2025-04-11 14:20:45,769: Back Left Min: 0.93, Back Right Min: 0.74
[rosout][INFO] 2025-04-11 14:20:45,872: Back Left Min: 0.93, Back Right Min: 0.74
[rosout][INFO] 2025-04-11 14:20:45,969: Back Left Min: 0.93, Back Right Min: 0.74
[rosout][INFO] 2025-04-11 14:20:46,072: Back Left Min: 0.93, Back Right Min: 0.74
[rosout][INFO] 2025-04-11 14:20:46,169: Back Left Min: 0.93, Back Right Min: 0.74
[rosout][INFO] 2025-04-11 14:20:46,272: Back Left Min: 0.95, Back Right Min: 0.74
[rosout][INFO] 2025-04-11 14:20:46,369: Back Left Min: 0.95, Back Right Min: 0.74
[rosout][INFO] 2025-04-11 14:20:46,472: Back Left Min: 0.93, Back Right Min: 0.75
[rosout][INFO] 2025-04-11 14:20:46,569: Back Left Min: 0.93, Back Right Min: 0.75
[rosout][INFO] 2025-04-11 14:20:46,672: Back Left Min: 0.93, Back Right Min: 0.75
[rosout][INFO] 2025-04-11 14:20:46,769: Back Left Min: 0.93, Back Right Min: 0.75
[rosout][INFO] 2025-04-11 14:20:46,872: Back Left Min: 0.93, Back Right Min: 0.75
[rosout][INFO] 2025-04-11 14:20:46,969: Back Left Min: 0.93, Back Right Min: 0.74
[rosout][INFO] 2025-04-11 14:20:47,073: Back Left Min: 0.93, Back Right Min: 0.74
[rosout][INFO] 2025-04-11 14:20:47,169: Back Left Min: 0.93, Back Right Min: 0.74
[rosout][INFO] 2025-04-11 14:20:47,273: Back Left Min: 0.93, Back Right Min: 0.75
[rosout][INFO] 2025-04-11 14:20:47,370: Back Left Min: 0.93, Back Right Min: 0.75
[rosout][INFO] 2025-04-11 14:20:47,473: Back Left Min: 0.93, Back Right Min: 0.75
[rosout][INFO] 2025-04-11 14:20:47,570: Back Left Min: 0.93, Back Right Min: 0.75
[rosout][INFO] 2025-04-11 14:20:47,673: Back Left Min: 0.93, Back Right Min: 0.75
[rosout][INFO] 2025-04-11 14:20:47,770: Back Left Min: 0.93, Back Right Min: 0.75
[rosout][INFO] 2025-04-11 14:20:47,873: Back Left Min: 0.93, Back Right Min: 0.74
[rosout][INFO] 2025-04-11 14:20:47,970: Back Left Min: 0.93, Back Right Min: 0.74
[rosout][INFO] 2025-04-11 14:20:48,073: Back Left Min: 0.93, Back Right Min: 0.74
[rosout][INFO] 2025-04-11 14:20:48,170: Back Left Min: 0.93, Back Right Min: 0.74
[rosout][INFO] 2025-04-11 14:20:48,273: Back Left Min: 0.93, Back Right Min: 0.74
[rosout][INFO] 2025-04-11 14:20:48,370: Back Left Min: 0.93, Back Right Min: 0.75
[rosout][INFO] 2025-04-11 14:20:48,473: Back Left Min: 0.93, Back Right Min: 0.75
[rosout][INFO] 2025-04-11 14:20:48,570: Back Left Min: 0.93, Back Right Min: 0.75
[rosout][INFO] 2025-04-11 14:20:48,673: Back Left Min: 0.93, Back Right Min: 0.75
[rosout][INFO] 2025-04-11 14:20:48,770: Back Left Min: 0.93, Back Right Min: 0.75
[rosout][INFO] 2025-04-11 14:20:48,873: Back Left Min: 0.93, Back Right Min: 0.75
[rosout][INFO] 2025-04-11 14:20:48,970: Back Left Min: 0.93, Back Right Min: 0.74
[rosout][INFO] 2025-04-11 14:20:49,073: Back Left Min: 0.94, Back Right Min: 0.74
[rosout][INFO] 2025-04-11 14:20:49,170: Back Left Min: 0.94, Back Right Min: 0.74
[rosout][INFO] 2025-04-11 14:20:49,273: Back Left Min: 0.95, Back Right Min: 0.74
[rosout][INFO] 2025-04-11 14:20:49,370: Back Left Min: 0.95, Back Right Min: 0.74
[rosout][INFO] 2025-04-11 14:20:49,474: Back Left Min: 0.95, Back Right Min: 0.75
[rosout][INFO] 2025-04-11 14:20:49,570: Back Left Min: 0.94, Back Right Min: 0.75
[rosout][INFO] 2025-04-11 14:20:49,674: Back Left Min: 0.94, Back Right Min: 0.75
[rosout][INFO] 2025-04-11 14:20:49,770: Back Left Min: 0.94, Back Right Min: 0.75
[rosout][INFO] 2025-04-11 14:20:49,874: Back Left Min: 1.03, Back Right Min: 0.75
[rosout][INFO] 2025-04-11 14:20:49,971: Back Left Min: 1.03, Back Right Min: 0.75
[rosout][INFO] 2025-04-11 14:20:50,074: Back Left Min: 1.03, Back Right Min: 0.75
[rosout][INFO] 2025-04-11 14:20:50,171: Back Left Min: 0.95, Back Right Min: 0.75
[rosout][INFO] 2025-04-11 14:20:50,274: Back Left Min: 0.95, Back Right Min: 0.75
[rosout][INFO] 2025-04-11 14:20:50,371: Back Left Min: 0.95, Back Right Min: 0.74
[rosout][INFO] 2025-04-11 14:20:50,474: Back Left Min: 0.95, Back Right Min: 0.74
[rosout][INFO] 2025-04-11 14:20:50,571: Back Left Min: 0.95, Back Right Min: 0.74
[rosout][INFO] 2025-04-11 14:20:50,674: Back Left Min: 0.95, Back Right Min: 0.75
[rosout][INFO] 2025-04-11 14:20:50,771: Back Left Min: 0.95, Back Right Min: 0.75
[rosout][INFO] 2025-04-11 14:20:50,874: Back Left Min: 0.95, Back Right Min: 0.75
[rosout][INFO] 2025-04-11 14:20:50,971: Back Left Min: 0.94, Back Right Min: 0.75
[rosout][INFO] 2025-04-11 14:20:51,074: Back Left Min: 0.94, Back Right Min: 0.75
[rosout][INFO] 2025-04-11 14:20:51,171: Back Left Min: 0.94, Back Right Min: 0.75
[rosout][INFO] 2025-04-11 14:20:51,274: Back Left Min: 0.94, Back Right Min: 0.75
[rosout][INFO] 2025-04-11 14:20:51,371: Back Left Min: 0.94, Back Right Min: 0.75
[rosout][INFO] 2025-04-11 14:20:51,475: Back Left Min: 0.94, Back Right Min: 0.75
[rosout][INFO] 2025-04-11 14:20:51,571: Back Left Min: 0.93, Back Right Min: 0.75
[rosout][INFO] 2025-04-11 14:20:51,674: Back Left Min: 0.93, Back Right Min: 0.75
[rosout][INFO] 2025-04-11 14:20:51,771: Back Left Min: 0.93, Back Right Min: 0.75
[rosout][INFO] 2025-04-11 14:20:51,875: Back Left Min: 0.93, Back Right Min: 0.75
[rosout][INFO] 2025-04-11 14:20:51,971: Back Left Min: 0.93, Back Right Min: 0.75
[rosout][INFO] 2025-04-11 14:20:52,075: Back Left Min: 0.93, Back Right Min: 0.75
[rosout][INFO] 2025-04-11 14:20:52,172: Back Left Min: 0.93, Back Right Min: 0.75
[rosout][INFO] 2025-04-11 14:20:52,275: Back Left Min: 0.93, Back Right Min: 0.74
[rosout][INFO] 2025-04-11 14:20:52,372: Back Left Min: 0.94, Back Right Min: 0.74
[rosout][INFO] 2025-04-11 14:20:52,475: Back Left Min: 0.94, Back Right Min: 0.74
[rosout][INFO] 2025-04-11 14:20:52,572: Back Left Min: 0.94, Back Right Min: 0.75
[rosout][INFO] 2025-04-11 14:20:52,675: Back Left Min: 0.94, Back Right Min: 0.75
[rosout][INFO] 2025-04-11 14:20:52,772: Back Left Min: 0.94, Back Right Min: 0.75
[rosout][INFO] 2025-04-11 14:20:52,875: Back Left Min: 0.94, Back Right Min: 0.75
[rosout][INFO] 2025-04-11 14:20:52,972: Back Left Min: 0.93, Back Right Min: 0.75
[rosout][INFO] 2025-04-11 14:20:53,075: Back Left Min: 0.93, Back Right Min: 0.75
[rosout][INFO] 2025-04-11 14:20:53,172: Back Left Min: 0.93, Back Right Min: 0.75
[rosout][INFO] 2025-04-11 14:20:53,275: Back Left Min: 0.94, Back Right Min: 0.75
[rosout][INFO] 2025-04-11 14:20:53,372: Back Left Min: 0.94, Back Right Min: 0.75
[rosout][INFO] 2025-04-11 14:20:53,475: Back Left Min: 0.93, Back Right Min: 0.74
[rosout][INFO] 2025-04-11 14:20:53,572: Back Left Min: 0.93, Back Right Min: 0.74
[rosout][INFO] 2025-04-11 14:20:53,675: Back Left Min: 0.93, Back Right Min: 0.75
[rosout][INFO] 2025-04-11 14:20:53,772: Back Left Min: 0.94, Back Right Min: 0.75
[rosout][INFO] 2025-04-11 14:20:53,875: Back Left Min: 0.94, Back Right Min: 0.75
[rosout][INFO] 2025-04-11 14:20:53,972: Back Left Min: 0.94, Back Right Min: 0.75
[rosout][INFO] 2025-04-11 14:20:54,075: Back Left Min: 0.94, Back Right Min: 0.75
