[rospy.client][INFO] 2025-03-21 14:43:30,820: init_node, name[/sonar_distance_monitor_2994_1742543010808], pid[2994]
[xmlrpc][INFO] 2025-03-21 14:43:30,820: XML-RPC server binding to 127.0.0.1:0
[xmlrpc][INFO] 2025-03-21 14:43:30,821: Started XML-RPC server [http://localhost:38635/]
[rospy.init][INFO] 2025-03-21 14:43:30,821: ROS Slave URI: [http://localhost:38635/]
[rospy.impl.masterslave][INFO] 2025-03-21 14:43:30,821: _ready: http://localhost:38635/
[rospy.registration][INFO] 2025-03-21 14:43:30,821: Registering with master node http://localhost:11311
[xmlrpc][INFO] 2025-03-21 14:43:30,821: xml rpc node: starting XML-RPC server
[rospy.init][INFO] 2025-03-21 14:43:30,921: registered with master
[rospy.rosout][INFO] 2025-03-21 14:43:30,921: initializing /rosout core topic
[rospy.rosout][INFO] 2025-03-21 14:43:30,927: connected to core topic /rosout
[rospy.simtime][INFO] 2025-03-21 14:43:30,930: /use_sim_time is not set, will not subscribe to simulated time [/clock] topic
[rosout][INFO] 2025-03-21 14:43:30,947: Sonar distance monitor initialized
[rosout][INFO] 2025-03-21 14:43:30,948: Monitoring for the 5 closest sonar readings
[rosout][INFO] 2025-03-21 14:43:30,949: Sonar distance monitor running. Press Ctrl+C to stop.
[rospy.internal][INFO] 2025-03-21 14:43:30,988: topic[/RosAria/sonar] adding connection to [http://localhost:39253/], count 0
[rospy.internal][INFO] 2025-03-21 14:43:31,199: topic[/rosout] adding connection to [/rosout], count 0
[rosout][INFO] 2025-03-21 14:43:31,450: 
--- 5 Closest Sonar Readings ---
[rosout][INFO] 2025-03-21 14:43:31,451: Rank | Sensor ID | Distance (m) | Angle (deg) | Position (x,y)
[rosout][INFO] 2025-03-21 14:43:31,452: -------------------------------------------------
[rospy.core][INFO] 2025-03-21 14:44:09,248: signal_shutdown [signal-2]
[rospy.internal][INFO] 2025-03-21 14:44:09,256: topic[/rosout] removing connection to /rosout
[rospy.internal][INFO] 2025-03-21 14:44:09,257: topic[/RosAria/sonar] removing connection to http://localhost:39253/
[rospy.impl.masterslave][INFO] 2025-03-21 14:44:09,258: signal-2
[rospy.core][INFO] 2025-03-21 14:44:09,374: signal_shutdown [atexit]
