[rospy.client][INFO] 2025-04-11 15:13:59,621: init_node, name[/sonar_processor_21451_1744359239605], pid[21451]
[xmlrpc][INFO] 2025-04-11 15:13:59,621: XML-RPC server binding to 127.0.0.1:0
[xmlrpc][INFO] 2025-04-11 15:13:59,622: Started XML-RPC server [http://localhost:34391/]
[rospy.init][INFO] 2025-04-11 15:13:59,622: ROS Slave URI: [http://localhost:34391/]
[rospy.impl.masterslave][INFO] 2025-04-11 15:13:59,622: _ready: http://localhost:34391/
[xmlrpc][INFO] 2025-04-11 15:13:59,622: xml rpc node: starting XML-RPC server
[rospy.registration][INFO] 2025-04-11 15:13:59,623: Registering with master node http://localhost:11311
[rospy.init][INFO] 2025-04-11 15:13:59,722: registered with master
[rospy.rosout][INFO] 2025-04-11 15:13:59,722: initializing /rosout core topic
[rospy.rosout][INFO] 2025-04-11 15:13:59,724: connected to core topic /rosout
[rospy.simtime][INFO] 2025-04-11 15:13:59,724: /use_sim_time is not set, will not subscribe to simulated time [/clock] topic
[rosout][INFO] 2025-04-11 15:13:59,727: Sonar processor initialized
[rospy.internal][INFO] 2025-04-11 15:13:59,737: topic[/RosAria/sonar] adding connection to [http://localhost:45425/], count 0
[rospy.internal][INFO] 2025-04-11 15:13:59,993: topic[/rosout] adding connection to [/rosout], count 0
[rospy.internal][INFO] 2025-04-11 15:14:58,706: topic[/sonar_min] adding connection to [/rostopic_22718_1744359298520], count 0
[rospy.internal][INFO] 2025-04-11 15:15:23,785: topic[/sonar_min] removing connection to /rostopic_22718_1744359298520
[rosout][WARNING] 2025-04-11 15:15:24,444: Inbound TCP/IP connection failed: connection from sender terminated before handshake header received. 0 bytes were received. Please check sender for additional details.
[rospy.internal][ERROR] 2025-04-11 15:15:24,445: Inbound TCP/IP connection failed:
Traceback (most recent call last):
  File "/opt/ros/kinetic/lib/python2.7/dist-packages/rospy/impl/tcpros_base.py", line 322, in _tcp_server_callback
    header = read_ros_handshake_header(sock, StringIO(), buff_size)
  File "/opt/ros/kinetic/lib/python2.7/dist-packages/rosgraph/network.py", line 364, in read_ros_handshake_header
    raise ROSHandshakeException("connection from sender terminated before handshake header received. %s bytes were received. Please check sender for additional details."%b.tell())
ROSHandshakeException: connection from sender terminated before handshake header received. 0 bytes were received. Please check sender for additional details.

[rospy.core][INFO] 2025-04-11 15:19:14,642: signal_shutdown [signal-2]
[rospy.internal][INFO] 2025-04-11 15:19:14,648: topic[/rosout] removing connection to /rosout
[rospy.internal][INFO] 2025-04-11 15:19:14,648: topic[/RosAria/sonar] removing connection to http://localhost:45425/
[rospy.impl.masterslave][INFO] 2025-04-11 15:19:14,649: signal-2
[rospy.core][INFO] 2025-04-11 15:19:14,781: signal_shutdown [atexit]
