[rospy.client][INFO] 2025-03-27 15:11:36,483: init_node, name[/sonar_processor_18573_1743063096466], pid[18573]
[xmlrpc][INFO] 2025-03-27 15:11:36,483: XML-RPC server binding to 127.0.0.1:0
[xmlrpc][INFO] 2025-03-27 15:11:36,483: Started XML-RPC server [http://localhost:40763/]
[rospy.init][INFO] 2025-03-27 15:11:36,483: ROS Slave URI: [http://localhost:40763/]
[rospy.impl.masterslave][INFO] 2025-03-27 15:11:36,483: _ready: http://localhost:40763/
[rospy.registration][INFO] 2025-03-27 15:11:36,484: Registering with master node http://localhost:11311
[xmlrpc][INFO] 2025-03-27 15:11:36,484: xml rpc node: starting XML-RPC server
[rospy.init][INFO] 2025-03-27 15:11:36,584: registered with master
[rospy.rosout][INFO] 2025-03-27 15:11:36,584: initializing /rosout core topic
[rospy.rosout][INFO] 2025-03-27 15:11:36,585: connected to core topic /rosout
[rospy.simtime][INFO] 2025-03-27 15:11:36,586: /use_sim_time is not set, will not subscribe to simulated time [/clock] topic
[rosout][INFO] 2025-03-27 15:11:36,593: Sonar processor initialized
[rospy.internal][INFO] 2025-03-27 15:11:36,598: topic[/RosAria/sonar] adding connection to [http://localhost:40669/], count 0
[rosout][INFO] 2025-03-27 15:11:36,698: Back Left Min: 0.89, Back Right Min: 0.79
[rospy.internal][INFO] 2025-03-27 15:11:36,788: topic[/rosout] adding connection to [/rosout], count 0
[rosout][INFO] 2025-03-27 15:11:36,797: Back Left Min: 0.89, Back Right Min: 0.79
[rospy.internal][INFO] 2025-03-27 15:11:36,822: topic[/sonar_min] adding connection to [/rostopic_14070_1743062901856], count 0
[rosout][INFO] 2025-03-27 15:11:36,900: Back Left Min: 0.89, Back Right Min: 0.89
[rosout][INFO] 2025-03-27 15:11:36,997: Back Left Min: 0.89, Back Right Min: 0.89
[rosout][INFO] 2025-03-27 15:11:37,100: Back Left Min: 0.89, Back Right Min: 0.89
[rosout][INFO] 2025-03-27 15:11:37,197: Back Left Min: 0.89, Back Right Min: 0.89
[rosout][INFO] 2025-03-27 15:11:37,301: Back Left Min: 0.89, Back Right Min: 0.89
[rosout][INFO] 2025-03-27 15:11:37,397: Back Left Min: 0.89, Back Right Min: 0.89
[rosout][INFO] 2025-03-27 15:11:37,501: Back Left Min: 0.89, Back Right Min: 0.82
[rosout][INFO] 2025-03-27 15:11:37,597: Back Left Min: 0.89, Back Right Min: 0.82
[rosout][INFO] 2025-03-27 15:11:37,701: Back Left Min: 0.89, Back Right Min: 0.82
[rosout][INFO] 2025-03-27 15:11:37,797: Back Left Min: 0.89, Back Right Min: 0.82
[rosout][INFO] 2025-03-27 15:11:37,901: Back Left Min: 0.89, Back Right Min: 0.82
[rosout][INFO] 2025-03-27 15:11:37,998: Back Left Min: 0.89, Back Right Min: 0.82
[rosout][INFO] 2025-03-27 15:11:38,101: Back Left Min: 0.89, Back Right Min: 0.82
[rosout][INFO] 2025-03-27 15:11:38,198: Back Left Min: 0.89, Back Right Min: 0.82
[rosout][INFO] 2025-03-27 15:11:38,301: Back Left Min: 0.89, Back Right Min: 0.82
[rosout][INFO] 2025-03-27 15:11:38,398: Back Left Min: 0.89, Back Right Min: 0.82
[rosout][INFO] 2025-03-27 15:11:38,501: Back Left Min: 0.89, Back Right Min: 0.82
[rosout][INFO] 2025-03-27 15:11:38,598: Back Left Min: 0.89, Back Right Min: 0.80
[rosout][INFO] 2025-03-27 15:11:38,701: Back Left Min: 0.89, Back Right Min: 0.80
[rosout][INFO] 2025-03-27 15:11:38,798: Back Left Min: 0.89, Back Right Min: 0.80
[rosout][INFO] 2025-03-27 15:11:38,901: Back Left Min: 0.89, Back Right Min: 0.80
[rosout][INFO] 2025-03-27 15:11:38,998: Back Left Min: 0.89, Back Right Min: 0.80
[rosout][INFO] 2025-03-27 15:11:39,101: Back Left Min: 0.89, Back Right Min: 0.80
[rosout][INFO] 2025-03-27 15:11:39,198: Back Left Min: 0.89, Back Right Min: 0.81
[rosout][INFO] 2025-03-27 15:11:39,301: Back Left Min: 0.89, Back Right Min: 0.81
[rosout][INFO] 2025-03-27 15:11:39,398: Back Left Min: 0.89, Back Right Min: 0.81
[rosout][INFO] 2025-03-27 15:11:39,501: Back Left Min: 0.89, Back Right Min: 0.87
[rosout][INFO] 2025-03-27 15:11:39,598: Back Left Min: 0.89, Back Right Min: 0.87
[rosout][INFO] 2025-03-27 15:11:39,701: Back Left Min: 0.89, Back Right Min: 0.85
[rosout][INFO] 2025-03-27 15:11:39,798: Back Left Min: 0.89, Back Right Min: 0.85
[rosout][INFO] 2025-03-27 15:11:39,901: Back Left Min: 0.89, Back Right Min: 0.85
[rosout][INFO] 2025-03-27 15:11:39,998: Back Left Min: 0.89, Back Right Min: 0.86
[rosout][INFO] 2025-03-27 15:11:40,102: Back Left Min: 0.89, Back Right Min: 0.86
[rosout][INFO] 2025-03-27 15:11:40,198: Back Left Min: 0.89, Back Right Min: 0.86
[rosout][INFO] 2025-03-27 15:11:40,302: Back Left Min: 0.89, Back Right Min: 0.85
[rosout][INFO] 2025-03-27 15:11:40,399: Back Left Min: 0.89, Back Right Min: 0.85
[rosout][INFO] 2025-03-27 15:11:40,502: Back Left Min: 0.89, Back Right Min: 0.85
[rosout][INFO] 2025-03-27 15:11:40,599: Back Left Min: 0.89, Back Right Min: 0.86
[rosout][INFO] 2025-03-27 15:11:40,702: Back Left Min: 0.89, Back Right Min: 0.86
[rosout][INFO] 2025-03-27 15:11:40,799: Back Left Min: 0.89, Back Right Min: 0.86
[rosout][INFO] 2025-03-27 15:11:40,902: Back Left Min: 0.89, Back Right Min: 0.88
[rosout][INFO] 2025-03-27 15:11:40,999: Back Left Min: 0.89, Back Right Min: 0.88
[rosout][INFO] 2025-03-27 15:11:41,102: Back Left Min: 0.89, Back Right Min: 0.81
[rosout][INFO] 2025-03-27 15:11:41,199: Back Left Min: 0.89, Back Right Min: 0.81
[rosout][INFO] 2025-03-27 15:11:41,302: Back Left Min: 0.89, Back Right Min: 0.81
[rosout][INFO] 2025-03-27 15:11:41,399: Back Left Min: 0.89, Back Right Min: 0.82
[rosout][INFO] 2025-03-27 15:11:41,502: Back Left Min: 0.89, Back Right Min: 0.82
[rosout][INFO] 2025-03-27 15:11:41,599: Back Left Min: 0.89, Back Right Min: 0.82
[rosout][INFO] 2025-03-27 15:11:41,702: Back Left Min: 0.89, Back Right Min: 0.82
[rosout][INFO] 2025-03-27 15:11:41,799: Back Left Min: 0.89, Back Right Min: 0.82
[rosout][INFO] 2025-03-27 15:11:41,902: Back Left Min: 0.89, Back Right Min: 0.82
[rosout][INFO] 2025-03-27 15:11:41,999: Back Left Min: 0.89, Back Right Min: 0.82
[rosout][INFO] 2025-03-27 15:11:42,102: Back Left Min: 0.90, Back Right Min: 0.82
[rosout][INFO] 2025-03-27 15:11:42,199: Back Left Min: 0.90, Back Right Min: 0.82
[rosout][INFO] 2025-03-27 15:11:42,302: Back Left Min: 0.90, Back Right Min: 0.87
[rosout][INFO] 2025-03-27 15:11:42,399: Back Left Min: 0.90, Back Right Min: 0.87
[rosout][INFO] 2025-03-27 15:11:42,503: Back Left Min: 0.90, Back Right Min: 0.82
[rosout][INFO] 2025-03-27 15:11:42,599: Back Left Min: 0.89, Back Right Min: 0.82
[rosout][INFO] 2025-03-27 15:11:42,703: Back Left Min: 0.89, Back Right Min: 0.82
[rosout][INFO] 2025-03-27 15:11:42,799: Back Left Min: 0.89, Back Right Min: 0.82
[rosout][INFO] 2025-03-27 15:11:42,903: Back Left Min: 0.90, Back Right Min: 0.82
[rosout][INFO] 2025-03-27 15:11:43,000: Back Left Min: 0.90, Back Right Min: 0.82
[rosout][INFO] 2025-03-27 15:11:43,103: Back Left Min: 0.90, Back Right Min: 0.82
[rosout][INFO] 2025-03-27 15:11:43,200: Back Left Min: 0.90, Back Right Min: 0.82
[rosout][INFO] 2025-03-27 15:11:43,303: Back Left Min: 0.90, Back Right Min: 0.82
[rosout][INFO] 2025-03-27 15:11:43,400: Back Left Min: 0.90, Back Right Min: 0.82
[rosout][INFO] 2025-03-27 15:11:43,503: Back Left Min: 0.89, Back Right Min: 0.82
[rosout][INFO] 2025-03-27 15:11:43,600: Back Left Min: 0.89, Back Right Min: 0.82
[rosout][INFO] 2025-03-27 15:11:43,703: Back Left Min: 0.89, Back Right Min: 0.85
[rosout][INFO] 2025-03-27 15:11:43,800: Back Left Min: 0.89, Back Right Min: 0.85
[rosout][INFO] 2025-03-27 15:11:43,903: Back Left Min: 0.89, Back Right Min: 0.81
[rosout][INFO] 2025-03-27 15:11:44,000: Back Left Min: 0.89, Back Right Min: 0.81
[rosout][INFO] 2025-03-27 15:11:44,103: Back Left Min: 0.89, Back Right Min: 0.81
[rosout][INFO] 2025-03-27 15:11:44,200: Back Left Min: 0.89, Back Right Min: 0.81
[rosout][INFO] 2025-03-27 15:11:44,303: Back Left Min: 0.89, Back Right Min: 0.81
[rosout][INFO] 2025-03-27 15:11:44,400: Back Left Min: 0.89, Back Right Min: 0.81
[rosout][INFO] 2025-03-27 15:11:44,503: Back Left Min: 0.89, Back Right Min: 0.81
[rosout][INFO] 2025-03-27 15:11:44,600: Back Left Min: 0.89, Back Right Min: 0.81
[rosout][INFO] 2025-03-27 15:11:44,703: Back Left Min: 0.89, Back Right Min: 0.81
[rosout][INFO] 2025-03-27 15:11:44,800: Back Left Min: 0.89, Back Right Min: 0.81
[rosout][INFO] 2025-03-27 15:11:44,903: Back Left Min: 0.89, Back Right Min: 0.81
[rosout][INFO] 2025-03-27 15:11:45,000: Back Left Min: 0.89, Back Right Min: 0.81
[rosout][INFO] 2025-03-27 15:11:45,104: Back Left Min: 0.89, Back Right Min: 0.81
[rosout][INFO] 2025-03-27 15:11:45,201: Back Left Min: 0.89, Back Right Min: 0.81
[rosout][INFO] 2025-03-27 15:11:45,304: Back Left Min: 0.89, Back Right Min: 0.81
[rosout][INFO] 2025-03-27 15:11:45,401: Back Left Min: 0.90, Back Right Min: 0.81
[rosout][INFO] 2025-03-27 15:11:45,504: Back Left Min: 0.90, Back Right Min: 0.81
[rosout][INFO] 2025-03-27 15:11:45,601: Back Left Min: 0.90, Back Right Min: 0.82
[rosout][INFO] 2025-03-27 15:11:45,704: Back Left Min: 0.90, Back Right Min: 0.82
[rosout][INFO] 2025-03-27 15:11:45,801: Back Left Min: 0.90, Back Right Min: 0.82
[rosout][INFO] 2025-03-27 15:11:45,904: Back Left Min: 0.90, Back Right Min: 0.83
[rosout][INFO] 2025-03-27 15:11:46,001: Back Left Min: 0.89, Back Right Min: 0.83
[rosout][INFO] 2025-03-27 15:11:46,104: Back Left Min: 0.89, Back Right Min: 0.83
[rosout][INFO] 2025-03-27 15:11:46,201: Back Left Min: 0.89, Back Right Min: 0.83
[rosout][INFO] 2025-03-27 15:11:46,304: Back Left Min: 0.90, Back Right Min: 0.83
[rosout][INFO] 2025-03-27 15:11:46,401: Back Left Min: 0.90, Back Right Min: 0.83
[rosout][INFO] 2025-03-27 15:11:46,504: Back Left Min: 0.90, Back Right Min: 0.87
[rosout][INFO] 2025-03-27 15:11:46,601: Back Left Min: 0.90, Back Right Min: 0.87
[rosout][INFO] 2025-03-27 15:11:46,704: Back Left Min: 0.90, Back Right Min: 0.81
[rosout][INFO] 2025-03-27 15:11:46,801: Back Left Min: 0.89, Back Right Min: 0.81
[rosout][INFO] 2025-03-27 15:11:46,905: Back Left Min: 0.89, Back Right Min: 0.81
[rosout][INFO] 2025-03-27 15:11:47,001: Back Left Min: 0.89, Back Right Min: 0.81
[rosout][INFO] 2025-03-27 15:11:47,104: Back Left Min: 0.89, Back Right Min: 0.81
[rosout][INFO] 2025-03-27 15:11:47,201: Back Left Min: 0.89, Back Right Min: 0.81
[rosout][INFO] 2025-03-27 15:11:47,305: Back Left Min: 0.89, Back Right Min: 0.82
[rosout][INFO] 2025-03-27 15:11:47,401: Back Left Min: 0.89, Back Right Min: 0.82
[rosout][INFO] 2025-03-27 15:11:47,505: Back Left Min: 0.89, Back Right Min: 0.82
[rosout][INFO] 2025-03-27 15:11:47,602: Back Left Min: 0.89, Back Right Min: 0.81
[rosout][INFO] 2025-03-27 15:11:47,705: Back Left Min: 0.89, Back Right Min: 0.81
[rosout][INFO] 2025-03-27 15:11:47,802: Back Left Min: 0.89, Back Right Min: 0.81
[rosout][INFO] 2025-03-27 15:11:47,905: Back Left Min: 0.89, Back Right Min: 0.82
[rosout][INFO] 2025-03-27 15:11:48,002: Back Left Min: 0.89, Back Right Min: 0.82
[rosout][INFO] 2025-03-27 15:11:48,105: Back Left Min: 0.89, Back Right Min: 0.86
[rosout][INFO] 2025-03-27 15:11:48,202: Back Left Min: 0.89, Back Right Min: 0.86
[rosout][INFO] 2025-03-27 15:11:48,305: Back Left Min: 0.89, Back Right Min: 0.86
[rosout][INFO] 2025-03-27 15:11:48,402: Back Left Min: 0.89, Back Right Min: 0.83
[rosout][INFO] 2025-03-27 15:11:48,505: Back Left Min: 0.90, Back Right Min: 0.83
[rosout][INFO] 2025-03-27 15:11:48,602: Back Left Min: 0.90, Back Right Min: 0.83
[rosout][INFO] 2025-03-27 15:11:48,705: Back Left Min: 0.90, Back Right Min: 0.85
[rosout][INFO] 2025-03-27 15:11:48,802: Back Left Min: 0.90, Back Right Min: 0.85
[rosout][INFO] 2025-03-27 15:11:48,905: Back Left Min: 0.90, Back Right Min: 0.85
[rosout][INFO] 2025-03-27 15:11:49,002: Back Left Min: 0.90, Back Right Min: 0.86
[rosout][INFO] 2025-03-27 15:11:49,105: Back Left Min: 0.89, Back Right Min: 0.86
[rosout][INFO] 2025-03-27 15:11:49,202: Back Left Min: 0.89, Back Right Min: 0.86
[rosout][INFO] 2025-03-27 15:11:49,305: Back Left Min: 0.89, Back Right Min: 0.82
[rosout][INFO] 2025-03-27 15:11:49,402: Back Left Min: 0.89, Back Right Min: 0.82
[rosout][INFO] 2025-03-27 15:11:49,505: Back Left Min: 0.89, Back Right Min: 0.82
[rosout][INFO] 2025-03-27 15:11:49,602: Back Left Min: 0.89, Back Right Min: 0.82
[rosout][INFO] 2025-03-27 15:11:49,705: Back Left Min: 0.89, Back Right Min: 0.82
[rosout][INFO] 2025-03-27 15:11:49,802: Back Left Min: 0.89, Back Right Min: 0.82
[rosout][INFO] 2025-03-27 15:11:49,906: Back Left Min: 0.89, Back Right Min: 0.82
[rosout][INFO] 2025-03-27 15:11:50,002: Back Left Min: 0.89, Back Right Min: 0.82
[rosout][INFO] 2025-03-27 15:11:50,106: Back Left Min: 0.89, Back Right Min: 0.80
[rosout][INFO] 2025-03-27 15:11:50,203: Back Left Min: 0.89, Back Right Min: 0.80
[rosout][INFO] 2025-03-27 15:11:50,306: Back Left Min: 0.89, Back Right Min: 0.80
[rosout][INFO] 2025-03-27 15:11:50,403: Back Left Min: 0.89, Back Right Min: 0.81
[rosout][INFO] 2025-03-27 15:11:50,506: Back Left Min: 0.90, Back Right Min: 0.81
[rosout][INFO] 2025-03-27 15:11:50,603: Back Left Min: 0.90, Back Right Min: 0.81
[rosout][INFO] 2025-03-27 15:11:50,706: Back Left Min: 0.90, Back Right Min: 0.81
[rosout][INFO] 2025-03-27 15:11:50,803: Back Left Min: 0.90, Back Right Min: 0.81
[rosout][INFO] 2025-03-27 15:11:50,906: Back Left Min: 0.90, Back Right Min: 0.82
[rosout][INFO] 2025-03-27 15:11:51,003: Back Left Min: 0.90, Back Right Min: 0.82
[rosout][INFO] 2025-03-27 15:11:51,106: Back Left Min: 0.90, Back Right Min: 0.82
[rosout][INFO] 2025-03-27 15:11:51,203: Back Left Min: 0.90, Back Right Min: 0.82
[rosout][INFO] 2025-03-27 15:11:51,306: Back Left Min: 0.90, Back Right Min: 0.82
[rosout][INFO] 2025-03-27 15:11:51,403: Back Left Min: 0.90, Back Right Min: 0.82
[rosout][INFO] 2025-03-27 15:11:51,506: Back Left Min: 0.90, Back Right Min: 0.81
[rosout][INFO] 2025-03-27 15:11:51,603: Back Left Min: 0.90, Back Right Min: 0.81
[rosout][INFO] 2025-03-27 15:11:51,706: Back Left Min: 0.90, Back Right Min: 0.81
[rosout][INFO] 2025-03-27 15:11:51,803: Back Left Min: 0.90, Back Right Min: 0.81
[rosout][INFO] 2025-03-27 15:11:51,906: Back Left Min: 0.89, Back Right Min: 0.81
[rosout][INFO] 2025-03-27 15:11:52,003: Back Left Min: 0.89, Back Right Min: 0.81
[rosout][INFO] 2025-03-27 15:11:52,106: Back Left Min: 0.89, Back Right Min: 0.89
[rosout][INFO] 2025-03-27 15:11:52,203: Back Left Min: 0.89, Back Right Min: 0.89
[rosout][INFO] 2025-03-27 15:11:52,307: Back Left Min: 0.89, Back Right Min: 0.89
[rosout][INFO] 2025-03-27 15:11:52,403: Back Left Min: 0.89, Back Right Min: 0.89
[rosout][INFO] 2025-03-27 15:11:52,507: Back Left Min: 0.89, Back Right Min: 0.89
[rosout][INFO] 2025-03-27 15:11:52,604: Back Left Min: 0.89, Back Right Min: 0.85
[rosout][INFO] 2025-03-27 15:11:52,708: Back Left Min: 0.88, Back Right Min: 0.85
[rosout][INFO] 2025-03-27 15:11:52,804: Back Left Min: 0.88, Back Right Min: 0.85
[rosout][INFO] 2025-03-27 15:11:52,907: Back Left Min: 0.88, Back Right Min: 0.83
[rosout][INFO] 2025-03-27 15:11:53,004: Back Left Min: 0.88, Back Right Min: 0.83
[rosout][INFO] 2025-03-27 15:11:53,107: Back Left Min: 0.88, Back Right Min: 0.83
[rosout][INFO] 2025-03-27 15:11:53,204: Back Left Min: 0.88, Back Right Min: 0.89
[rosout][INFO] 2025-03-27 15:11:53,307: Back Left Min: 0.88, Back Right Min: 0.89
[rosout][INFO] 2025-03-27 15:11:53,404: Back Left Min: 0.88, Back Right Min: 0.89
[rosout][INFO] 2025-03-27 15:11:53,507: Back Left Min: 0.88, Back Right Min: 0.86
[rosout][INFO] 2025-03-27 15:11:53,604: Back Left Min: 0.88, Back Right Min: 0.86
[rosout][INFO] 2025-03-27 15:11:53,707: Back Left Min: 0.88, Back Right Min: 0.86
[rosout][INFO] 2025-03-27 15:11:53,804: Back Left Min: 0.88, Back Right Min: 0.86
[rosout][INFO] 2025-03-27 15:11:53,907: Back Left Min: 0.88, Back Right Min: 0.86
[rosout][INFO] 2025-03-27 15:11:54,004: Back Left Min: 0.88, Back Right Min: 0.87
[rosout][INFO] 2025-03-27 15:11:54,107: Back Left Min: 0.88, Back Right Min: 0.87
[rosout][INFO] 2025-03-27 15:11:54,204: Back Left Min: 0.88, Back Right Min: 0.87
[rosout][INFO] 2025-03-27 15:11:54,307: Back Left Min: 0.88, Back Right Min: 0.88
[rosout][INFO] 2025-03-27 15:11:54,404: Back Left Min: 0.88, Back Right Min: 0.88
[rosout][INFO] 2025-03-27 15:11:54,507: Back Left Min: 0.88, Back Right Min: 0.88
[rosout][INFO] 2025-03-27 15:11:54,604: Back Left Min: 0.88, Back Right Min: 0.88
[rosout][INFO] 2025-03-27 15:11:54,708: Back Left Min: 0.88, Back Right Min: 0.88
[rosout][INFO] 2025-03-27 15:11:54,804: Back Left Min: 0.88, Back Right Min: 0.88
[rosout][INFO] 2025-03-27 15:11:54,908: Back Left Min: 0.88, Back Right Min: 0.89
[rosout][INFO] 2025-03-27 15:11:55,005: Back Left Min: 0.88, Back Right Min: 0.89
[rosout][INFO] 2025-03-27 15:11:55,108: Back Left Min: 0.88, Back Right Min: 0.87
[rosout][INFO] 2025-03-27 15:11:55,205: Back Left Min: 0.88, Back Right Min: 0.87
[rosout][INFO] 2025-03-27 15:11:55,308: Back Left Min: 0.88, Back Right Min: 0.87
[rosout][INFO] 2025-03-27 15:11:55,405: Back Left Min: 0.88, Back Right Min: 0.87
[rosout][INFO] 2025-03-27 15:11:55,508: Back Left Min: 0.88, Back Right Min: 0.87
[rosout][INFO] 2025-03-27 15:11:55,605: Back Left Min: 0.88, Back Right Min: 0.87
[rosout][INFO] 2025-03-27 15:11:55,708: Back Left Min: 0.88, Back Right Min: 0.89
[rosout][INFO] 2025-03-27 15:11:55,805: Back Left Min: 0.88, Back Right Min: 0.89
[rosout][INFO] 2025-03-27 15:11:55,908: Back Left Min: 0.88, Back Right Min: 0.89
[rosout][INFO] 2025-03-27 15:11:56,005: Back Left Min: 0.88, Back Right Min: 0.89
[rosout][INFO] 2025-03-27 15:11:56,108: Back Left Min: 0.88, Back Right Min: 0.89
[rosout][INFO] 2025-03-27 15:11:56,205: Back Left Min: 0.88, Back Right Min: 0.89
[rosout][INFO] 2025-03-27 15:11:56,308: Back Left Min: 0.88, Back Right Min: 0.88
[rosout][INFO] 2025-03-27 15:11:56,405: Back Left Min: 0.88, Back Right Min: 0.88
[rosout][INFO] 2025-03-27 15:11:56,508: Back Left Min: 0.88, Back Right Min: 0.87
[rosout][INFO] 2025-03-27 15:11:56,605: Back Left Min: 0.88, Back Right Min: 0.87
[rosout][INFO] 2025-03-27 15:11:56,708: Back Left Min: 0.88, Back Right Min: 0.87
[rosout][INFO] 2025-03-27 15:11:56,805: Back Left Min: 0.88, Back Right Min: 0.88
[rosout][INFO] 2025-03-27 15:11:56,908: Back Left Min: 0.88, Back Right Min: 0.88
[rosout][INFO] 2025-03-27 15:11:57,005: Back Left Min: 0.88, Back Right Min: 0.88
[rosout][INFO] 2025-03-27 15:11:57,109: Back Left Min: 0.88, Back Right Min: 0.88
[rosout][INFO] 2025-03-27 15:11:57,205: Back Left Min: 0.88, Back Right Min: 0.88
[rosout][INFO] 2025-03-27 15:11:57,309: Back Left Min: 0.88, Back Right Min: 0.88
[rosout][INFO] 2025-03-27 15:11:57,406: Back Left Min: 0.88, Back Right Min: 0.86
[rosout][INFO] 2025-03-27 15:11:57,509: Back Left Min: 0.88, Back Right Min: 0.86
[rosout][INFO] 2025-03-27 15:11:57,606: Back Left Min: 0.88, Back Right Min: 0.86
[rosout][INFO] 2025-03-27 15:11:57,709: Back Left Min: 0.88, Back Right Min: 0.85
[rosout][INFO] 2025-03-27 15:11:57,806: Back Left Min: 0.88, Back Right Min: 0.85
[rosout][INFO] 2025-03-27 15:11:57,909: Back Left Min: 0.88, Back Right Min: 0.87
[rosout][INFO] 2025-03-27 15:11:58,006: Back Left Min: 0.88, Back Right Min: 0.87
[rosout][INFO] 2025-03-27 15:11:58,109: Back Left Min: 0.88, Back Right Min: 0.87
[rosout][INFO] 2025-03-27 15:11:58,206: Back Left Min: 0.88, Back Right Min: 0.87
[rosout][INFO] 2025-03-27 15:11:58,309: Back Left Min: 0.88, Back Right Min: 0.87
[rosout][INFO] 2025-03-27 15:11:58,406: Back Left Min: 0.88, Back Right Min: 0.87
[rosout][INFO] 2025-03-27 15:11:58,509: Back Left Min: 0.88, Back Right Min: 0.88
[rosout][INFO] 2025-03-27 15:11:58,606: Back Left Min: 0.88, Back Right Min: 0.88
[rosout][INFO] 2025-03-27 15:11:58,709: Back Left Min: 0.88, Back Right Min: 0.88
[rosout][INFO] 2025-03-27 15:11:58,806: Back Left Min: 0.88, Back Right Min: 0.85
[rosout][INFO] 2025-03-27 15:11:58,909: Back Left Min: 0.88, Back Right Min: 0.85
[rosout][INFO] 2025-03-27 15:11:59,006: Back Left Min: 0.88, Back Right Min: 0.85
[rosout][INFO] 2025-03-27 15:11:59,109: Back Left Min: 0.88, Back Right Min: 0.86
[rosout][INFO] 2025-03-27 15:11:59,206: Back Left Min: 0.88, Back Right Min: 0.86
[rosout][INFO] 2025-03-27 15:11:59,309: Back Left Min: 0.88, Back Right Min: 0.87
[rosout][INFO] 2025-03-27 15:11:59,407: Back Left Min: 0.88, Back Right Min: 0.87
[rosout][INFO] 2025-03-27 15:11:59,510: Back Left Min: 0.88, Back Right Min: 0.87
[rosout][INFO] 2025-03-27 15:11:59,606: Back Left Min: 0.88, Back Right Min: 0.88
[rosout][INFO] 2025-03-27 15:11:59,710: Back Left Min: 0.88, Back Right Min: 0.88
[rosout][INFO] 2025-03-27 15:11:59,807: Back Left Min: 0.88, Back Right Min: 0.88
[rosout][INFO] 2025-03-27 15:11:59,910: Back Left Min: 0.88, Back Right Min: 0.88
[rosout][INFO] 2025-03-27 15:12:00,007: Back Left Min: 0.88, Back Right Min: 0.88
[rosout][INFO] 2025-03-27 15:12:00,110: Back Left Min: 0.88, Back Right Min: 0.88
[rosout][INFO] 2025-03-27 15:12:00,207: Back Left Min: 0.88, Back Right Min: 0.86
[rosout][INFO] 2025-03-27 15:12:00,310: Back Left Min: 0.88, Back Right Min: 0.86
[rosout][INFO] 2025-03-27 15:12:00,407: Back Left Min: 0.88, Back Right Min: 0.86
[rosout][INFO] 2025-03-27 15:12:00,510: Back Left Min: 0.88, Back Right Min: 0.88
[rosout][INFO] 2025-03-27 15:12:00,607: Back Left Min: 0.88, Back Right Min: 0.88
[rosout][INFO] 2025-03-27 15:12:00,711: Back Left Min: 0.88, Back Right Min: 0.88
[rosout][INFO] 2025-03-27 15:12:00,807: Back Left Min: 0.88, Back Right Min: 0.88
[rosout][INFO] 2025-03-27 15:12:00,910: Back Left Min: 0.88, Back Right Min: 0.88
[rosout][INFO] 2025-03-27 15:12:01,007: Back Left Min: 0.88, Back Right Min: 0.81
[rosout][INFO] 2025-03-27 15:12:01,110: Back Left Min: 0.88, Back Right Min: 0.81
[rosout][INFO] 2025-03-27 15:12:01,207: Back Left Min: 0.88, Back Right Min: 0.81
[rosout][INFO] 2025-03-27 15:12:01,310: Back Left Min: 0.88, Back Right Min: 0.89
[rosout][INFO] 2025-03-27 15:12:01,407: Back Left Min: 0.88, Back Right Min: 0.89
[rosout][INFO] 2025-03-27 15:12:01,510: Back Left Min: 0.88, Back Right Min: 0.89
[rosout][INFO] 2025-03-27 15:12:01,607: Back Left Min: 0.88, Back Right Min: 0.87
[rosout][INFO] 2025-03-27 15:12:01,710: Back Left Min: 0.88, Back Right Min: 0.87
[rosout][INFO] 2025-03-27 15:12:01,807: Back Left Min: 0.88, Back Right Min: 0.87
[rosout][INFO] 2025-03-27 15:12:01,911: Back Left Min: 0.88, Back Right Min: 0.87
[rosout][INFO] 2025-03-27 15:12:02,008: Back Left Min: 0.88, Back Right Min: 0.87
[rosout][INFO] 2025-03-27 15:12:02,111: Back Left Min: 0.88, Back Right Min: 0.88
[rosout][INFO] 2025-03-27 15:12:02,208: Back Left Min: 0.88, Back Right Min: 0.88
[rosout][INFO] 2025-03-27 15:12:02,311: Back Left Min: 0.88, Back Right Min: 0.88
[rosout][INFO] 2025-03-27 15:12:02,408: Back Left Min: 0.88, Back Right Min: 0.89
[rosout][INFO] 2025-03-27 15:12:02,511: Back Left Min: 0.88, Back Right Min: 0.89
[rosout][INFO] 2025-03-27 15:12:02,608: Back Left Min: 0.88, Back Right Min: 0.89
[rosout][INFO] 2025-03-27 15:12:02,711: Back Left Min: 0.88, Back Right Min: 0.89
[rosout][INFO] 2025-03-27 15:12:02,808: Back Left Min: 0.88, Back Right Min: 0.89
[rosout][INFO] 2025-03-27 15:12:02,911: Back Left Min: 0.88, Back Right Min: 0.89
[rosout][INFO] 2025-03-27 15:12:03,008: Back Left Min: 0.88, Back Right Min: 0.88
[rosout][INFO] 2025-03-27 15:12:03,111: Back Left Min: 0.88, Back Right Min: 0.88
[rosout][INFO] 2025-03-27 15:12:03,208: Back Left Min: 0.88, Back Right Min: 0.88
[rosout][INFO] 2025-03-27 15:12:03,311: Back Left Min: 0.88, Back Right Min: 0.89
[rosout][INFO] 2025-03-27 15:12:03,408: Back Left Min: 0.88, Back Right Min: 0.89
[rosout][INFO] 2025-03-27 15:12:03,511: Back Left Min: 0.88, Back Right Min: 0.89
[rosout][INFO] 2025-03-27 15:12:03,608: Back Left Min: 0.88, Back Right Min: 0.89
[rosout][INFO] 2025-03-27 15:12:03,711: Back Left Min: 0.88, Back Right Min: 0.89
[rosout][INFO] 2025-03-27 15:12:03,808: Back Left Min: 0.88, Back Right Min: 0.89
[rosout][INFO] 2025-03-27 15:12:03,912: Back Left Min: 0.88, Back Right Min: 0.89
[rosout][INFO] 2025-03-27 15:12:04,008: Back Left Min: 0.88, Back Right Min: 0.89
[rosout][INFO] 2025-03-27 15:12:04,111: Back Left Min: 0.88, Back Right Min: 0.89
[rosout][INFO] 2025-03-27 15:12:04,208: Back Left Min: 0.88, Back Right Min: 0.89
[rosout][INFO] 2025-03-27 15:12:04,312: Back Left Min: 0.88, Back Right Min: 0.89
[rosout][INFO] 2025-03-27 15:12:04,408: Back Left Min: 0.88, Back Right Min: 0.89
[rosout][INFO] 2025-03-27 15:12:04,512: Back Left Min: 0.88, Back Right Min: 0.89
[rosout][INFO] 2025-03-27 15:12:04,609: Back Left Min: 0.88, Back Right Min: 0.89
[rosout][INFO] 2025-03-27 15:12:04,712: Back Left Min: 0.88, Back Right Min: 0.89
[rosout][INFO] 2025-03-27 15:12:04,809: Back Left Min: 0.88, Back Right Min: 0.89
[rosout][INFO] 2025-03-27 15:12:04,912: Back Left Min: 0.88, Back Right Min: 0.89
[rosout][INFO] 2025-03-27 15:12:05,009: Back Left Min: 0.88, Back Right Min: 0.89
[rosout][INFO] 2025-03-27 15:12:05,112: Back Left Min: 0.88, Back Right Min: 0.89
[rosout][INFO] 2025-03-27 15:12:05,209: Back Left Min: 0.88, Back Right Min: 0.87
[rosout][INFO] 2025-03-27 15:12:05,312: Back Left Min: 0.88, Back Right Min: 0.87
[rosout][INFO] 2025-03-27 15:12:05,409: Back Left Min: 0.88, Back Right Min: 0.87
[rosout][INFO] 2025-03-27 15:12:05,512: Back Left Min: 0.88, Back Right Min: 0.89
[rosout][INFO] 2025-03-27 15:12:05,609: Back Left Min: 0.88, Back Right Min: 0.89
[rosout][INFO] 2025-03-27 15:12:05,712: Back Left Min: 0.88, Back Right Min: 0.89
[rosout][INFO] 2025-03-27 15:12:05,809: Back Left Min: 0.88, Back Right Min: 0.89
[rosout][INFO] 2025-03-27 15:12:05,912: Back Left Min: 0.88, Back Right Min: 0.89
[rosout][INFO] 2025-03-27 15:12:06,009: Back Left Min: 0.88, Back Right Min: 0.89
[rosout][INFO] 2025-03-27 15:12:06,112: Back Left Min: 0.88, Back Right Min: 0.88
[rosout][INFO] 2025-03-27 15:12:06,209: Back Left Min: 0.88, Back Right Min: 0.88
[rosout][INFO] 2025-03-27 15:12:06,312: Back Left Min: 0.88, Back Right Min: 0.89
[rosout][INFO] 2025-03-27 15:12:06,409: Back Left Min: 0.88, Back Right Min: 0.89
[rosout][INFO] 2025-03-27 15:12:06,513: Back Left Min: 0.88, Back Right Min: 0.89
[rosout][INFO] 2025-03-27 15:12:06,609: Back Left Min: 0.88, Back Right Min: 0.88
[rosout][INFO] 2025-03-27 15:12:06,712: Back Left Min: 0.88, Back Right Min: 0.88
[rosout][INFO] 2025-03-27 15:12:06,809: Back Left Min: 0.88, Back Right Min: 0.88
[rosout][INFO] 2025-03-27 15:12:06,913: Back Left Min: 0.88, Back Right Min: 0.88
[rosout][INFO] 2025-03-27 15:12:07,010: Back Left Min: 0.88, Back Right Min: 0.88
[rosout][INFO] 2025-03-27 15:12:07,113: Back Left Min: 0.88, Back Right Min: 0.88
[rosout][INFO] 2025-03-27 15:12:07,210: Back Left Min: 0.88, Back Right Min: 0.88
[rosout][INFO] 2025-03-27 15:12:07,313: Back Left Min: 0.88, Back Right Min: 0.88
[rosout][INFO] 2025-03-27 15:12:07,410: Back Left Min: 0.88, Back Right Min: 0.88
[rosout][INFO] 2025-03-27 15:12:07,513: Back Left Min: 0.88, Back Right Min: 0.89
[rosout][INFO] 2025-03-27 15:12:07,610: Back Left Min: 0.88, Back Right Min: 0.89
[rosout][INFO] 2025-03-27 15:12:07,713: Back Left Min: 0.88, Back Right Min: 0.89
[rosout][INFO] 2025-03-27 15:12:07,810: Back Left Min: 0.88, Back Right Min: 0.89
[rosout][INFO] 2025-03-27 15:12:07,913: Back Left Min: 0.88, Back Right Min: 0.89
[rosout][INFO] 2025-03-27 15:12:08,010: Back Left Min: 0.88, Back Right Min: 0.88
[rosout][INFO] 2025-03-27 15:12:08,113: Back Left Min: 0.88, Back Right Min: 0.88
[rosout][INFO] 2025-03-27 15:12:08,210: Back Left Min: 0.88, Back Right Min: 0.88
[rosout][INFO] 2025-03-27 15:12:08,313: Back Left Min: 0.88, Back Right Min: 0.89
[rosout][INFO] 2025-03-27 15:12:08,410: Back Left Min: 0.88, Back Right Min: 0.89
[rosout][INFO] 2025-03-27 15:12:08,513: Back Left Min: 0.88, Back Right Min: 0.89
[rosout][INFO] 2025-03-27 15:12:08,610: Back Left Min: 0.88, Back Right Min: 0.89
[rosout][INFO] 2025-03-27 15:12:08,713: Back Left Min: 0.88, Back Right Min: 0.89
[rosout][INFO] 2025-03-27 15:12:08,810: Back Left Min: 0.88, Back Right Min: 0.89
[rosout][INFO] 2025-03-27 15:12:08,913: Back Left Min: 0.89, Back Right Min: 0.89
[rosout][INFO] 2025-03-27 15:12:09,010: Back Left Min: 0.89, Back Right Min: 0.89
[rosout][INFO] 2025-03-27 15:12:09,114: Back Left Min: 0.89, Back Right Min: 0.89
[rosout][INFO] 2025-03-27 15:12:09,211: Back Left Min: 0.89, Back Right Min: 0.89
[rosout][INFO] 2025-03-27 15:12:09,314: Back Left Min: 0.89, Back Right Min: 0.89
[rosout][INFO] 2025-03-27 15:12:09,411: Back Left Min: 0.89, Back Right Min: 0.89
[rosout][INFO] 2025-03-27 15:12:09,514: Back Left Min: 0.89, Back Right Min: 0.89
[rosout][INFO] 2025-03-27 15:12:09,611: Back Left Min: 0.89, Back Right Min: 0.89
[rosout][INFO] 2025-03-27 15:12:09,714: Back Left Min: 0.89, Back Right Min: 0.89
[rosout][INFO] 2025-03-27 15:12:09,811: Back Left Min: 0.89, Back Right Min: 0.89
[rosout][INFO] 2025-03-27 15:12:09,914: Back Left Min: 0.89, Back Right Min: 0.89
[rosout][INFO] 2025-03-27 15:12:10,011: Back Left Min: 0.89, Back Right Min: 0.89
[rosout][INFO] 2025-03-27 15:12:10,114: Back Left Min: 0.89, Back Right Min: 0.89
[rosout][INFO] 2025-03-27 15:12:10,211: Back Left Min: 0.89, Back Right Min: 0.89
[rosout][INFO] 2025-03-27 15:12:10,314: Back Left Min: 0.88, Back Right Min: 0.89
[rosout][INFO] 2025-03-27 15:12:10,411: Back Left Min: 0.88, Back Right Min: 0.89
[rosout][INFO] 2025-03-27 15:12:10,514: Back Left Min: 0.88, Back Right Min: 0.88
[rosout][INFO] 2025-03-27 15:12:10,611: Back Left Min: 0.88, Back Right Min: 0.88
[rosout][INFO] 2025-03-27 15:12:10,714: Back Left Min: 0.88, Back Right Min: 0.88
[rosout][INFO] 2025-03-27 15:12:10,811: Back Left Min: 0.88, Back Right Min: 0.89
[rosout][INFO] 2025-03-27 15:12:10,914: Back Left Min: 0.88, Back Right Min: 0.89
[rosout][INFO] 2025-03-27 15:12:11,011: Back Left Min: 0.88, Back Right Min: 0.89
[rosout][INFO] 2025-03-27 15:12:11,114: Back Left Min: 0.88, Back Right Min: 0.89
[rosout][INFO] 2025-03-27 15:12:11,212: Back Left Min: 0.88, Back Right Min: 0.89
[rosout][INFO] 2025-03-27 15:12:11,315: Back Left Min: 0.88, Back Right Min: 0.89
[rosout][INFO] 2025-03-27 15:12:11,411: Back Left Min: 0.88, Back Right Min: 0.89
[rosout][INFO] 2025-03-27 15:12:11,515: Back Left Min: 0.88, Back Right Min: 0.89
[rosout][INFO] 2025-03-27 15:12:11,611: Back Left Min: 0.88, Back Right Min: 0.89
[rosout][INFO] 2025-03-27 15:12:11,715: Back Left Min: 0.88, Back Right Min: 0.88
[rosout][INFO] 2025-03-27 15:12:11,811: Back Left Min: 0.88, Back Right Min: 0.88
[rosout][INFO] 2025-03-27 15:12:11,915: Back Left Min: 0.88, Back Right Min: 0.88
[rosout][INFO] 2025-03-27 15:12:12,011: Back Left Min: 0.88, Back Right Min: 0.88
[rosout][INFO] 2025-03-27 15:12:12,115: Back Left Min: 0.88, Back Right Min: 0.88
[rosout][INFO] 2025-03-27 15:12:12,212: Back Left Min: 0.88, Back Right Min: 0.88
[rosout][INFO] 2025-03-27 15:12:12,315: Back Left Min: 0.88, Back Right Min: 0.88
[rosout][INFO] 2025-03-27 15:12:12,412: Back Left Min: 0.88, Back Right Min: 0.88
[rosout][INFO] 2025-03-27 15:12:12,515: Back Left Min: 0.88, Back Right Min: 0.88
[rosout][INFO] 2025-03-27 15:12:12,612: Back Left Min: 0.88, Back Right Min: 0.88
[rosout][INFO] 2025-03-27 15:12:12,715: Back Left Min: 0.88, Back Right Min: 0.88
[rosout][INFO] 2025-03-27 15:12:12,812: Back Left Min: 0.88, Back Right Min: 0.89
[rosout][INFO] 2025-03-27 15:12:12,915: Back Left Min: 0.88, Back Right Min: 0.89
[rosout][INFO] 2025-03-27 15:12:13,012: Back Left Min: 0.88, Back Right Min: 0.89
[rosout][INFO] 2025-03-27 15:12:13,115: Back Left Min: 0.88, Back Right Min: 0.88
[rosout][INFO] 2025-03-27 15:12:13,212: Back Left Min: 0.88, Back Right Min: 0.88
[rosout][INFO] 2025-03-27 15:12:13,315: Back Left Min: 0.88, Back Right Min: 0.89
[rosout][INFO] 2025-03-27 15:12:13,412: Back Left Min: 0.88, Back Right Min: 0.89
[rosout][INFO] 2025-03-27 15:12:13,515: Back Left Min: 0.88, Back Right Min: 0.89
[rosout][INFO] 2025-03-27 15:12:13,612: Back Left Min: 0.88, Back Right Min: 0.89
[rosout][INFO] 2025-03-27 15:12:13,716: Back Left Min: 0.88, Back Right Min: 0.89
[rosout][INFO] 2025-03-27 15:12:13,812: Back Left Min: 0.88, Back Right Min: 0.89
[rosout][INFO] 2025-03-27 15:12:13,916: Back Left Min: 0.88, Back Right Min: 0.89
[rosout][INFO] 2025-03-27 15:12:14,013: Back Left Min: 0.88, Back Right Min: 0.89
[rosout][INFO] 2025-03-27 15:12:14,116: Back Left Min: 0.88, Back Right Min: 0.89
[rosout][INFO] 2025-03-27 15:12:14,213: Back Left Min: 0.88, Back Right Min: 0.89
[rosout][INFO] 2025-03-27 15:12:14,316: Back Left Min: 0.88, Back Right Min: 0.89
[rosout][INFO] 2025-03-27 15:12:14,413: Back Left Min: 0.88, Back Right Min: 0.89
[rosout][INFO] 2025-03-27 15:12:14,516: Back Left Min: 0.88, Back Right Min: 0.89
[rosout][INFO] 2025-03-27 15:12:14,613: Back Left Min: 0.88, Back Right Min: 0.89
[rosout][INFO] 2025-03-27 15:12:14,716: Back Left Min: 0.88, Back Right Min: 0.89
[rosout][INFO] 2025-03-27 15:12:14,813: Back Left Min: 0.88, Back Right Min: 0.89
[rosout][INFO] 2025-03-27 15:12:14,916: Back Left Min: 0.88, Back Right Min: 0.89
