[rospy.client][INFO] 2025-04-11 13:53:12,720: init_node, name[/sonar_processor_9969_1744354392704], pid[9969]
[xmlrpc][INFO] 2025-04-11 13:53:12,720: XML-RPC server binding to 127.0.0.1:0
[xmlrpc][INFO] 2025-04-11 13:53:12,721: Started XML-RPC server [http://localhost:42383/]
[rospy.init][INFO] 2025-04-11 13:53:12,721: ROS Slave URI: [http://localhost:42383/]
[rospy.impl.masterslave][INFO] 2025-04-11 13:53:12,721: _ready: http://localhost:42383/
[xmlrpc][INFO] 2025-04-11 13:53:12,721: xml rpc node: starting XML-RPC server
[rospy.registration][INFO] 2025-04-11 13:53:12,722: Registering with master node http://localhost:11311
[rospy.init][INFO] 2025-04-11 13:53:12,821: registered with master
[rospy.rosout][INFO] 2025-04-11 13:53:12,821: initializing /rosout core topic
[rospy.rosout][INFO] 2025-04-11 13:53:12,823: connected to core topic /rosout
[rospy.simtime][INFO] 2025-04-11 13:53:12,824: /use_sim_time is not set, will not subscribe to simulated time [/clock] topic
[rosout][INFO] 2025-04-11 13:53:12,827: Sonar processor initialized
[rospy.internal][INFO] 2025-04-11 13:53:12,836: topic[/RosAria/sonar] adding connection to [http://localhost:35503/], count 0
[rosout][INFO] 2025-04-11 13:53:12,876: Back Left Min: 0.00, Back Right Min: 0.00
[rospy.internal][INFO] 2025-04-11 13:53:12,925: topic[/sonar_min] adding connection to [/controller_joystick], count 0
[rosout][INFO] 2025-04-11 13:53:12,984: Back Left Min: 0.00, Back Right Min: 0.00
[rosout][INFO] 2025-04-11 13:53:13,081: Back Left Min: 0.00, Back Right Min: 0.00
[rospy.internal][INFO] 2025-04-11 13:53:13,107: topic[/rosout] adding connection to [/rosout], count 0
[rosout][INFO] 2025-04-11 13:53:13,185: Back Left Min: 0.93, Back Right Min: 0.69
[rosout][INFO] 2025-04-11 13:53:13,281: Back Left Min: 0.93, Back Right Min: 0.69
[rosout][INFO] 2025-04-11 13:53:13,385: Back Left Min: 0.93, Back Right Min: 0.69
[rosout][INFO] 2025-04-11 13:53:13,482: Back Left Min: 0.93, Back Right Min: 0.69
[rosout][INFO] 2025-04-11 13:53:13,585: Back Left Min: 0.93, Back Right Min: 0.69
[rosout][INFO] 2025-04-11 13:53:13,682: Back Left Min: 0.93, Back Right Min: 0.69
[rosout][INFO] 2025-04-11 13:53:13,785: Back Left Min: 0.93, Back Right Min: 0.69
[rosout][INFO] 2025-04-11 13:53:13,882: Back Left Min: 0.93, Back Right Min: 0.69
[rosout][INFO] 2025-04-11 13:53:13,985: Back Left Min: 0.93, Back Right Min: 0.69
[rosout][INFO] 2025-04-11 13:53:14,082: Back Left Min: 0.93, Back Right Min: 0.69
[rosout][INFO] 2025-04-11 13:53:14,185: Back Left Min: 0.93, Back Right Min: 0.69
[rosout][INFO] 2025-04-11 13:53:14,282: Back Left Min: 0.93, Back Right Min: 0.69
[rosout][INFO] 2025-04-11 13:53:14,385: Back Left Min: 0.93, Back Right Min: 0.69
[rosout][INFO] 2025-04-11 13:53:14,482: Back Left Min: 0.93, Back Right Min: 0.69
[rosout][INFO] 2025-04-11 13:53:14,585: Back Left Min: 0.93, Back Right Min: 0.69
[rosout][INFO] 2025-04-11 13:53:14,682: Back Left Min: 0.93, Back Right Min: 0.69
[rosout][INFO] 2025-04-11 13:53:14,785: Back Left Min: 0.93, Back Right Min: 0.69
[rosout][INFO] 2025-04-11 13:53:14,882: Back Left Min: 0.93, Back Right Min: 0.69
[rosout][INFO] 2025-04-11 13:53:14,985: Back Left Min: 0.93, Back Right Min: 0.69
[rosout][INFO] 2025-04-11 13:53:15,082: Back Left Min: 0.93, Back Right Min: 0.69
[rosout][INFO] 2025-04-11 13:53:15,185: Back Left Min: 0.93, Back Right Min: 0.69
[rosout][INFO] 2025-04-11 13:53:15,282: Back Left Min: 0.93, Back Right Min: 0.69
[rosout][INFO] 2025-04-11 13:53:15,385: Back Left Min: 0.93, Back Right Min: 0.69
[rosout][INFO] 2025-04-11 13:53:15,483: Back Left Min: 0.93, Back Right Min: 0.69
[rosout][INFO] 2025-04-11 13:53:15,586: Back Left Min: 0.93, Back Right Min: 0.69
[rosout][INFO] 2025-04-11 13:53:15,683: Back Left Min: 0.93, Back Right Min: 0.69
[rosout][INFO] 2025-04-11 13:53:15,786: Back Left Min: 0.93, Back Right Min: 0.69
[rosout][INFO] 2025-04-11 13:53:15,883: Back Left Min: 0.93, Back Right Min: 0.69
[rosout][INFO] 2025-04-11 13:53:15,986: Back Left Min: 0.93, Back Right Min: 0.69
[rosout][INFO] 2025-04-11 13:53:16,083: Back Left Min: 0.93, Back Right Min: 0.69
[rosout][INFO] 2025-04-11 13:53:16,186: Back Left Min: 0.93, Back Right Min: 0.69
[rosout][INFO] 2025-04-11 13:53:16,283: Back Left Min: 0.93, Back Right Min: 0.69
[rosout][INFO] 2025-04-11 13:53:16,386: Back Left Min: 0.93, Back Right Min: 0.69
[rosout][INFO] 2025-04-11 13:53:16,483: Back Left Min: 0.93, Back Right Min: 0.69
[rosout][INFO] 2025-04-11 13:53:16,586: Back Left Min: 0.93, Back Right Min: 0.69
[rosout][INFO] 2025-04-11 13:53:16,683: Back Left Min: 0.93, Back Right Min: 0.69
[rosout][INFO] 2025-04-11 13:53:16,786: Back Left Min: 0.93, Back Right Min: 0.69
[rosout][INFO] 2025-04-11 13:53:16,883: Back Left Min: 0.93, Back Right Min: 0.69
[rosout][INFO] 2025-04-11 13:53:16,986: Back Left Min: 0.93, Back Right Min: 0.69
[rosout][INFO] 2025-04-11 13:53:17,083: Back Left Min: 0.93, Back Right Min: 0.69
[rosout][INFO] 2025-04-11 13:53:17,186: Back Left Min: 0.93, Back Right Min: 0.69
[rosout][INFO] 2025-04-11 13:53:17,283: Back Left Min: 0.93, Back Right Min: 0.69
[rosout][INFO] 2025-04-11 13:53:17,386: Back Left Min: 0.93, Back Right Min: 0.69
[rosout][INFO] 2025-04-11 13:53:17,483: Back Left Min: 0.93, Back Right Min: 0.69
[rosout][INFO] 2025-04-11 13:53:17,587: Back Left Min: 0.93, Back Right Min: 0.69
[rosout][INFO] 2025-04-11 13:53:17,683: Back Left Min: 0.93, Back Right Min: 0.69
[rosout][INFO] 2025-04-11 13:53:17,786: Back Left Min: 0.93, Back Right Min: 0.69
[rosout][INFO] 2025-04-11 13:53:17,883: Back Left Min: 0.93, Back Right Min: 0.69
[rosout][INFO] 2025-04-11 13:53:17,987: Back Left Min: 0.93, Back Right Min: 0.69
[rosout][INFO] 2025-04-11 13:53:18,084: Back Left Min: 0.93, Back Right Min: 0.69
[rosout][INFO] 2025-04-11 13:53:18,187: Back Left Min: 0.93, Back Right Min: 0.69
[rosout][INFO] 2025-04-11 13:53:18,284: Back Left Min: 0.93, Back Right Min: 0.69
[rosout][INFO] 2025-04-11 13:53:18,387: Back Left Min: 0.93, Back Right Min: 0.69
[rosout][INFO] 2025-04-11 13:53:18,484: Back Left Min: 0.93, Back Right Min: 0.69
[rosout][INFO] 2025-04-11 13:53:18,587: Back Left Min: 0.93, Back Right Min: 0.69
[rosout][INFO] 2025-04-11 13:53:18,684: Back Left Min: 0.93, Back Right Min: 0.69
[rosout][INFO] 2025-04-11 13:53:18,787: Back Left Min: 0.93, Back Right Min: 0.69
[rosout][INFO] 2025-04-11 13:53:18,884: Back Left Min: 0.93, Back Right Min: 0.69
[rosout][INFO] 2025-04-11 13:53:18,987: Back Left Min: 0.93, Back Right Min: 0.69
[rosout][INFO] 2025-04-11 13:53:19,084: Back Left Min: 0.93, Back Right Min: 0.69
[rosout][INFO] 2025-04-11 13:53:19,187: Back Left Min: 0.93, Back Right Min: 0.69
[rosout][INFO] 2025-04-11 13:53:19,284: Back Left Min: 0.93, Back Right Min: 0.69
[rosout][INFO] 2025-04-11 13:53:19,387: Back Left Min: 0.93, Back Right Min: 0.69
[rosout][INFO] 2025-04-11 13:53:19,484: Back Left Min: 0.93, Back Right Min: 0.69
[rosout][INFO] 2025-04-11 13:53:19,587: Back Left Min: 0.93, Back Right Min: 0.69
[rosout][INFO] 2025-04-11 13:53:19,684: Back Left Min: 0.93, Back Right Min: 0.69
[rosout][INFO] 2025-04-11 13:53:19,787: Back Left Min: 0.93, Back Right Min: 0.69
[rosout][INFO] 2025-04-11 13:53:19,884: Back Left Min: 0.93, Back Right Min: 0.69
[rosout][INFO] 2025-04-11 13:53:19,988: Back Left Min: 0.93, Back Right Min: 0.69
[rosout][INFO] 2025-04-11 13:53:20,084: Back Left Min: 0.93, Back Right Min: 0.69
[rosout][INFO] 2025-04-11 13:53:20,188: Back Left Min: 0.93, Back Right Min: 0.69
[rosout][INFO] 2025-04-11 13:53:20,284: Back Left Min: 0.93, Back Right Min: 0.69
[rosout][INFO] 2025-04-11 13:53:20,388: Back Left Min: 0.93, Back Right Min: 0.69
[rosout][INFO] 2025-04-11 13:53:20,485: Back Left Min: 0.93, Back Right Min: 0.69
[rosout][INFO] 2025-04-11 13:53:20,588: Back Left Min: 0.93, Back Right Min: 0.69
[rosout][INFO] 2025-04-11 13:53:20,685: Back Left Min: 0.93, Back Right Min: 0.69
[rosout][INFO] 2025-04-11 13:53:20,788: Back Left Min: 0.93, Back Right Min: 0.69
[rosout][INFO] 2025-04-11 13:53:20,885: Back Left Min: 0.93, Back Right Min: 0.69
[rosout][INFO] 2025-04-11 13:53:20,988: Back Left Min: 0.93, Back Right Min: 0.69
[rosout][INFO] 2025-04-11 13:53:21,085: Back Left Min: 0.93, Back Right Min: 0.69
[rosout][INFO] 2025-04-11 13:53:21,188: Back Left Min: 0.93, Back Right Min: 0.69
[rosout][INFO] 2025-04-11 13:53:21,285: Back Left Min: 0.93, Back Right Min: 0.69
[rosout][INFO] 2025-04-11 13:53:21,388: Back Left Min: 0.93, Back Right Min: 0.69
[rosout][INFO] 2025-04-11 13:53:21,485: Back Left Min: 0.93, Back Right Min: 0.69
[rosout][INFO] 2025-04-11 13:53:21,588: Back Left Min: 0.93, Back Right Min: 0.69
[rosout][INFO] 2025-04-11 13:53:21,685: Back Left Min: 0.93, Back Right Min: 0.69
[rosout][INFO] 2025-04-11 13:53:21,788: Back Left Min: 0.93, Back Right Min: 0.69
[rosout][INFO] 2025-04-11 13:53:21,885: Back Left Min: 0.93, Back Right Min: 0.69
[rosout][INFO] 2025-04-11 13:53:21,988: Back Left Min: 0.93, Back Right Min: 0.69
[rosout][INFO] 2025-04-11 13:53:22,085: Back Left Min: 0.93, Back Right Min: 0.69
[rosout][INFO] 2025-04-11 13:53:22,189: Back Left Min: 0.93, Back Right Min: 0.69
[rosout][INFO] 2025-04-11 13:53:22,285: Back Left Min: 0.93, Back Right Min: 0.69
[rosout][INFO] 2025-04-11 13:53:22,388: Back Left Min: 0.93, Back Right Min: 0.69
[rosout][INFO] 2025-04-11 13:53:22,485: Back Left Min: 0.93, Back Right Min: 0.69
[rosout][INFO] 2025-04-11 13:53:22,588: Back Left Min: 0.93, Back Right Min: 0.69
[rosout][INFO] 2025-04-11 13:53:22,685: Back Left Min: 0.93, Back Right Min: 0.69
[rosout][INFO] 2025-04-11 13:53:22,788: Back Left Min: 0.93, Back Right Min: 0.69
[rosout][INFO] 2025-04-11 13:53:22,885: Back Left Min: 0.93, Back Right Min: 0.69
[rosout][INFO] 2025-04-11 13:53:22,989: Back Left Min: 0.93, Back Right Min: 0.69
[rosout][INFO] 2025-04-11 13:53:23,085: Back Left Min: 0.93, Back Right Min: 0.69
[rosout][INFO] 2025-04-11 13:53:23,189: Back Left Min: 0.93, Back Right Min: 0.69
[rosout][INFO] 2025-04-11 13:53:23,286: Back Left Min: 0.93, Back Right Min: 0.69
[rosout][INFO] 2025-04-11 13:53:23,389: Back Left Min: 0.93, Back Right Min: 0.69
[rosout][INFO] 2025-04-11 13:53:23,486: Back Left Min: 0.93, Back Right Min: 0.69
[rosout][INFO] 2025-04-11 13:53:23,589: Back Left Min: 0.93, Back Right Min: 0.69
[rosout][INFO] 2025-04-11 13:53:23,686: Back Left Min: 0.93, Back Right Min: 0.69
[rosout][INFO] 2025-04-11 13:53:23,789: Back Left Min: 0.93, Back Right Min: 0.69
[rosout][INFO] 2025-04-11 13:53:23,886: Back Left Min: 0.93, Back Right Min: 0.69
[rosout][INFO] 2025-04-11 13:53:23,989: Back Left Min: 0.93, Back Right Min: 0.69
[rosout][INFO] 2025-04-11 13:53:24,086: Back Left Min: 0.93, Back Right Min: 0.69
[rosout][INFO] 2025-04-11 13:53:24,189: Back Left Min: 0.93, Back Right Min: 0.69
[rosout][INFO] 2025-04-11 13:53:24,286: Back Left Min: 0.93, Back Right Min: 0.69
[rosout][INFO] 2025-04-11 13:53:24,389: Back Left Min: 0.93, Back Right Min: 0.69
[rosout][INFO] 2025-04-11 13:53:24,486: Back Left Min: 0.93, Back Right Min: 0.69
[rosout][INFO] 2025-04-11 13:53:24,589: Back Left Min: 0.93, Back Right Min: 0.69
[rosout][INFO] 2025-04-11 13:53:24,686: Back Left Min: 0.93, Back Right Min: 0.69
[rosout][INFO] 2025-04-11 13:53:24,789: Back Left Min: 0.93, Back Right Min: 0.69
[rosout][INFO] 2025-04-11 13:53:24,886: Back Left Min: 0.93, Back Right Min: 0.69
[rosout][INFO] 2025-04-11 13:53:24,989: Back Left Min: 0.93, Back Right Min: 0.69
[rosout][INFO] 2025-04-11 13:53:25,086: Back Left Min: 0.93, Back Right Min: 0.69
[rosout][INFO] 2025-04-11 13:53:25,190: Back Left Min: 0.93, Back Right Min: 0.69
[rosout][INFO] 2025-04-11 13:53:25,287: Back Left Min: 0.93, Back Right Min: 0.69
[rosout][INFO] 2025-04-11 13:53:25,390: Back Left Min: 0.93, Back Right Min: 0.69
[rosout][INFO] 2025-04-11 13:53:25,486: Back Left Min: 0.93, Back Right Min: 0.69
[rosout][INFO] 2025-04-11 13:53:25,590: Back Left Min: 0.93, Back Right Min: 0.69
[rosout][INFO] 2025-04-11 13:53:25,687: Back Left Min: 0.93, Back Right Min: 0.69
[rosout][INFO] 2025-04-11 13:53:25,790: Back Left Min: 0.93, Back Right Min: 0.69
[rosout][INFO] 2025-04-11 13:53:25,887: Back Left Min: 0.93, Back Right Min: 0.69
[rosout][INFO] 2025-04-11 13:53:25,990: Back Left Min: 0.93, Back Right Min: 0.69
[rosout][INFO] 2025-04-11 13:53:26,087: Back Left Min: 0.93, Back Right Min: 0.69
[rosout][INFO] 2025-04-11 13:53:26,190: Back Left Min: 0.93, Back Right Min: 0.69
[rosout][INFO] 2025-04-11 13:53:26,287: Back Left Min: 0.93, Back Right Min: 0.69
[rosout][INFO] 2025-04-11 13:53:26,390: Back Left Min: 0.93, Back Right Min: 0.69
[rosout][INFO] 2025-04-11 13:53:26,487: Back Left Min: 0.93, Back Right Min: 0.69
[rosout][INFO] 2025-04-11 13:53:26,590: Back Left Min: 0.93, Back Right Min: 0.69
[rosout][INFO] 2025-04-11 13:53:26,687: Back Left Min: 0.93, Back Right Min: 0.69
[rosout][INFO] 2025-04-11 13:53:26,790: Back Left Min: 0.93, Back Right Min: 0.69
[rosout][INFO] 2025-04-11 13:53:26,887: Back Left Min: 0.93, Back Right Min: 0.69
[rosout][INFO] 2025-04-11 13:53:26,990: Back Left Min: 0.93, Back Right Min: 0.69
[rosout][INFO] 2025-04-11 13:53:27,087: Back Left Min: 0.93, Back Right Min: 0.69
[rosout][INFO] 2025-04-11 13:53:27,190: Back Left Min: 0.93, Back Right Min: 0.69
[rosout][INFO] 2025-04-11 13:53:27,287: Back Left Min: 0.93, Back Right Min: 0.69
[rosout][INFO] 2025-04-11 13:53:27,390: Back Left Min: 0.93, Back Right Min: 0.69
[rosout][INFO] 2025-04-11 13:53:27,487: Back Left Min: 0.93, Back Right Min: 0.69
[rosout][INFO] 2025-04-11 13:53:27,591: Back Left Min: 0.93, Back Right Min: 0.69
[rosout][INFO] 2025-04-11 13:53:27,687: Back Left Min: 0.93, Back Right Min: 0.69
[rosout][INFO] 2025-04-11 13:53:27,791: Back Left Min: 0.93, Back Right Min: 0.69
[rosout][INFO] 2025-04-11 13:53:27,887: Back Left Min: 0.93, Back Right Min: 0.69
[rosout][INFO] 2025-04-11 13:53:27,991: Back Left Min: 0.93, Back Right Min: 0.69
[rosout][INFO] 2025-04-11 13:53:28,087: Back Left Min: 0.93, Back Right Min: 0.69
[rosout][INFO] 2025-04-11 13:53:28,191: Back Left Min: 0.93, Back Right Min: 0.69
[rosout][INFO] 2025-04-11 13:53:28,288: Back Left Min: 0.93, Back Right Min: 0.69
[rosout][INFO] 2025-04-11 13:53:28,391: Back Left Min: 0.93, Back Right Min: 0.69
[rosout][INFO] 2025-04-11 13:53:28,488: Back Left Min: 0.93, Back Right Min: 0.69
[rosout][INFO] 2025-04-11 13:53:28,591: Back Left Min: 0.93, Back Right Min: 0.69
[rosout][INFO] 2025-04-11 13:53:28,688: Back Left Min: 0.93, Back Right Min: 0.69
[rosout][INFO] 2025-04-11 13:53:28,791: Back Left Min: 0.93, Back Right Min: 0.69
[rosout][INFO] 2025-04-11 13:53:28,888: Back Left Min: 0.93, Back Right Min: 0.69
[rosout][INFO] 2025-04-11 13:53:28,991: Back Left Min: 0.93, Back Right Min: 0.69
[rosout][INFO] 2025-04-11 13:53:29,088: Back Left Min: 0.93, Back Right Min: 0.69
[rosout][INFO] 2025-04-11 13:53:29,191: Back Left Min: 0.93, Back Right Min: 0.69
[rosout][INFO] 2025-04-11 13:53:29,288: Back Left Min: 0.93, Back Right Min: 0.69
[rosout][INFO] 2025-04-11 13:53:29,391: Back Left Min: 0.93, Back Right Min: 0.69
[rosout][INFO] 2025-04-11 13:53:29,488: Back Left Min: 0.93, Back Right Min: 0.69
[rosout][INFO] 2025-04-11 13:53:29,591: Back Left Min: 0.93, Back Right Min: 0.69
[rosout][INFO] 2025-04-11 13:53:29,688: Back Left Min: 0.93, Back Right Min: 0.69
[rosout][INFO] 2025-04-11 13:53:29,791: Back Left Min: 0.93, Back Right Min: 0.69
[rosout][INFO] 2025-04-11 13:53:29,888: Back Left Min: 0.93, Back Right Min: 0.69
[rosout][INFO] 2025-04-11 13:53:29,992: Back Left Min: 0.93, Back Right Min: 0.69
[rosout][INFO] 2025-04-11 13:53:30,088: Back Left Min: 0.93, Back Right Min: 0.69
[rosout][INFO] 2025-04-11 13:53:30,192: Back Left Min: 0.93, Back Right Min: 0.69
[rosout][INFO] 2025-04-11 13:53:30,289: Back Left Min: 0.93, Back Right Min: 0.69
[rosout][INFO] 2025-04-11 13:53:30,392: Back Left Min: 0.93, Back Right Min: 0.69
[rosout][INFO] 2025-04-11 13:53:30,489: Back Left Min: 0.93, Back Right Min: 0.69
[rosout][INFO] 2025-04-11 13:53:30,592: Back Left Min: 0.93, Back Right Min: 0.69
[rosout][INFO] 2025-04-11 13:53:30,689: Back Left Min: 0.93, Back Right Min: 0.69
[rosout][INFO] 2025-04-11 13:53:30,792: Back Left Min: 0.93, Back Right Min: 0.69
[rosout][INFO] 2025-04-11 13:53:30,889: Back Left Min: 0.93, Back Right Min: 0.69
[rosout][INFO] 2025-04-11 13:53:30,992: Back Left Min: 0.93, Back Right Min: 0.69
[rosout][INFO] 2025-04-11 13:53:31,089: Back Left Min: 0.93, Back Right Min: 0.69
[rosout][INFO] 2025-04-11 13:53:31,192: Back Left Min: 0.93, Back Right Min: 0.69
[rosout][INFO] 2025-04-11 13:53:31,289: Back Left Min: 0.93, Back Right Min: 0.69
[rosout][INFO] 2025-04-11 13:53:31,392: Back Left Min: 0.93, Back Right Min: 0.69
[rosout][INFO] 2025-04-11 13:53:31,489: Back Left Min: 0.93, Back Right Min: 0.69
[rosout][INFO] 2025-04-11 13:53:31,592: Back Left Min: 0.93, Back Right Min: 0.69
[rosout][INFO] 2025-04-11 13:53:31,689: Back Left Min: 0.93, Back Right Min: 0.69
[rosout][INFO] 2025-04-11 13:53:31,792: Back Left Min: 0.93, Back Right Min: 0.69
[rosout][INFO] 2025-04-11 13:53:31,889: Back Left Min: 0.93, Back Right Min: 0.69
[rosout][INFO] 2025-04-11 13:53:31,992: Back Left Min: 0.93, Back Right Min: 0.69
[rosout][INFO] 2025-04-11 13:53:32,089: Back Left Min: 0.93, Back Right Min: 0.69
[rosout][INFO] 2025-04-11 13:53:32,192: Back Left Min: 0.93, Back Right Min: 0.69
[rosout][INFO] 2025-04-11 13:53:32,289: Back Left Min: 0.93, Back Right Min: 0.69
[rosout][INFO] 2025-04-11 13:53:32,392: Back Left Min: 0.93, Back Right Min: 0.69
[rosout][INFO] 2025-04-11 13:53:32,489: Back Left Min: 0.93, Back Right Min: 0.69
[rosout][INFO] 2025-04-11 13:53:32,593: Back Left Min: 0.93, Back Right Min: 0.69
[rosout][INFO] 2025-04-11 13:53:32,689: Back Left Min: 0.93, Back Right Min: 0.69
[rosout][INFO] 2025-04-11 13:53:32,793: Back Left Min: 0.93, Back Right Min: 0.69
[rosout][INFO] 2025-04-11 13:53:32,889: Back Left Min: 0.93, Back Right Min: 0.69
[rosout][INFO] 2025-04-11 13:53:32,993: Back Left Min: 0.93, Back Right Min: 0.69
[rosout][INFO] 2025-04-11 13:53:33,090: Back Left Min: 0.93, Back Right Min: 0.69
[rosout][INFO] 2025-04-11 13:53:33,193: Back Left Min: 0.93, Back Right Min: 0.69
[rosout][INFO] 2025-04-11 13:53:33,290: Back Left Min: 0.93, Back Right Min: 0.69
[rosout][INFO] 2025-04-11 13:53:33,393: Back Left Min: 0.93, Back Right Min: 0.69
[rosout][INFO] 2025-04-11 13:53:33,490: Back Left Min: 0.93, Back Right Min: 0.69
[rosout][INFO] 2025-04-11 13:53:33,593: Back Left Min: 0.93, Back Right Min: 0.69
[rosout][INFO] 2025-04-11 13:53:33,690: Back Left Min: 0.93, Back Right Min: 0.69
[rosout][INFO] 2025-04-11 13:53:33,793: Back Left Min: 0.93, Back Right Min: 0.69
[rosout][INFO] 2025-04-11 13:53:33,890: Back Left Min: 0.93, Back Right Min: 0.69
[rosout][INFO] 2025-04-11 13:53:33,993: Back Left Min: 0.93, Back Right Min: 0.69
[rosout][INFO] 2025-04-11 13:53:34,090: Back Left Min: 0.93, Back Right Min: 0.69
[rosout][INFO] 2025-04-11 13:53:34,193: Back Left Min: 0.93, Back Right Min: 0.69
[rosout][INFO] 2025-04-11 13:53:34,290: Back Left Min: 0.93, Back Right Min: 0.69
[rosout][INFO] 2025-04-11 13:53:34,393: Back Left Min: 0.93, Back Right Min: 0.69
[rosout][INFO] 2025-04-11 13:53:34,490: Back Left Min: 0.93, Back Right Min: 0.69
[rosout][INFO] 2025-04-11 13:53:34,593: Back Left Min: 0.93, Back Right Min: 0.69
[rosout][INFO] 2025-04-11 13:53:34,690: Back Left Min: 0.93, Back Right Min: 0.69
[rosout][INFO] 2025-04-11 13:53:34,793: Back Left Min: 0.93, Back Right Min: 0.69
[rosout][INFO] 2025-04-11 13:53:34,890: Back Left Min: 0.93, Back Right Min: 0.69
[rosout][INFO] 2025-04-11 13:53:34,994: Back Left Min: 0.93, Back Right Min: 0.69
[rosout][INFO] 2025-04-11 13:53:35,090: Back Left Min: 0.93, Back Right Min: 0.69
[rosout][INFO] 2025-04-11 13:53:35,194: Back Left Min: 0.93, Back Right Min: 0.69
[rosout][INFO] 2025-04-11 13:53:35,290: Back Left Min: 0.93, Back Right Min: 0.69
[rosout][INFO] 2025-04-11 13:53:35,394: Back Left Min: 0.93, Back Right Min: 0.69
[rosout][INFO] 2025-04-11 13:53:35,491: Back Left Min: 0.93, Back Right Min: 0.69
[rosout][INFO] 2025-04-11 13:53:35,594: Back Left Min: 0.93, Back Right Min: 0.69
[rosout][INFO] 2025-04-11 13:53:35,691: Back Left Min: 0.93, Back Right Min: 0.69
[rosout][INFO] 2025-04-11 13:53:35,794: Back Left Min: 0.93, Back Right Min: 0.69
[rosout][INFO] 2025-04-11 13:53:35,891: Back Left Min: 0.93, Back Right Min: 0.69
[rosout][INFO] 2025-04-11 13:53:35,994: Back Left Min: 0.93, Back Right Min: 0.69
[rosout][INFO] 2025-04-11 13:53:36,091: Back Left Min: 0.93, Back Right Min: 0.69
[rosout][INFO] 2025-04-11 13:53:36,194: Back Left Min: 0.93, Back Right Min: 0.69
[rosout][INFO] 2025-04-11 13:53:36,291: Back Left Min: 0.93, Back Right Min: 0.69
[rosout][INFO] 2025-04-11 13:53:36,394: Back Left Min: 0.93, Back Right Min: 0.69
[rosout][INFO] 2025-04-11 13:53:36,491: Back Left Min: 0.93, Back Right Min: 0.69
[rosout][INFO] 2025-04-11 13:53:36,594: Back Left Min: 0.93, Back Right Min: 0.69
[rosout][INFO] 2025-04-11 13:53:36,691: Back Left Min: 0.93, Back Right Min: 0.69
[rosout][INFO] 2025-04-11 13:53:36,794: Back Left Min: 0.93, Back Right Min: 0.69
[rosout][INFO] 2025-04-11 13:53:36,891: Back Left Min: 0.93, Back Right Min: 0.69
[rosout][INFO] 2025-04-11 13:53:36,994: Back Left Min: 0.93, Back Right Min: 0.69
[rosout][INFO] 2025-04-11 13:53:37,091: Back Left Min: 0.93, Back Right Min: 0.69
[rosout][INFO] 2025-04-11 13:53:37,194: Back Left Min: 0.93, Back Right Min: 0.69
[rosout][INFO] 2025-04-11 13:53:37,291: Back Left Min: 0.93, Back Right Min: 0.69
[rosout][INFO] 2025-04-11 13:53:37,395: Back Left Min: 0.93, Back Right Min: 0.69
[rosout][INFO] 2025-04-11 13:53:37,492: Back Left Min: 0.93, Back Right Min: 0.69
[rosout][INFO] 2025-04-11 13:53:37,595: Back Left Min: 0.93, Back Right Min: 0.69
[rosout][INFO] 2025-04-11 13:53:37,692: Back Left Min: 0.93, Back Right Min: 0.69
[rosout][INFO] 2025-04-11 13:53:37,795: Back Left Min: 0.93, Back Right Min: 0.69
[rosout][INFO] 2025-04-11 13:53:37,892: Back Left Min: 0.93, Back Right Min: 0.69
[rosout][INFO] 2025-04-11 13:53:37,995: Back Left Min: 0.93, Back Right Min: 0.69
[rosout][INFO] 2025-04-11 13:53:38,092: Back Left Min: 0.93, Back Right Min: 0.69
[rosout][INFO] 2025-04-11 13:53:38,195: Back Left Min: 0.93, Back Right Min: 0.69
[rosout][INFO] 2025-04-11 13:53:38,292: Back Left Min: 0.93, Back Right Min: 0.69
[rosout][INFO] 2025-04-11 13:53:38,395: Back Left Min: 0.93, Back Right Min: 0.69
[rosout][INFO] 2025-04-11 13:53:38,492: Back Left Min: 0.93, Back Right Min: 0.69
[rosout][INFO] 2025-04-11 13:53:38,595: Back Left Min: 0.93, Back Right Min: 0.69
[rosout][INFO] 2025-04-11 13:53:38,692: Back Left Min: 0.93, Back Right Min: 0.69
[rosout][INFO] 2025-04-11 13:53:38,795: Back Left Min: 0.93, Back Right Min: 0.69
[rosout][INFO] 2025-04-11 13:53:38,892: Back Left Min: 0.93, Back Right Min: 0.69
[rosout][INFO] 2025-04-11 13:53:38,995: Back Left Min: 0.93, Back Right Min: 0.69
[rosout][INFO] 2025-04-11 13:53:39,092: Back Left Min: 0.93, Back Right Min: 0.69
[rosout][INFO] 2025-04-11 13:53:39,196: Back Left Min: 0.93, Back Right Min: 0.69
[rosout][INFO] 2025-04-11 13:53:39,292: Back Left Min: 0.93, Back Right Min: 0.69
[rosout][INFO] 2025-04-11 13:53:39,396: Back Left Min: 0.93, Back Right Min: 0.69
[rosout][INFO] 2025-04-11 13:53:39,492: Back Left Min: 0.93, Back Right Min: 0.69
[rosout][INFO] 2025-04-11 13:53:39,596: Back Left Min: 0.93, Back Right Min: 0.69
[rosout][INFO] 2025-04-11 13:53:39,692: Back Left Min: 0.93, Back Right Min: 0.69
[rosout][INFO] 2025-04-11 13:53:39,796: Back Left Min: 0.93, Back Right Min: 0.69
[rosout][INFO] 2025-04-11 13:53:39,892: Back Left Min: 0.93, Back Right Min: 0.69
[rosout][INFO] 2025-04-11 13:53:39,996: Back Left Min: 0.93, Back Right Min: 0.69
[rosout][INFO] 2025-04-11 13:53:40,093: Back Left Min: 0.93, Back Right Min: 0.69
[rosout][INFO] 2025-04-11 13:53:40,196: Back Left Min: 0.93, Back Right Min: 0.69
[rosout][INFO] 2025-04-11 13:53:40,293: Back Left Min: 0.93, Back Right Min: 0.70
[rosout][INFO] 2025-04-11 13:53:40,396: Back Left Min: 0.90, Back Right Min: 0.70
[rosout][INFO] 2025-04-11 13:53:40,493: Back Left Min: 0.90, Back Right Min: 0.70
[rosout][INFO] 2025-04-11 13:53:40,596: Back Left Min: 0.92, Back Right Min: 0.69
[rosout][INFO] 2025-04-11 13:53:40,693: Back Left Min: 0.92, Back Right Min: 0.69
[rosout][INFO] 2025-04-11 13:53:40,796: Back Left Min: 0.92, Back Right Min: 0.69
[rosout][INFO] 2025-04-11 13:53:40,893: Back Left Min: 0.92, Back Right Min: 0.69
[rosout][INFO] 2025-04-11 13:53:40,996: Back Left Min: 0.92, Back Right Min: 0.69
[rosout][INFO] 2025-04-11 13:53:41,093: Back Left Min: 0.92, Back Right Min: 0.69
[rosout][INFO] 2025-04-11 13:53:41,196: Back Left Min: 0.92, Back Right Min: 0.70
[rosout][INFO] 2025-04-11 13:53:41,293: Back Left Min: 0.92, Back Right Min: 0.70
[rosout][INFO] 2025-04-11 13:53:41,396: Back Left Min: 0.92, Back Right Min: 0.68
[rosout][INFO] 2025-04-11 13:53:41,493: Back Left Min: 0.92, Back Right Min: 0.68
[rosout][INFO] 2025-04-11 13:53:41,596: Back Left Min: 0.92, Back Right Min: 0.68
[rosout][INFO] 2025-04-11 13:53:41,693: Back Left Min: 0.92, Back Right Min: 0.70
[rosout][INFO] 2025-04-11 13:53:41,796: Back Left Min: 0.92, Back Right Min: 0.70
[rosout][INFO] 2025-04-11 13:53:41,893: Back Left Min: 0.92, Back Right Min: 0.70
[rosout][INFO] 2025-04-11 13:53:41,996: Back Left Min: 0.92, Back Right Min: 0.68
[rosout][INFO] 2025-04-11 13:53:42,093: Back Left Min: 0.92, Back Right Min: 0.68
[rosout][INFO] 2025-04-11 13:53:42,197: Back Left Min: 0.92, Back Right Min: 0.68
[rosout][INFO] 2025-04-11 13:53:42,293: Back Left Min: 0.92, Back Right Min: 0.70
[rosout][INFO] 2025-04-11 13:53:42,397: Back Left Min: 0.92, Back Right Min: 0.70
[rosout][INFO] 2025-04-11 13:53:42,494: Back Left Min: 0.92, Back Right Min: 0.70
[rosout][INFO] 2025-04-11 13:53:42,597: Back Left Min: 0.92, Back Right Min: 0.69
[rosout][INFO] 2025-04-11 13:53:42,694: Back Left Min: 0.92, Back Right Min: 0.69
[rosout][INFO] 2025-04-11 13:53:42,797: Back Left Min: 0.92, Back Right Min: 0.69
[rosout][INFO] 2025-04-11 13:53:42,894: Back Left Min: 0.92, Back Right Min: 0.69
[rosout][INFO] 2025-04-11 13:53:42,997: Back Left Min: 0.92, Back Right Min: 0.69
[rosout][INFO] 2025-04-11 13:53:43,094: Back Left Min: 0.92, Back Right Min: 0.70
[rosout][INFO] 2025-04-11 13:53:43,197: Back Left Min: 0.92, Back Right Min: 0.70
[rosout][INFO] 2025-04-11 13:53:43,294: Back Left Min: 0.92, Back Right Min: 0.70
[rosout][INFO] 2025-04-11 13:53:43,397: Back Left Min: 0.92, Back Right Min: 0.68
[rosout][INFO] 2025-04-11 13:53:43,494: Back Left Min: 0.92, Back Right Min: 0.68
[rosout][INFO] 2025-04-11 13:53:43,597: Back Left Min: 0.92, Back Right Min: 0.68
[rosout][INFO] 2025-04-11 13:53:43,694: Back Left Min: 0.92, Back Right Min: 0.69
[rosout][INFO] 2025-04-11 13:53:43,797: Back Left Min: 0.92, Back Right Min: 0.69
[rosout][INFO] 2025-04-11 13:53:43,894: Back Left Min: 0.92, Back Right Min: 0.69
[rosout][INFO] 2025-04-11 13:53:43,997: Back Left Min: 0.92, Back Right Min: 0.69
[rosout][INFO] 2025-04-11 13:53:44,094: Back Left Min: 0.92, Back Right Min: 0.69
[rosout][INFO] 2025-04-11 13:53:44,197: Back Left Min: 0.92, Back Right Min: 0.69
[rosout][INFO] 2025-04-11 13:53:44,294: Back Left Min: 0.92, Back Right Min: 0.69
[rosout][INFO] 2025-04-11 13:53:44,397: Back Left Min: 0.92, Back Right Min: 0.69
[rosout][INFO] 2025-04-11 13:53:44,494: Back Left Min: 0.92, Back Right Min: 0.68
[rosout][INFO] 2025-04-11 13:53:44,598: Back Left Min: 0.92, Back Right Min: 0.68
[rosout][INFO] 2025-04-11 13:53:44,694: Back Left Min: 0.92, Back Right Min: 0.68
[rosout][INFO] 2025-04-11 13:53:44,798: Back Left Min: 0.92, Back Right Min: 0.69
[rosout][INFO] 2025-04-11 13:53:44,894: Back Left Min: 0.92, Back Right Min: 0.69
[rosout][INFO] 2025-04-11 13:53:44,998: Back Left Min: 0.92, Back Right Min: 0.69
[rosout][INFO] 2025-04-11 13:53:45,095: Back Left Min: 0.92, Back Right Min: 0.69
[rosout][INFO] 2025-04-11 13:53:45,198: Back Left Min: 0.92, Back Right Min: 0.69
[rosout][INFO] 2025-04-11 13:53:45,295: Back Left Min: 0.92, Back Right Min: 0.69
[rosout][INFO] 2025-04-11 13:53:45,398: Back Left Min: 0.92, Back Right Min: 0.69
[rosout][INFO] 2025-04-11 13:53:45,495: Back Left Min: 0.92, Back Right Min: 0.69
[rosout][INFO] 2025-04-11 13:53:45,598: Back Left Min: 0.92, Back Right Min: 0.69
[rosout][INFO] 2025-04-11 13:53:45,695: Back Left Min: 0.92, Back Right Min: 0.69
[rosout][INFO] 2025-04-11 13:53:45,798: Back Left Min: 0.92, Back Right Min: 0.69
[rosout][INFO] 2025-04-11 13:53:45,895: Back Left Min: 0.92, Back Right Min: 0.69
[rosout][INFO] 2025-04-11 13:53:45,998: Back Left Min: 0.92, Back Right Min: 0.69
[rosout][INFO] 2025-04-11 13:53:46,095: Back Left Min: 0.92, Back Right Min: 0.69
[rosout][INFO] 2025-04-11 13:53:46,198: Back Left Min: 0.92, Back Right Min: 0.69
[rosout][INFO] 2025-04-11 13:53:46,295: Back Left Min: 0.92, Back Right Min: 0.69
[rosout][INFO] 2025-04-11 13:53:46,398: Back Left Min: 0.92, Back Right Min: 0.69
[rosout][INFO] 2025-04-11 13:53:46,496: Back Left Min: 0.92, Back Right Min: 0.69
[rosout][INFO] 2025-04-11 13:53:46,598: Back Left Min: 0.92, Back Right Min: 0.69
[rosout][INFO] 2025-04-11 13:53:46,696: Back Left Min: 0.92, Back Right Min: 0.69
[rosout][INFO] 2025-04-11 13:53:46,798: Back Left Min: 0.92, Back Right Min: 0.69
[rosout][INFO] 2025-04-11 13:53:46,896: Back Left Min: 0.92, Back Right Min: 0.69
[rosout][INFO] 2025-04-11 13:53:46,999: Back Left Min: 0.92, Back Right Min: 0.69
[rosout][INFO] 2025-04-11 13:53:47,096: Back Left Min: 0.92, Back Right Min: 0.69
[rosout][INFO] 2025-04-11 13:53:47,199: Back Left Min: 0.92, Back Right Min: 0.69
[rosout][INFO] 2025-04-11 13:53:47,296: Back Left Min: 0.92, Back Right Min: 0.69
[rosout][INFO] 2025-04-11 13:53:47,399: Back Left Min: 0.92, Back Right Min: 0.69
[rosout][INFO] 2025-04-11 13:53:47,496: Back Left Min: 0.92, Back Right Min: 0.69
[rosout][INFO] 2025-04-11 13:53:47,599: Back Left Min: 0.92, Back Right Min: 0.69
[rosout][INFO] 2025-04-11 13:53:47,696: Back Left Min: 0.92, Back Right Min: 0.69
[rosout][INFO] 2025-04-11 13:53:47,799: Back Left Min: 0.92, Back Right Min: 0.69
[rosout][INFO] 2025-04-11 13:53:47,896: Back Left Min: 0.92, Back Right Min: 0.69
[rosout][INFO] 2025-04-11 13:53:47,999: Back Left Min: 0.92, Back Right Min: 0.69
[rosout][INFO] 2025-04-11 13:53:48,096: Back Left Min: 0.92, Back Right Min: 0.69
[rosout][INFO] 2025-04-11 13:53:48,199: Back Left Min: 0.92, Back Right Min: 0.69
[rosout][INFO] 2025-04-11 13:53:48,296: Back Left Min: 0.92, Back Right Min: 0.69
[rosout][INFO] 2025-04-11 13:53:48,399: Back Left Min: 0.92, Back Right Min: 0.69
[rosout][INFO] 2025-04-11 13:53:48,496: Back Left Min: 0.92, Back Right Min: 0.69
[rosout][INFO] 2025-04-11 13:53:48,599: Back Left Min: 0.92, Back Right Min: 0.69
[rosout][INFO] 2025-04-11 13:53:48,696: Back Left Min: 0.92, Back Right Min: 0.69
[rosout][INFO] 2025-04-11 13:53:48,799: Back Left Min: 0.92, Back Right Min: 0.69
[rosout][INFO] 2025-04-11 13:53:48,896: Back Left Min: 0.92, Back Right Min: 0.69
[rosout][INFO] 2025-04-11 13:53:48,999: Back Left Min: 0.92, Back Right Min: 0.69
[rosout][INFO] 2025-04-11 13:53:49,096: Back Left Min: 0.92, Back Right Min: 0.69
[rosout][INFO] 2025-04-11 13:53:49,199: Back Left Min: 0.92, Back Right Min: 0.69
[rosout][INFO] 2025-04-11 13:53:49,296: Back Left Min: 0.92, Back Right Min: 0.69
[rosout][INFO] 2025-04-11 13:53:49,400: Back Left Min: 0.92, Back Right Min: 0.69
[rosout][INFO] 2025-04-11 13:53:49,496: Back Left Min: 0.92, Back Right Min: 0.69
[rosout][INFO] 2025-04-11 13:53:49,600: Back Left Min: 0.92, Back Right Min: 0.69
[rosout][INFO] 2025-04-11 13:53:49,697: Back Left Min: 0.92, Back Right Min: 0.69
[rosout][INFO] 2025-04-11 13:53:49,800: Back Left Min: 0.92, Back Right Min: 0.69
[rosout][INFO] 2025-04-11 13:53:49,897: Back Left Min: 0.92, Back Right Min: 0.69
[rosout][INFO] 2025-04-11 13:53:50,000: Back Left Min: 0.92, Back Right Min: 0.69
[rosout][INFO] 2025-04-11 13:53:50,097: Back Left Min: 0.92, Back Right Min: 0.69
[rosout][INFO] 2025-04-11 13:53:50,200: Back Left Min: 0.92, Back Right Min: 0.69
[rosout][INFO] 2025-04-11 13:53:50,297: Back Left Min: 0.92, Back Right Min: 0.69
[rosout][INFO] 2025-04-11 13:53:50,400: Back Left Min: 0.90, Back Right Min: 0.69
[rosout][INFO] 2025-04-11 13:53:50,497: Back Left Min: 0.90, Back Right Min: 0.69
[rosout][INFO] 2025-04-11 13:53:50,600: Back Left Min: 0.90, Back Right Min: 0.69
[rosout][INFO] 2025-04-11 13:53:50,697: Back Left Min: 0.92, Back Right Min: 0.69
[rosout][INFO] 2025-04-11 13:53:50,800: Back Left Min: 0.92, Back Right Min: 0.69
[rosout][INFO] 2025-04-11 13:53:50,897: Back Left Min: 0.92, Back Right Min: 0.69
[rosout][INFO] 2025-04-11 13:53:51,000: Back Left Min: 0.92, Back Right Min: 0.68
[rosout][INFO] 2025-04-11 13:53:51,097: Back Left Min: 0.92, Back Right Min: 0.68
[rosout][INFO] 2025-04-11 13:53:51,201: Back Left Min: 0.92, Back Right Min: 0.69
[rosout][INFO] 2025-04-11 13:53:51,298: Back Left Min: 0.91, Back Right Min: 0.69
[rosout][INFO] 2025-04-11 13:53:51,400: Back Left Min: 0.91, Back Right Min: 0.69
[rosout][INFO] 2025-04-11 13:53:51,498: Back Left Min: 0.91, Back Right Min: 0.69
[rosout][INFO] 2025-04-11 13:53:51,601: Back Left Min: 0.92, Back Right Min: 0.69
[rosout][INFO] 2025-04-11 13:53:51,698: Back Left Min: 0.92, Back Right Min: 0.69
[rosout][INFO] 2025-04-11 13:53:51,801: Back Left Min: 0.92, Back Right Min: 0.69
[rosout][INFO] 2025-04-11 13:53:51,898: Back Left Min: 0.92, Back Right Min: 0.69
[rosout][INFO] 2025-04-11 13:53:52,001: Back Left Min: 0.92, Back Right Min: 0.69
[rosout][INFO] 2025-04-11 13:53:52,098: Back Left Min: 0.90, Back Right Min: 0.69
[rosout][INFO] 2025-04-11 13:53:52,201: Back Left Min: 0.90, Back Right Min: 0.69
[rosout][INFO] 2025-04-11 13:53:52,298: Back Left Min: 0.90, Back Right Min: 0.69
[rosout][INFO] 2025-04-11 13:53:52,401: Back Left Min: 0.89, Back Right Min: 0.69
[rosout][INFO] 2025-04-11 13:53:52,498: Back Left Min: 0.89, Back Right Min: 0.69
[rosout][INFO] 2025-04-11 13:53:52,601: Back Left Min: 0.89, Back Right Min: 0.69
[rosout][INFO] 2025-04-11 13:53:52,698: Back Left Min: 0.89, Back Right Min: 0.69
[rosout][INFO] 2025-04-11 13:53:52,801: Back Left Min: 0.89, Back Right Min: 0.69
[rosout][INFO] 2025-04-11 13:53:52,898: Back Left Min: 0.89, Back Right Min: 0.69
[rosout][INFO] 2025-04-11 13:53:53,001: Back Left Min: 0.90, Back Right Min: 0.69
[rosout][INFO] 2025-04-11 13:53:53,098: Back Left Min: 0.90, Back Right Min: 0.69
[rosout][INFO] 2025-04-11 13:53:53,201: Back Left Min: 0.90, Back Right Min: 0.69
[rosout][INFO] 2025-04-11 13:53:53,298: Back Left Min: 0.90, Back Right Min: 0.69
[rosout][INFO] 2025-04-11 13:53:53,401: Back Left Min: 0.90, Back Right Min: 0.69
[rosout][INFO] 2025-04-11 13:53:53,498: Back Left Min: 0.88, Back Right Min: 0.69
[rosout][INFO] 2025-04-11 13:53:53,601: Back Left Min: 0.88, Back Right Min: 0.69
[rosout][INFO] 2025-04-11 13:53:53,698: Back Left Min: 0.88, Back Right Min: 0.69
[rosout][INFO] 2025-04-11 13:53:53,801: Back Left Min: 0.88, Back Right Min: 0.69
[rosout][INFO] 2025-04-11 13:53:53,898: Back Left Min: 0.88, Back Right Min: 0.69
[rosout][INFO] 2025-04-11 13:53:54,001: Back Left Min: 0.88, Back Right Min: 0.69
[rosout][INFO] 2025-04-11 13:53:54,098: Back Left Min: 0.88, Back Right Min: 0.69
[rosout][INFO] 2025-04-11 13:53:54,202: Back Left Min: 0.88, Back Right Min: 0.69
[rosout][INFO] 2025-04-11 13:53:54,298: Back Left Min: 0.88, Back Right Min: 0.69
[rosout][INFO] 2025-04-11 13:53:54,402: Back Left Min: 0.88, Back Right Min: 0.69
[rosout][INFO] 2025-04-11 13:53:54,499: Back Left Min: 0.88, Back Right Min: 0.69
[rosout][INFO] 2025-04-11 13:53:54,602: Back Left Min: 0.88, Back Right Min: 0.68
[rosout][INFO] 2025-04-11 13:53:54,699: Back Left Min: 0.88, Back Right Min: 0.68
[rosout][INFO] 2025-04-11 13:53:54,802: Back Left Min: 0.88, Back Right Min: 0.68
[rosout][INFO] 2025-04-11 13:53:54,899: Back Left Min: 0.87, Back Right Min: 0.69
[rosout][INFO] 2025-04-11 13:53:55,002: Back Left Min: 0.87, Back Right Min: 0.69
[rosout][INFO] 2025-04-11 13:53:55,099: Back Left Min: 0.87, Back Right Min: 0.69
[rosout][INFO] 2025-04-11 13:53:55,202: Back Left Min: 0.87, Back Right Min: 0.68
[rosout][INFO] 2025-04-11 13:53:55,299: Back Left Min: 0.87, Back Right Min: 0.68
[rosout][INFO] 2025-04-11 13:53:55,402: Back Left Min: 0.87, Back Right Min: 0.69
[rosout][INFO] 2025-04-11 13:53:55,499: Back Left Min: 0.87, Back Right Min: 0.69
[rosout][INFO] 2025-04-11 13:53:55,602: Back Left Min: 0.87, Back Right Min: 0.69
[rosout][INFO] 2025-04-11 13:53:55,699: Back Left Min: 0.87, Back Right Min: 0.68
[rosout][INFO] 2025-04-11 13:53:55,802: Back Left Min: 0.86, Back Right Min: 0.68
[rosout][INFO] 2025-04-11 13:53:55,899: Back Left Min: 0.86, Back Right Min: 0.68
[rosout][INFO] 2025-04-11 13:53:56,002: Back Left Min: 0.86, Back Right Min: 0.69
[rosout][INFO] 2025-04-11 13:53:56,099: Back Left Min: 0.86, Back Right Min: 0.69
[rosout][INFO] 2025-04-11 13:53:56,202: Back Left Min: 0.86, Back Right Min: 0.69
[rosout][INFO] 2025-04-11 13:53:56,299: Back Left Min: 0.86, Back Right Min: 0.69
[rosout][INFO] 2025-04-11 13:53:56,403: Back Left Min: 0.86, Back Right Min: 0.69
[rosout][INFO] 2025-04-11 13:53:56,499: Back Left Min: 0.86, Back Right Min: 0.69
[rosout][INFO] 2025-04-11 13:53:56,603: Back Left Min: 0.88, Back Right Min: 0.69
[rosout][INFO] 2025-04-11 13:53:56,700: Back Left Min: 0.88, Back Right Min: 0.69
[rosout][INFO] 2025-04-11 13:53:56,803: Back Left Min: 0.88, Back Right Min: 0.69
[rosout][INFO] 2025-04-11 13:53:56,900: Back Left Min: 0.88, Back Right Min: 0.69
[rosout][INFO] 2025-04-11 13:53:57,003: Back Left Min: 0.88, Back Right Min: 0.69
[rosout][INFO] 2025-04-11 13:53:57,100: Back Left Min: 0.88, Back Right Min: 0.69
[rosout][INFO] 2025-04-11 13:53:57,203: Back Left Min: 0.89, Back Right Min: 0.69
[rosout][INFO] 2025-04-11 13:53:57,300: Back Left Min: 0.89, Back Right Min: 0.69
[rosout][INFO] 2025-04-11 13:53:57,403: Back Left Min: 0.90, Back Right Min: 0.69
[rosout][INFO] 2025-04-11 13:53:57,500: Back Left Min: 0.90, Back Right Min: 0.69
[rosout][INFO] 2025-04-11 13:53:57,603: Back Left Min: 0.90, Back Right Min: 0.69
[rosout][INFO] 2025-04-11 13:53:57,700: Back Left Min: 0.92, Back Right Min: 0.68
[rosout][INFO] 2025-04-11 13:53:57,803: Back Left Min: 0.92, Back Right Min: 0.68
[rosout][INFO] 2025-04-11 13:53:57,900: Back Left Min: 0.92, Back Right Min: 0.68
[rosout][INFO] 2025-04-11 13:53:58,003: Back Left Min: 0.93, Back Right Min: 0.69
[rosout][INFO] 2025-04-11 13:53:58,100: Back Left Min: 0.93, Back Right Min: 0.69
[rosout][INFO] 2025-04-11 13:53:58,203: Back Left Min: 0.93, Back Right Min: 0.70
[rosout][INFO] 2025-04-11 13:53:58,300: Back Left Min: 0.92, Back Right Min: 0.70
[rosout][INFO] 2025-04-11 13:53:58,403: Back Left Min: 0.92, Back Right Min: 0.70
[rosout][INFO] 2025-04-11 13:53:58,500: Back Left Min: 0.92, Back Right Min: 0.68
[rosout][INFO] 2025-04-11 13:53:58,603: Back Left Min: 0.92, Back Right Min: 0.68
[rosout][INFO] 2025-04-11 13:53:58,701: Back Left Min: 0.92, Back Right Min: 0.68
[rosout][INFO] 2025-04-11 13:53:58,803: Back Left Min: 0.92, Back Right Min: 0.71
[rosout][INFO] 2025-04-11 13:53:58,900: Back Left Min: 0.92, Back Right Min: 0.71
[rosout][INFO] 2025-04-11 13:53:59,003: Back Left Min: 0.92, Back Right Min: 0.71
[rosout][INFO] 2025-04-11 13:53:59,100: Back Left Min: 0.91, Back Right Min: 0.66
[rosout][INFO] 2025-04-11 13:53:59,204: Back Left Min: 0.91, Back Right Min: 0.66
[rosout][INFO] 2025-04-11 13:53:59,301: Back Left Min: 0.91, Back Right Min: 0.66
[rosout][INFO] 2025-04-11 13:53:59,404: Back Left Min: 0.92, Back Right Min: 0.71
[rosout][INFO] 2025-04-11 13:53:59,501: Back Left Min: 0.92, Back Right Min: 0.71
[rosout][INFO] 2025-04-11 13:53:59,604: Back Left Min: 0.92, Back Right Min: 0.68
[rosout][INFO] 2025-04-11 13:53:59,701: Back Left Min: 0.95, Back Right Min: 0.68
[rosout][INFO] 2025-04-11 13:53:59,804: Back Left Min: 0.95, Back Right Min: 0.68
[rosout][INFO] 2025-04-11 13:53:59,901: Back Left Min: 0.95, Back Right Min: 0.68
[rosout][INFO] 2025-04-11 13:54:00,004: Back Left Min: 0.93, Back Right Min: 0.68
[rosout][INFO] 2025-04-11 13:54:00,101: Back Left Min: 0.93, Back Right Min: 0.68
[rosout][INFO] 2025-04-11 13:54:00,204: Back Left Min: 0.94, Back Right Min: 0.71
[rosout][INFO] 2025-04-11 13:54:00,301: Back Left Min: 0.94, Back Right Min: 0.71
[rosout][INFO] 2025-04-11 13:54:00,404: Back Left Min: 0.94, Back Right Min: 0.71
[rosout][INFO] 2025-04-11 13:54:00,501: Back Left Min: 0.95, Back Right Min: 0.66
[rosout][INFO] 2025-04-11 13:54:00,604: Back Left Min: 0.95, Back Right Min: 0.66
[rosout][INFO] 2025-04-11 13:54:00,701: Back Left Min: 0.95, Back Right Min: 0.66
[rosout][INFO] 2025-04-11 13:54:00,804: Back Left Min: 0.95, Back Right Min: 0.70
[rosout][INFO] 2025-04-11 13:54:00,901: Back Left Min: 0.95, Back Right Min: 0.70
[rosout][INFO] 2025-04-11 13:54:01,004: Back Left Min: 0.95, Back Right Min: 0.69
[rosout][INFO] 2025-04-11 13:54:01,101: Back Left Min: 0.95, Back Right Min: 0.69
[rosout][INFO] 2025-04-11 13:54:01,204: Back Left Min: 0.95, Back Right Min: 0.69
[rosout][INFO] 2025-04-11 13:54:01,301: Back Left Min: 0.95, Back Right Min: 0.68
[rosout][INFO] 2025-04-11 13:54:01,405: Back Left Min: 0.95, Back Right Min: 0.68
[rosout][INFO] 2025-04-11 13:54:01,501: Back Left Min: 0.95, Back Right Min: 0.68
[rosout][INFO] 2025-04-11 13:54:01,605: Back Left Min: 0.97, Back Right Min: 0.70
[rosout][INFO] 2025-04-11 13:54:01,702: Back Left Min: 0.97, Back Right Min: 0.70
[rosout][INFO] 2025-04-11 13:54:01,805: Back Left Min: 0.97, Back Right Min: 0.70
[rosout][INFO] 2025-04-11 13:54:01,902: Back Left Min: 1.09, Back Right Min: 0.69
[rosout][INFO] 2025-04-11 13:54:02,005: Back Left Min: 1.09, Back Right Min: 0.69
[rosout][INFO] 2025-04-11 13:54:02,102: Back Left Min: 1.09, Back Right Min: 0.69
[rosout][INFO] 2025-04-11 13:54:02,205: Back Left Min: 1.01, Back Right Min: 0.69
[rosout][INFO] 2025-04-11 13:54:02,302: Back Left Min: 1.01, Back Right Min: 0.69
[rosout][INFO] 2025-04-11 13:54:02,405: Back Left Min: 1.01, Back Right Min: 0.68
[rosout][INFO] 2025-04-11 13:54:02,502: Back Left Min: 1.01, Back Right Min: 0.68
[rosout][INFO] 2025-04-11 13:54:02,605: Back Left Min: 1.01, Back Right Min: 0.68
[rosout][INFO] 2025-04-11 13:54:02,702: Back Left Min: 1.01, Back Right Min: 0.67
[rosout][INFO] 2025-04-11 13:54:02,805: Back Left Min: 1.01, Back Right Min: 0.67
[rosout][INFO] 2025-04-11 13:54:02,902: Back Left Min: 1.01, Back Right Min: 0.67
[rosout][INFO] 2025-04-11 13:54:03,005: Back Left Min: 1.01, Back Right Min: 0.71
[rosout][INFO] 2025-04-11 13:54:03,102: Back Left Min: 1.01, Back Right Min: 0.71
[rosout][INFO] 2025-04-11 13:54:03,206: Back Left Min: 1.01, Back Right Min: 0.71
[rosout][INFO] 2025-04-11 13:54:03,303: Back Left Min: 1.01, Back Right Min: 0.67
[rosout][INFO] 2025-04-11 13:54:03,405: Back Left Min: 1.01, Back Right Min: 0.67
[rosout][INFO] 2025-04-11 13:54:03,502: Back Left Min: 1.01, Back Right Min: 0.67
[rosout][INFO] 2025-04-11 13:54:03,605: Back Left Min: 1.01, Back Right Min: 0.70
[rosout][INFO] 2025-04-11 13:54:03,702: Back Left Min: 1.01, Back Right Min: 0.70
[rosout][INFO] 2025-04-11 13:54:03,805: Back Left Min: 1.01, Back Right Min: 0.68
[rosout][INFO] 2025-04-11 13:54:03,902: Back Left Min: 1.01, Back Right Min: 0.68
[rosout][INFO] 2025-04-11 13:54:04,006: Back Left Min: 1.01, Back Right Min: 0.68
[rosout][INFO] 2025-04-11 13:54:04,102: Back Left Min: 1.01, Back Right Min: 0.69
[rosout][INFO] 2025-04-11 13:54:04,206: Back Left Min: 1.01, Back Right Min: 0.69
[rosout][INFO] 2025-04-11 13:54:04,303: Back Left Min: 1.01, Back Right Min: 0.69
[rosout][INFO] 2025-04-11 13:54:04,406: Back Left Min: 1.01, Back Right Min: 0.69
[rosout][INFO] 2025-04-11 13:54:04,503: Back Left Min: 1.01, Back Right Min: 0.69
[rosout][INFO] 2025-04-11 13:54:04,606: Back Left Min: 1.01, Back Right Min: 0.69
[rosout][INFO] 2025-04-11 13:54:04,703: Back Left Min: 1.01, Back Right Min: 0.68
[rosout][INFO] 2025-04-11 13:54:04,806: Back Left Min: 1.01, Back Right Min: 0.68
[rosout][INFO] 2025-04-11 13:54:04,903: Back Left Min: 1.01, Back Right Min: 0.68
[rosout][INFO] 2025-04-11 13:54:05,006: Back Left Min: 1.01, Back Right Min: 0.69
[rosout][INFO] 2025-04-11 13:54:05,103: Back Left Min: 1.01, Back Right Min: 0.69
[rosout][INFO] 2025-04-11 13:54:05,206: Back Left Min: 1.01, Back Right Min: 0.68
[rosout][INFO] 2025-04-11 13:54:05,303: Back Left Min: 1.01, Back Right Min: 0.68
[rosout][INFO] 2025-04-11 13:54:05,406: Back Left Min: 1.01, Back Right Min: 0.68
[rosout][INFO] 2025-04-11 13:54:05,503: Back Left Min: 1.01, Back Right Min: 0.69
[rosout][INFO] 2025-04-11 13:54:05,606: Back Left Min: 1.01, Back Right Min: 0.69
[rosout][INFO] 2025-04-11 13:54:05,703: Back Left Min: 1.01, Back Right Min: 0.69
[rosout][INFO] 2025-04-11 13:54:05,806: Back Left Min: 1.01, Back Right Min: 0.68
[rosout][INFO] 2025-04-11 13:54:05,903: Back Left Min: 1.01, Back Right Min: 0.68
[rosout][INFO] 2025-04-11 13:54:06,006: Back Left Min: 1.01, Back Right Min: 0.68
[rosout][INFO] 2025-04-11 13:54:06,103: Back Left Min: 1.01, Back Right Min: 0.69
[rosout][INFO] 2025-04-11 13:54:06,206: Back Left Min: 1.01, Back Right Min: 0.69
[rosout][INFO] 2025-04-11 13:54:06,303: Back Left Min: 1.01, Back Right Min: 0.69
[rosout][INFO] 2025-04-11 13:54:06,407: Back Left Min: 1.01, Back Right Min: 0.68
[rosout][INFO] 2025-04-11 13:54:06,503: Back Left Min: 1.01, Back Right Min: 0.68
[rosout][INFO] 2025-04-11 13:54:06,607: Back Left Min: 1.01, Back Right Min: 0.69
[rosout][INFO] 2025-04-11 13:54:06,704: Back Left Min: 1.01, Back Right Min: 0.69
[rosout][INFO] 2025-04-11 13:54:06,807: Back Left Min: 1.01, Back Right Min: 0.69
[rosout][INFO] 2025-04-11 13:54:06,904: Back Left Min: 1.01, Back Right Min: 0.69
[rosout][INFO] 2025-04-11 13:54:07,007: Back Left Min: 1.01, Back Right Min: 0.69
[rosout][INFO] 2025-04-11 13:54:07,104: Back Left Min: 1.01, Back Right Min: 0.69
[rosout][INFO] 2025-04-11 13:54:07,207: Back Left Min: 1.01, Back Right Min: 0.68
[rosout][INFO] 2025-04-11 13:54:07,304: Back Left Min: 1.01, Back Right Min: 0.68
[rosout][INFO] 2025-04-11 13:54:07,407: Back Left Min: 1.01, Back Right Min: 0.68
[rosout][INFO] 2025-04-11 13:54:07,504: Back Left Min: 1.00, Back Right Min: 0.68
[rosout][INFO] 2025-04-11 13:54:07,607: Back Left Min: 1.00, Back Right Min: 0.68
[rosout][INFO] 2025-04-11 13:54:07,704: Back Left Min: 1.00, Back Right Min: 0.68
[rosout][INFO] 2025-04-11 13:54:07,807: Back Left Min: 0.99, Back Right Min: 0.68
[rosout][INFO] 2025-04-11 13:54:07,904: Back Left Min: 0.99, Back Right Min: 0.68
[rosout][INFO] 2025-04-11 13:54:08,007: Back Left Min: 0.98, Back Right Min: 0.78
[rosout][INFO] 2025-04-11 13:54:08,104: Back Left Min: 0.98, Back Right Min: 0.70
[rosout][INFO] 2025-04-11 13:54:08,207: Back Left Min: 0.98, Back Right Min: 0.70
[rosout][INFO] 2025-04-11 13:54:08,304: Back Left Min: 0.98, Back Right Min: 0.70
[rosout][INFO] 2025-04-11 13:54:08,407: Back Left Min: 0.98, Back Right Min: 0.71
[rosout][INFO] 2025-04-11 13:54:08,504: Back Left Min: 0.98, Back Right Min: 0.71
[rosout][INFO] 2025-04-11 13:54:08,607: Back Left Min: 0.98, Back Right Min: 0.69
[rosout][INFO] 2025-04-11 13:54:08,705: Back Left Min: 0.98, Back Right Min: 0.69
[rosout][INFO] 2025-04-11 13:54:08,807: Back Left Min: 0.98, Back Right Min: 0.69
[rosout][INFO] 2025-04-11 13:54:08,904: Back Left Min: 0.98, Back Right Min: 0.68
[rosout][INFO] 2025-04-11 13:54:09,008: Back Left Min: 0.98, Back Right Min: 0.68
[rosout][INFO] 2025-04-11 13:54:09,105: Back Left Min: 0.98, Back Right Min: 0.68
[rosout][INFO] 2025-04-11 13:54:09,208: Back Left Min: 1.00, Back Right Min: 0.71
[rosout][INFO] 2025-04-11 13:54:09,305: Back Left Min: 1.00, Back Right Min: 0.71
[rosout][INFO] 2025-04-11 13:54:09,408: Back Left Min: 1.00, Back Right Min: 0.68
[rosout][INFO] 2025-04-11 13:54:09,505: Back Left Min: 1.00, Back Right Min: 0.68
[rosout][INFO] 2025-04-11 13:54:09,608: Back Left Min: 1.00, Back Right Min: 0.68
[rosout][INFO] 2025-04-11 13:54:09,705: Back Left Min: 0.99, Back Right Min: 0.69
[rosout][INFO] 2025-04-11 13:54:09,808: Back Left Min: 0.99, Back Right Min: 0.69
[rosout][INFO] 2025-04-11 13:54:09,905: Back Left Min: 0.99, Back Right Min: 0.69
[rosout][INFO] 2025-04-11 13:54:10,008: Back Left Min: 0.98, Back Right Min: 0.69
[rosout][INFO] 2025-04-11 13:54:10,105: Back Left Min: 0.98, Back Right Min: 0.69
[rosout][INFO] 2025-04-11 13:54:10,208: Back Left Min: 0.99, Back Right Min: 0.69
[rosout][INFO] 2025-04-11 13:54:10,305: Back Left Min: 0.99, Back Right Min: 0.70
[rosout][INFO] 2025-04-11 13:54:10,408: Back Left Min: 0.99, Back Right Min: 0.70
[rosout][INFO] 2025-04-11 13:54:10,505: Back Left Min: 0.98, Back Right Min: 0.70
[rosout][INFO] 2025-04-11 13:54:10,608: Back Left Min: 0.98, Back Right Min: 0.69
[rosout][INFO] 2025-04-11 13:54:10,705: Back Left Min: 0.98, Back Right Min: 0.69
[rosout][INFO] 2025-04-11 13:54:10,808: Back Left Min: 0.98, Back Right Min: 0.68
[rosout][INFO] 2025-04-11 13:54:10,905: Back Left Min: 0.98, Back Right Min: 0.68
[rosout][INFO] 2025-04-11 13:54:11,009: Back Left Min: 0.98, Back Right Min: 0.68
[rosout][INFO] 2025-04-11 13:54:11,105: Back Left Min: 0.98, Back Right Min: 0.69
[rosout][INFO] 2025-04-11 13:54:11,209: Back Left Min: 0.98, Back Right Min: 0.69
[rosout][INFO] 2025-04-11 13:54:11,305: Back Left Min: 0.98, Back Right Min: 0.69
[rosout][INFO] 2025-04-11 13:54:11,409: Back Left Min: 0.98, Back Right Min: 0.70
[rosout][INFO] 2025-04-11 13:54:11,506: Back Left Min: 0.98, Back Right Min: 0.70
[rosout][INFO] 2025-04-11 13:54:11,609: Back Left Min: 0.98, Back Right Min: 0.70
[rosout][INFO] 2025-04-11 13:54:11,706: Back Left Min: 0.98, Back Right Min: 0.68
[rosout][INFO] 2025-04-11 13:54:11,809: Back Left Min: 0.98, Back Right Min: 0.68
[rosout][INFO] 2025-04-11 13:54:11,906: Back Left Min: 0.98, Back Right Min: 0.68
[rosout][INFO] 2025-04-11 13:54:12,009: Back Left Min: 0.98, Back Right Min: 0.69
[rosout][INFO] 2025-04-11 13:54:12,106: Back Left Min: 0.98, Back Right Min: 0.69
[rosout][INFO] 2025-04-11 13:54:12,209: Back Left Min: 0.99, Back Right Min: 0.70
[rosout][INFO] 2025-04-11 13:54:12,306: Back Left Min: 0.99, Back Right Min: 0.70
[rosout][INFO] 2025-04-11 13:54:12,409: Back Left Min: 0.99, Back Right Min: 0.70
[rosout][INFO] 2025-04-11 13:54:12,506: Back Left Min: 0.98, Back Right Min: 0.68
[rosout][INFO] 2025-04-11 13:54:12,609: Back Left Min: 0.98, Back Right Min: 0.68
[rosout][INFO] 2025-04-11 13:54:12,706: Back Left Min: 0.98, Back Right Min: 0.68
[rosout][INFO] 2025-04-11 13:54:12,809: Back Left Min: 0.98, Back Right Min: 0.68
[rosout][INFO] 2025-04-11 13:54:12,906: Back Left Min: 0.98, Back Right Min: 0.68
[rosout][INFO] 2025-04-11 13:54:13,009: Back Left Min: 0.98, Back Right Min: 0.68
[rosout][INFO] 2025-04-11 13:54:13,106: Back Left Min: 0.98, Back Right Min: 0.69
[rosout][INFO] 2025-04-11 13:54:13,209: Back Left Min: 0.98, Back Right Min: 0.69
[rosout][INFO] 2025-04-11 13:54:13,306: Back Left Min: 0.98, Back Right Min: 0.69
[rosout][INFO] 2025-04-11 13:54:13,410: Back Left Min: 0.98, Back Right Min: 0.69
[rosout][INFO] 2025-04-11 13:54:13,506: Back Left Min: 0.98, Back Right Min: 0.69
[rosout][INFO] 2025-04-11 13:54:13,610: Back Left Min: 0.98, Back Right Min: 0.68
[rosout][INFO] 2025-04-11 13:54:13,706: Back Left Min: 0.98, Back Right Min: 0.68
[rosout][INFO] 2025-04-11 13:54:13,810: Back Left Min: 0.98, Back Right Min: 0.68
[rosout][INFO] 2025-04-11 13:54:13,907: Back Left Min: 0.98, Back Right Min: 0.69
[rosout][INFO] 2025-04-11 13:54:14,010: Back Left Min: 0.98, Back Right Min: 0.69
[rosout][INFO] 2025-04-11 13:54:14,107: Back Left Min: 0.98, Back Right Min: 0.69
[rosout][INFO] 2025-04-11 13:54:14,210: Back Left Min: 0.98, Back Right Min: 0.69
[rosout][INFO] 2025-04-11 13:54:14,307: Back Left Min: 0.98, Back Right Min: 0.69
[rosout][INFO] 2025-04-11 13:54:14,410: Back Left Min: 0.98, Back Right Min: 0.69
[rosout][INFO] 2025-04-11 13:54:14,507: Back Left Min: 0.98, Back Right Min: 0.68
[rosout][INFO] 2025-04-11 13:54:14,610: Back Left Min: 0.98, Back Right Min: 0.68
[rosout][INFO] 2025-04-11 13:54:14,707: Back Left Min: 0.98, Back Right Min: 0.68
[rosout][INFO] 2025-04-11 13:54:14,810: Back Left Min: 0.98, Back Right Min: 0.69
[rosout][INFO] 2025-04-11 13:54:14,907: Back Left Min: 0.98, Back Right Min: 0.69
[rosout][INFO] 2025-04-11 13:54:15,010: Back Left Min: 0.98, Back Right Min: 0.69
[rosout][INFO] 2025-04-11 13:54:15,107: Back Left Min: 0.98, Back Right Min: 0.69
[rosout][INFO] 2025-04-11 13:54:15,210: Back Left Min: 0.98, Back Right Min: 0.69
[rosout][INFO] 2025-04-11 13:54:15,307: Back Left Min: 0.98, Back Right Min: 0.68
[rosout][INFO] 2025-04-11 13:54:15,410: Back Left Min: 0.98, Back Right Min: 0.68
[rosout][INFO] 2025-04-11 13:54:15,507: Back Left Min: 0.98, Back Right Min: 0.68
[rosout][INFO] 2025-04-11 13:54:15,610: Back Left Min: 0.98, Back Right Min: 0.69
[rosout][INFO] 2025-04-11 13:54:15,707: Back Left Min: 0.98, Back Right Min: 0.69
[rosout][INFO] 2025-04-11 13:54:15,811: Back Left Min: 0.98, Back Right Min: 0.69
[rosout][INFO] 2025-04-11 13:54:15,907: Back Left Min: 0.98, Back Right Min: 0.69
[rosout][INFO] 2025-04-11 13:54:16,011: Back Left Min: 0.98, Back Right Min: 0.69
[rosout][INFO] 2025-04-11 13:54:16,108: Back Left Min: 0.98, Back Right Min: 0.69
[rosout][INFO] 2025-04-11 13:54:16,211: Back Left Min: 0.98, Back Right Min: 0.68
[rosout][INFO] 2025-04-11 13:54:16,308: Back Left Min: 0.98, Back Right Min: 0.68
[rosout][INFO] 2025-04-11 13:54:16,411: Back Left Min: 0.98, Back Right Min: 0.69
[rosout][INFO] 2025-04-11 13:54:16,508: Back Left Min: 0.98, Back Right Min: 0.69
[rosout][INFO] 2025-04-11 13:54:16,611: Back Left Min: 0.98, Back Right Min: 0.69
[rosout][INFO] 2025-04-11 13:54:16,708: Back Left Min: 0.98, Back Right Min: 0.69
[rosout][INFO] 2025-04-11 13:54:16,811: Back Left Min: 0.98, Back Right Min: 0.69
[rosout][INFO] 2025-04-11 13:54:16,908: Back Left Min: 0.98, Back Right Min: 0.69
[rosout][INFO] 2025-04-11 13:54:17,011: Back Left Min: 0.98, Back Right Min: 0.69
[rosout][INFO] 2025-04-11 13:54:17,108: Back Left Min: 0.98, Back Right Min: 0.69
[rosout][INFO] 2025-04-11 13:54:17,211: Back Left Min: 0.98, Back Right Min: 0.69
[rosout][INFO] 2025-04-11 13:54:17,308: Back Left Min: 0.98, Back Right Min: 0.68
[rosout][INFO] 2025-04-11 13:54:17,411: Back Left Min: 0.98, Back Right Min: 0.68
[rosout][INFO] 2025-04-11 13:54:17,508: Back Left Min: 0.98, Back Right Min: 0.68
[rosout][INFO] 2025-04-11 13:54:17,611: Back Left Min: 0.98, Back Right Min: 0.69
[rosout][INFO] 2025-04-11 13:54:17,708: Back Left Min: 0.98, Back Right Min: 0.69
[rosout][INFO] 2025-04-11 13:54:17,811: Back Left Min: 0.99, Back Right Min: 0.69
[rosout][INFO] 2025-04-11 13:54:17,908: Back Left Min: 0.99, Back Right Min: 0.69
[rosout][INFO] 2025-04-11 13:54:18,011: Back Left Min: 0.99, Back Right Min: 0.69
[rosout][INFO] 2025-04-11 13:54:18,108: Back Left Min: 0.99, Back Right Min: 0.69
[rosout][INFO] 2025-04-11 13:54:18,212: Back Left Min: 0.99, Back Right Min: 0.69
[rosout][INFO] 2025-04-11 13:54:18,308: Back Left Min: 0.99, Back Right Min: 0.69
[rosout][INFO] 2025-04-11 13:54:18,412: Back Left Min: 0.98, Back Right Min: 0.69
[rosout][INFO] 2025-04-11 13:54:18,508: Back Left Min: 0.98, Back Right Min: 0.69
[rosout][INFO] 2025-04-11 13:54:18,612: Back Left Min: 0.98, Back Right Min: 0.69
[rosout][INFO] 2025-04-11 13:54:18,709: Back Left Min: 0.98, Back Right Min: 0.69
[rosout][INFO] 2025-04-11 13:54:18,812: Back Left Min: 0.98, Back Right Min: 0.69
[rosout][INFO] 2025-04-11 13:54:18,909: Back Left Min: 0.98, Back Right Min: 0.69
[rosout][INFO] 2025-04-11 13:54:19,012: Back Left Min: 0.98, Back Right Min: 0.69
[rosout][INFO] 2025-04-11 13:54:19,109: Back Left Min: 0.98, Back Right Min: 0.69
[rosout][INFO] 2025-04-11 13:54:19,212: Back Left Min: 0.98, Back Right Min: 0.69
[rosout][INFO] 2025-04-11 13:54:19,309: Back Left Min: 0.98, Back Right Min: 0.69
[rosout][INFO] 2025-04-11 13:54:19,412: Back Left Min: 0.98, Back Right Min: 0.69
[rosout][INFO] 2025-04-11 13:54:19,509: Back Left Min: 0.98, Back Right Min: 0.69
[rosout][INFO] 2025-04-11 13:54:19,612: Back Left Min: 0.98, Back Right Min: 0.69
[rosout][INFO] 2025-04-11 13:54:19,709: Back Left Min: 0.98, Back Right Min: 0.69
[rosout][INFO] 2025-04-11 13:54:19,812: Back Left Min: 0.99, Back Right Min: 0.69
[rosout][INFO] 2025-04-11 13:54:19,909: Back Left Min: 0.99, Back Right Min: 0.69
[rosout][INFO] 2025-04-11 13:54:20,012: Back Left Min: 0.99, Back Right Min: 0.69
[rosout][INFO] 2025-04-11 13:54:20,109: Back Left Min: 0.99, Back Right Min: 0.69
[rosout][INFO] 2025-04-11 13:54:20,212: Back Left Min: 0.99, Back Right Min: 0.69
[rosout][INFO] 2025-04-11 13:54:20,309: Back Left Min: 0.99, Back Right Min: 0.69
[rosout][INFO] 2025-04-11 13:54:20,412: Back Left Min: 0.99, Back Right Min: 0.69
[rosout][INFO] 2025-04-11 13:54:20,509: Back Left Min: 0.99, Back Right Min: 0.69
[rosout][INFO] 2025-04-11 13:54:20,612: Back Left Min: 0.98, Back Right Min: 0.69
[rosout][INFO] 2025-04-11 13:54:20,709: Back Left Min: 0.98, Back Right Min: 0.69
[rosout][INFO] 2025-04-11 13:54:20,813: Back Left Min: 0.98, Back Right Min: 0.69
[rosout][INFO] 2025-04-11 13:54:20,909: Back Left Min: 0.98, Back Right Min: 0.69
[rosout][INFO] 2025-04-11 13:54:21,013: Back Left Min: 0.98, Back Right Min: 0.69
[rosout][INFO] 2025-04-11 13:54:21,110: Back Left Min: 0.98, Back Right Min: 0.69
[rosout][INFO] 2025-04-11 13:54:21,213: Back Left Min: 0.98, Back Right Min: 0.69
[rosout][INFO] 2025-04-11 13:54:21,310: Back Left Min: 0.98, Back Right Min: 0.69
[rosout][INFO] 2025-04-11 13:54:21,413: Back Left Min: 0.98, Back Right Min: 0.69
[rosout][INFO] 2025-04-11 13:54:21,510: Back Left Min: 0.98, Back Right Min: 0.69
[rosout][INFO] 2025-04-11 13:54:21,613: Back Left Min: 0.98, Back Right Min: 0.69
[rosout][INFO] 2025-04-11 13:54:21,710: Back Left Min: 0.98, Back Right Min: 0.69
[rosout][INFO] 2025-04-11 13:54:21,813: Back Left Min: 0.98, Back Right Min: 0.69
[rosout][INFO] 2025-04-11 13:54:21,910: Back Left Min: 0.98, Back Right Min: 0.69
[rosout][INFO] 2025-04-11 13:54:22,013: Back Left Min: 0.98, Back Right Min: 0.69
[rosout][INFO] 2025-04-11 13:54:22,110: Back Left Min: 0.98, Back Right Min: 0.69
[rosout][INFO] 2025-04-11 13:54:22,213: Back Left Min: 0.98, Back Right Min: 0.69
[rosout][INFO] 2025-04-11 13:54:22,310: Back Left Min: 0.98, Back Right Min: 0.69
[rosout][INFO] 2025-04-11 13:54:22,413: Back Left Min: 0.98, Back Right Min: 0.69
[rosout][INFO] 2025-04-11 13:54:22,510: Back Left Min: 0.98, Back Right Min: 0.69
[rosout][INFO] 2025-04-11 13:54:22,613: Back Left Min: 0.99, Back Right Min: 0.69
[rosout][INFO] 2025-04-11 13:54:22,710: Back Left Min: 0.99, Back Right Min: 0.69
[rosout][INFO] 2025-04-11 13:54:22,813: Back Left Min: 0.99, Back Right Min: 0.69
[rosout][INFO] 2025-04-11 13:54:22,911: Back Left Min: 0.99, Back Right Min: 0.69
[rosout][INFO] 2025-04-11 13:54:23,014: Back Left Min: 0.99, Back Right Min: 0.69
[rosout][INFO] 2025-04-11 13:54:23,110: Back Left Min: 0.98, Back Right Min: 0.69
[rosout][INFO] 2025-04-11 13:54:23,214: Back Left Min: 0.98, Back Right Min: 0.69
[rosout][INFO] 2025-04-11 13:54:23,310: Back Left Min: 0.98, Back Right Min: 0.69
[rosout][INFO] 2025-04-11 13:54:23,414: Back Left Min: 0.98, Back Right Min: 0.69
[rosout][INFO] 2025-04-11 13:54:23,511: Back Left Min: 0.98, Back Right Min: 0.69
[rosout][INFO] 2025-04-11 13:54:23,614: Back Left Min: 0.98, Back Right Min: 0.69
[rosout][INFO] 2025-04-11 13:54:23,711: Back Left Min: 0.99, Back Right Min: 0.69
[rosout][INFO] 2025-04-11 13:54:23,814: Back Left Min: 0.99, Back Right Min: 0.69
[rosout][INFO] 2025-04-11 13:54:23,911: Back Left Min: 0.99, Back Right Min: 0.69
[rosout][INFO] 2025-04-11 13:54:24,014: Back Left Min: 0.98, Back Right Min: 0.69
[rosout][INFO] 2025-04-11 13:54:24,111: Back Left Min: 0.98, Back Right Min: 0.69
[rosout][INFO] 2025-04-11 13:54:24,214: Back Left Min: 0.98, Back Right Min: 0.69
[rosout][INFO] 2025-04-11 13:54:24,311: Back Left Min: 0.98, Back Right Min: 0.69
[rosout][INFO] 2025-04-11 13:54:24,414: Back Left Min: 0.98, Back Right Min: 0.69
[rosout][INFO] 2025-04-11 13:54:24,511: Back Left Min: 0.98, Back Right Min: 0.69
[rosout][INFO] 2025-04-11 13:54:24,614: Back Left Min: 0.98, Back Right Min: 0.69
[rosout][INFO] 2025-04-11 13:54:24,711: Back Left Min: 0.98, Back Right Min: 0.69
[rosout][INFO] 2025-04-11 13:54:24,814: Back Left Min: 0.98, Back Right Min: 0.69
[rosout][INFO] 2025-04-11 13:54:24,911: Back Left Min: 0.98, Back Right Min: 0.69
[rosout][INFO] 2025-04-11 13:54:25,014: Back Left Min: 0.98, Back Right Min: 0.69
[rosout][INFO] 2025-04-11 13:54:25,111: Back Left Min: 0.98, Back Right Min: 0.69
[rosout][INFO] 2025-04-11 13:54:25,214: Back Left Min: 0.98, Back Right Min: 0.69
[rosout][INFO] 2025-04-11 13:54:25,311: Back Left Min: 0.98, Back Right Min: 0.69
[rosout][INFO] 2025-04-11 13:54:25,414: Back Left Min: 0.99, Back Right Min: 0.69
[rosout][INFO] 2025-04-11 13:54:25,511: Back Left Min: 0.99, Back Right Min: 0.69
[rosout][INFO] 2025-04-11 13:54:25,615: Back Left Min: 0.98, Back Right Min: 0.69
[rosout][INFO] 2025-04-11 13:54:25,711: Back Left Min: 0.98, Back Right Min: 0.69
[rosout][INFO] 2025-04-11 13:54:25,815: Back Left Min: 0.98, Back Right Min: 0.69
[rosout][INFO] 2025-04-11 13:54:25,911: Back Left Min: 0.99, Back Right Min: 0.69
[rosout][INFO] 2025-04-11 13:54:26,015: Back Left Min: 0.99, Back Right Min: 0.69
[rosout][INFO] 2025-04-11 13:54:26,112: Back Left Min: 0.99, Back Right Min: 0.69
[rosout][INFO] 2025-04-11 13:54:26,215: Back Left Min: 0.99, Back Right Min: 0.69
[rosout][INFO] 2025-04-11 13:54:26,312: Back Left Min: 0.99, Back Right Min: 0.69
[rosout][INFO] 2025-04-11 13:54:26,415: Back Left Min: 0.99, Back Right Min: 0.69
[rosout][INFO] 2025-04-11 13:54:26,512: Back Left Min: 0.99, Back Right Min: 0.69
[rosout][INFO] 2025-04-11 13:54:26,615: Back Left Min: 0.99, Back Right Min: 0.69
[rosout][INFO] 2025-04-11 13:54:26,712: Back Left Min: 0.99, Back Right Min: 0.69
[rosout][INFO] 2025-04-11 13:54:26,815: Back Left Min: 0.98, Back Right Min: 0.69
[rosout][INFO] 2025-04-11 13:54:26,912: Back Left Min: 0.98, Back Right Min: 0.69
[rosout][INFO] 2025-04-11 13:54:27,015: Back Left Min: 0.98, Back Right Min: 0.69
[rosout][INFO] 2025-04-11 13:54:27,112: Back Left Min: 0.98, Back Right Min: 0.69
[rosout][INFO] 2025-04-11 13:54:27,215: Back Left Min: 0.98, Back Right Min: 0.69
[rosout][INFO] 2025-04-11 13:54:27,312: Back Left Min: 0.98, Back Right Min: 0.69
[rosout][INFO] 2025-04-11 13:54:27,415: Back Left Min: 0.98, Back Right Min: 0.69
[rosout][INFO] 2025-04-11 13:54:27,512: Back Left Min: 0.98, Back Right Min: 0.69
[rosout][INFO] 2025-04-11 13:54:27,615: Back Left Min: 0.98, Back Right Min: 0.69
[rosout][INFO] 2025-04-11 13:54:27,712: Back Left Min: 0.98, Back Right Min: 0.69
[rosout][INFO] 2025-04-11 13:54:27,815: Back Left Min: 0.98, Back Right Min: 0.69
[rosout][INFO] 2025-04-11 13:54:27,912: Back Left Min: 0.99, Back Right Min: 0.69
[rosout][INFO] 2025-04-11 13:54:28,015: Back Left Min: 0.99, Back Right Min: 0.69
[rosout][INFO] 2025-04-11 13:54:28,112: Back Left Min: 0.99, Back Right Min: 0.69
[rosout][INFO] 2025-04-11 13:54:28,215: Back Left Min: 0.98, Back Right Min: 0.69
[rosout][INFO] 2025-04-11 13:54:28,312: Back Left Min: 0.98, Back Right Min: 0.69
[rosout][INFO] 2025-04-11 13:54:28,416: Back Left Min: 0.99, Back Right Min: 0.69
[rosout][INFO] 2025-04-11 13:54:28,513: Back Left Min: 0.99, Back Right Min: 0.69
[rosout][INFO] 2025-04-11 13:54:28,616: Back Left Min: 0.99, Back Right Min: 0.69
[rosout][INFO] 2025-04-11 13:54:28,713: Back Left Min: 0.99, Back Right Min: 0.69
[rosout][INFO] 2025-04-11 13:54:28,816: Back Left Min: 0.99, Back Right Min: 0.69
[rosout][INFO] 2025-04-11 13:54:28,913: Back Left Min: 0.99, Back Right Min: 0.69
[rosout][INFO] 2025-04-11 13:54:29,016: Back Left Min: 0.99, Back Right Min: 0.69
[rosout][INFO] 2025-04-11 13:54:29,113: Back Left Min: 0.99, Back Right Min: 0.69
[rosout][INFO] 2025-04-11 13:54:29,216: Back Left Min: 0.99, Back Right Min: 0.69
[rosout][INFO] 2025-04-11 13:54:29,313: Back Left Min: 0.98, Back Right Min: 0.69
[rosout][INFO] 2025-04-11 13:54:29,416: Back Left Min: 0.98, Back Right Min: 0.69
[rosout][INFO] 2025-04-11 13:54:29,513: Back Left Min: 0.98, Back Right Min: 0.69
[rosout][INFO] 2025-04-11 13:54:29,616: Back Left Min: 0.99, Back Right Min: 0.69
[rosout][INFO] 2025-04-11 13:54:29,713: Back Left Min: 0.99, Back Right Min: 0.69
[rosout][INFO] 2025-04-11 13:54:29,816: Back Left Min: 0.98, Back Right Min: 0.69
[rosout][INFO] 2025-04-11 13:54:29,913: Back Left Min: 0.98, Back Right Min: 0.69
[rosout][INFO] 2025-04-11 13:54:30,016: Back Left Min: 0.98, Back Right Min: 0.69
[rosout][INFO] 2025-04-11 13:54:30,113: Back Left Min: 0.98, Back Right Min: 0.69
[rosout][INFO] 2025-04-11 13:54:30,216: Back Left Min: 0.98, Back Right Min: 0.69
[rosout][INFO] 2025-04-11 13:54:30,313: Back Left Min: 0.98, Back Right Min: 0.69
[rosout][INFO] 2025-04-11 13:54:30,417: Back Left Min: 0.98, Back Right Min: 0.69
[rosout][INFO] 2025-04-11 13:54:30,513: Back Left Min: 0.98, Back Right Min: 0.69
[rosout][INFO] 2025-04-11 13:54:30,617: Back Left Min: 0.98, Back Right Min: 0.69
[rosout][INFO] 2025-04-11 13:54:30,713: Back Left Min: 0.98, Back Right Min: 0.69
[rosout][INFO] 2025-04-11 13:54:30,817: Back Left Min: 0.98, Back Right Min: 0.69
[rosout][INFO] 2025-04-11 13:54:30,913: Back Left Min: 0.98, Back Right Min: 0.69
[rosout][INFO] 2025-04-11 13:54:31,017: Back Left Min: 0.99, Back Right Min: 0.69
[rosout][INFO] 2025-04-11 13:54:31,114: Back Left Min: 0.99, Back Right Min: 0.69
[rosout][INFO] 2025-04-11 13:54:31,217: Back Left Min: 0.98, Back Right Min: 0.69
[rosout][INFO] 2025-04-11 13:54:31,314: Back Left Min: 0.98, Back Right Min: 0.69
[rosout][INFO] 2025-04-11 13:54:31,417: Back Left Min: 0.98, Back Right Min: 0.69
[rosout][INFO] 2025-04-11 13:54:31,514: Back Left Min: 0.98, Back Right Min: 0.69
[rosout][INFO] 2025-04-11 13:54:31,617: Back Left Min: 0.98, Back Right Min: 0.69
[rosout][INFO] 2025-04-11 13:54:31,714: Back Left Min: 0.98, Back Right Min: 0.69
[rosout][INFO] 2025-04-11 13:54:31,817: Back Left Min: 0.98, Back Right Min: 0.69
[rosout][INFO] 2025-04-11 13:54:31,914: Back Left Min: 0.98, Back Right Min: 0.69
[rosout][INFO] 2025-04-11 13:54:32,017: Back Left Min: 0.98, Back Right Min: 0.69
[rosout][INFO] 2025-04-11 13:54:32,114: Back Left Min: 0.98, Back Right Min: 0.69
[rosout][INFO] 2025-04-11 13:54:32,217: Back Left Min: 0.98, Back Right Min: 0.69
[rosout][INFO] 2025-04-11 13:54:32,314: Back Left Min: 0.98, Back Right Min: 0.69
[rosout][INFO] 2025-04-11 13:54:32,417: Back Left Min: 0.98, Back Right Min: 0.69
[rosout][INFO] 2025-04-11 13:54:32,514: Back Left Min: 0.98, Back Right Min: 0.69
[rosout][INFO] 2025-04-11 13:54:32,617: Back Left Min: 0.98, Back Right Min: 0.69
[rosout][INFO] 2025-04-11 13:54:32,714: Back Left Min: 0.98, Back Right Min: 0.69
[rosout][INFO] 2025-04-11 13:54:32,818: Back Left Min: 0.98, Back Right Min: 0.69
[rosout][INFO] 2025-04-11 13:54:32,914: Back Left Min: 0.99, Back Right Min: 0.69
[rosout][INFO] 2025-04-11 13:54:33,018: Back Left Min: 0.99, Back Right Min: 0.69
[rosout][INFO] 2025-04-11 13:54:33,114: Back Left Min: 0.99, Back Right Min: 0.69
[rosout][INFO] 2025-04-11 13:54:33,218: Back Left Min: 0.99, Back Right Min: 0.69
[rosout][INFO] 2025-04-11 13:54:33,315: Back Left Min: 0.99, Back Right Min: 0.69
[rosout][INFO] 2025-04-11 13:54:33,418: Back Left Min: 0.99, Back Right Min: 0.69
[rosout][INFO] 2025-04-11 13:54:33,515: Back Left Min: 0.99, Back Right Min: 0.69
[rosout][INFO] 2025-04-11 13:54:33,618: Back Left Min: 0.99, Back Right Min: 0.69
[rosout][INFO] 2025-04-11 13:54:33,715: Back Left Min: 0.99, Back Right Min: 0.69
[rosout][INFO] 2025-04-11 13:54:33,818: Back Left Min: 0.99, Back Right Min: 0.69
[rosout][INFO] 2025-04-11 13:54:33,915: Back Left Min: 0.99, Back Right Min: 0.69
[rosout][INFO] 2025-04-11 13:54:34,018: Back Left Min: 0.99, Back Right Min: 0.69
[rosout][INFO] 2025-04-11 13:54:34,115: Back Left Min: 0.99, Back Right Min: 0.69
[rosout][INFO] 2025-04-11 13:54:34,218: Back Left Min: 0.99, Back Right Min: 0.69
[rosout][INFO] 2025-04-11 13:54:34,315: Back Left Min: 0.98, Back Right Min: 0.69
[rosout][INFO] 2025-04-11 13:54:34,418: Back Left Min: 0.98, Back Right Min: 0.69
[rosout][INFO] 2025-04-11 13:54:34,515: Back Left Min: 0.98, Back Right Min: 0.69
[rosout][INFO] 2025-04-11 13:54:34,618: Back Left Min: 0.98, Back Right Min: 0.69
[rosout][INFO] 2025-04-11 13:54:34,715: Back Left Min: 0.98, Back Right Min: 0.69
[rosout][INFO] 2025-04-11 13:54:34,818: Back Left Min: 0.98, Back Right Min: 0.69
[rosout][INFO] 2025-04-11 13:54:34,916: Back Left Min: 0.98, Back Right Min: 0.69
[rosout][INFO] 2025-04-11 13:54:35,018: Back Left Min: 0.98, Back Right Min: 0.69
[rosout][INFO] 2025-04-11 13:54:35,115: Back Left Min: 0.98, Back Right Min: 0.69
[rosout][INFO] 2025-04-11 13:54:35,218: Back Left Min: 0.98, Back Right Min: 0.69
[rosout][INFO] 2025-04-11 13:54:35,315: Back Left Min: 0.98, Back Right Min: 0.69
[rosout][INFO] 2025-04-11 13:54:35,418: Back Left Min: 0.98, Back Right Min: 0.69
[rosout][INFO] 2025-04-11 13:54:35,515: Back Left Min: 0.98, Back Right Min: 0.69
[rosout][INFO] 2025-04-11 13:54:35,619: Back Left Min: 0.98, Back Right Min: 0.69
[rosout][INFO] 2025-04-11 13:54:35,716: Back Left Min: 0.98, Back Right Min: 0.69
[rosout][INFO] 2025-04-11 13:54:35,819: Back Left Min: 0.98, Back Right Min: 0.69
[rosout][INFO] 2025-04-11 13:54:35,916: Back Left Min: 0.98, Back Right Min: 0.69
[rosout][INFO] 2025-04-11 13:54:36,019: Back Left Min: 0.99, Back Right Min: 0.69
[rosout][INFO] 2025-04-11 13:54:36,116: Back Left Min: 0.99, Back Right Min: 0.69
[rosout][INFO] 2025-04-11 13:54:36,219: Back Left Min: 0.99, Back Right Min: 0.69
[rosout][INFO] 2025-04-11 13:54:36,316: Back Left Min: 0.99, Back Right Min: 0.69
[rosout][INFO] 2025-04-11 13:54:36,419: Back Left Min: 0.99, Back Right Min: 0.69
[rosout][INFO] 2025-04-11 13:54:36,516: Back Left Min: 0.99, Back Right Min: 0.69
[rosout][INFO] 2025-04-11 13:54:36,619: Back Left Min: 0.99, Back Right Min: 0.69
[rosout][INFO] 2025-04-11 13:54:36,716: Back Left Min: 0.99, Back Right Min: 0.69
[rosout][INFO] 2025-04-11 13:54:36,819: Back Left Min: 0.99, Back Right Min: 0.69
[rosout][INFO] 2025-04-11 13:54:36,916: Back Left Min: 0.99, Back Right Min: 0.69
[rosout][INFO] 2025-04-11 13:54:37,020: Back Left Min: 0.99, Back Right Min: 0.69
[rosout][INFO] 2025-04-11 13:54:37,116: Back Left Min: 0.99, Back Right Min: 0.69
[rosout][INFO] 2025-04-11 13:54:37,219: Back Left Min: 0.99, Back Right Min: 0.69
[rosout][INFO] 2025-04-11 13:54:37,316: Back Left Min: 0.99, Back Right Min: 0.69
[rosout][INFO] 2025-04-11 13:54:37,419: Back Left Min: 0.98, Back Right Min: 0.69
[rosout][INFO] 2025-04-11 13:54:37,516: Back Left Min: 0.98, Back Right Min: 0.69
[rosout][INFO] 2025-04-11 13:54:37,619: Back Left Min: 0.98, Back Right Min: 0.69
[rosout][INFO] 2025-04-11 13:54:37,716: Back Left Min: 0.98, Back Right Min: 0.69
[rosout][INFO] 2025-04-11 13:54:37,820: Back Left Min: 0.79, Back Right Min: 0.69
[rosout][INFO] 2025-04-11 13:54:37,916: Back Left Min: 0.79, Back Right Min: 0.69
[rosout][INFO] 2025-04-11 13:54:38,020: Back Left Min: 0.79, Back Right Min: 0.69
[rosout][INFO] 2025-04-11 13:54:38,116: Back Left Min: 0.93, Back Right Min: 0.69
[rosout][INFO] 2025-04-11 13:54:38,220: Back Left Min: 0.70, Back Right Min: 0.69
[rosout][INFO] 2025-04-11 13:54:38,317: Back Left Min: 0.70, Back Right Min: 0.69
[rosout][INFO] 2025-04-11 13:54:38,420: Back Left Min: 0.99, Back Right Min: 0.69
[rosout][INFO] 2025-04-11 13:54:38,517: Back Left Min: 0.98, Back Right Min: 0.69
[rosout][INFO] 2025-04-11 13:54:38,620: Back Left Min: 0.98, Back Right Min: 0.69
[rosout][INFO] 2025-04-11 13:54:38,717: Back Left Min: 0.98, Back Right Min: 0.69
[rosout][INFO] 2025-04-11 13:54:38,820: Back Left Min: 0.98, Back Right Min: 0.70
[rosout][INFO] 2025-04-11 13:54:38,917: Back Left Min: 0.98, Back Right Min: 0.70
[rosout][INFO] 2025-04-11 13:54:39,020: Back Left Min: 0.98, Back Right Min: 0.70
[rosout][INFO] 2025-04-11 13:54:39,117: Back Left Min: 0.99, Back Right Min: 0.71
[rosout][INFO] 2025-04-11 13:54:39,220: Back Left Min: 0.99, Back Right Min: 0.71
[rosout][INFO] 2025-04-11 13:54:39,317: Back Left Min: 0.99, Back Right Min: 0.71
[rosout][INFO] 2025-04-11 13:54:39,420: Back Left Min: 0.98, Back Right Min: 0.69
[rosout][INFO] 2025-04-11 13:54:39,517: Back Left Min: 0.98, Back Right Min: 0.69
[rosout][INFO] 2025-04-11 13:54:39,620: Back Left Min: 0.98, Back Right Min: 0.69
[rosout][INFO] 2025-04-11 13:54:39,717: Back Left Min: 0.98, Back Right Min: 0.69
[rosout][INFO] 2025-04-11 13:54:39,820: Back Left Min: 0.98, Back Right Min: 0.69
[rosout][INFO] 2025-04-11 13:54:39,917: Back Left Min: 0.98, Back Right Min: 0.69
[rosout][INFO] 2025-04-11 13:54:40,020: Back Left Min: 0.86, Back Right Min: 0.71
[rosout][INFO] 2025-04-11 13:54:40,117: Back Left Min: 0.86, Back Right Min: 0.71
[rosout][INFO] 2025-04-11 13:54:40,221: Back Left Min: 0.86, Back Right Min: 0.69
[rosout][INFO] 2025-04-11 13:54:40,317: Back Left Min: 0.93, Back Right Min: 0.69
[rosout][INFO] 2025-04-11 13:54:40,421: Back Left Min: 0.93, Back Right Min: 0.69
[rosout][INFO] 2025-04-11 13:54:40,517: Back Left Min: 0.93, Back Right Min: 0.69
[rosout][INFO] 2025-04-11 13:54:40,621: Back Left Min: 0.98, Back Right Min: 0.69
[rosout][INFO] 2025-04-11 13:54:40,718: Back Left Min: 0.98, Back Right Min: 0.69
[rosout][INFO] 2025-04-11 13:54:40,821: Back Left Min: 0.98, Back Right Min: 0.70
[rosout][INFO] 2025-04-11 13:54:40,918: Back Left Min: 0.98, Back Right Min: 0.70
[rosout][INFO] 2025-04-11 13:54:41,021: Back Left Min: 0.99, Back Right Min: 0.70
[rosout][INFO] 2025-04-11 13:54:41,118: Back Left Min: 0.99, Back Right Min: 0.69
[rosout][INFO] 2025-04-11 13:54:41,221: Back Left Min: 0.99, Back Right Min: 0.69
[rosout][INFO] 2025-04-11 13:54:41,318: Back Left Min: 0.99, Back Right Min: 0.69
[rosout][INFO] 2025-04-11 13:54:41,421: Back Left Min: 0.99, Back Right Min: 0.69
[rosout][INFO] 2025-04-11 13:54:41,518: Back Left Min: 0.99, Back Right Min: 0.69
[rosout][INFO] 2025-04-11 13:54:41,621: Back Left Min: 0.99, Back Right Min: 0.70
[rosout][INFO] 2025-04-11 13:54:41,718: Back Left Min: 0.99, Back Right Min: 0.70
[rosout][INFO] 2025-04-11 13:54:41,821: Back Left Min: 0.99, Back Right Min: 0.70
[rosout][INFO] 2025-04-11 13:54:41,918: Back Left Min: 0.99, Back Right Min: 0.69
[rosout][INFO] 2025-04-11 13:54:42,021: Back Left Min: 0.99, Back Right Min: 0.69
[rosout][INFO] 2025-04-11 13:54:42,118: Back Left Min: 0.99, Back Right Min: 0.69
[rosout][INFO] 2025-04-11 13:54:42,221: Back Left Min: 0.98, Back Right Min: 0.69
[rosout][INFO] 2025-04-11 13:54:42,318: Back Left Min: 0.98, Back Right Min: 0.69
[rosout][INFO] 2025-04-11 13:54:42,422: Back Left Min: 0.98, Back Right Min: 0.69
[rosout][INFO] 2025-04-11 13:54:42,518: Back Left Min: 0.98, Back Right Min: 0.70
[rosout][INFO] 2025-04-11 13:54:42,621: Back Left Min: 0.98, Back Right Min: 0.70
[rosout][INFO] 2025-04-11 13:54:42,718: Back Left Min: 0.98, Back Right Min: 0.70
[rosout][INFO] 2025-04-11 13:54:42,822: Back Left Min: 0.98, Back Right Min: 0.69
[rosout][INFO] 2025-04-11 13:54:42,919: Back Left Min: 0.98, Back Right Min: 0.69
[rosout][INFO] 2025-04-11 13:54:43,022: Back Left Min: 0.99, Back Right Min: 0.69
[rosout][INFO] 2025-04-11 13:54:43,119: Back Left Min: 0.99, Back Right Min: 0.69
[rosout][INFO] 2025-04-11 13:54:43,222: Back Left Min: 0.99, Back Right Min: 0.69
[rosout][INFO] 2025-04-11 13:54:43,319: Back Left Min: 0.99, Back Right Min: 0.70
[rosout][INFO] 2025-04-11 13:54:43,422: Back Left Min: 0.99, Back Right Min: 0.70
[rosout][INFO] 2025-04-11 13:54:43,519: Back Left Min: 0.99, Back Right Min: 0.70
[rosout][INFO] 2025-04-11 13:54:43,622: Back Left Min: 0.98, Back Right Min: 0.69
[rosout][INFO] 2025-04-11 13:54:43,719: Back Left Min: 0.98, Back Right Min: 0.69
[rosout][INFO] 2025-04-11 13:54:43,822: Back Left Min: 0.99, Back Right Min: 0.69
[rosout][INFO] 2025-04-11 13:54:43,919: Back Left Min: 0.99, Back Right Min: 0.69
[rosout][INFO] 2025-04-11 13:54:44,022: Back Left Min: 0.99, Back Right Min: 0.69
[rosout][INFO] 2025-04-11 13:54:44,119: Back Left Min: 0.99, Back Right Min: 0.69
[rosout][INFO] 2025-04-11 13:54:44,222: Back Left Min: 0.99, Back Right Min: 0.69
[rosout][INFO] 2025-04-11 13:54:44,319: Back Left Min: 0.99, Back Right Min: 0.69
[rosout][INFO] 2025-04-11 13:54:44,422: Back Left Min: 0.99, Back Right Min: 0.70
[rosout][INFO] 2025-04-11 13:54:44,519: Back Left Min: 0.99, Back Right Min: 0.70
[rosout][INFO] 2025-04-11 13:54:44,622: Back Left Min: 0.99, Back Right Min: 0.70
[rosout][INFO] 2025-04-11 13:54:44,719: Back Left Min: 0.98, Back Right Min: 0.94
[rosout][INFO] 2025-04-11 13:54:44,822: Back Left Min: 0.98, Back Right Min: 0.94
[rosout][INFO] 2025-04-11 13:54:44,919: Back Left Min: 0.98, Back Right Min: 0.94
[rosout][INFO] 2025-04-11 13:54:45,023: Back Left Min: 0.99, Back Right Min: 0.65
[rosout][INFO] 2025-04-11 13:54:45,119: Back Left Min: 0.99, Back Right Min: 0.65
[rosout][INFO] 2025-04-11 13:54:45,223: Back Left Min: 0.98, Back Right Min: 0.65
[rosout][INFO] 2025-04-11 13:54:45,319: Back Left Min: 0.98, Back Right Min: 1.14
[rosout][INFO] 2025-04-11 13:54:45,423: Back Left Min: 0.98, Back Right Min: 1.14
[rosout][INFO] 2025-04-11 13:54:45,519: Back Left Min: 0.98, Back Right Min: 1.14
[rosout][INFO] 2025-04-11 13:54:45,623: Back Left Min: 0.98, Back Right Min: 0.65
[rosout][INFO] 2025-04-11 13:54:45,720: Back Left Min: 0.98, Back Right Min: 0.65
[rosout][INFO] 2025-04-11 13:54:45,823: Back Left Min: 0.99, Back Right Min: 1.25
[rosout][INFO] 2025-04-11 13:54:45,920: Back Left Min: 0.99, Back Right Min: 1.27
[rosout][INFO] 2025-04-11 13:54:46,023: Back Left Min: 0.98, Back Right Min: 1.27
[rosout][INFO] 2025-04-11 13:54:46,120: Back Left Min: 0.98, Back Right Min: 0.66
[rosout][INFO] 2025-04-11 13:54:46,223: Back Left Min: 0.98, Back Right Min: 0.66
[rosout][INFO] 2025-04-11 13:54:46,320: Back Left Min: 0.97, Back Right Min: 0.66
[rosout][INFO] 2025-04-11 13:54:46,423: Back Left Min: 0.97, Back Right Min: 0.66
[rosout][INFO] 2025-04-11 13:54:46,520: Back Left Min: 0.97, Back Right Min: 0.66
[rosout][INFO] 2025-04-11 13:54:46,623: Back Left Min: 0.97, Back Right Min: 0.66
[rosout][INFO] 2025-04-11 13:54:46,720: Back Left Min: 0.97, Back Right Min: 1.31
[rosout][INFO] 2025-04-11 13:54:46,823: Back Left Min: 0.97, Back Right Min: 1.12
[rosout][INFO] 2025-04-11 13:54:46,920: Back Left Min: 0.98, Back Right Min: 1.12
[rosout][INFO] 2025-04-11 13:54:47,023: Back Left Min: 0.98, Back Right Min: 1.12
[rosout][INFO] 2025-04-11 13:54:47,120: Back Left Min: 0.98, Back Right Min: 1.08
[rosout][INFO] 2025-04-11 13:54:47,223: Back Left Min: 1.00, Back Right Min: 1.08
[rosout][INFO] 2025-04-11 13:54:47,320: Back Left Min: 1.00, Back Right Min: 1.08
[rosout][INFO] 2025-04-11 13:54:47,424: Back Left Min: 1.00, Back Right Min: 1.09
[rosout][INFO] 2025-04-11 13:54:47,521: Back Left Min: 0.97, Back Right Min: 1.09
[rosout][INFO] 2025-04-11 13:54:47,624: Back Left Min: 0.97, Back Right Min: 0.67
[rosout][INFO] 2025-04-11 13:54:47,721: Back Left Min: 0.97, Back Right Min: 0.67
[rosout][INFO] 2025-04-11 13:54:47,824: Back Left Min: 0.98, Back Right Min: 0.67
[rosout][INFO] 2025-04-11 13:54:47,921: Back Left Min: 0.98, Back Right Min: 0.67
[rosout][INFO] 2025-04-11 13:54:48,024: Back Left Min: 0.98, Back Right Min: 0.67
[rosout][INFO] 2025-04-11 13:54:48,121: Back Left Min: 0.99, Back Right Min: 0.66
[rosout][INFO] 2025-04-11 13:54:48,224: Back Left Min: 0.99, Back Right Min: 0.66
[rosout][INFO] 2025-04-11 13:54:48,321: Back Left Min: 0.99, Back Right Min: 0.66
[rosout][INFO] 2025-04-11 13:54:48,424: Back Left Min: 1.03, Back Right Min: 0.66
[rosout][INFO] 2025-04-11 13:54:48,521: Back Left Min: 1.03, Back Right Min: 0.66
[rosout][INFO] 2025-04-11 13:54:48,624: Back Left Min: 1.03, Back Right Min: 0.66
[rosout][INFO] 2025-04-11 13:54:48,721: Back Left Min: 1.03, Back Right Min: 0.66
[rosout][INFO] 2025-04-11 13:54:48,824: Back Left Min: 1.03, Back Right Min: 0.66
[rosout][INFO] 2025-04-11 13:54:48,921: Back Left Min: 0.99, Back Right Min: 0.66
[rosout][INFO] 2025-04-11 13:54:49,024: Back Left Min: 0.99, Back Right Min: 0.66
[rosout][INFO] 2025-04-11 13:54:49,121: Back Left Min: 0.99, Back Right Min: 0.66
[rosout][INFO] 2025-04-11 13:54:49,224: Back Left Min: 1.01, Back Right Min: 0.67
[rosout][INFO] 2025-04-11 13:54:49,321: Back Left Min: 1.01, Back Right Min: 0.67
[rosout][INFO] 2025-04-11 13:54:49,424: Back Left Min: 1.01, Back Right Min: 0.67
[rosout][INFO] 2025-04-11 13:54:49,521: Back Left Min: 0.92, Back Right Min: 0.66
[rosout][INFO] 2025-04-11 13:54:49,624: Back Left Min: 0.92, Back Right Min: 0.66
[rosout][INFO] 2025-04-11 13:54:49,721: Back Left Min: 0.92, Back Right Min: 0.66
[rosout][INFO] 2025-04-11 13:54:49,825: Back Left Min: 0.90, Back Right Min: 0.75
[rosout][INFO] 2025-04-11 13:54:49,921: Back Left Min: 0.90, Back Right Min: 0.75
[rosout][INFO] 2025-04-11 13:54:50,025: Back Left Min: 0.90, Back Right Min: 0.75
[rosout][INFO] 2025-04-11 13:54:50,121: Back Left Min: 0.90, Back Right Min: 0.75
[rosout][INFO] 2025-04-11 13:54:50,225: Back Left Min: 0.90, Back Right Min: 0.75
[rosout][INFO] 2025-04-11 13:54:50,322: Back Left Min: 0.90, Back Right Min: 0.75
[rosout][INFO] 2025-04-11 13:54:50,425: Back Left Min: 0.89, Back Right Min: 0.75
[rosout][INFO] 2025-04-11 13:54:50,522: Back Left Min: 0.89, Back Right Min: 0.75
[rosout][INFO] 2025-04-11 13:54:50,625: Back Left Min: 0.89, Back Right Min: 0.75
[rosout][INFO] 2025-04-11 13:54:50,722: Back Left Min: 0.89, Back Right Min: 0.75
[rosout][INFO] 2025-04-11 13:54:50,825: Back Left Min: 0.89, Back Right Min: 0.75
[rosout][INFO] 2025-04-11 13:54:50,922: Back Left Min: 0.88, Back Right Min: 0.75
[rosout][INFO] 2025-04-11 13:54:51,025: Back Left Min: 0.88, Back Right Min: 0.75
[rosout][INFO] 2025-04-11 13:54:51,122: Back Left Min: 0.88, Back Right Min: 0.75
[rosout][INFO] 2025-04-11 13:54:51,225: Back Left Min: 0.89, Back Right Min: 0.75
[rosout][INFO] 2025-04-11 13:54:51,322: Back Left Min: 0.89, Back Right Min: 0.75
[rosout][INFO] 2025-04-11 13:54:51,425: Back Left Min: 0.89, Back Right Min: 0.75
[rosout][INFO] 2025-04-11 13:54:51,522: Back Left Min: 0.90, Back Right Min: 0.75
[rosout][INFO] 2025-04-11 13:54:51,625: Back Left Min: 0.90, Back Right Min: 0.75
[rosout][INFO] 2025-04-11 13:54:51,722: Back Left Min: 0.90, Back Right Min: 0.75
[rosout][INFO] 2025-04-11 13:54:51,825: Back Left Min: 0.90, Back Right Min: 0.75
[rosout][INFO] 2025-04-11 13:54:51,922: Back Left Min: 0.90, Back Right Min: 0.75
[rosout][INFO] 2025-04-11 13:54:52,025: Back Left Min: 0.90, Back Right Min: 0.75
[rosout][INFO] 2025-04-11 13:54:52,122: Back Left Min: 0.90, Back Right Min: 0.75
[rosout][INFO] 2025-04-11 13:54:52,226: Back Left Min: 0.90, Back Right Min: 0.75
[rosout][INFO] 2025-04-11 13:54:52,322: Back Left Min: 0.91, Back Right Min: 0.75
[rosout][INFO] 2025-04-11 13:54:52,426: Back Left Min: 0.91, Back Right Min: 0.75
[rosout][INFO] 2025-04-11 13:54:52,523: Back Left Min: 0.91, Back Right Min: 0.75
[rosout][INFO] 2025-04-11 13:54:52,626: Back Left Min: 0.91, Back Right Min: 0.74
[rosout][INFO] 2025-04-11 13:54:52,723: Back Left Min: 0.91, Back Right Min: 0.74
[rosout][INFO] 2025-04-11 13:54:52,826: Back Left Min: 0.91, Back Right Min: 0.74
[rosout][INFO] 2025-04-11 13:54:52,923: Back Left Min: 0.93, Back Right Min: 0.72
[rosout][INFO] 2025-04-11 13:54:53,026: Back Left Min: 0.93, Back Right Min: 0.72
[rosout][INFO] 2025-04-11 13:54:53,123: Back Left Min: 0.93, Back Right Min: 0.72
[rosout][INFO] 2025-04-11 13:54:53,226: Back Left Min: 0.93, Back Right Min: 0.72
[rosout][INFO] 2025-04-11 13:54:53,323: Back Left Min: 0.93, Back Right Min: 0.72
[rosout][INFO] 2025-04-11 13:54:53,426: Back Left Min: 0.93, Back Right Min: 0.72
[rosout][INFO] 2025-04-11 13:54:53,523: Back Left Min: 0.93, Back Right Min: 0.71
[rosout][INFO] 2025-04-11 13:54:53,626: Back Left Min: 0.93, Back Right Min: 0.71
[rosout][INFO] 2025-04-11 13:54:53,723: Back Left Min: 0.93, Back Right Min: 0.71
[rosout][INFO] 2025-04-11 13:54:53,826: Back Left Min: 0.93, Back Right Min: 0.71
[rosout][INFO] 2025-04-11 13:54:53,923: Back Left Min: 0.93, Back Right Min: 0.71
[rosout][INFO] 2025-04-11 13:54:54,026: Back Left Min: 0.94, Back Right Min: 0.66
[rosout][INFO] 2025-04-11 13:54:54,123: Back Left Min: 0.94, Back Right Min: 0.66
[rosout][INFO] 2025-04-11 13:54:54,226: Back Left Min: 0.94, Back Right Min: 0.65
[rosout][INFO] 2025-04-11 13:54:54,323: Back Left Min: 0.94, Back Right Min: 0.65
[rosout][INFO] 2025-04-11 13:54:54,426: Back Left Min: 0.94, Back Right Min: 0.65
[rosout][INFO] 2025-04-11 13:54:54,523: Back Left Min: 0.94, Back Right Min: 0.65
[rosout][INFO] 2025-04-11 13:54:54,627: Back Left Min: 0.94, Back Right Min: 0.65
[rosout][INFO] 2025-04-11 13:54:54,723: Back Left Min: 0.94, Back Right Min: 0.65
[rosout][INFO] 2025-04-11 13:54:54,827: Back Left Min: 0.95, Back Right Min: 0.66
[rosout][INFO] 2025-04-11 13:54:54,923: Back Left Min: 0.95, Back Right Min: 0.66
[rosout][INFO] 2025-04-11 13:54:55,027: Back Left Min: 0.95, Back Right Min: 0.66
[rosout][INFO] 2025-04-11 13:54:55,123: Back Left Min: 0.96, Back Right Min: 0.66
[rosout][INFO] 2025-04-11 13:54:55,227: Back Left Min: 0.96, Back Right Min: 0.66
[rosout][INFO] 2025-04-11 13:54:55,324: Back Left Min: 0.96, Back Right Min: 0.66
[rosout][INFO] 2025-04-11 13:54:55,427: Back Left Min: 0.97, Back Right Min: 0.66
[rosout][INFO] 2025-04-11 13:54:55,524: Back Left Min: 0.97, Back Right Min: 0.66
[rosout][INFO] 2025-04-11 13:54:55,627: Back Left Min: 0.97, Back Right Min: 0.69
[rosout][INFO] 2025-04-11 13:54:55,724: Back Left Min: 0.95, Back Right Min: 0.69
[rosout][INFO] 2025-04-11 13:54:55,827: Back Left Min: 0.95, Back Right Min: 0.69
[rosout][INFO] 2025-04-11 13:54:55,924: Back Left Min: 0.95, Back Right Min: 0.70
[rosout][INFO] 2025-04-11 13:54:56,027: Back Left Min: 0.96, Back Right Min: 0.70
[rosout][INFO] 2025-04-11 13:54:56,124: Back Left Min: 0.96, Back Right Min: 0.70
[rosout][INFO] 2025-04-11 13:54:56,227: Back Left Min: 0.96, Back Right Min: 0.70
[rosout][INFO] 2025-04-11 13:54:56,324: Back Left Min: 0.96, Back Right Min: 0.70
[rosout][INFO] 2025-04-11 13:54:56,427: Back Left Min: 0.96, Back Right Min: 0.70
[rosout][INFO] 2025-04-11 13:54:56,524: Back Left Min: 0.96, Back Right Min: 0.70
[rosout][INFO] 2025-04-11 13:54:56,627: Back Left Min: 0.97, Back Right Min: 0.70
[rosout][INFO] 2025-04-11 13:54:56,724: Back Left Min: 0.97, Back Right Min: 0.70
[rosout][INFO] 2025-04-11 13:54:56,827: Back Left Min: 0.93, Back Right Min: 0.70
[rosout][INFO] 2025-04-11 13:54:56,924: Back Left Min: 0.93, Back Right Min: 0.70
[rosout][INFO] 2025-04-11 13:54:57,027: Back Left Min: 0.93, Back Right Min: 0.70
[rosout][INFO] 2025-04-11 13:54:57,124: Back Left Min: 0.94, Back Right Min: 0.70
[rosout][INFO] 2025-04-11 13:54:57,227: Back Left Min: 0.94, Back Right Min: 0.70
[rosout][INFO] 2025-04-11 13:54:57,324: Back Left Min: 0.94, Back Right Min: 0.70
[rosout][INFO] 2025-04-11 13:54:57,428: Back Left Min: 1.10, Back Right Min: 0.70
[rosout][INFO] 2025-04-11 13:54:57,525: Back Left Min: 1.10, Back Right Min: 0.70
[rosout][INFO] 2025-04-11 13:54:57,628: Back Left Min: 1.11, Back Right Min: 0.70
[rosout][INFO] 2025-04-11 13:54:57,725: Back Left Min: 1.11, Back Right Min: 0.70
[rosout][INFO] 2025-04-11 13:54:57,828: Back Left Min: 1.11, Back Right Min: 0.70
[rosout][INFO] 2025-04-11 13:54:57,925: Back Left Min: 1.11, Back Right Min: 0.70
[rosout][INFO] 2025-04-11 13:54:58,028: Back Left Min: 0.99, Back Right Min: 0.70
[rosout][INFO] 2025-04-11 13:54:58,125: Back Left Min: 0.99, Back Right Min: 0.70
[rosout][INFO] 2025-04-11 13:54:58,228: Back Left Min: 0.99, Back Right Min: 0.70
[rosout][INFO] 2025-04-11 13:54:58,325: Back Left Min: 0.99, Back Right Min: 0.70
[rosout][INFO] 2025-04-11 13:54:58,428: Back Left Min: 0.99, Back Right Min: 0.70
[rosout][INFO] 2025-04-11 13:54:58,525: Back Left Min: 0.97, Back Right Min: 0.70
[rosout][INFO] 2025-04-11 13:54:58,628: Back Left Min: 0.97, Back Right Min: 0.70
[rosout][INFO] 2025-04-11 13:54:58,725: Back Left Min: 0.97, Back Right Min: 0.70
[rosout][INFO] 2025-04-11 13:54:58,828: Back Left Min: 1.03, Back Right Min: 0.70
[rosout][INFO] 2025-04-11 13:54:58,925: Back Left Min: 1.03, Back Right Min: 0.70
[rosout][INFO] 2025-04-11 13:54:59,028: Back Left Min: 1.03, Back Right Min: 0.70
[rosout][INFO] 2025-04-11 13:54:59,125: Back Left Min: 1.10, Back Right Min: 0.70
[rosout][INFO] 2025-04-11 13:54:59,228: Back Left Min: 1.10, Back Right Min: 0.70
[rosout][INFO] 2025-04-11 13:54:59,325: Back Left Min: 1.10, Back Right Min: 0.70
[rosout][INFO] 2025-04-11 13:54:59,428: Back Left Min: 1.10, Back Right Min: 0.70
[rosout][INFO] 2025-04-11 13:54:59,525: Back Left Min: 1.10, Back Right Min: 0.70
[rosout][INFO] 2025-04-11 13:54:59,629: Back Left Min: 1.10, Back Right Min: 0.70
[rosout][INFO] 2025-04-11 13:54:59,725: Back Left Min: 1.10, Back Right Min: 0.70
[rosout][INFO] 2025-04-11 13:54:59,829: Back Left Min: 1.10, Back Right Min: 0.70
[rosout][INFO] 2025-04-11 13:54:59,925: Back Left Min: 1.10, Back Right Min: 0.70
[rosout][INFO] 2025-04-11 13:55:00,029: Back Left Min: 1.10, Back Right Min: 0.70
[rosout][INFO] 2025-04-11 13:55:00,126: Back Left Min: 1.10, Back Right Min: 0.70
[rosout][INFO] 2025-04-11 13:55:00,229: Back Left Min: 1.07, Back Right Min: 0.70
[rosout][INFO] 2025-04-11 13:55:00,326: Back Left Min: 1.07, Back Right Min: 0.70
[rosout][INFO] 2025-04-11 13:55:00,429: Back Left Min: 1.07, Back Right Min: 0.70
[rosout][INFO] 2025-04-11 13:55:00,526: Back Left Min: 1.08, Back Right Min: 0.70
[rosout][INFO] 2025-04-11 13:55:00,629: Back Left Min: 1.08, Back Right Min: 0.70
[rosout][INFO] 2025-04-11 13:55:00,726: Back Left Min: 1.08, Back Right Min: 0.70
[rosout][INFO] 2025-04-11 13:55:00,829: Back Left Min: 1.11, Back Right Min: 0.70
[rosout][INFO] 2025-04-11 13:55:00,926: Back Left Min: 1.11, Back Right Min: 0.70
[rosout][INFO] 2025-04-11 13:55:01,029: Back Left Min: 1.10, Back Right Min: 0.70
[rosout][INFO] 2025-04-11 13:55:01,126: Back Left Min: 0.89, Back Right Min: 0.70
[rosout][INFO] 2025-04-11 13:55:01,229: Back Left Min: 0.89, Back Right Min: 0.70
[rosout][INFO] 2025-04-11 13:55:01,326: Back Left Min: 0.89, Back Right Min: 0.70
[rosout][INFO] 2025-04-11 13:55:01,429: Back Left Min: 0.91, Back Right Min: 0.70
[rosout][INFO] 2025-04-11 13:55:01,526: Back Left Min: 0.91, Back Right Min: 0.70
[rosout][INFO] 2025-04-11 13:55:01,629: Back Left Min: 0.91, Back Right Min: 0.70
[rosout][INFO] 2025-04-11 13:55:01,726: Back Left Min: 0.91, Back Right Min: 0.70
[rosout][INFO] 2025-04-11 13:55:01,829: Back Left Min: 0.91, Back Right Min: 0.70
[rosout][INFO] 2025-04-11 13:55:01,926: Back Left Min: 0.92, Back Right Min: 0.70
[rosout][INFO] 2025-04-11 13:55:02,030: Back Left Min: 0.92, Back Right Min: 0.70
[rosout][INFO] 2025-04-11 13:55:02,126: Back Left Min: 0.92, Back Right Min: 0.70
[rosout][INFO] 2025-04-11 13:55:02,230: Back Left Min: 0.93, Back Right Min: 0.70
[rosout][INFO] 2025-04-11 13:55:02,327: Back Left Min: 0.93, Back Right Min: 0.70
[rosout][INFO] 2025-04-11 13:55:02,430: Back Left Min: 0.93, Back Right Min: 0.70
[rosout][INFO] 2025-04-11 13:55:02,527: Back Left Min: 0.92, Back Right Min: 0.70
[rosout][INFO] 2025-04-11 13:55:02,630: Back Left Min: 0.92, Back Right Min: 0.70
[rosout][INFO] 2025-04-11 13:55:02,727: Back Left Min: 0.92, Back Right Min: 0.70
[rosout][INFO] 2025-04-11 13:55:02,830: Back Left Min: 0.92, Back Right Min: 0.70
[rosout][INFO] 2025-04-11 13:55:02,927: Back Left Min: 0.92, Back Right Min: 0.70
[rosout][INFO] 2025-04-11 13:55:03,030: Back Left Min: 0.92, Back Right Min: 0.70
[rosout][INFO] 2025-04-11 13:55:03,127: Back Left Min: 0.92, Back Right Min: 0.70
[rosout][INFO] 2025-04-11 13:55:03,230: Back Left Min: 0.92, Back Right Min: 0.70
[rosout][INFO] 2025-04-11 13:55:03,327: Back Left Min: 0.93, Back Right Min: 0.70
[rosout][INFO] 2025-04-11 13:55:03,430: Back Left Min: 0.93, Back Right Min: 0.70
[rosout][INFO] 2025-04-11 13:55:03,527: Back Left Min: 0.93, Back Right Min: 0.70
[rosout][INFO] 2025-04-11 13:55:03,630: Back Left Min: 0.93, Back Right Min: 0.70
[rosout][INFO] 2025-04-11 13:55:03,727: Back Left Min: 0.93, Back Right Min: 0.70
[rosout][INFO] 2025-04-11 13:55:03,830: Back Left Min: 0.93, Back Right Min: 0.70
[rosout][INFO] 2025-04-11 13:55:03,927: Back Left Min: 0.93, Back Right Min: 0.70
[rosout][INFO] 2025-04-11 13:55:04,030: Back Left Min: 0.93, Back Right Min: 0.70
[rosout][INFO] 2025-04-11 13:55:04,127: Back Left Min: 0.93, Back Right Min: 0.70
[rosout][INFO] 2025-04-11 13:55:04,230: Back Left Min: 0.93, Back Right Min: 0.70
[rosout][INFO] 2025-04-11 13:55:04,327: Back Left Min: 0.93, Back Right Min: 0.70
[rosout][INFO] 2025-04-11 13:55:04,431: Back Left Min: 0.93, Back Right Min: 0.70
[rosout][INFO] 2025-04-11 13:55:04,527: Back Left Min: 0.93, Back Right Min: 0.70
[rosout][INFO] 2025-04-11 13:55:04,631: Back Left Min: 0.93, Back Right Min: 0.70
[rosout][INFO] 2025-04-11 13:55:04,727: Back Left Min: 0.92, Back Right Min: 0.70
[rosout][INFO] 2025-04-11 13:55:04,831: Back Left Min: 0.92, Back Right Min: 0.70
[rosout][INFO] 2025-04-11 13:55:04,928: Back Left Min: 0.92, Back Right Min: 0.70
[rosout][INFO] 2025-04-11 13:55:05,031: Back Left Min: 0.92, Back Right Min: 0.70
[rosout][INFO] 2025-04-11 13:55:05,128: Back Left Min: 0.92, Back Right Min: 0.70
[rosout][INFO] 2025-04-11 13:55:05,231: Back Left Min: 0.92, Back Right Min: 0.70
[rosout][INFO] 2025-04-11 13:55:05,328: Back Left Min: 0.92, Back Right Min: 0.70
[rosout][INFO] 2025-04-11 13:55:05,431: Back Left Min: 0.92, Back Right Min: 0.70
[rosout][INFO] 2025-04-11 13:55:05,528: Back Left Min: 0.92, Back Right Min: 0.70
