[rospy.client][INFO] 2025-04-11 14:29:24,658: init_node, name[/sonar_processor_26229_1744356564644], pid[26229]
[xmlrpc][INFO] 2025-04-11 14:29:24,658: XML-RPC server binding to 127.0.0.1:0
[xmlrpc][INFO] 2025-04-11 14:29:24,658: Started XML-RPC server [http://localhost:35107/]
[rospy.init][INFO] 2025-04-11 14:29:24,658: ROS Slave URI: [http://localhost:35107/]
[rospy.impl.masterslave][INFO] 2025-04-11 14:29:24,658: _ready: http://localhost:35107/
[rospy.registration][INFO] 2025-04-11 14:29:24,659: Registering with master node http://localhost:11311
[xmlrpc][INFO] 2025-04-11 14:29:24,659: xml rpc node: starting XML-RPC server
[rospy.init][INFO] 2025-04-11 14:29:24,759: registered with master
[rospy.rosout][INFO] 2025-04-11 14:29:24,759: initializing /rosout core topic
[rospy.rosout][INFO] 2025-04-11 14:29:24,760: connected to core topic /rosout
[rospy.simtime][INFO] 2025-04-11 14:29:24,761: /use_sim_time is not set, will not subscribe to simulated time [/clock] topic
[rosout][INFO] 2025-04-11 14:29:24,764: Sonar processor initialized
[rospy.internal][INFO] 2025-04-11 14:29:24,773: topic[/RosAria/sonar] adding connection to [http://localhost:32877/], count 0
[rosout][INFO] 2025-04-11 14:29:24,833: Back Left Min: 0.82, Back Right Min: 0.75
[rospy.internal][INFO] 2025-04-11 14:29:24,902: topic[/rosout] adding connection to [/rosout], count 0
[rospy.internal][INFO] 2025-04-11 14:29:24,921: topic[/sonar_min] adding connection to [/controller_joystick], count 0
[rosout][INFO] 2025-04-11 14:29:24,938: Back Left Min: 0.83, Back Right Min: 0.75
[rosout][INFO] 2025-04-11 14:29:25,035: Back Left Min: 0.83, Back Right Min: 0.72
[rosout][INFO] 2025-04-11 14:29:25,138: Back Left Min: 0.83, Back Right Min: 0.72
[rosout][INFO] 2025-04-11 14:29:25,235: Back Left Min: 0.83, Back Right Min: 0.72
[rosout][INFO] 2025-04-11 14:29:25,338: Back Left Min: 0.83, Back Right Min: 0.74
[rosout][INFO] 2025-04-11 14:29:25,435: Back Left Min: 0.83, Back Right Min: 0.74
[rosout][INFO] 2025-04-11 14:29:25,538: Back Left Min: 0.83, Back Right Min: 0.74
[rosout][INFO] 2025-04-11 14:29:25,635: Back Left Min: 0.83, Back Right Min: 0.74
[rosout][INFO] 2025-04-11 14:29:25,738: Back Left Min: 0.83, Back Right Min: 0.74
[rosout][INFO] 2025-04-11 14:29:25,835: Back Left Min: 0.83, Back Right Min: 0.74
[rosout][INFO] 2025-04-11 14:29:25,938: Back Left Min: 0.83, Back Right Min: 0.74
[rosout][INFO] 2025-04-11 14:29:26,035: Back Left Min: 0.82, Back Right Min: 0.74
[rosout][INFO] 2025-04-11 14:29:26,138: Back Left Min: 0.82, Back Right Min: 0.74
[rosout][INFO] 2025-04-11 14:29:26,235: Back Left Min: 0.82, Back Right Min: 0.74
[rosout][INFO] 2025-04-11 14:29:26,338: Back Left Min: 0.82, Back Right Min: 0.74
[rosout][INFO] 2025-04-11 14:29:26,435: Back Left Min: 0.82, Back Right Min: 0.74
[rosout][INFO] 2025-04-11 14:29:26,539: Back Left Min: 0.82, Back Right Min: 0.74
[rosout][INFO] 2025-04-11 14:29:26,635: Back Left Min: 0.82, Back Right Min: 0.74
[rosout][INFO] 2025-04-11 14:29:26,739: Back Left Min: 0.82, Back Right Min: 0.74
[rosout][INFO] 2025-04-11 14:29:26,836: Back Left Min: 0.82, Back Right Min: 0.74
[rosout][INFO] 2025-04-11 14:29:26,939: Back Left Min: 0.82, Back Right Min: 0.74
[rosout][INFO] 2025-04-11 14:29:27,036: Back Left Min: 0.82, Back Right Min: 0.74
[rosout][INFO] 2025-04-11 14:29:27,139: Back Left Min: 0.83, Back Right Min: 0.74
[rosout][INFO] 2025-04-11 14:29:27,236: Back Left Min: 0.83, Back Right Min: 0.74
[rosout][INFO] 2025-04-11 14:29:27,339: Back Left Min: 0.83, Back Right Min: 0.74
[rosout][INFO] 2025-04-11 14:29:27,436: Back Left Min: 0.83, Back Right Min: 0.74
[rosout][INFO] 2025-04-11 14:29:27,539: Back Left Min: 0.83, Back Right Min: 0.74
[rosout][INFO] 2025-04-11 14:29:27,636: Back Left Min: 0.83, Back Right Min: 0.74
[rosout][INFO] 2025-04-11 14:29:27,739: Back Left Min: 0.83, Back Right Min: 0.74
[rosout][INFO] 2025-04-11 14:29:27,836: Back Left Min: 0.83, Back Right Min: 0.74
[rosout][INFO] 2025-04-11 14:29:27,939: Back Left Min: 0.82, Back Right Min: 0.74
[rosout][INFO] 2025-04-11 14:29:28,036: Back Left Min: 0.82, Back Right Min: 0.74
[rosout][INFO] 2025-04-11 14:29:28,139: Back Left Min: 0.82, Back Right Min: 0.74
[rosout][INFO] 2025-04-11 14:29:28,236: Back Left Min: 0.82, Back Right Min: 0.74
[rosout][INFO] 2025-04-11 14:29:28,340: Back Left Min: 0.82, Back Right Min: 0.74
[rosout][INFO] 2025-04-11 14:29:28,436: Back Left Min: 0.82, Back Right Min: 0.74
[rosout][INFO] 2025-04-11 14:29:28,540: Back Left Min: 0.81, Back Right Min: 0.74
[rosout][INFO] 2025-04-11 14:29:28,636: Back Left Min: 0.81, Back Right Min: 0.74
[rosout][INFO] 2025-04-11 14:29:28,740: Back Left Min: 0.81, Back Right Min: 0.74
[rosout][INFO] 2025-04-11 14:29:28,837: Back Left Min: 0.81, Back Right Min: 0.74
[rosout][INFO] 2025-04-11 14:29:28,940: Back Left Min: 0.81, Back Right Min: 0.74
[rosout][INFO] 2025-04-11 14:29:29,037: Back Left Min: 0.81, Back Right Min: 0.74
[rosout][INFO] 2025-04-11 14:29:29,140: Back Left Min: 0.82, Back Right Min: 0.74
[rosout][INFO] 2025-04-11 14:29:29,237: Back Left Min: 0.82, Back Right Min: 0.75
[rosout][INFO] 2025-04-11 14:29:29,340: Back Left Min: 0.81, Back Right Min: 0.75
[rosout][INFO] 2025-04-11 14:29:29,437: Back Left Min: 0.81, Back Right Min: 0.75
[rosout][INFO] 2025-04-11 14:29:29,540: Back Left Min: 0.81, Back Right Min: 0.74
[rosout][INFO] 2025-04-11 14:29:29,637: Back Left Min: 0.82, Back Right Min: 0.74
[rosout][INFO] 2025-04-11 14:29:29,740: Back Left Min: 0.82, Back Right Min: 0.74
[rosout][INFO] 2025-04-11 14:29:29,837: Back Left Min: 0.82, Back Right Min: 0.74
[rosout][INFO] 2025-04-11 14:29:29,940: Back Left Min: 0.82, Back Right Min: 0.74
[rosout][INFO] 2025-04-11 14:29:30,037: Back Left Min: 0.82, Back Right Min: 0.74
[rosout][INFO] 2025-04-11 14:29:30,140: Back Left Min: 0.82, Back Right Min: 0.74
[rosout][INFO] 2025-04-11 14:29:30,237: Back Left Min: 0.82, Back Right Min: 0.74
[rosout][INFO] 2025-04-11 14:29:30,340: Back Left Min: 0.82, Back Right Min: 0.74
[rosout][INFO] 2025-04-11 14:29:30,437: Back Left Min: 0.82, Back Right Min: 0.74
[rosout][INFO] 2025-04-11 14:29:30,540: Back Left Min: 0.82, Back Right Min: 0.74
[rosout][INFO] 2025-04-11 14:29:30,637: Back Left Min: 0.82, Back Right Min: 0.74
[rosout][INFO] 2025-04-11 14:29:30,740: Back Left Min: 0.82, Back Right Min: 0.74
[rosout][INFO] 2025-04-11 14:29:30,837: Back Left Min: 0.82, Back Right Min: 0.74
[rosout][INFO] 2025-04-11 14:29:30,941: Back Left Min: 0.82, Back Right Min: 0.75
[rosout][INFO] 2025-04-11 14:29:31,037: Back Left Min: 0.82, Back Right Min: 0.75
[rosout][INFO] 2025-04-11 14:29:31,141: Back Left Min: 0.82, Back Right Min: 0.75
[rosout][INFO] 2025-04-11 14:29:31,238: Back Left Min: 0.82, Back Right Min: 0.74
[rosout][INFO] 2025-04-11 14:29:31,341: Back Left Min: 0.82, Back Right Min: 0.74
[rosout][INFO] 2025-04-11 14:29:31,438: Back Left Min: 0.82, Back Right Min: 0.74
[rosout][INFO] 2025-04-11 14:29:31,541: Back Left Min: 0.82, Back Right Min: 0.74
[rosout][INFO] 2025-04-11 14:29:31,638: Back Left Min: 0.83, Back Right Min: 0.74
[rosout][INFO] 2025-04-11 14:29:31,741: Back Left Min: 0.83, Back Right Min: 0.74
[rosout][INFO] 2025-04-11 14:29:31,838: Back Left Min: 0.83, Back Right Min: 0.74
[rosout][INFO] 2025-04-11 14:29:31,941: Back Left Min: 0.82, Back Right Min: 0.74
[rosout][INFO] 2025-04-11 14:29:32,038: Back Left Min: 0.82, Back Right Min: 0.74
[rosout][INFO] 2025-04-11 14:29:32,141: Back Left Min: 0.82, Back Right Min: 0.74
[rosout][INFO] 2025-04-11 14:29:32,238: Back Left Min: 0.82, Back Right Min: 0.74
[rosout][INFO] 2025-04-11 14:29:32,341: Back Left Min: 0.82, Back Right Min: 0.74
[rosout][INFO] 2025-04-11 14:29:32,438: Back Left Min: 0.82, Back Right Min: 0.74
[rosout][INFO] 2025-04-11 14:29:32,541: Back Left Min: 0.82, Back Right Min: 0.74
[rosout][INFO] 2025-04-11 14:29:32,638: Back Left Min: 0.82, Back Right Min: 0.74
[rosout][INFO] 2025-04-11 14:29:32,741: Back Left Min: 0.82, Back Right Min: 0.74
[rosout][INFO] 2025-04-11 14:29:32,838: Back Left Min: 0.82, Back Right Min: 0.74
[rosout][INFO] 2025-04-11 14:29:32,941: Back Left Min: 0.82, Back Right Min: 0.74
[rosout][INFO] 2025-04-11 14:29:33,038: Back Left Min: 0.82, Back Right Min: 0.74
[rosout][INFO] 2025-04-11 14:29:33,141: Back Left Min: 0.82, Back Right Min: 0.74
[rosout][INFO] 2025-04-11 14:29:33,238: Back Left Min: 0.82, Back Right Min: 0.74
[rosout][INFO] 2025-04-11 14:29:33,342: Back Left Min: 0.82, Back Right Min: 0.74
[rosout][INFO] 2025-04-11 14:29:33,438: Back Left Min: 0.82, Back Right Min: 0.74
[rosout][INFO] 2025-04-11 14:29:33,542: Back Left Min: 0.82, Back Right Min: 0.74
[rosout][INFO] 2025-04-11 14:29:33,639: Back Left Min: 0.82, Back Right Min: 0.74
[rosout][INFO] 2025-04-11 14:29:33,742: Back Left Min: 0.82, Back Right Min: 0.75
[rosout][INFO] 2025-04-11 14:29:33,839: Back Left Min: 0.82, Back Right Min: 0.75
[rosout][INFO] 2025-04-11 14:29:33,942: Back Left Min: 0.82, Back Right Min: 0.75
[rosout][INFO] 2025-04-11 14:29:34,039: Back Left Min: 0.82, Back Right Min: 0.74
[rosout][INFO] 2025-04-11 14:29:34,142: Back Left Min: 0.82, Back Right Min: 0.74
[rosout][INFO] 2025-04-11 14:29:34,239: Back Left Min: 0.82, Back Right Min: 0.74
[rosout][INFO] 2025-04-11 14:29:34,342: Back Left Min: 0.82, Back Right Min: 0.74
[rosout][INFO] 2025-04-11 14:29:34,439: Back Left Min: 0.83, Back Right Min: 0.74
[rosout][INFO] 2025-04-11 14:29:34,542: Back Left Min: 0.83, Back Right Min: 0.75
[rosout][INFO] 2025-04-11 14:29:34,639: Back Left Min: 0.83, Back Right Min: 0.75
[rosout][INFO] 2025-04-11 14:29:34,742: Back Left Min: 0.83, Back Right Min: 0.75
[rosout][INFO] 2025-04-11 14:29:34,839: Back Left Min: 0.83, Back Right Min: 0.75
[rosout][INFO] 2025-04-11 14:29:34,942: Back Left Min: 0.84, Back Right Min: 0.75
[rosout][INFO] 2025-04-11 14:29:35,039: Back Left Min: 0.84, Back Right Min: 0.75
[rosout][INFO] 2025-04-11 14:29:35,142: Back Left Min: 0.84, Back Right Min: 0.75
[rosout][INFO] 2025-04-11 14:29:35,239: Back Left Min: 0.84, Back Right Min: 0.75
[rosout][INFO] 2025-04-11 14:29:35,342: Back Left Min: 0.84, Back Right Min: 0.75
[rosout][INFO] 2025-04-11 14:29:35,439: Back Left Min: 0.84, Back Right Min: 0.74
[rosout][INFO] 2025-04-11 14:29:35,543: Back Left Min: 0.84, Back Right Min: 0.74
[rosout][INFO] 2025-04-11 14:29:35,639: Back Left Min: 0.84, Back Right Min: 0.74
[rosout][INFO] 2025-04-11 14:29:35,743: Back Left Min: 0.84, Back Right Min: 0.75
[rosout][INFO] 2025-04-11 14:29:35,840: Back Left Min: 0.86, Back Right Min: 0.75
[rosout][INFO] 2025-04-11 14:29:35,943: Back Left Min: 0.86, Back Right Min: 0.74
[rosout][INFO] 2025-04-11 14:29:36,040: Back Left Min: 0.86, Back Right Min: 0.74
[rosout][INFO] 2025-04-11 14:29:36,143: Back Left Min: 0.85, Back Right Min: 0.74
[rosout][INFO] 2025-04-11 14:29:36,240: Back Left Min: 0.85, Back Right Min: 0.74
[rosout][INFO] 2025-04-11 14:29:36,343: Back Left Min: 0.85, Back Right Min: 0.74
[rosout][INFO] 2025-04-11 14:29:36,440: Back Left Min: 0.85, Back Right Min: 0.74
[rosout][INFO] 2025-04-11 14:29:36,543: Back Left Min: 0.85, Back Right Min: 0.74
[rosout][INFO] 2025-04-11 14:29:36,640: Back Left Min: 0.85, Back Right Min: 0.74
[rosout][INFO] 2025-04-11 14:29:36,743: Back Left Min: 0.85, Back Right Min: 0.74
[rosout][INFO] 2025-04-11 14:29:36,840: Back Left Min: 0.85, Back Right Min: 0.75
[rosout][INFO] 2025-04-11 14:29:36,943: Back Left Min: 0.85, Back Right Min: 0.75
[rosout][INFO] 2025-04-11 14:29:37,040: Back Left Min: 0.85, Back Right Min: 0.75
[rosout][INFO] 2025-04-11 14:29:37,143: Back Left Min: 0.85, Back Right Min: 0.74
[rosout][INFO] 2025-04-11 14:29:37,240: Back Left Min: 0.85, Back Right Min: 0.74
[rosout][INFO] 2025-04-11 14:29:37,343: Back Left Min: 0.85, Back Right Min: 0.74
[rosout][INFO] 2025-04-11 14:29:37,440: Back Left Min: 0.85, Back Right Min: 0.74
[rosout][INFO] 2025-04-11 14:29:37,543: Back Left Min: 0.85, Back Right Min: 0.74
[rosout][INFO] 2025-04-11 14:29:37,640: Back Left Min: 0.85, Back Right Min: 0.75
[rosout][INFO] 2025-04-11 14:29:37,743: Back Left Min: 0.85, Back Right Min: 0.75
[rosout][INFO] 2025-04-11 14:29:37,840: Back Left Min: 0.85, Back Right Min: 0.75
[rosout][INFO] 2025-04-11 14:29:37,943: Back Left Min: 0.85, Back Right Min: 0.75
[rosout][INFO] 2025-04-11 14:29:38,040: Back Left Min: 0.85, Back Right Min: 0.75
[rosout][INFO] 2025-04-11 14:29:38,144: Back Left Min: 0.85, Back Right Min: 0.75
[rosout][INFO] 2025-04-11 14:29:38,240: Back Left Min: 0.85, Back Right Min: 0.74
[rosout][INFO] 2025-04-11 14:29:38,344: Back Left Min: 0.85, Back Right Min: 0.74
[rosout][INFO] 2025-04-11 14:29:38,440: Back Left Min: 0.85, Back Right Min: 0.74
[rosout][INFO] 2025-04-11 14:29:38,544: Back Left Min: 0.85, Back Right Min: 0.75
[rosout][INFO] 2025-04-11 14:29:38,641: Back Left Min: 0.84, Back Right Min: 0.75
[rosout][INFO] 2025-04-11 14:29:38,744: Back Left Min: 0.84, Back Right Min: 0.75
[rosout][INFO] 2025-04-11 14:29:38,841: Back Left Min: 0.84, Back Right Min: 0.75
[rosout][INFO] 2025-04-11 14:29:38,944: Back Left Min: 0.84, Back Right Min: 0.75
[rosout][INFO] 2025-04-11 14:29:39,041: Back Left Min: 0.84, Back Right Min: 0.75
[rosout][INFO] 2025-04-11 14:29:39,144: Back Left Min: 0.84, Back Right Min: 0.75
[rosout][INFO] 2025-04-11 14:29:39,241: Back Left Min: 0.84, Back Right Min: 0.75
[rosout][INFO] 2025-04-11 14:29:39,344: Back Left Min: 0.84, Back Right Min: 0.73
[rosout][INFO] 2025-04-11 14:29:39,441: Back Left Min: 0.83, Back Right Min: 0.73
[rosout][INFO] 2025-04-11 14:29:39,544: Back Left Min: 0.83, Back Right Min: 0.73
[rosout][INFO] 2025-04-11 14:29:39,641: Back Left Min: 0.83, Back Right Min: 0.74
[rosout][INFO] 2025-04-11 14:29:39,744: Back Left Min: 0.82, Back Right Min: 0.74
[rosout][INFO] 2025-04-11 14:29:39,841: Back Left Min: 0.82, Back Right Min: 0.74
[rosout][INFO] 2025-04-11 14:29:39,944: Back Left Min: 0.82, Back Right Min: 0.75
[rosout][INFO] 2025-04-11 14:29:40,041: Back Left Min: 0.83, Back Right Min: 0.75
[rosout][INFO] 2025-04-11 14:29:40,145: Back Left Min: 0.83, Back Right Min: 0.74
[rosout][INFO] 2025-04-11 14:29:40,241: Back Left Min: 0.83, Back Right Min: 0.74
[rosout][INFO] 2025-04-11 14:29:40,345: Back Left Min: 0.84, Back Right Min: 0.74
[rosout][INFO] 2025-04-11 14:29:40,441: Back Left Min: 0.84, Back Right Min: 0.74
[rosout][INFO] 2025-04-11 14:29:40,545: Back Left Min: 0.84, Back Right Min: 0.74
[rosout][INFO] 2025-04-11 14:29:40,641: Back Left Min: 0.84, Back Right Min: 0.74
[rosout][INFO] 2025-04-11 14:29:40,745: Back Left Min: 0.84, Back Right Min: 0.74
[rosout][INFO] 2025-04-11 14:29:40,841: Back Left Min: 0.84, Back Right Min: 0.74
[rosout][INFO] 2025-04-11 14:29:40,945: Back Left Min: 0.84, Back Right Min: 0.74
[rosout][INFO] 2025-04-11 14:29:41,042: Back Left Min: 0.84, Back Right Min: 0.75
[rosout][INFO] 2025-04-11 14:29:41,145: Back Left Min: 0.85, Back Right Min: 0.75
[rosout][INFO] 2025-04-11 14:29:41,242: Back Left Min: 0.85, Back Right Min: 0.75
[rosout][INFO] 2025-04-11 14:29:41,345: Back Left Min: 0.85, Back Right Min: 0.74
[rosout][INFO] 2025-04-11 14:29:41,442: Back Left Min: 0.84, Back Right Min: 0.74
[rosout][INFO] 2025-04-11 14:29:41,545: Back Left Min: 0.84, Back Right Min: 0.74
[rosout][INFO] 2025-04-11 14:29:41,642: Back Left Min: 0.84, Back Right Min: 0.74
[rosout][INFO] 2025-04-11 14:29:41,745: Back Left Min: 0.84, Back Right Min: 0.74
[rosout][INFO] 2025-04-11 14:29:41,842: Back Left Min: 0.84, Back Right Min: 0.75
[rosout][INFO] 2025-04-11 14:29:41,945: Back Left Min: 0.85, Back Right Min: 0.75
[rosout][INFO] 2025-04-11 14:29:42,042: Back Left Min: 0.85, Back Right Min: 0.75
[rosout][INFO] 2025-04-11 14:29:42,145: Back Left Min: 0.85, Back Right Min: 0.75
[rosout][INFO] 2025-04-11 14:29:42,242: Back Left Min: 0.84, Back Right Min: 0.75
[rosout][INFO] 2025-04-11 14:29:42,345: Back Left Min: 0.84, Back Right Min: 0.75
[rosout][INFO] 2025-04-11 14:29:42,442: Back Left Min: 0.84, Back Right Min: 0.74
[rosout][INFO] 2025-04-11 14:29:42,545: Back Left Min: 0.87, Back Right Min: 0.74
[rosout][INFO] 2025-04-11 14:29:42,642: Back Left Min: 0.87, Back Right Min: 0.74
[rosout][INFO] 2025-04-11 14:29:42,745: Back Left Min: 0.87, Back Right Min: 0.74
[rosout][INFO] 2025-04-11 14:29:42,842: Back Left Min: 0.90, Back Right Min: 0.74
[rosout][INFO] 2025-04-11 14:29:42,945: Back Left Min: 0.90, Back Right Min: 0.74
[rosout][INFO] 2025-04-11 14:29:43,042: Back Left Min: 0.98, Back Right Min: 0.74
[rosout][INFO] 2025-04-11 14:29:43,146: Back Left Min: 0.98, Back Right Min: 0.74
[rosout][INFO] 2025-04-11 14:29:43,243: Back Left Min: 0.98, Back Right Min: 0.74
[rosout][INFO] 2025-04-11 14:29:43,346: Back Left Min: 1.04, Back Right Min: 0.74
[rosout][INFO] 2025-04-11 14:29:43,443: Back Left Min: 1.04, Back Right Min: 0.74
[rosout][INFO] 2025-04-11 14:29:43,546: Back Left Min: 1.03, Back Right Min: 0.74
[rosout][INFO] 2025-04-11 14:29:43,643: Back Left Min: 1.03, Back Right Min: 0.74
[rosout][INFO] 2025-04-11 14:29:43,746: Back Left Min: 1.03, Back Right Min: 0.74
[rosout][INFO] 2025-04-11 14:29:43,843: Back Left Min: 1.04, Back Right Min: 0.74
[rosout][INFO] 2025-04-11 14:29:43,946: Back Left Min: 1.04, Back Right Min: 0.74
[rosout][INFO] 2025-04-11 14:29:44,043: Back Left Min: 1.04, Back Right Min: 0.74
[rosout][INFO] 2025-04-11 14:29:44,146: Back Left Min: 1.04, Back Right Min: 0.74
[rosout][INFO] 2025-04-11 14:29:44,243: Back Left Min: 1.04, Back Right Min: 0.74
[rosout][INFO] 2025-04-11 14:29:44,346: Back Left Min: 1.04, Back Right Min: 0.74
[rosout][INFO] 2025-04-11 14:29:44,443: Back Left Min: 1.04, Back Right Min: 0.74
[rosout][INFO] 2025-04-11 14:29:44,546: Back Left Min: 1.04, Back Right Min: 0.74
[rosout][INFO] 2025-04-11 14:29:44,643: Back Left Min: 1.04, Back Right Min: 0.74
[rosout][INFO] 2025-04-11 14:29:44,746: Back Left Min: 1.43, Back Right Min: 0.74
[rosout][INFO] 2025-04-11 14:29:44,843: Back Left Min: 1.43, Back Right Min: 0.74
[rosout][INFO] 2025-04-11 14:29:44,946: Back Left Min: 1.04, Back Right Min: 0.74
[rosout][INFO] 2025-04-11 14:29:45,043: Back Left Min: 1.04, Back Right Min: 0.74
[rosout][INFO] 2025-04-11 14:29:45,146: Back Left Min: 1.04, Back Right Min: 0.74
[rosout][INFO] 2025-04-11 14:29:45,243: Back Left Min: 1.04, Back Right Min: 0.74
[rosout][INFO] 2025-04-11 14:29:45,346: Back Left Min: 1.04, Back Right Min: 0.74
[rosout][INFO] 2025-04-11 14:29:45,443: Back Left Min: 1.04, Back Right Min: 0.74
[rosout][INFO] 2025-04-11 14:29:45,547: Back Left Min: 1.04, Back Right Min: 0.74
[rosout][INFO] 2025-04-11 14:29:45,643: Back Left Min: 0.92, Back Right Min: 0.74
[rosout][INFO] 2025-04-11 14:29:45,747: Back Left Min: 0.92, Back Right Min: 0.74
[rosout][INFO] 2025-04-11 14:29:45,843: Back Left Min: 0.92, Back Right Min: 0.74
[rosout][INFO] 2025-04-11 14:29:45,947: Back Left Min: 0.89, Back Right Min: 0.74
[rosout][INFO] 2025-04-11 14:29:46,044: Back Left Min: 0.89, Back Right Min: 0.74
[rosout][INFO] 2025-04-11 14:29:46,147: Back Left Min: 0.89, Back Right Min: 0.74
[rosout][INFO] 2025-04-11 14:29:46,244: Back Left Min: 0.75, Back Right Min: 0.74
[rosout][INFO] 2025-04-11 14:29:46,347: Back Left Min: 0.69, Back Right Min: 0.74
[rosout][INFO] 2025-04-11 14:29:46,444: Back Left Min: 0.69, Back Right Min: 0.74
[rosout][INFO] 2025-04-11 14:29:46,547: Back Left Min: 0.66, Back Right Min: 0.74
[rosout][INFO] 2025-04-11 14:29:46,645: Back Left Min: 0.66, Back Right Min: 0.74
[rosout][INFO] 2025-04-11 14:29:46,747: Back Left Min: 0.66, Back Right Min: 0.74
[rosout][INFO] 2025-04-11 14:29:46,844: Back Left Min: 0.65, Back Right Min: 0.74
[rosout][INFO] 2025-04-11 14:29:46,947: Back Left Min: 0.65, Back Right Min: 0.74
[rosout][INFO] 2025-04-11 14:29:47,044: Back Left Min: 0.65, Back Right Min: 0.74
[rosout][INFO] 2025-04-11 14:29:47,147: Back Left Min: 0.63, Back Right Min: 0.74
[rosout][INFO] 2025-04-11 14:29:47,244: Back Left Min: 0.63, Back Right Min: 0.74
[rosout][INFO] 2025-04-11 14:29:47,347: Back Left Min: 0.63, Back Right Min: 0.74
[rosout][INFO] 2025-04-11 14:29:47,444: Back Left Min: 0.66, Back Right Min: 0.74
[rosout][INFO] 2025-04-11 14:29:47,547: Back Left Min: 0.66, Back Right Min: 0.74
[rosout][INFO] 2025-04-11 14:29:47,644: Back Left Min: 0.66, Back Right Min: 0.74
[rosout][INFO] 2025-04-11 14:29:47,747: Back Left Min: 0.67, Back Right Min: 0.74
[rosout][INFO] 2025-04-11 14:29:47,844: Back Left Min: 0.67, Back Right Min: 0.74
[rosout][INFO] 2025-04-11 14:29:47,947: Back Left Min: 0.64, Back Right Min: 0.74
[rosout][INFO] 2025-04-11 14:29:48,044: Back Left Min: 0.64, Back Right Min: 0.74
[rosout][INFO] 2025-04-11 14:29:48,148: Back Left Min: 0.64, Back Right Min: 0.74
[rosout][INFO] 2025-04-11 14:29:48,245: Back Left Min: 0.64, Back Right Min: 0.74
[rosout][INFO] 2025-04-11 14:29:48,348: Back Left Min: 0.64, Back Right Min: 0.74
[rosout][INFO] 2025-04-11 14:29:48,445: Back Left Min: 0.64, Back Right Min: 0.74
[rosout][INFO] 2025-04-11 14:29:48,548: Back Left Min: 0.64, Back Right Min: 0.74
[rosout][INFO] 2025-04-11 14:29:48,645: Back Left Min: 0.64, Back Right Min: 0.74
[rosout][INFO] 2025-04-11 14:29:48,748: Back Left Min: 0.66, Back Right Min: 0.74
[rosout][INFO] 2025-04-11 14:29:48,845: Back Left Min: 0.66, Back Right Min: 0.74
[rosout][INFO] 2025-04-11 14:29:48,948: Back Left Min: 0.66, Back Right Min: 0.74
[rosout][INFO] 2025-04-11 14:29:49,045: Back Left Min: 0.66, Back Right Min: 0.74
[rosout][INFO] 2025-04-11 14:29:49,148: Back Left Min: 0.67, Back Right Min: 0.74
[rosout][INFO] 2025-04-11 14:29:49,245: Back Left Min: 0.67, Back Right Min: 0.74
[rosout][INFO] 2025-04-11 14:29:49,348: Back Left Min: 0.68, Back Right Min: 0.74
[rosout][INFO] 2025-04-11 14:29:49,445: Back Left Min: 0.68, Back Right Min: 0.74
[rosout][INFO] 2025-04-11 14:29:49,548: Back Left Min: 0.68, Back Right Min: 0.74
[rosout][INFO] 2025-04-11 14:29:49,645: Back Left Min: 0.72, Back Right Min: 0.74
[rosout][INFO] 2025-04-11 14:29:49,748: Back Left Min: 0.72, Back Right Min: 0.74
[rosout][INFO] 2025-04-11 14:29:49,845: Back Left Min: 0.72, Back Right Min: 0.74
[rosout][INFO] 2025-04-11 14:29:49,948: Back Left Min: 0.75, Back Right Min: 0.74
[rosout][INFO] 2025-04-11 14:29:50,045: Back Left Min: 0.75, Back Right Min: 0.74
[rosout][INFO] 2025-04-11 14:29:50,148: Back Left Min: 0.87, Back Right Min: 0.74
[rosout][INFO] 2025-04-11 14:29:50,245: Back Left Min: 0.89, Back Right Min: 0.74
[rosout][INFO] 2025-04-11 14:29:50,348: Back Left Min: 0.82, Back Right Min: 0.74
[rosout][INFO] 2025-04-11 14:29:50,445: Back Left Min: 0.82, Back Right Min: 0.74
[rosout][INFO] 2025-04-11 14:29:50,549: Back Left Min: 0.82, Back Right Min: 0.74
[rosout][INFO] 2025-04-11 14:29:50,646: Back Left Min: 0.83, Back Right Min: 0.74
[rosout][INFO] 2025-04-11 14:29:50,749: Back Left Min: 0.83, Back Right Min: 0.74
[rosout][INFO] 2025-04-11 14:29:50,846: Back Left Min: 0.83, Back Right Min: 0.74
[rosout][INFO] 2025-04-11 14:29:50,949: Back Left Min: 0.84, Back Right Min: 0.74
[rosout][INFO] 2025-04-11 14:29:51,046: Back Left Min: 0.84, Back Right Min: 0.74
[rosout][INFO] 2025-04-11 14:29:51,149: Back Left Min: 0.84, Back Right Min: 0.74
[rosout][INFO] 2025-04-11 14:29:51,246: Back Left Min: 1.01, Back Right Min: 0.74
[rosout][INFO] 2025-04-11 14:29:51,349: Back Left Min: 1.01, Back Right Min: 0.74
[rosout][INFO] 2025-04-11 14:29:51,446: Back Left Min: 0.92, Back Right Min: 0.74
[rosout][INFO] 2025-04-11 14:29:51,549: Back Left Min: 0.88, Back Right Min: 0.74
[rosout][INFO] 2025-04-11 14:29:51,646: Back Left Min: 0.88, Back Right Min: 0.74
[rosout][INFO] 2025-04-11 14:29:51,749: Back Left Min: 0.82, Back Right Min: 0.74
[rosout][INFO] 2025-04-11 14:29:51,846: Back Left Min: 0.82, Back Right Min: 0.74
[rosout][INFO] 2025-04-11 14:29:51,949: Back Left Min: 0.82, Back Right Min: 0.74
[rosout][INFO] 2025-04-11 14:29:52,046: Back Left Min: 0.87, Back Right Min: 0.74
[rosout][INFO] 2025-04-11 14:29:52,149: Back Left Min: 0.87, Back Right Min: 0.74
[rosout][INFO] 2025-04-11 14:29:52,246: Back Left Min: 0.87, Back Right Min: 0.74
[rosout][INFO] 2025-04-11 14:29:52,349: Back Left Min: 0.87, Back Right Min: 0.74
[rosout][INFO] 2025-04-11 14:29:52,446: Back Left Min: 0.87, Back Right Min: 0.74
[rosout][INFO] 2025-04-11 14:29:52,550: Back Left Min: 0.86, Back Right Min: 0.74
[rosout][INFO] 2025-04-11 14:29:52,646: Back Left Min: 0.86, Back Right Min: 0.74
[rosout][INFO] 2025-04-11 14:29:52,750: Back Left Min: 0.86, Back Right Min: 0.74
[rosout][INFO] 2025-04-11 14:29:52,847: Back Left Min: 0.87, Back Right Min: 0.74
[rosout][INFO] 2025-04-11 14:29:52,950: Back Left Min: 0.87, Back Right Min: 0.74
[rosout][INFO] 2025-04-11 14:29:53,047: Back Left Min: 0.87, Back Right Min: 0.74
[rosout][INFO] 2025-04-11 14:29:53,150: Back Left Min: 0.87, Back Right Min: 0.74
[rosout][INFO] 2025-04-11 14:29:53,247: Back Left Min: 0.87, Back Right Min: 0.74
[rosout][INFO] 2025-04-11 14:29:53,350: Back Left Min: 0.87, Back Right Min: 0.74
[rosout][INFO] 2025-04-11 14:29:53,447: Back Left Min: 1.04, Back Right Min: 0.74
[rosout][INFO] 2025-04-11 14:29:53,550: Back Left Min: 0.93, Back Right Min: 0.74
[rosout][INFO] 2025-04-11 14:29:53,647: Back Left Min: 0.93, Back Right Min: 0.74
[rosout][INFO] 2025-04-11 14:29:53,750: Back Left Min: 0.88, Back Right Min: 0.74
[rosout][INFO] 2025-04-11 14:29:53,847: Back Left Min: 0.88, Back Right Min: 0.74
[rosout][INFO] 2025-04-11 14:29:53,950: Back Left Min: 0.95, Back Right Min: 0.74
[rosout][INFO] 2025-04-11 14:29:54,047: Back Left Min: 0.77, Back Right Min: 0.74
[rosout][INFO] 2025-04-11 14:29:54,150: Back Left Min: 0.77, Back Right Min: 0.74
[rosout][INFO] 2025-04-11 14:29:54,247: Back Left Min: 0.77, Back Right Min: 0.74
[rosout][INFO] 2025-04-11 14:29:54,350: Back Left Min: 0.72, Back Right Min: 0.74
[rosout][INFO] 2025-04-11 14:29:54,447: Back Left Min: 0.72, Back Right Min: 0.74
[rosout][INFO] 2025-04-11 14:29:54,550: Back Left Min: 0.72, Back Right Min: 0.74
[rosout][INFO] 2025-04-11 14:29:54,647: Back Left Min: 0.64, Back Right Min: 0.74
[rosout][INFO] 2025-04-11 14:29:54,750: Back Left Min: 0.64, Back Right Min: 0.74
[rosout][INFO] 2025-04-11 14:29:54,847: Back Left Min: 0.64, Back Right Min: 0.74
[rosout][INFO] 2025-04-11 14:29:54,950: Back Left Min: 0.64, Back Right Min: 0.74
[rosout][INFO] 2025-04-11 14:29:55,048: Back Left Min: 0.64, Back Right Min: 0.75
[rosout][INFO] 2025-04-11 14:29:55,151: Back Left Min: 0.64, Back Right Min: 0.75
[rosout][INFO] 2025-04-11 14:29:55,248: Back Left Min: 0.62, Back Right Min: 0.75
[rosout][INFO] 2025-04-11 14:29:55,351: Back Left Min: 0.62, Back Right Min: 0.75
[rosout][INFO] 2025-04-11 14:29:55,448: Back Left Min: 0.62, Back Right Min: 0.75
[rosout][INFO] 2025-04-11 14:29:55,551: Back Left Min: 0.62, Back Right Min: 0.73
[rosout][INFO] 2025-04-11 14:29:55,648: Back Left Min: 0.62, Back Right Min: 0.73
[rosout][INFO] 2025-04-11 14:29:55,751: Back Left Min: 0.62, Back Right Min: 0.73
[rosout][INFO] 2025-04-11 14:29:55,848: Back Left Min: 0.63, Back Right Min: 0.74
[rosout][INFO] 2025-04-11 14:29:55,951: Back Left Min: 0.63, Back Right Min: 0.74
[rosout][INFO] 2025-04-11 14:29:56,048: Back Left Min: 0.63, Back Right Min: 0.74
[rosout][INFO] 2025-04-11 14:29:56,151: Back Left Min: 0.63, Back Right Min: 0.75
[rosout][INFO] 2025-04-11 14:29:56,248: Back Left Min: 0.63, Back Right Min: 0.75
[rosout][INFO] 2025-04-11 14:29:56,351: Back Left Min: 0.62, Back Right Min: 0.75
[rosout][INFO] 2025-04-11 14:29:56,448: Back Left Min: 0.62, Back Right Min: 0.74
[rosout][INFO] 2025-04-11 14:29:56,551: Back Left Min: 0.62, Back Right Min: 0.74
[rosout][INFO] 2025-04-11 14:29:56,648: Back Left Min: 0.96, Back Right Min: 0.74
[rosout][INFO] 2025-04-11 14:29:56,751: Back Left Min: 0.60, Back Right Min: 0.74
[rosout][INFO] 2025-04-11 14:29:56,848: Back Left Min: 0.60, Back Right Min: 0.74
[rosout][INFO] 2025-04-11 14:29:56,951: Back Left Min: 1.01, Back Right Min: 0.74
[rosout][INFO] 2025-04-11 14:29:57,049: Back Left Min: 0.56, Back Right Min: 0.74
[rosout][INFO] 2025-04-11 14:29:57,151: Back Left Min: 0.56, Back Right Min: 0.74
[rosout][INFO] 2025-04-11 14:29:57,248: Back Left Min: 0.56, Back Right Min: 0.74
[rosout][INFO] 2025-04-11 14:29:57,352: Back Left Min: 1.76, Back Right Min: 0.74
[rosout][INFO] 2025-04-11 14:29:57,448: Back Left Min: 1.76, Back Right Min: 0.74
[rosout][INFO] 2025-04-11 14:29:57,552: Back Left Min: 1.01, Back Right Min: 0.74
[rosout][INFO] 2025-04-11 14:29:57,649: Back Left Min: 1.01, Back Right Min: 0.74
[rosout][INFO] 2025-04-11 14:29:57,752: Back Left Min: 0.64, Back Right Min: 0.74
[rosout][INFO] 2025-04-11 14:29:57,849: Back Left Min: 0.64, Back Right Min: 0.74
[rosout][INFO] 2025-04-11 14:29:57,952: Back Left Min: 0.64, Back Right Min: 0.74
[rosout][INFO] 2025-04-11 14:29:58,049: Back Left Min: 0.63, Back Right Min: 0.74
[rosout][INFO] 2025-04-11 14:29:58,152: Back Left Min: 0.63, Back Right Min: 0.74
[rosout][INFO] 2025-04-11 14:29:58,249: Back Left Min: 0.63, Back Right Min: 0.74
[rosout][INFO] 2025-04-11 14:29:58,352: Back Left Min: 0.65, Back Right Min: 0.74
[rosout][INFO] 2025-04-11 14:29:58,449: Back Left Min: 0.65, Back Right Min: 0.74
[rosout][INFO] 2025-04-11 14:29:58,552: Back Left Min: 0.65, Back Right Min: 0.74
[rosout][INFO] 2025-04-11 14:29:58,649: Back Left Min: 0.75, Back Right Min: 0.74
[rosout][INFO] 2025-04-11 14:29:58,752: Back Left Min: 0.75, Back Right Min: 0.74
[rosout][INFO] 2025-04-11 14:29:58,849: Back Left Min: 0.75, Back Right Min: 0.74
[rosout][INFO] 2025-04-11 14:29:58,952: Back Left Min: 0.90, Back Right Min: 0.74
[rosout][INFO] 2025-04-11 14:29:59,049: Back Left Min: 0.90, Back Right Min: 0.74
[rosout][INFO] 2025-04-11 14:29:59,152: Back Left Min: 0.90, Back Right Min: 0.74
[rosout][INFO] 2025-04-11 14:29:59,249: Back Left Min: 0.90, Back Right Min: 0.74
[rosout][INFO] 2025-04-11 14:29:59,352: Back Left Min: 0.90, Back Right Min: 0.74
[rosout][INFO] 2025-04-11 14:29:59,449: Back Left Min: 0.90, Back Right Min: 0.74
[rosout][INFO] 2025-04-11 14:29:59,553: Back Left Min: 0.90, Back Right Min: 0.74
[rosout][INFO] 2025-04-11 14:29:59,649: Back Left Min: 0.90, Back Right Min: 0.74
[rosout][INFO] 2025-04-11 14:29:59,753: Back Left Min: 0.89, Back Right Min: 0.74
[rosout][INFO] 2025-04-11 14:29:59,849: Back Left Min: 0.89, Back Right Min: 0.74
[rosout][INFO] 2025-04-11 14:29:59,953: Back Left Min: 0.89, Back Right Min: 0.74
[rosout][INFO] 2025-04-11 14:30:00,049: Back Left Min: 0.66, Back Right Min: 0.74
[rosout][INFO] 2025-04-11 14:30:00,153: Back Left Min: 0.66, Back Right Min: 0.74
[rosout][INFO] 2025-04-11 14:30:00,249: Back Left Min: 0.66, Back Right Min: 0.74
[rosout][INFO] 2025-04-11 14:30:00,353: Back Left Min: 0.63, Back Right Min: 0.74
[rosout][INFO] 2025-04-11 14:30:00,450: Back Left Min: 0.63, Back Right Min: 0.74
[rosout][INFO] 2025-04-11 14:30:00,553: Back Left Min: 0.65, Back Right Min: 0.74
[rosout][INFO] 2025-04-11 14:30:00,650: Back Left Min: 0.65, Back Right Min: 0.74
[rosout][INFO] 2025-04-11 14:30:00,753: Back Left Min: 0.65, Back Right Min: 0.74
[rosout][INFO] 2025-04-11 14:30:00,850: Back Left Min: 0.67, Back Right Min: 0.74
[rosout][INFO] 2025-04-11 14:30:00,953: Back Left Min: 0.67, Back Right Min: 0.74
[rosout][INFO] 2025-04-11 14:30:01,050: Back Left Min: 0.67, Back Right Min: 0.74
[rosout][INFO] 2025-04-11 14:30:01,153: Back Left Min: 0.71, Back Right Min: 0.73
[rosout][INFO] 2025-04-11 14:30:01,250: Back Left Min: 0.71, Back Right Min: 0.73
[rosout][INFO] 2025-04-11 14:30:01,353: Back Left Min: 0.81, Back Right Min: 0.73
[rosout][INFO] 2025-04-11 14:30:01,450: Back Left Min: 0.81, Back Right Min: 0.74
[rosout][INFO] 2025-04-11 14:30:01,553: Back Left Min: 0.79, Back Right Min: 0.74
[rosout][INFO] 2025-04-11 14:30:01,650: Back Left Min: 0.79, Back Right Min: 0.74
[rosout][INFO] 2025-04-11 14:30:01,753: Back Left Min: 0.79, Back Right Min: 0.74
[rosout][INFO] 2025-04-11 14:30:01,850: Back Left Min: 0.86, Back Right Min: 0.74
[rosout][INFO] 2025-04-11 14:30:01,953: Back Left Min: 0.86, Back Right Min: 0.74
[rosout][INFO] 2025-04-11 14:30:02,050: Back Left Min: 0.86, Back Right Min: 0.74
[rosout][INFO] 2025-04-11 14:30:02,154: Back Left Min: 0.93, Back Right Min: 0.74
[rosout][INFO] 2025-04-11 14:30:02,250: Back Left Min: 0.93, Back Right Min: 0.74
[rosout][INFO] 2025-04-11 14:30:02,354: Back Left Min: 1.04, Back Right Min: 0.74
[rosout][INFO] 2025-04-11 14:30:02,450: Back Left Min: 1.04, Back Right Min: 0.74
[rosout][INFO] 2025-04-11 14:30:02,554: Back Left Min: 1.04, Back Right Min: 0.74
[rosout][INFO] 2025-04-11 14:30:02,650: Back Left Min: 1.04, Back Right Min: 0.74
[rosout][INFO] 2025-04-11 14:30:02,754: Back Left Min: 1.04, Back Right Min: 0.74
[rosout][INFO] 2025-04-11 14:30:02,851: Back Left Min: 1.04, Back Right Min: 0.74
[rosout][INFO] 2025-04-11 14:30:02,954: Back Left Min: 1.03, Back Right Min: 0.74
[rosout][INFO] 2025-04-11 14:30:03,051: Back Left Min: 1.03, Back Right Min: 0.74
[rosout][INFO] 2025-04-11 14:30:03,154: Back Left Min: 1.04, Back Right Min: 0.74
[rosout][INFO] 2025-04-11 14:30:03,251: Back Left Min: 1.04, Back Right Min: 0.74
[rosout][INFO] 2025-04-11 14:30:03,354: Back Left Min: 1.04, Back Right Min: 0.74
[rosout][INFO] 2025-04-11 14:30:03,451: Back Left Min: 1.04, Back Right Min: 0.74
[rosout][INFO] 2025-04-11 14:30:03,554: Back Left Min: 1.04, Back Right Min: 0.74
[rosout][INFO] 2025-04-11 14:30:03,651: Back Left Min: 1.04, Back Right Min: 0.74
[rosout][INFO] 2025-04-11 14:30:03,754: Back Left Min: 1.03, Back Right Min: 0.74
[rosout][INFO] 2025-04-11 14:30:03,851: Back Left Min: 1.03, Back Right Min: 0.74
[rosout][INFO] 2025-04-11 14:30:03,954: Back Left Min: 1.03, Back Right Min: 0.74
[rosout][INFO] 2025-04-11 14:30:04,051: Back Left Min: 1.04, Back Right Min: 0.74
[rosout][INFO] 2025-04-11 14:30:04,154: Back Left Min: 1.04, Back Right Min: 0.68
[rosout][INFO] 2025-04-11 14:30:04,251: Back Left Min: 1.04, Back Right Min: 0.68
[rosout][INFO] 2025-04-11 14:30:04,354: Back Left Min: 1.04, Back Right Min: 0.68
[rosout][INFO] 2025-04-11 14:30:04,451: Back Left Min: 1.04, Back Right Min: 0.64
[rosout][INFO] 2025-04-11 14:30:04,554: Back Left Min: 1.04, Back Right Min: 0.64
[rosout][INFO] 2025-04-11 14:30:04,651: Back Left Min: 1.04, Back Right Min: 0.64
[rosout][INFO] 2025-04-11 14:30:04,755: Back Left Min: 1.04, Back Right Min: 0.62
[rosout][INFO] 2025-04-11 14:30:04,852: Back Left Min: 1.04, Back Right Min: 0.62
[rosout][INFO] 2025-04-11 14:30:04,955: Back Left Min: 1.04, Back Right Min: 0.65
[rosout][INFO] 2025-04-11 14:30:05,052: Back Left Min: 1.04, Back Right Min: 0.68
[rosout][INFO] 2025-04-11 14:30:05,155: Back Left Min: 1.04, Back Right Min: 0.68
[rosout][INFO] 2025-04-11 14:30:05,252: Back Left Min: 1.04, Back Right Min: 0.65
[rosout][INFO] 2025-04-11 14:30:05,355: Back Left Min: 1.04, Back Right Min: 0.64
[rosout][INFO] 2025-04-11 14:30:05,452: Back Left Min: 1.04, Back Right Min: 0.64
[rosout][INFO] 2025-04-11 14:30:05,555: Back Left Min: 1.04, Back Right Min: 0.65
[rosout][INFO] 2025-04-11 14:30:05,652: Back Left Min: 1.04, Back Right Min: 0.65
[rosout][INFO] 2025-04-11 14:30:05,755: Back Left Min: 1.04, Back Right Min: 0.65
[rosout][INFO] 2025-04-11 14:30:05,852: Back Left Min: 1.04, Back Right Min: 0.64
[rosout][INFO] 2025-04-11 14:30:05,955: Back Left Min: 1.04, Back Right Min: 0.64
[rosout][INFO] 2025-04-11 14:30:06,052: Back Left Min: 1.04, Back Right Min: 0.64
[rosout][INFO] 2025-04-11 14:30:06,155: Back Left Min: 1.04, Back Right Min: 0.64
[rosout][INFO] 2025-04-11 14:30:06,252: Back Left Min: 1.04, Back Right Min: 0.64
[rosout][INFO] 2025-04-11 14:30:06,355: Back Left Min: 1.04, Back Right Min: 0.65
[rosout][INFO] 2025-04-11 14:30:06,452: Back Left Min: 1.04, Back Right Min: 0.65
[rosout][INFO] 2025-04-11 14:30:06,555: Back Left Min: 1.04, Back Right Min: 0.65
[rosout][INFO] 2025-04-11 14:30:06,652: Back Left Min: 1.04, Back Right Min: 0.67
[rosout][INFO] 2025-04-11 14:30:06,755: Back Left Min: 1.04, Back Right Min: 0.64
[rosout][INFO] 2025-04-11 14:30:06,852: Back Left Min: 1.04, Back Right Min: 0.64
[rosout][INFO] 2025-04-11 14:30:06,955: Back Left Min: 1.04, Back Right Min: 0.63
[rosout][INFO] 2025-04-11 14:30:07,052: Back Left Min: 1.04, Back Right Min: 0.63
[rosout][INFO] 2025-04-11 14:30:07,155: Back Left Min: 1.04, Back Right Min: 0.63
[rosout][INFO] 2025-04-11 14:30:07,252: Back Left Min: 1.04, Back Right Min: 0.74
[rosout][INFO] 2025-04-11 14:30:07,356: Back Left Min: 1.04, Back Right Min: 0.74
[rosout][INFO] 2025-04-11 14:30:07,452: Back Left Min: 1.04, Back Right Min: 0.74
[rosout][INFO] 2025-04-11 14:30:07,556: Back Left Min: 1.04, Back Right Min: 0.74
[rosout][INFO] 2025-04-11 14:30:07,653: Back Left Min: 1.01, Back Right Min: 0.74
[rosout][INFO] 2025-04-11 14:30:07,756: Back Left Min: 1.01, Back Right Min: 0.74
[rosout][INFO] 2025-04-11 14:30:07,853: Back Left Min: 1.01, Back Right Min: 0.74
[rosout][INFO] 2025-04-11 14:30:07,956: Back Left Min: 1.04, Back Right Min: 0.74
[rosout][INFO] 2025-04-11 14:30:08,053: Back Left Min: 1.04, Back Right Min: 0.74
[rosout][INFO] 2025-04-11 14:30:08,156: Back Left Min: 1.04, Back Right Min: 0.74
[rosout][INFO] 2025-04-11 14:30:08,253: Back Left Min: 1.04, Back Right Min: 0.74
[rosout][INFO] 2025-04-11 14:30:08,356: Back Left Min: 1.04, Back Right Min: 0.74
[rosout][INFO] 2025-04-11 14:30:08,453: Back Left Min: 1.04, Back Right Min: 0.74
[rosout][INFO] 2025-04-11 14:30:08,556: Back Left Min: 1.04, Back Right Min: 0.74
[rosout][INFO] 2025-04-11 14:30:08,653: Back Left Min: 1.04, Back Right Min: 0.74
[rosout][INFO] 2025-04-11 14:30:08,756: Back Left Min: 1.04, Back Right Min: 0.74
[rosout][INFO] 2025-04-11 14:30:08,853: Back Left Min: 1.04, Back Right Min: 0.74
[rosout][INFO] 2025-04-11 14:30:08,956: Back Left Min: 1.04, Back Right Min: 0.74
[rosout][INFO] 2025-04-11 14:30:09,053: Back Left Min: 1.04, Back Right Min: 0.74
[rosout][INFO] 2025-04-11 14:30:09,156: Back Left Min: 1.04, Back Right Min: 0.74
[rosout][INFO] 2025-04-11 14:30:09,253: Back Left Min: 1.04, Back Right Min: 0.74
[rosout][INFO] 2025-04-11 14:30:09,356: Back Left Min: 0.95, Back Right Min: 0.74
[rosout][INFO] 2025-04-11 14:30:09,453: Back Left Min: 0.95, Back Right Min: 0.74
[rosout][INFO] 2025-04-11 14:30:09,557: Back Left Min: 0.95, Back Right Min: 0.74
[rosout][INFO] 2025-04-11 14:30:09,653: Back Left Min: 0.95, Back Right Min: 0.74
[rosout][INFO] 2025-04-11 14:30:09,757: Back Left Min: 0.95, Back Right Min: 0.74
[rosout][INFO] 2025-04-11 14:30:09,853: Back Left Min: 0.95, Back Right Min: 0.74
[rosout][INFO] 2025-04-11 14:30:09,957: Back Left Min: 1.04, Back Right Min: 0.74
[rosout][INFO] 2025-04-11 14:30:10,054: Back Left Min: 1.04, Back Right Min: 0.74
[rosout][INFO] 2025-04-11 14:30:10,157: Back Left Min: 1.04, Back Right Min: 0.74
[rosout][INFO] 2025-04-11 14:30:10,254: Back Left Min: 1.02, Back Right Min: 0.74
[rosout][INFO] 2025-04-11 14:30:10,357: Back Left Min: 1.00, Back Right Min: 0.74
[rosout][INFO] 2025-04-11 14:30:10,454: Back Left Min: 0.92, Back Right Min: 0.75
[rosout][INFO] 2025-04-11 14:30:10,557: Back Left Min: 0.92, Back Right Min: 0.75
[rosout][INFO] 2025-04-11 14:30:10,654: Back Left Min: 0.92, Back Right Min: 0.75
[rosout][INFO] 2025-04-11 14:30:10,757: Back Left Min: 0.89, Back Right Min: 0.90
[rosout][INFO] 2025-04-11 14:30:10,854: Back Left Min: 0.89, Back Right Min: 0.90
[rosout][INFO] 2025-04-11 14:30:10,957: Back Left Min: 0.89, Back Right Min: 0.90
[rosout][INFO] 2025-04-11 14:30:11,054: Back Left Min: 0.89, Back Right Min: 0.90
[rosout][INFO] 2025-04-11 14:30:11,157: Back Left Min: 0.89, Back Right Min: 0.90
[rosout][INFO] 2025-04-11 14:30:11,254: Back Left Min: 0.89, Back Right Min: 0.77
[rosout][INFO] 2025-04-11 14:30:11,357: Back Left Min: 0.89, Back Right Min: 0.77
[rosout][INFO] 2025-04-11 14:30:11,454: Back Left Min: 0.89, Back Right Min: 0.77
[rosout][INFO] 2025-04-11 14:30:11,557: Back Left Min: 0.89, Back Right Min: 0.77
[rosout][INFO] 2025-04-11 14:30:11,654: Back Left Min: 0.89, Back Right Min: 0.77
[rosout][INFO] 2025-04-11 14:30:11,757: Back Left Min: 0.89, Back Right Min: 0.89
[rosout][INFO] 2025-04-11 14:30:11,855: Back Left Min: 0.89, Back Right Min: 0.86
[rosout][INFO] 2025-04-11 14:30:11,958: Back Left Min: 0.89, Back Right Min: 0.86
[rosout][INFO] 2025-04-11 14:30:12,054: Back Left Min: 0.89, Back Right Min: 0.86
[rosout][INFO] 2025-04-11 14:30:12,158: Back Left Min: 0.89, Back Right Min: 0.89
[rosout][INFO] 2025-04-11 14:30:12,255: Back Left Min: 0.89, Back Right Min: 0.89
[rosout][INFO] 2025-04-11 14:30:12,358: Back Left Min: 0.89, Back Right Min: 0.89
[rosout][INFO] 2025-04-11 14:30:12,455: Back Left Min: 0.89, Back Right Min: 0.89
[rosout][INFO] 2025-04-11 14:30:12,558: Back Left Min: 0.89, Back Right Min: 0.89
[rosout][INFO] 2025-04-11 14:30:12,655: Back Left Min: 0.89, Back Right Min: 0.77
[rosout][INFO] 2025-04-11 14:30:12,758: Back Left Min: 0.89, Back Right Min: 0.77
[rosout][INFO] 2025-04-11 14:30:12,855: Back Left Min: 0.89, Back Right Min: 0.77
[rosout][INFO] 2025-04-11 14:30:12,958: Back Left Min: 0.89, Back Right Min: 0.89
[rosout][INFO] 2025-04-11 14:30:13,055: Back Left Min: 0.89, Back Right Min: 0.89
[rosout][INFO] 2025-04-11 14:30:13,158: Back Left Min: 0.89, Back Right Min: 0.89
[rosout][INFO] 2025-04-11 14:30:13,255: Back Left Min: 0.89, Back Right Min: 0.87
[rosout][INFO] 2025-04-11 14:30:13,358: Back Left Min: 0.89, Back Right Min: 0.87
[rosout][INFO] 2025-04-11 14:30:13,455: Back Left Min: 0.89, Back Right Min: 0.87
[rosout][INFO] 2025-04-11 14:30:13,558: Back Left Min: 0.89, Back Right Min: 0.89
[rosout][INFO] 2025-04-11 14:30:13,655: Back Left Min: 0.89, Back Right Min: 0.89
[rosout][INFO] 2025-04-11 14:30:13,758: Back Left Min: 0.89, Back Right Min: 0.89
[rosout][INFO] 2025-04-11 14:30:13,855: Back Left Min: 0.89, Back Right Min: 0.89
[rosout][INFO] 2025-04-11 14:30:13,958: Back Left Min: 0.89, Back Right Min: 0.89
[rosout][INFO] 2025-04-11 14:30:14,055: Back Left Min: 0.89, Back Right Min: 0.73
[rosout][INFO] 2025-04-11 14:30:14,158: Back Left Min: 0.89, Back Right Min: 0.73
[rosout][INFO] 2025-04-11 14:30:14,255: Back Left Min: 0.89, Back Right Min: 0.73
[rosout][INFO] 2025-04-11 14:30:14,359: Back Left Min: 0.89, Back Right Min: 0.89
[rosout][INFO] 2025-04-11 14:30:14,455: Back Left Min: 0.89, Back Right Min: 0.89
[rosout][INFO] 2025-04-11 14:30:14,559: Back Left Min: 0.89, Back Right Min: 0.89
[rosout][INFO] 2025-04-11 14:30:14,655: Back Left Min: 0.89, Back Right Min: 0.76
[rosout][INFO] 2025-04-11 14:30:14,759: Back Left Min: 0.89, Back Right Min: 0.76
[rosout][INFO] 2025-04-11 14:30:14,856: Back Left Min: 0.89, Back Right Min: 0.76
[rosout][INFO] 2025-04-11 14:30:14,959: Back Left Min: 0.89, Back Right Min: 0.88
[rosout][INFO] 2025-04-11 14:30:15,056: Back Left Min: 0.89, Back Right Min: 0.88
[rosout][INFO] 2025-04-11 14:30:15,159: Back Left Min: 0.89, Back Right Min: 0.89
[rosout][INFO] 2025-04-11 14:30:15,256: Back Left Min: 0.89, Back Right Min: 0.89
[rosout][INFO] 2025-04-11 14:30:15,359: Back Left Min: 0.89, Back Right Min: 0.89
[rosout][INFO] 2025-04-11 14:30:15,456: Back Left Min: 0.89, Back Right Min: 0.77
[rosout][INFO] 2025-04-11 14:30:15,559: Back Left Min: 0.89, Back Right Min: 0.77
[rosout][INFO] 2025-04-11 14:30:15,656: Back Left Min: 0.89, Back Right Min: 0.77
[rosout][INFO] 2025-04-11 14:30:15,759: Back Left Min: 0.89, Back Right Min: 0.88
[rosout][INFO] 2025-04-11 14:30:15,856: Back Left Min: 0.89, Back Right Min: 0.88
[rosout][INFO] 2025-04-11 14:30:15,959: Back Left Min: 0.89, Back Right Min: 0.88
[rosout][INFO] 2025-04-11 14:30:16,056: Back Left Min: 0.89, Back Right Min: 0.75
[rosout][INFO] 2025-04-11 14:30:16,159: Back Left Min: 0.89, Back Right Min: 0.75
[rosout][INFO] 2025-04-11 14:30:16,256: Back Left Min: 0.89, Back Right Min: 0.75
[rosout][INFO] 2025-04-11 14:30:16,359: Back Left Min: 0.89, Back Right Min: 0.83
[rosout][INFO] 2025-04-11 14:30:16,456: Back Left Min: 0.89, Back Right Min: 0.83
[rosout][INFO] 2025-04-11 14:30:16,559: Back Left Min: 0.89, Back Right Min: 0.78
[rosout][INFO] 2025-04-11 14:30:16,656: Back Left Min: 0.89, Back Right Min: 0.78
[rosout][INFO] 2025-04-11 14:30:16,759: Back Left Min: 0.89, Back Right Min: 0.78
[rosout][INFO] 2025-04-11 14:30:16,856: Back Left Min: 0.89, Back Right Min: 0.76
[rosout][INFO] 2025-04-11 14:30:16,960: Back Left Min: 0.89, Back Right Min: 0.76
[rosout][INFO] 2025-04-11 14:30:17,056: Back Left Min: 0.89, Back Right Min: 0.76
[rosout][INFO] 2025-04-11 14:30:17,160: Back Left Min: 0.89, Back Right Min: 0.88
[rosout][INFO] 2025-04-11 14:30:17,257: Back Left Min: 0.89, Back Right Min: 0.88
[rosout][INFO] 2025-04-11 14:30:17,360: Back Left Min: 0.89, Back Right Min: 0.88
[rosout][INFO] 2025-04-11 14:30:17,457: Back Left Min: 0.89, Back Right Min: 0.76
[rosout][INFO] 2025-04-11 14:30:17,560: Back Left Min: 0.89, Back Right Min: 0.76
[rosout][INFO] 2025-04-11 14:30:17,657: Back Left Min: 0.89, Back Right Min: 0.76
[rosout][INFO] 2025-04-11 14:30:17,760: Back Left Min: 0.89, Back Right Min: 1.06
[rosout][INFO] 2025-04-11 14:30:17,857: Back Left Min: 0.89, Back Right Min: 1.06
[rosout][INFO] 2025-04-11 14:30:17,960: Back Left Min: 0.89, Back Right Min: 0.76
[rosout][INFO] 2025-04-11 14:30:18,057: Back Left Min: 0.89, Back Right Min: 0.76
[rosout][INFO] 2025-04-11 14:30:18,160: Back Left Min: 0.89, Back Right Min: 0.76
[rosout][INFO] 2025-04-11 14:30:18,257: Back Left Min: 0.89, Back Right Min: 0.75
[rosout][INFO] 2025-04-11 14:30:18,360: Back Left Min: 0.89, Back Right Min: 0.75
[rosout][INFO] 2025-04-11 14:30:18,457: Back Left Min: 0.89, Back Right Min: 0.75
[rosout][INFO] 2025-04-11 14:30:18,560: Back Left Min: 0.89, Back Right Min: 0.86
[rosout][INFO] 2025-04-11 14:30:18,657: Back Left Min: 0.88, Back Right Min: 0.86
[rosout][INFO] 2025-04-11 14:30:18,760: Back Left Min: 0.88, Back Right Min: 0.86
[rosout][INFO] 2025-04-11 14:30:18,857: Back Left Min: 0.88, Back Right Min: 0.81
[rosout][INFO] 2025-04-11 14:30:18,960: Back Left Min: 0.87, Back Right Min: 0.81
[rosout][INFO] 2025-04-11 14:30:19,057: Back Left Min: 0.87, Back Right Min: 0.81
[rosout][INFO] 2025-04-11 14:30:19,160: Back Left Min: 0.86, Back Right Min: 0.76
[rosout][INFO] 2025-04-11 14:30:19,257: Back Left Min: 0.86, Back Right Min: 0.76
[rosout][INFO] 2025-04-11 14:30:19,361: Back Left Min: 0.86, Back Right Min: 0.91
[rosout][INFO] 2025-04-11 14:30:19,457: Back Left Min: 0.89, Back Right Min: 2.04
[rosout][INFO] 2025-04-11 14:30:19,561: Back Left Min: 0.89, Back Right Min: 2.05
[rosout][INFO] 2025-04-11 14:30:19,658: Back Left Min: 0.89, Back Right Min: 2.05
[rosout][INFO] 2025-04-11 14:30:19,761: Back Left Min: 0.89, Back Right Min: 0.94
[rosout][INFO] 2025-04-11 14:30:19,858: Back Left Min: 0.89, Back Right Min: 0.94
[rosout][INFO] 2025-04-11 14:30:19,961: Back Left Min: 0.89, Back Right Min: 0.76
[rosout][INFO] 2025-04-11 14:30:20,058: Back Left Min: 0.89, Back Right Min: 0.76
[rosout][INFO] 2025-04-11 14:30:20,161: Back Left Min: 0.89, Back Right Min: 0.76
[rosout][INFO] 2025-04-11 14:30:20,258: Back Left Min: 0.89, Back Right Min: 0.76
[rosout][INFO] 2025-04-11 14:30:20,361: Back Left Min: 0.89, Back Right Min: 0.76
[rosout][INFO] 2025-04-11 14:30:20,458: Back Left Min: 0.89, Back Right Min: 0.76
[rosout][INFO] 2025-04-11 14:30:20,561: Back Left Min: 0.89, Back Right Min: 0.94
[rosout][INFO] 2025-04-11 14:30:20,658: Back Left Min: 0.89, Back Right Min: 0.94
[rosout][INFO] 2025-04-11 14:30:20,761: Back Left Min: 0.89, Back Right Min: 0.77
[rosout][INFO] 2025-04-11 14:30:20,858: Back Left Min: 0.89, Back Right Min: 0.77
[rosout][INFO] 2025-04-11 14:30:20,961: Back Left Min: 0.89, Back Right Min: 0.77
[rosout][INFO] 2025-04-11 14:30:21,058: Back Left Min: 0.89, Back Right Min: 0.76
[rosout][INFO] 2025-04-11 14:30:21,161: Back Left Min: 0.89, Back Right Min: 0.76
[rosout][INFO] 2025-04-11 14:30:21,258: Back Left Min: 0.89, Back Right Min: 0.76
[rosout][INFO] 2025-04-11 14:30:21,361: Back Left Min: 0.89, Back Right Min: 2.04
[rosout][INFO] 2025-04-11 14:30:21,458: Back Left Min: 0.89, Back Right Min: 2.04
[rosout][INFO] 2025-04-11 14:30:21,562: Back Left Min: 0.89, Back Right Min: 2.04
[rosout][INFO] 2025-04-11 14:30:21,658: Back Left Min: 0.89, Back Right Min: 2.04
[rosout][INFO] 2025-04-11 14:30:21,762: Back Left Min: 0.89, Back Right Min: 2.04
[rosout][INFO] 2025-04-11 14:30:21,859: Back Left Min: 0.89, Back Right Min: 2.04
[rosout][INFO] 2025-04-11 14:30:21,962: Back Left Min: 0.89, Back Right Min: 0.76
[rosout][INFO] 2025-04-11 14:30:22,059: Back Left Min: 0.89, Back Right Min: 0.76
[rosout][INFO] 2025-04-11 14:30:22,162: Back Left Min: 0.89, Back Right Min: 2.05
[rosout][INFO] 2025-04-11 14:30:22,259: Back Left Min: 0.89, Back Right Min: 2.05
[rosout][INFO] 2025-04-11 14:30:22,362: Back Left Min: 0.89, Back Right Min: 2.05
[rosout][INFO] 2025-04-11 14:30:22,459: Back Left Min: 0.89, Back Right Min: 2.05
[rosout][INFO] 2025-04-11 14:30:22,562: Back Left Min: 0.89, Back Right Min: 0.92
[rosout][INFO] 2025-04-11 14:30:22,659: Back Left Min: 0.89, Back Right Min: 0.92
[rosout][INFO] 2025-04-11 14:30:22,762: Back Left Min: 0.89, Back Right Min: 0.76
[rosout][INFO] 2025-04-11 14:30:22,859: Back Left Min: 0.89, Back Right Min: 0.76
[rosout][INFO] 2025-04-11 14:30:22,962: Back Left Min: 0.89, Back Right Min: 0.76
[rosout][INFO] 2025-04-11 14:30:23,059: Back Left Min: 0.89, Back Right Min: 0.77
[rosout][INFO] 2025-04-11 14:30:23,162: Back Left Min: 0.89, Back Right Min: 0.77
[rosout][INFO] 2025-04-11 14:30:23,259: Back Left Min: 0.89, Back Right Min: 0.77
[rosout][INFO] 2025-04-11 14:30:23,362: Back Left Min: 0.89, Back Right Min: 0.91
[rosout][INFO] 2025-04-11 14:30:23,459: Back Left Min: 0.89, Back Right Min: 0.91
[rosout][INFO] 2025-04-11 14:30:23,562: Back Left Min: 0.89, Back Right Min: 0.76
[rosout][INFO] 2025-04-11 14:30:23,659: Back Left Min: 0.89, Back Right Min: 0.76
[rosout][INFO] 2025-04-11 14:30:23,762: Back Left Min: 0.89, Back Right Min: 0.76
[rosout][INFO] 2025-04-11 14:30:23,859: Back Left Min: 0.89, Back Right Min: 0.77
[rosout][INFO] 2025-04-11 14:30:23,962: Back Left Min: 0.89, Back Right Min: 0.77
[rosout][INFO] 2025-04-11 14:30:24,059: Back Left Min: 0.89, Back Right Min: 0.77
[rosout][INFO] 2025-04-11 14:30:24,163: Back Left Min: 0.89, Back Right Min: 2.05
[rosout][INFO] 2025-04-11 14:30:24,259: Back Left Min: 0.89, Back Right Min: 2.05
[rosout][INFO] 2025-04-11 14:30:24,363: Back Left Min: 0.89, Back Right Min: 2.05
[rosout][INFO] 2025-04-11 14:30:24,460: Back Left Min: 0.89, Back Right Min: 0.77
[rosout][INFO] 2025-04-11 14:30:24,563: Back Left Min: 0.89, Back Right Min: 0.77
[rosout][INFO] 2025-04-11 14:30:24,660: Back Left Min: 0.89, Back Right Min: 0.77
[rosout][INFO] 2025-04-11 14:30:24,763: Back Left Min: 0.89, Back Right Min: 0.76
[rosout][INFO] 2025-04-11 14:30:24,860: Back Left Min: 0.89, Back Right Min: 0.76
[rosout][INFO] 2025-04-11 14:30:24,963: Back Left Min: 0.89, Back Right Min: 0.90
[rosout][INFO] 2025-04-11 14:30:25,060: Back Left Min: 0.89, Back Right Min: 0.84
[rosout][INFO] 2025-04-11 14:30:25,163: Back Left Min: 0.89, Back Right Min: 0.84
[rosout][INFO] 2025-04-11 14:30:25,260: Back Left Min: 0.89, Back Right Min: 0.84
[rosout][INFO] 2025-04-11 14:30:25,363: Back Left Min: 0.89, Back Right Min: 0.82
[rosout][INFO] 2025-04-11 14:30:25,460: Back Left Min: 0.89, Back Right Min: 0.82
[rosout][INFO] 2025-04-11 14:30:25,563: Back Left Min: 0.89, Back Right Min: 0.76
[rosout][INFO] 2025-04-11 14:30:25,660: Back Left Min: 0.89, Back Right Min: 0.76
[rosout][INFO] 2025-04-11 14:30:25,763: Back Left Min: 0.89, Back Right Min: 0.76
[rosout][INFO] 2025-04-11 14:30:25,860: Back Left Min: 0.89, Back Right Min: 0.93
[rosout][INFO] 2025-04-11 14:30:25,963: Back Left Min: 0.89, Back Right Min: 0.93
[rosout][INFO] 2025-04-11 14:30:26,060: Back Left Min: 0.89, Back Right Min: 0.93
[rosout][INFO] 2025-04-11 14:30:26,163: Back Left Min: 0.89, Back Right Min: 2.05
[rosout][INFO] 2025-04-11 14:30:26,260: Back Left Min: 0.89, Back Right Min: 2.05
[rosout][INFO] 2025-04-11 14:30:26,364: Back Left Min: 0.89, Back Right Min: 0.77
[rosout][INFO] 2025-04-11 14:30:26,460: Back Left Min: 0.89, Back Right Min: 0.77
[rosout][INFO] 2025-04-11 14:30:26,564: Back Left Min: 0.89, Back Right Min: 0.77
[rosout][INFO] 2025-04-11 14:30:26,660: Back Left Min: 0.89, Back Right Min: 0.78
[rosout][INFO] 2025-04-11 14:30:26,764: Back Left Min: 0.85, Back Right Min: 0.78
[rosout][INFO] 2025-04-11 14:30:26,861: Back Left Min: 0.85, Back Right Min: 0.78
[rosout][INFO] 2025-04-11 14:30:26,964: Back Left Min: 0.85, Back Right Min: 0.91
[rosout][INFO] 2025-04-11 14:30:27,061: Back Left Min: 0.89, Back Right Min: 0.91
[rosout][INFO] 2025-04-11 14:30:27,164: Back Left Min: 0.89, Back Right Min: 0.91
[rosout][INFO] 2025-04-11 14:30:27,261: Back Left Min: 0.89, Back Right Min: 0.77
[rosout][INFO] 2025-04-11 14:30:27,364: Back Left Min: 0.86, Back Right Min: 0.77
[rosout][INFO] 2025-04-11 14:30:27,461: Back Left Min: 0.86, Back Right Min: 0.77
[rosout][INFO] 2025-04-11 14:30:27,564: Back Left Min: 0.83, Back Right Min: 0.78
[rosout][INFO] 2025-04-11 14:30:27,661: Back Left Min: 0.83, Back Right Min: 0.78
[rosout][INFO] 2025-04-11 14:30:27,764: Back Left Min: 0.83, Back Right Min: 0.90
[rosout][INFO] 2025-04-11 14:30:27,861: Back Left Min: 0.83, Back Right Min: 0.90
[rosout][INFO] 2025-04-11 14:30:27,964: Back Left Min: 0.83, Back Right Min: 0.90
[rosout][INFO] 2025-04-11 14:30:28,061: Back Left Min: 0.83, Back Right Min: 0.77
[rosout][INFO] 2025-04-11 14:30:28,164: Back Left Min: 0.84, Back Right Min: 0.77
[rosout][INFO] 2025-04-11 14:30:28,261: Back Left Min: 0.84, Back Right Min: 0.77
[rosout][INFO] 2025-04-11 14:30:28,364: Back Left Min: 0.84, Back Right Min: 0.77
[rosout][INFO] 2025-04-11 14:30:28,461: Back Left Min: 0.81, Back Right Min: 0.77
[rosout][INFO] 2025-04-11 14:30:28,565: Back Left Min: 0.81, Back Right Min: 0.77
[rosout][INFO] 2025-04-11 14:30:28,661: Back Left Min: 0.81, Back Right Min: 0.90
[rosout][INFO] 2025-04-11 14:30:28,765: Back Left Min: 0.80, Back Right Min: 0.90
[rosout][INFO] 2025-04-11 14:30:28,862: Back Left Min: 0.80, Back Right Min: 0.90
[rosout][INFO] 2025-04-11 14:30:28,965: Back Left Min: 0.81, Back Right Min: 0.78
[rosout][INFO] 2025-04-11 14:30:29,062: Back Left Min: 0.81, Back Right Min: 0.78
[rosout][INFO] 2025-04-11 14:30:29,165: Back Left Min: 0.81, Back Right Min: 0.77
[rosout][INFO] 2025-04-11 14:30:29,262: Back Left Min: 0.82, Back Right Min: 0.77
[rosout][INFO] 2025-04-11 14:30:29,365: Back Left Min: 0.82, Back Right Min: 0.77
[rosout][INFO] 2025-04-11 14:30:29,462: Back Left Min: 0.82, Back Right Min: 0.90
[rosout][INFO] 2025-04-11 14:30:29,565: Back Left Min: 0.83, Back Right Min: 0.91
[rosout][INFO] 2025-04-11 14:30:29,662: Back Left Min: 0.83, Back Right Min: 0.91
[rosout][INFO] 2025-04-11 14:30:29,765: Back Left Min: 0.83, Back Right Min: 0.78
[rosout][INFO] 2025-04-11 14:30:29,862: Back Left Min: 0.84, Back Right Min: 0.78
[rosout][INFO] 2025-04-11 14:30:29,965: Back Left Min: 0.84, Back Right Min: 0.78
[rosout][INFO] 2025-04-11 14:30:30,062: Back Left Min: 0.84, Back Right Min: 0.77
[rosout][INFO] 2025-04-11 14:30:30,165: Back Left Min: 0.85, Back Right Min: 0.77
[rosout][INFO] 2025-04-11 14:30:30,262: Back Left Min: 0.85, Back Right Min: 0.77
[rosout][INFO] 2025-04-11 14:30:30,365: Back Left Min: 0.85, Back Right Min: 0.80
[rosout][INFO] 2025-04-11 14:30:30,462: Back Left Min: 0.85, Back Right Min: 0.80
[rosout][INFO] 2025-04-11 14:30:30,565: Back Left Min: 0.85, Back Right Min: 0.78
[rosout][INFO] 2025-04-11 14:30:30,662: Back Left Min: 0.85, Back Right Min: 0.78
[rosout][INFO] 2025-04-11 14:30:30,765: Back Left Min: 0.85, Back Right Min: 0.78
[rosout][INFO] 2025-04-11 14:30:30,862: Back Left Min: 0.85, Back Right Min: 0.77
[rosout][INFO] 2025-04-11 14:30:30,965: Back Left Min: 0.89, Back Right Min: 0.77
[rosout][INFO] 2025-04-11 14:30:31,062: Back Left Min: 0.89, Back Right Min: 0.77
[rosout][INFO] 2025-04-11 14:30:31,165: Back Left Min: 0.89, Back Right Min: 0.90
[rosout][INFO] 2025-04-11 14:30:31,262: Back Left Min: 0.89, Back Right Min: 0.90
[rosout][INFO] 2025-04-11 14:30:31,366: Back Left Min: 0.89, Back Right Min: 0.90
[rosout][INFO] 2025-04-11 14:30:31,462: Back Left Min: 0.89, Back Right Min: 0.79
[rosout][INFO] 2025-04-11 14:30:31,566: Back Left Min: 0.89, Back Right Min: 0.79
[rosout][INFO] 2025-04-11 14:30:31,663: Back Left Min: 0.89, Back Right Min: 0.79
[rosout][INFO] 2025-04-11 14:30:31,766: Back Left Min: 0.89, Back Right Min: 0.77
[rosout][INFO] 2025-04-11 14:30:31,863: Back Left Min: 0.89, Back Right Min: 0.77
[rosout][INFO] 2025-04-11 14:30:31,966: Back Left Min: 0.89, Back Right Min: 0.78
[rosout][INFO] 2025-04-11 14:30:32,063: Back Left Min: 0.89, Back Right Min: 0.78
[rosout][INFO] 2025-04-11 14:30:32,166: Back Left Min: 0.89, Back Right Min: 0.78
[rosout][INFO] 2025-04-11 14:30:32,263: Back Left Min: 0.89, Back Right Min: 0.78
[rosout][INFO] 2025-04-11 14:30:32,366: Back Left Min: 0.89, Back Right Min: 0.78
[rosout][INFO] 2025-04-11 14:30:32,463: Back Left Min: 0.89, Back Right Min: 0.78
[rosout][INFO] 2025-04-11 14:30:32,566: Back Left Min: 0.89, Back Right Min: 0.77
[rosout][INFO] 2025-04-11 14:30:32,663: Back Left Min: 0.85, Back Right Min: 0.77
[rosout][INFO] 2025-04-11 14:30:32,766: Back Left Min: 0.85, Back Right Min: 0.77
[rosout][INFO] 2025-04-11 14:30:32,863: Back Left Min: 0.85, Back Right Min: 0.78
[rosout][INFO] 2025-04-11 14:30:32,966: Back Left Min: 0.82, Back Right Min: 0.78
[rosout][INFO] 2025-04-11 14:30:33,063: Back Left Min: 0.82, Back Right Min: 0.78
[rosout][INFO] 2025-04-11 14:30:33,166: Back Left Min: 0.81, Back Right Min: 0.78
[rosout][INFO] 2025-04-11 14:30:33,263: Back Left Min: 0.81, Back Right Min: 0.78
[rosout][INFO] 2025-04-11 14:30:33,366: Back Left Min: 0.81, Back Right Min: 0.78
[rosout][INFO] 2025-04-11 14:30:33,463: Back Left Min: 0.89, Back Right Min: 0.78
[rosout][INFO] 2025-04-11 14:30:33,566: Back Left Min: 0.89, Back Right Min: 0.78
[rosout][INFO] 2025-04-11 14:30:33,663: Back Left Min: 0.89, Back Right Min: 0.79
[rosout][INFO] 2025-04-11 14:30:33,767: Back Left Min: 0.82, Back Right Min: 0.79
[rosout][INFO] 2025-04-11 14:30:33,864: Back Left Min: 0.82, Back Right Min: 0.79
[rosout][INFO] 2025-04-11 14:30:33,967: Back Left Min: 0.82, Back Right Min: 0.78
[rosout][INFO] 2025-04-11 14:30:34,064: Back Left Min: 0.89, Back Right Min: 0.78
[rosout][INFO] 2025-04-11 14:30:34,167: Back Left Min: 0.89, Back Right Min: 0.78
[rosout][INFO] 2025-04-11 14:30:34,264: Back Left Min: 0.89, Back Right Min: 0.77
[rosout][INFO] 2025-04-11 14:30:34,367: Back Left Min: 0.83, Back Right Min: 0.77
[rosout][INFO] 2025-04-11 14:30:34,464: Back Left Min: 0.83, Back Right Min: 0.77
[rosout][INFO] 2025-04-11 14:30:34,567: Back Left Min: 0.89, Back Right Min: 0.79
[rosout][INFO] 2025-04-11 14:30:34,664: Back Left Min: 0.89, Back Right Min: 0.79
[rosout][INFO] 2025-04-11 14:30:34,767: Back Left Min: 0.89, Back Right Min: 0.78
[rosout][INFO] 2025-04-11 14:30:34,864: Back Left Min: 0.83, Back Right Min: 0.78
[rosout][INFO] 2025-04-11 14:30:34,967: Back Left Min: 0.83, Back Right Min: 0.78
[rosout][INFO] 2025-04-11 14:30:35,064: Back Left Min: 0.83, Back Right Min: 0.77
[rosout][INFO] 2025-04-11 14:30:35,167: Back Left Min: 0.89, Back Right Min: 0.77
[rosout][INFO] 2025-04-11 14:30:35,264: Back Left Min: 0.89, Back Right Min: 0.77
[rosout][INFO] 2025-04-11 14:30:35,367: Back Left Min: 0.89, Back Right Min: 0.78
[rosout][INFO] 2025-04-11 14:30:35,464: Back Left Min: 0.89, Back Right Min: 0.78
[rosout][INFO] 2025-04-11 14:30:35,567: Back Left Min: 0.89, Back Right Min: 0.78
[rosout][INFO] 2025-04-11 14:30:35,664: Back Left Min: 0.89, Back Right Min: 0.78
[rosout][INFO] 2025-04-11 14:30:35,767: Back Left Min: 0.89, Back Right Min: 0.78
[rosout][INFO] 2025-04-11 14:30:35,864: Back Left Min: 0.89, Back Right Min: 0.78
[rosout][INFO] 2025-04-11 14:30:35,967: Back Left Min: 0.89, Back Right Min: 0.78
[rosout][INFO] 2025-04-11 14:30:36,064: Back Left Min: 0.89, Back Right Min: 0.78
[rosout][INFO] 2025-04-11 14:30:36,168: Back Left Min: 0.89, Back Right Min: 0.77
[rosout][INFO] 2025-04-11 14:30:36,264: Back Left Min: 0.89, Back Right Min: 0.77
[rosout][INFO] 2025-04-11 14:30:36,368: Back Left Min: 0.89, Back Right Min: 0.77
[rosout][INFO] 2025-04-11 14:30:36,465: Back Left Min: 0.89, Back Right Min: 0.78
[rosout][INFO] 2025-04-11 14:30:36,568: Back Left Min: 0.86, Back Right Min: 0.78
[rosout][INFO] 2025-04-11 14:30:36,665: Back Left Min: 0.86, Back Right Min: 0.78
[rosout][INFO] 2025-04-11 14:30:36,768: Back Left Min: 0.86, Back Right Min: 0.78
[rosout][INFO] 2025-04-11 14:30:36,865: Back Left Min: 0.89, Back Right Min: 0.78
[rosout][INFO] 2025-04-11 14:30:36,968: Back Left Min: 0.89, Back Right Min: 0.78
[rosout][INFO] 2025-04-11 14:30:37,065: Back Left Min: 0.89, Back Right Min: 0.77
[rosout][INFO] 2025-04-11 14:30:37,168: Back Left Min: 0.72, Back Right Min: 0.77
[rosout][INFO] 2025-04-11 14:30:37,265: Back Left Min: 0.72, Back Right Min: 0.77
[rosout][INFO] 2025-04-11 14:30:37,368: Back Left Min: 0.72, Back Right Min: 0.78
[rosout][INFO] 2025-04-11 14:30:37,465: Back Left Min: 0.80, Back Right Min: 0.78
[rosout][INFO] 2025-04-11 14:30:37,568: Back Left Min: 0.80, Back Right Min: 0.77
[rosout][INFO] 2025-04-11 14:30:37,665: Back Left Min: 0.80, Back Right Min: 0.77
[rosout][INFO] 2025-04-11 14:30:37,768: Back Left Min: 0.86, Back Right Min: 0.77
[rosout][INFO] 2025-04-11 14:30:37,865: Back Left Min: 0.86, Back Right Min: 0.78
[rosout][INFO] 2025-04-11 14:30:37,968: Back Left Min: 0.86, Back Right Min: 0.78
[rosout][INFO] 2025-04-11 14:30:38,065: Back Left Min: 0.86, Back Right Min: 0.78
[rosout][INFO] 2025-04-11 14:30:38,169: Back Left Min: 0.86, Back Right Min: 0.78
[rosout][INFO] 2025-04-11 14:30:38,265: Back Left Min: 0.85, Back Right Min: 0.78
[rosout][INFO] 2025-04-11 14:30:38,368: Back Left Min: 0.85, Back Right Min: 0.78
[rosout][INFO] 2025-04-11 14:30:38,465: Back Left Min: 0.85, Back Right Min: 0.78
[rosout][INFO] 2025-04-11 14:30:38,569: Back Left Min: 0.85, Back Right Min: 0.78
[rosout][INFO] 2025-04-11 14:30:38,665: Back Left Min: 0.85, Back Right Min: 0.78
[rosout][INFO] 2025-04-11 14:30:38,769: Back Left Min: 0.85, Back Right Min: 0.77
[rosout][INFO] 2025-04-11 14:30:38,866: Back Left Min: 0.85, Back Right Min: 0.77
[rosout][INFO] 2025-04-11 14:30:38,969: Back Left Min: 0.85, Back Right Min: 0.78
[rosout][INFO] 2025-04-11 14:30:39,066: Back Left Min: 0.85, Back Right Min: 0.78
[rosout][INFO] 2025-04-11 14:30:39,169: Back Left Min: 0.85, Back Right Min: 0.78
[rosout][INFO] 2025-04-11 14:30:39,266: Back Left Min: 0.85, Back Right Min: 0.77
[rosout][INFO] 2025-04-11 14:30:39,369: Back Left Min: 0.85, Back Right Min: 0.77
[rosout][INFO] 2025-04-11 14:30:39,466: Back Left Min: 0.85, Back Right Min: 0.77
[rosout][INFO] 2025-04-11 14:30:39,569: Back Left Min: 0.85, Back Right Min: 0.77
[rosout][INFO] 2025-04-11 14:30:39,666: Back Left Min: 0.85, Back Right Min: 0.77
[rosout][INFO] 2025-04-11 14:30:39,769: Back Left Min: 0.85, Back Right Min: 0.77
[rosout][INFO] 2025-04-11 14:30:39,866: Back Left Min: 0.85, Back Right Min: 0.78
[rosout][INFO] 2025-04-11 14:30:39,970: Back Left Min: 0.85, Back Right Min: 0.78
[rosout][INFO] 2025-04-11 14:30:40,066: Back Left Min: 0.85, Back Right Min: 0.78
[rosout][INFO] 2025-04-11 14:30:40,169: Back Left Min: 0.85, Back Right Min: 0.78
[rosout][INFO] 2025-04-11 14:30:40,266: Back Left Min: 0.85, Back Right Min: 0.78
[rosout][INFO] 2025-04-11 14:30:40,369: Back Left Min: 0.85, Back Right Min: 0.77
[rosout][INFO] 2025-04-11 14:30:40,466: Back Left Min: 0.85, Back Right Min: 0.77
[rosout][INFO] 2025-04-11 14:30:40,569: Back Left Min: 0.85, Back Right Min: 0.77
[rosout][INFO] 2025-04-11 14:30:40,666: Back Left Min: 0.85, Back Right Min: 0.78
[rosout][INFO] 2025-04-11 14:30:40,770: Back Left Min: 0.85, Back Right Min: 0.78
[rosout][INFO] 2025-04-11 14:30:40,866: Back Left Min: 0.85, Back Right Min: 0.78
[rosout][INFO] 2025-04-11 14:30:40,970: Back Left Min: 0.85, Back Right Min: 0.78
[rosout][INFO] 2025-04-11 14:30:41,066: Back Left Min: 0.85, Back Right Min: 0.78
[rosout][INFO] 2025-04-11 14:30:41,170: Back Left Min: 0.85, Back Right Min: 0.78
[rosout][INFO] 2025-04-11 14:30:41,267: Back Left Min: 0.85, Back Right Min: 0.77
[rosout][INFO] 2025-04-11 14:30:41,370: Back Left Min: 0.85, Back Right Min: 0.77
[rosout][INFO] 2025-04-11 14:30:41,467: Back Left Min: 0.85, Back Right Min: 0.77
[rosout][INFO] 2025-04-11 14:30:41,570: Back Left Min: 0.85, Back Right Min: 0.78
[rosout][INFO] 2025-04-11 14:30:41,667: Back Left Min: 0.86, Back Right Min: 0.78
[rosout][INFO] 2025-04-11 14:30:41,770: Back Left Min: 0.86, Back Right Min: 0.77
[rosout][INFO] 2025-04-11 14:30:41,867: Back Left Min: 0.86, Back Right Min: 0.77
[rosout][INFO] 2025-04-11 14:30:41,970: Back Left Min: 0.88, Back Right Min: 0.77
[rosout][INFO] 2025-04-11 14:30:42,067: Back Left Min: 0.88, Back Right Min: 0.77
[rosout][INFO] 2025-04-11 14:30:42,170: Back Left Min: 0.86, Back Right Min: 0.77
[rosout][INFO] 2025-04-11 14:30:42,267: Back Left Min: 0.86, Back Right Min: 0.77
[rosout][INFO] 2025-04-11 14:30:42,370: Back Left Min: 0.86, Back Right Min: 0.77
[rosout][INFO] 2025-04-11 14:30:42,467: Back Left Min: 0.88, Back Right Min: 0.77
[rosout][INFO] 2025-04-11 14:30:42,570: Back Left Min: 0.88, Back Right Min: 0.77
[rosout][INFO] 2025-04-11 14:30:42,667: Back Left Min: 0.88, Back Right Min: 0.78
[rosout][INFO] 2025-04-11 14:30:42,770: Back Left Min: 0.87, Back Right Min: 0.78
[rosout][INFO] 2025-04-11 14:30:42,867: Back Left Min: 0.87, Back Right Min: 0.78
[rosout][INFO] 2025-04-11 14:30:42,970: Back Left Min: 0.87, Back Right Min: 0.78
[rosout][INFO] 2025-04-11 14:30:43,067: Back Left Min: 0.86, Back Right Min: 0.78
[rosout][INFO] 2025-04-11 14:30:43,171: Back Left Min: 0.86, Back Right Min: 0.78
[rosout][INFO] 2025-04-11 14:30:43,267: Back Left Min: 0.86, Back Right Min: 0.78
[rosout][INFO] 2025-04-11 14:30:43,371: Back Left Min: 0.86, Back Right Min: 0.78
[rosout][INFO] 2025-04-11 14:30:43,468: Back Left Min: 0.86, Back Right Min: 0.78
[rosout][INFO] 2025-04-11 14:30:43,571: Back Left Min: 0.86, Back Right Min: 0.78
[rosout][INFO] 2025-04-11 14:30:43,668: Back Left Min: 0.86, Back Right Min: 0.78
[rosout][INFO] 2025-04-11 14:30:43,771: Back Left Min: 0.86, Back Right Min: 0.78
[rosout][INFO] 2025-04-11 14:30:43,868: Back Left Min: 0.86, Back Right Min: 0.78
[rosout][INFO] 2025-04-11 14:30:43,971: Back Left Min: 0.86, Back Right Min: 0.78
[rosout][INFO] 2025-04-11 14:30:44,068: Back Left Min: 0.86, Back Right Min: 0.78
[rosout][INFO] 2025-04-11 14:30:44,171: Back Left Min: 0.86, Back Right Min: 0.78
[rosout][INFO] 2025-04-11 14:30:44,268: Back Left Min: 0.86, Back Right Min: 0.78
[rosout][INFO] 2025-04-11 14:30:44,371: Back Left Min: 0.86, Back Right Min: 0.78
[rosout][INFO] 2025-04-11 14:30:44,468: Back Left Min: 0.86, Back Right Min: 0.78
[rosout][INFO] 2025-04-11 14:30:44,571: Back Left Min: 0.86, Back Right Min: 0.78
[rosout][INFO] 2025-04-11 14:30:44,668: Back Left Min: 0.86, Back Right Min: 0.78
[rosout][INFO] 2025-04-11 14:30:44,771: Back Left Min: 0.86, Back Right Min: 0.78
[rosout][INFO] 2025-04-11 14:30:44,868: Back Left Min: 0.86, Back Right Min: 0.78
[rosout][INFO] 2025-04-11 14:30:44,971: Back Left Min: 0.86, Back Right Min: 0.78
[rosout][INFO] 2025-04-11 14:30:45,068: Back Left Min: 0.86, Back Right Min: 0.78
[rosout][INFO] 2025-04-11 14:30:45,171: Back Left Min: 0.86, Back Right Min: 0.78
[rosout][INFO] 2025-04-11 14:30:45,268: Back Left Min: 0.86, Back Right Min: 0.78
[rosout][INFO] 2025-04-11 14:30:45,371: Back Left Min: 0.86, Back Right Min: 0.78
[rosout][INFO] 2025-04-11 14:30:45,468: Back Left Min: 0.86, Back Right Min: 0.78
[rosout][INFO] 2025-04-11 14:30:45,572: Back Left Min: 0.86, Back Right Min: 0.78
[rosout][INFO] 2025-04-11 14:30:45,668: Back Left Min: 0.86, Back Right Min: 0.78
[rosout][INFO] 2025-04-11 14:30:45,772: Back Left Min: 0.86, Back Right Min: 0.78
[rosout][INFO] 2025-04-11 14:30:45,868: Back Left Min: 0.86, Back Right Min: 0.78
[rosout][INFO] 2025-04-11 14:30:45,972: Back Left Min: 0.86, Back Right Min: 0.78
[rosout][INFO] 2025-04-11 14:30:46,068: Back Left Min: 0.86, Back Right Min: 0.78
[rosout][INFO] 2025-04-11 14:30:46,172: Back Left Min: 0.85, Back Right Min: 0.78
[rosout][INFO] 2025-04-11 14:30:46,269: Back Left Min: 0.85, Back Right Min: 0.78
[rosout][INFO] 2025-04-11 14:30:46,372: Back Left Min: 0.85, Back Right Min: 0.78
[rosout][INFO] 2025-04-11 14:30:46,469: Back Left Min: 0.85, Back Right Min: 0.78
[rosout][INFO] 2025-04-11 14:30:46,572: Back Left Min: 0.85, Back Right Min: 0.78
[rosout][INFO] 2025-04-11 14:30:46,669: Back Left Min: 0.85, Back Right Min: 0.78
[rosout][INFO] 2025-04-11 14:30:46,772: Back Left Min: 0.85, Back Right Min: 0.78
[rosout][INFO] 2025-04-11 14:30:46,869: Back Left Min: 0.85, Back Right Min: 0.78
[rosout][INFO] 2025-04-11 14:30:46,972: Back Left Min: 0.85, Back Right Min: 0.78
[rosout][INFO] 2025-04-11 14:30:47,069: Back Left Min: 0.85, Back Right Min: 0.78
[rosout][INFO] 2025-04-11 14:30:47,173: Back Left Min: 0.85, Back Right Min: 0.78
[rosout][INFO] 2025-04-11 14:30:47,269: Back Left Min: 0.85, Back Right Min: 0.78
[rosout][INFO] 2025-04-11 14:30:47,372: Back Left Min: 0.85, Back Right Min: 0.78
[rosout][INFO] 2025-04-11 14:30:47,469: Back Left Min: 0.85, Back Right Min: 0.78
[rosout][INFO] 2025-04-11 14:30:47,572: Back Left Min: 0.85, Back Right Min: 0.78
[rosout][INFO] 2025-04-11 14:30:47,669: Back Left Min: 0.85, Back Right Min: 0.78
[rosout][INFO] 2025-04-11 14:30:47,773: Back Left Min: 0.85, Back Right Min: 0.78
[rosout][INFO] 2025-04-11 14:30:47,870: Back Left Min: 0.85, Back Right Min: 0.78
[rosout][INFO] 2025-04-11 14:30:47,972: Back Left Min: 0.85, Back Right Min: 0.78
[rosout][INFO] 2025-04-11 14:30:48,069: Back Left Min: 0.85, Back Right Min: 0.78
[rosout][INFO] 2025-04-11 14:30:48,173: Back Left Min: 0.85, Back Right Min: 0.78
[rosout][INFO] 2025-04-11 14:30:48,270: Back Left Min: 0.85, Back Right Min: 0.78
[rosout][INFO] 2025-04-11 14:30:48,373: Back Left Min: 0.85, Back Right Min: 0.78
[rosout][INFO] 2025-04-11 14:30:48,470: Back Left Min: 0.85, Back Right Min: 0.78
[rosout][INFO] 2025-04-11 14:30:48,573: Back Left Min: 0.85, Back Right Min: 0.78
[rosout][INFO] 2025-04-11 14:30:48,670: Back Left Min: 0.85, Back Right Min: 0.78
[rosout][INFO] 2025-04-11 14:30:48,773: Back Left Min: 0.85, Back Right Min: 0.78
[rosout][INFO] 2025-04-11 14:30:48,870: Back Left Min: 0.85, Back Right Min: 0.78
[rosout][INFO] 2025-04-11 14:30:48,973: Back Left Min: 0.85, Back Right Min: 0.78
[rosout][INFO] 2025-04-11 14:30:49,070: Back Left Min: 0.85, Back Right Min: 0.78
[rosout][INFO] 2025-04-11 14:30:49,173: Back Left Min: 0.85, Back Right Min: 0.78
[rosout][INFO] 2025-04-11 14:30:49,270: Back Left Min: 0.85, Back Right Min: 0.78
[rosout][INFO] 2025-04-11 14:30:49,373: Back Left Min: 0.85, Back Right Min: 0.78
[rosout][INFO] 2025-04-11 14:30:49,470: Back Left Min: 0.85, Back Right Min: 0.78
[rosout][INFO] 2025-04-11 14:30:49,573: Back Left Min: 0.85, Back Right Min: 0.78
[rosout][INFO] 2025-04-11 14:30:49,670: Back Left Min: 0.85, Back Right Min: 0.78
[rosout][INFO] 2025-04-11 14:30:49,773: Back Left Min: 0.85, Back Right Min: 0.78
[rosout][INFO] 2025-04-11 14:30:49,870: Back Left Min: 0.85, Back Right Min: 0.78
[rosout][INFO] 2025-04-11 14:30:49,973: Back Left Min: 0.85, Back Right Min: 0.78
