[rospy.client][INFO] 2025-03-21 14:52:34,419: init_node, name[/sonar_distance_monitor_3241_1742543554408], pid[3241]
[xmlrpc][INFO] 2025-03-21 14:52:34,420: XML-RPC server binding to 127.0.0.1:0
[xmlrpc][INFO] 2025-03-21 14:52:34,420: Started XML-RPC server [http://localhost:46805/]
[rospy.init][INFO] 2025-03-21 14:52:34,420: ROS Slave URI: [http://localhost:46805/]
[rospy.impl.masterslave][INFO] 2025-03-21 14:52:34,420: _ready: http://localhost:46805/
[rospy.registration][INFO] 2025-03-21 14:52:34,420: Registering with master node http://localhost:11311
[xmlrpc][INFO] 2025-03-21 14:52:34,421: xml rpc node: starting XML-RPC server
[rospy.init][INFO] 2025-03-21 14:52:34,520: registered with master
[rospy.rosout][INFO] 2025-03-21 14:52:34,521: initializing /rosout core topic
[rospy.rosout][INFO] 2025-03-21 14:52:34,526: connected to core topic /rosout
[rospy.simtime][INFO] 2025-03-21 14:52:34,529: /use_sim_time is not set, will not subscribe to simulated time [/clock] topic
[rosout][INFO] 2025-03-21 14:52:34,545: Sonar distance monitor initialized
[rosout][INFO] 2025-03-21 14:52:34,546: Monitoring for the 5 closest sonar readings
[rosout][INFO] 2025-03-21 14:52:34,547: Sonar distance monitor running. Press Ctrl+C to stop.
[rospy.internal][INFO] 2025-03-21 14:52:34,587: topic[/RosAria/sonar] adding connection to [http://localhost:39253/], count 0
[rospy.internal][INFO] 2025-03-21 14:52:34,780: topic[/rosout] adding connection to [/rosout], count 0
[rosout][INFO] 2025-03-21 14:52:35,048: 
--- 5 Closest Sonar Readings ---
[rosout][INFO] 2025-03-21 14:52:35,049: Rank | Sensor ID | Distance (m) | Angle (deg) | Position (x,y)
[rosout][INFO] 2025-03-21 14:52:35,050: -------------------------------------------------
[rosout][INFO] 2025-03-21 14:52:35,051:  1   |         0 |       0.745 |       78.2 | (0.15, 0.73)
[rosout][INFO] 2025-03-21 14:52:35,052:  2   |        30 |       0.801 |      111.8 | (-0.30, 0.74)
[rosout][INFO] 2025-03-21 14:52:35,053:  3   |        16 |       0.828 |     -111.1 | (-0.30, -0.77)
[rosout][INFO] 2025-03-21 14:52:35,053:  4   |         6 |       0.961 |        5.2 | (0.96, 0.09)
[rosout][INFO] 2025-03-21 14:52:35,054:  5   |        17 |       0.975 |     -126.9 | (-0.59, -0.78)
[rosout][INFO] 2025-03-21 14:52:35,054: -------------------------------------------------
[rosout][INFO] 2025-03-21 14:52:35,548: 
--- 5 Closest Sonar Readings ---
[rosout][INFO] 2025-03-21 14:52:35,549: Rank | Sensor ID | Distance (m) | Angle (deg) | Position (x,y)
[rosout][INFO] 2025-03-21 14:52:35,550: -------------------------------------------------
[rosout][INFO] 2025-03-21 14:52:35,551:  1   |         0 |       0.758 |       78.4 | (0.15, 0.74)
[rosout][INFO] 2025-03-21 14:52:35,552:  2   |        30 |       0.801 |      111.8 | (-0.30, 0.74)
[rosout][INFO] 2025-03-21 14:52:35,553:  3   |        16 |       0.828 |     -111.1 | (-0.30, -0.77)
[rosout][INFO] 2025-03-21 14:52:35,553:  4   |         6 |       0.955 |        5.2 | (0.95, 0.09)
[rosout][INFO] 2025-03-21 14:52:35,554:  5   |        17 |       0.975 |     -126.9 | (-0.59, -0.78)
[rosout][INFO] 2025-03-21 14:52:35,554: -------------------------------------------------
[rosout][INFO] 2025-03-21 14:52:36,048: 
--- 5 Closest Sonar Readings ---
[rosout][INFO] 2025-03-21 14:52:36,048: Rank | Sensor ID | Distance (m) | Angle (deg) | Position (x,y)
[rosout][INFO] 2025-03-21 14:52:36,049: -------------------------------------------------
[rosout][INFO] 2025-03-21 14:52:36,049:  1   |         0 |       0.758 |       78.4 | (0.15, 0.74)
[rosout][INFO] 2025-03-21 14:52:36,049:  2   |        30 |       0.802 |      111.8 | (-0.30, 0.75)
[rosout][INFO] 2025-03-21 14:52:36,050:  3   |        16 |       0.828 |     -111.1 | (-0.30, -0.77)
[rosout][INFO] 2025-03-21 14:52:36,050:  4   |        17 |       0.975 |     -126.9 | (-0.59, -0.78)
[rosout][INFO] 2025-03-21 14:52:36,050:  5   |         6 |       1.026 |        5.2 | (1.02, 0.09)
[rosout][INFO] 2025-03-21 14:52:36,051: -------------------------------------------------
[rosout][INFO] 2025-03-21 14:52:36,548: 
--- 5 Closest Sonar Readings ---
[rosout][INFO] 2025-03-21 14:52:36,549: Rank | Sensor ID | Distance (m) | Angle (deg) | Position (x,y)
[rosout][INFO] 2025-03-21 14:52:36,550: -------------------------------------------------
[rosout][INFO] 2025-03-21 14:52:36,551:  1   |         0 |       0.758 |       78.4 | (0.15, 0.74)
[rosout][INFO] 2025-03-21 14:52:36,552:  2   |        30 |       0.802 |      111.8 | (-0.30, 0.75)
[rosout][INFO] 2025-03-21 14:52:36,553:  3   |        16 |       0.828 |     -111.1 | (-0.30, -0.77)
[rosout][INFO] 2025-03-21 14:52:36,553:  4   |        17 |       0.975 |     -126.9 | (-0.59, -0.78)
[rosout][INFO] 2025-03-21 14:52:36,554:  5   |         3 |       1.053 |       35.4 | (0.86, 0.61)
[rosout][INFO] 2025-03-21 14:52:36,554: -------------------------------------------------
[rosout][INFO] 2025-03-21 14:52:37,048: 
--- 5 Closest Sonar Readings ---
[rosout][INFO] 2025-03-21 14:52:37,049: Rank | Sensor ID | Distance (m) | Angle (deg) | Position (x,y)
[rosout][INFO] 2025-03-21 14:52:37,050: -------------------------------------------------
[rosout][INFO] 2025-03-21 14:52:37,051:  1   |         0 |       0.758 |       78.4 | (0.15, 0.74)
[rosout][INFO] 2025-03-21 14:52:37,052:  2   |        30 |       0.801 |      111.8 | (-0.30, 0.74)
[rosout][INFO] 2025-03-21 14:52:37,053:  3   |        16 |       0.828 |     -111.1 | (-0.30, -0.77)
[rosout][INFO] 2025-03-21 14:52:37,053:  4   |         6 |       0.971 |        5.2 | (0.97, 0.09)
[rosout][INFO] 2025-03-21 14:52:37,054:  5   |        17 |       0.971 |     -127.0 | (-0.58, -0.78)
[rosout][INFO] 2025-03-21 14:52:37,055: -------------------------------------------------
[rosout][INFO] 2025-03-21 14:52:37,548: 
--- 5 Closest Sonar Readings ---
[rosout][INFO] 2025-03-21 14:52:37,549: Rank | Sensor ID | Distance (m) | Angle (deg) | Position (x,y)
[rosout][INFO] 2025-03-21 14:52:37,563: -------------------------------------------------
[rosout][INFO] 2025-03-21 14:52:37,564:  1   |         0 |       0.758 |       78.4 | (0.15, 0.74)
[rosout][INFO] 2025-03-21 14:52:37,565:  2   |        30 |       0.804 |      111.7 | (-0.30, 0.75)
[rosout][INFO] 2025-03-21 14:52:37,566:  3   |        16 |       0.828 |     -111.1 | (-0.30, -0.77)
[rosout][INFO] 2025-03-21 14:52:37,567:  4   |         6 |       0.969 |        5.2 | (0.96, 0.09)
[rosout][INFO] 2025-03-21 14:52:37,568:  5   |        17 |       0.975 |     -126.9 | (-0.59, -0.78)
[rosout][INFO] 2025-03-21 14:52:37,568: -------------------------------------------------
[rosout][INFO] 2025-03-21 14:52:38,048: 
--- 5 Closest Sonar Readings ---
[rosout][INFO] 2025-03-21 14:52:38,049: Rank | Sensor ID | Distance (m) | Angle (deg) | Position (x,y)
[rosout][INFO] 2025-03-21 14:52:38,050: -------------------------------------------------
[rosout][INFO] 2025-03-21 14:52:38,051:  1   |         0 |       0.758 |       78.4 | (0.15, 0.74)
[rosout][INFO] 2025-03-21 14:52:38,052:  2   |        30 |       0.802 |      111.8 | (-0.30, 0.75)
[rosout][INFO] 2025-03-21 14:52:38,052:  3   |        16 |       0.828 |     -111.1 | (-0.30, -0.77)
[rosout][INFO] 2025-03-21 14:52:38,053:  4   |        17 |       0.975 |     -126.9 | (-0.59, -0.78)
[rosout][INFO] 2025-03-21 14:52:38,054:  5   |         6 |       0.977 |        5.2 | (0.97, 0.09)
[rosout][INFO] 2025-03-21 14:52:38,055: -------------------------------------------------
[rosout][INFO] 2025-03-21 14:52:38,548: 
--- 5 Closest Sonar Readings ---
[rosout][INFO] 2025-03-21 14:52:38,549: Rank | Sensor ID | Distance (m) | Angle (deg) | Position (x,y)
[rosout][INFO] 2025-03-21 14:52:38,551: -------------------------------------------------
[rosout][INFO] 2025-03-21 14:52:38,551:  1   |         0 |       0.758 |       78.4 | (0.15, 0.74)
[rosout][INFO] 2025-03-21 14:52:38,552:  2   |        30 |       0.804 |      111.7 | (-0.30, 0.75)
[rosout][INFO] 2025-03-21 14:52:38,553:  3   |        16 |       0.828 |     -111.1 | (-0.30, -0.77)
[rosout][INFO] 2025-03-21 14:52:38,553:  4   |        17 |       0.974 |     -127.0 | (-0.59, -0.78)
[rosout][INFO] 2025-03-21 14:52:38,554:  5   |         6 |       1.016 |        5.2 | (1.01, 0.09)
[rosout][INFO] 2025-03-21 14:52:38,554: -------------------------------------------------
[rosout][INFO] 2025-03-21 14:52:39,048: 
--- 5 Closest Sonar Readings ---
[rosout][INFO] 2025-03-21 14:52:39,049: Rank | Sensor ID | Distance (m) | Angle (deg) | Position (x,y)
[rosout][INFO] 2025-03-21 14:52:39,050: -------------------------------------------------
[rosout][INFO] 2025-03-21 14:52:39,051:  1   |         0 |       0.758 |       78.4 | (0.15, 0.74)
[rosout][INFO] 2025-03-21 14:52:39,052:  2   |        30 |       0.801 |      111.8 | (-0.30, 0.74)
[rosout][INFO] 2025-03-21 14:52:39,052:  3   |        16 |       0.828 |     -111.1 | (-0.30, -0.77)
[rosout][INFO] 2025-03-21 14:52:39,053:  4   |        17 |       0.978 |     -126.9 | (-0.59, -0.78)
[rosout][INFO] 2025-03-21 14:52:39,054:  5   |         6 |       1.011 |        5.2 | (1.01, 0.09)
[rosout][INFO] 2025-03-21 14:52:39,055: -------------------------------------------------
[rosout][INFO] 2025-03-21 14:52:39,548: 
--- 5 Closest Sonar Readings ---
[rosout][INFO] 2025-03-21 14:52:39,549: Rank | Sensor ID | Distance (m) | Angle (deg) | Position (x,y)
[rosout][INFO] 2025-03-21 14:52:39,550: -------------------------------------------------
[rosout][INFO] 2025-03-21 14:52:39,551:  1   |         0 |       0.758 |       78.4 | (0.15, 0.74)
[rosout][INFO] 2025-03-21 14:52:39,552:  2   |        30 |       0.801 |      111.8 | (-0.30, 0.74)
[rosout][INFO] 2025-03-21 14:52:39,552:  3   |        16 |       0.828 |     -111.1 | (-0.30, -0.77)
[rosout][INFO] 2025-03-21 14:52:39,553:  4   |        17 |       0.972 |     -127.0 | (-0.58, -0.78)
[rosout][INFO] 2025-03-21 14:52:39,554:  5   |         6 |       1.028 |        5.2 | (1.02, 0.09)
[rosout][INFO] 2025-03-21 14:52:39,554: -------------------------------------------------
[rosout][INFO] 2025-03-21 14:52:40,048: 
--- 5 Closest Sonar Readings ---
[rosout][INFO] 2025-03-21 14:52:40,049: Rank | Sensor ID | Distance (m) | Angle (deg) | Position (x,y)
[rosout][INFO] 2025-03-21 14:52:40,050: -------------------------------------------------
[rosout][INFO] 2025-03-21 14:52:40,051:  1   |         0 |       0.758 |       78.4 | (0.15, 0.74)
[rosout][INFO] 2025-03-21 14:52:40,051:  2   |        30 |       0.801 |      111.8 | (-0.30, 0.74)
[rosout][INFO] 2025-03-21 14:52:40,052:  3   |        16 |       0.828 |     -111.1 | (-0.30, -0.77)
[rosout][INFO] 2025-03-21 14:52:40,053:  4   |        17 |       0.975 |     -126.9 | (-0.59, -0.78)
[rosout][INFO] 2025-03-21 14:52:40,053:  5   |         6 |       1.030 |        5.2 | (1.03, 0.09)
[rosout][INFO] 2025-03-21 14:52:40,054: -------------------------------------------------
[rosout][INFO] 2025-03-21 14:52:40,548: 
--- 5 Closest Sonar Readings ---
[rosout][INFO] 2025-03-21 14:52:40,549: Rank | Sensor ID | Distance (m) | Angle (deg) | Position (x,y)
[rosout][INFO] 2025-03-21 14:52:40,550: -------------------------------------------------
[rosout][INFO] 2025-03-21 14:52:40,551:  1   |         0 |       0.758 |       78.4 | (0.15, 0.74)
[rosout][INFO] 2025-03-21 14:52:40,552:  2   |        30 |       0.801 |      111.8 | (-0.30, 0.74)
[rosout][INFO] 2025-03-21 14:52:40,552:  3   |        16 |       0.828 |     -111.1 | (-0.30, -0.77)
[rosout][INFO] 2025-03-21 14:52:40,553:  4   |        17 |       0.979 |     -126.9 | (-0.59, -0.78)
[rosout][INFO] 2025-03-21 14:52:40,554:  5   |         6 |       1.041 |        5.2 | (1.04, 0.09)
[rosout][INFO] 2025-03-21 14:52:40,554: -------------------------------------------------
[rosout][INFO] 2025-03-21 14:52:41,048: 
--- 5 Closest Sonar Readings ---
[rosout][INFO] 2025-03-21 14:52:41,049: Rank | Sensor ID | Distance (m) | Angle (deg) | Position (x,y)
[rosout][INFO] 2025-03-21 14:52:41,050: -------------------------------------------------
[rosout][INFO] 2025-03-21 14:52:41,051:  1   |         0 |       0.758 |       78.4 | (0.15, 0.74)
[rosout][INFO] 2025-03-21 14:52:41,051:  2   |        30 |       0.802 |      111.8 | (-0.30, 0.75)
[rosout][INFO] 2025-03-21 14:52:41,052:  3   |        16 |       0.828 |     -111.1 | (-0.30, -0.77)
[rosout][INFO] 2025-03-21 14:52:41,053:  4   |        17 |       0.975 |     -126.9 | (-0.59, -0.78)
[rosout][INFO] 2025-03-21 14:52:41,053:  5   |         3 |       1.050 |       35.4 | (0.86, 0.61)
[rosout][INFO] 2025-03-21 14:52:41,054: -------------------------------------------------
[rosout][INFO] 2025-03-21 14:52:41,548: 
--- 5 Closest Sonar Readings ---
[rosout][INFO] 2025-03-21 14:52:41,549: Rank | Sensor ID | Distance (m) | Angle (deg) | Position (x,y)
[rosout][INFO] 2025-03-21 14:52:41,550: -------------------------------------------------
[rosout][INFO] 2025-03-21 14:52:41,551:  1   |         0 |       0.758 |       78.4 | (0.15, 0.74)
[rosout][INFO] 2025-03-21 14:52:41,552:  2   |        30 |       0.801 |      111.8 | (-0.30, 0.74)
[rosout][INFO] 2025-03-21 14:52:41,552:  3   |        16 |       0.828 |     -111.1 | (-0.30, -0.77)
[rosout][INFO] 2025-03-21 14:52:41,553:  4   |         9 |       0.974 |      -15.6 | (0.94, -0.26)
[rosout][INFO] 2025-03-21 14:52:41,553:  5   |        17 |       0.978 |     -126.9 | (-0.59, -0.78)
[rosout][INFO] 2025-03-21 14:52:41,554: -------------------------------------------------
[rosout][INFO] 2025-03-21 14:52:42,048: 
--- 5 Closest Sonar Readings ---
[rosout][INFO] 2025-03-21 14:52:42,049: Rank | Sensor ID | Distance (m) | Angle (deg) | Position (x,y)
[rosout][INFO] 2025-03-21 14:52:42,050: -------------------------------------------------
[rosout][INFO] 2025-03-21 14:52:42,051:  1   |         0 |       0.758 |       78.4 | (0.15, 0.74)
[rosout][INFO] 2025-03-21 14:52:42,052:  2   |         9 |       0.785 |      -15.7 | (0.76, -0.21)
[rosout][INFO] 2025-03-21 14:52:42,052:  3   |        30 |       0.801 |      111.8 | (-0.30, 0.74)
[rosout][INFO] 2025-03-21 14:52:42,053:  4   |        16 |       0.828 |     -111.1 | (-0.30, -0.77)
[rosout][INFO] 2025-03-21 14:52:42,053:  5   |        17 |       0.975 |     -126.9 | (-0.59, -0.78)
[rosout][INFO] 2025-03-21 14:52:42,054: -------------------------------------------------
[rosout][INFO] 2025-03-21 14:52:42,548: 
--- 5 Closest Sonar Readings ---
[rosout][INFO] 2025-03-21 14:52:42,549: Rank | Sensor ID | Distance (m) | Angle (deg) | Position (x,y)
[rosout][INFO] 2025-03-21 14:52:42,563: -------------------------------------------------
[rosout][INFO] 2025-03-21 14:52:42,564:  1   |        10 |       0.738 |      -25.9 | (0.66, -0.32)
[rosout][INFO] 2025-03-21 14:52:42,564:  2   |         0 |       0.758 |       78.4 | (0.15, 0.74)
[rosout][INFO] 2025-03-21 14:52:42,565:  3   |        30 |       0.801 |      111.8 | (-0.30, 0.74)
[rosout][INFO] 2025-03-21 14:52:42,566:  4   |         9 |       0.802 |      -15.7 | (0.77, -0.22)
[rosout][INFO] 2025-03-21 14:52:42,566:  5   |        16 |       0.828 |     -111.1 | (-0.30, -0.77)
[rosout][INFO] 2025-03-21 14:52:42,567: -------------------------------------------------
[rosout][INFO] 2025-03-21 14:52:43,048: 
--- 5 Closest Sonar Readings ---
[rosout][INFO] 2025-03-21 14:52:43,049: Rank | Sensor ID | Distance (m) | Angle (deg) | Position (x,y)
[rosout][INFO] 2025-03-21 14:52:43,050: -------------------------------------------------
[rosout][INFO] 2025-03-21 14:52:43,051:  1   |        11 |       0.635 |      -35.6 | (0.52, -0.37)
[rosout][INFO] 2025-03-21 14:52:43,051:  2   |        10 |       0.659 |      -26.0 | (0.59, -0.29)
[rosout][INFO] 2025-03-21 14:52:43,052:  3   |        12 |       0.757 |      -44.8 | (0.54, -0.53)
[rosout][INFO] 2025-03-21 14:52:43,053:  4   |         0 |       0.758 |       78.4 | (0.15, 0.74)
[rosout][INFO] 2025-03-21 14:52:43,053:  5   |        30 |       0.801 |      111.8 | (-0.30, 0.74)
[rosout][INFO] 2025-03-21 14:52:43,054: -------------------------------------------------
[rosout][INFO] 2025-03-21 14:52:43,548: 
--- 5 Closest Sonar Readings ---
[rosout][INFO] 2025-03-21 14:52:43,549: Rank | Sensor ID | Distance (m) | Angle (deg) | Position (x,y)
[rosout][INFO] 2025-03-21 14:52:43,550: -------------------------------------------------
[rosout][INFO] 2025-03-21 14:52:43,551:  1   |        12 |       0.652 |      -44.8 | (0.46, -0.46)
[rosout][INFO] 2025-03-21 14:52:43,552:  2   |         0 |       0.758 |       78.4 | (0.15, 0.74)
[rosout][INFO] 2025-03-21 14:52:43,552:  3   |        30 |       0.802 |      111.8 | (-0.30, 0.75)
[rosout][INFO] 2025-03-21 14:52:43,553:  4   |        16 |       0.828 |     -111.1 | (-0.30, -0.77)
[rosout][INFO] 2025-03-21 14:52:43,554:  5   |        17 |       0.975 |     -126.9 | (-0.59, -0.78)
[rosout][INFO] 2025-03-21 14:52:43,555: -------------------------------------------------
[rosout][INFO] 2025-03-21 14:52:44,048: 
--- 5 Closest Sonar Readings ---
[rosout][INFO] 2025-03-21 14:52:44,049: Rank | Sensor ID | Distance (m) | Angle (deg) | Position (x,y)
[rosout][INFO] 2025-03-21 14:52:44,050: -------------------------------------------------
[rosout][INFO] 2025-03-21 14:52:44,051:  1   |         0 |       0.758 |       78.4 | (0.15, 0.74)
[rosout][INFO] 2025-03-21 14:52:44,052:  2   |        13 |       0.794 |      -60.1 | (0.40, -0.69)
[rosout][INFO] 2025-03-21 14:52:44,052:  3   |        30 |       0.802 |      111.8 | (-0.30, 0.75)
[rosout][INFO] 2025-03-21 14:52:44,053:  4   |        16 |       0.828 |     -111.1 | (-0.30, -0.77)
[rosout][INFO] 2025-03-21 14:52:44,053:  5   |        17 |       0.972 |     -127.0 | (-0.58, -0.78)
[rosout][INFO] 2025-03-21 14:52:44,054: -------------------------------------------------
[rosout][INFO] 2025-03-21 14:52:44,548: 
--- 5 Closest Sonar Readings ---
[rosout][INFO] 2025-03-21 14:52:44,549: Rank | Sensor ID | Distance (m) | Angle (deg) | Position (x,y)
[rosout][INFO] 2025-03-21 14:52:44,550: -------------------------------------------------
[rosout][INFO] 2025-03-21 14:52:44,551:  1   |         0 |       0.758 |       78.4 | (0.15, 0.74)
[rosout][INFO] 2025-03-21 14:52:44,552:  2   |        12 |       0.770 |      -44.8 | (0.55, -0.54)
[rosout][INFO] 2025-03-21 14:52:44,553:  3   |        30 |       0.801 |      111.8 | (-0.30, 0.74)
[rosout][INFO] 2025-03-21 14:52:44,553:  4   |        13 |       0.819 |      -60.2 | (0.41, -0.71)
[rosout][INFO] 2025-03-21 14:52:44,553:  5   |        16 |       0.828 |     -111.1 | (-0.30, -0.77)
[rosout][INFO] 2025-03-21 14:52:44,554: -------------------------------------------------
[rosout][INFO] 2025-03-21 14:52:45,048: 
--- 5 Closest Sonar Readings ---
[rosout][INFO] 2025-03-21 14:52:45,049: Rank | Sensor ID | Distance (m) | Angle (deg) | Position (x,y)
[rosout][INFO] 2025-03-21 14:52:45,050: -------------------------------------------------
[rosout][INFO] 2025-03-21 14:52:45,050:  1   |         0 |       0.758 |       78.4 | (0.15, 0.74)
[rosout][INFO] 2025-03-21 14:52:45,051:  2   |        30 |       0.801 |      111.8 | (-0.30, 0.74)
[rosout][INFO] 2025-03-21 14:52:45,052:  3   |        12 |       0.806 |      -44.8 | (0.57, -0.57)
[rosout][INFO] 2025-03-21 14:52:45,053:  4   |        11 |       0.826 |      -35.5 | (0.67, -0.48)
[rosout][INFO] 2025-03-21 14:52:45,054:  5   |        16 |       0.828 |     -111.1 | (-0.30, -0.77)
[rosout][INFO] 2025-03-21 14:52:45,055: -------------------------------------------------
[rosout][INFO] 2025-03-21 14:52:45,548: 
--- 5 Closest Sonar Readings ---
[rosout][INFO] 2025-03-21 14:52:45,549: Rank | Sensor ID | Distance (m) | Angle (deg) | Position (x,y)
[rosout][INFO] 2025-03-21 14:52:45,550: -------------------------------------------------
[rosout][INFO] 2025-03-21 14:52:45,551:  1   |         0 |       0.758 |       78.4 | (0.15, 0.74)
[rosout][INFO] 2025-03-21 14:52:45,552:  2   |        12 |       0.777 |      -44.8 | (0.55, -0.55)
[rosout][INFO] 2025-03-21 14:52:45,552:  3   |        30 |       0.801 |      111.8 | (-0.30, 0.74)
[rosout][INFO] 2025-03-21 14:52:45,553:  4   |        16 |       0.828 |     -111.1 | (-0.30, -0.77)
[rosout][INFO] 2025-03-21 14:52:45,554:  5   |        11 |       0.882 |      -35.4 | (0.72, -0.51)
[rosout][INFO] 2025-03-21 14:52:45,554: -------------------------------------------------
[rosout][INFO] 2025-03-21 14:52:46,048: 
--- 5 Closest Sonar Readings ---
[rosout][INFO] 2025-03-21 14:52:46,049: Rank | Sensor ID | Distance (m) | Angle (deg) | Position (x,y)
[rosout][INFO] 2025-03-21 14:52:46,050: -------------------------------------------------
[rosout][INFO] 2025-03-21 14:52:46,051:  1   |         0 |       0.758 |       78.4 | (0.15, 0.74)
[rosout][INFO] 2025-03-21 14:52:46,051:  2   |        12 |       0.786 |      -44.8 | (0.56, -0.55)
[rosout][INFO] 2025-03-21 14:52:46,052:  3   |        30 |       0.801 |      111.8 | (-0.30, 0.74)
[rosout][INFO] 2025-03-21 14:52:46,053:  4   |        11 |       0.827 |      -35.5 | (0.67, -0.48)
[rosout][INFO] 2025-03-21 14:52:46,054:  5   |        16 |       0.828 |     -111.1 | (-0.30, -0.77)
[rosout][INFO] 2025-03-21 14:52:46,054: -------------------------------------------------
[rosout][INFO] 2025-03-21 14:52:46,548: 
--- 5 Closest Sonar Readings ---
[rosout][INFO] 2025-03-21 14:52:46,549: Rank | Sensor ID | Distance (m) | Angle (deg) | Position (x,y)
[rosout][INFO] 2025-03-21 14:52:46,550: -------------------------------------------------
[rosout][INFO] 2025-03-21 14:52:46,551:  1   |         0 |       0.758 |       78.4 | (0.15, 0.74)
[rosout][INFO] 2025-03-21 14:52:46,552:  2   |        30 |       0.801 |      111.8 | (-0.30, 0.74)
[rosout][INFO] 2025-03-21 14:52:46,553:  3   |        11 |       0.823 |      -35.5 | (0.67, -0.48)
[rosout][INFO] 2025-03-21 14:52:46,553:  4   |        16 |       0.828 |     -111.1 | (-0.30, -0.77)
[rosout][INFO] 2025-03-21 14:52:46,554:  5   |        17 |       0.976 |     -126.9 | (-0.59, -0.78)
[rosout][INFO] 2025-03-21 14:52:46,554: -------------------------------------------------
[rosout][INFO] 2025-03-21 14:52:47,048: 
--- 5 Closest Sonar Readings ---
[rosout][INFO] 2025-03-21 14:52:47,049: Rank | Sensor ID | Distance (m) | Angle (deg) | Position (x,y)
[rosout][INFO] 2025-03-21 14:52:47,050: -------------------------------------------------
[rosout][INFO] 2025-03-21 14:52:47,051:  1   |         0 |       0.758 |       78.4 | (0.15, 0.74)
[rosout][INFO] 2025-03-21 14:52:47,052:  2   |        12 |       0.795 |      -44.8 | (0.56, -0.56)
[rosout][INFO] 2025-03-21 14:52:47,052:  3   |        30 |       0.801 |      111.8 | (-0.30, 0.74)
[rosout][INFO] 2025-03-21 14:52:47,053:  4   |        11 |       0.826 |      -35.5 | (0.67, -0.48)
[rosout][INFO] 2025-03-21 14:52:47,054:  5   |        16 |       0.828 |     -111.1 | (-0.30, -0.77)
[rosout][INFO] 2025-03-21 14:52:47,055: -------------------------------------------------
[rosout][INFO] 2025-03-21 14:52:47,548: 
--- 5 Closest Sonar Readings ---
[rosout][INFO] 2025-03-21 14:52:47,548: Rank | Sensor ID | Distance (m) | Angle (deg) | Position (x,y)
[rosout][INFO] 2025-03-21 14:52:47,562: -------------------------------------------------
[rosout][INFO] 2025-03-21 14:52:47,562:  1   |         0 |       0.758 |       78.4 | (0.15, 0.74)
[rosout][INFO] 2025-03-21 14:52:47,563:  2   |        12 |       0.787 |      -44.8 | (0.56, -0.55)
[rosout][INFO] 2025-03-21 14:52:47,563:  3   |        30 |       0.801 |      111.8 | (-0.30, 0.74)
[rosout][INFO] 2025-03-21 14:52:47,564:  4   |        11 |       0.825 |      -35.5 | (0.67, -0.48)
[rosout][INFO] 2025-03-21 14:52:47,564:  5   |        16 |       0.828 |     -111.1 | (-0.30, -0.77)
[rosout][INFO] 2025-03-21 14:52:47,564: -------------------------------------------------
[rosout][INFO] 2025-03-21 14:52:48,048: 
--- 5 Closest Sonar Readings ---
[rosout][INFO] 2025-03-21 14:52:48,049: Rank | Sensor ID | Distance (m) | Angle (deg) | Position (x,y)
[rosout][INFO] 2025-03-21 14:52:48,050: -------------------------------------------------
[rosout][INFO] 2025-03-21 14:52:48,051:  1   |         0 |       0.757 |       78.4 | (0.15, 0.74)
[rosout][INFO] 2025-03-21 14:52:48,051:  2   |        12 |       0.786 |      -44.8 | (0.56, -0.55)
[rosout][INFO] 2025-03-21 14:52:48,052:  3   |        30 |       0.801 |      111.8 | (-0.30, 0.74)
[rosout][INFO] 2025-03-21 14:52:48,053:  4   |        11 |       0.822 |      -35.5 | (0.67, -0.48)
[rosout][INFO] 2025-03-21 14:52:48,054:  5   |        16 |       0.828 |     -111.1 | (-0.30, -0.77)
[rosout][INFO] 2025-03-21 14:52:48,054: -------------------------------------------------
[rosout][INFO] 2025-03-21 14:52:48,548: 
--- 5 Closest Sonar Readings ---
[rosout][INFO] 2025-03-21 14:52:48,549: Rank | Sensor ID | Distance (m) | Angle (deg) | Position (x,y)
[rosout][INFO] 2025-03-21 14:52:48,550: -------------------------------------------------
[rosout][INFO] 2025-03-21 14:52:48,551:  1   |         0 |       0.758 |       78.4 | (0.15, 0.74)
[rosout][INFO] 2025-03-21 14:52:48,552:  2   |        12 |       0.790 |      -44.8 | (0.56, -0.56)
[rosout][INFO] 2025-03-21 14:52:48,552:  3   |        30 |       0.801 |      111.8 | (-0.30, 0.74)
[rosout][INFO] 2025-03-21 14:52:48,552:  4   |        11 |       0.822 |      -35.5 | (0.67, -0.48)
[rosout][INFO] 2025-03-21 14:52:48,553:  5   |        16 |       0.828 |     -111.1 | (-0.30, -0.77)
[rosout][INFO] 2025-03-21 14:52:48,553: -------------------------------------------------
[rosout][INFO] 2025-03-21 14:52:49,048: 
--- 5 Closest Sonar Readings ---
[rosout][INFO] 2025-03-21 14:52:49,049: Rank | Sensor ID | Distance (m) | Angle (deg) | Position (x,y)
[rosout][INFO] 2025-03-21 14:52:49,050: -------------------------------------------------
[rosout][INFO] 2025-03-21 14:52:49,051:  1   |         0 |       0.758 |       78.4 | (0.15, 0.74)
[rosout][INFO] 2025-03-21 14:52:49,052:  2   |        12 |       0.793 |      -44.8 | (0.56, -0.56)
[rosout][INFO] 2025-03-21 14:52:49,053:  3   |        30 |       0.802 |      111.8 | (-0.30, 0.75)
[rosout][INFO] 2025-03-21 14:52:49,054:  4   |        11 |       0.823 |      -35.5 | (0.67, -0.48)
[rosout][INFO] 2025-03-21 14:52:49,055:  5   |        16 |       0.828 |     -111.1 | (-0.30, -0.77)
[rosout][INFO] 2025-03-21 14:52:49,056: -------------------------------------------------
[rosout][INFO] 2025-03-21 14:52:49,548: 
--- 5 Closest Sonar Readings ---
[rosout][INFO] 2025-03-21 14:52:49,549: Rank | Sensor ID | Distance (m) | Angle (deg) | Position (x,y)
[rosout][INFO] 2025-03-21 14:52:49,550: -------------------------------------------------
[rosout][INFO] 2025-03-21 14:52:49,550:  1   |         0 |       0.758 |       78.4 | (0.15, 0.74)
[rosout][INFO] 2025-03-21 14:52:49,551:  2   |        12 |       0.793 |      -44.8 | (0.56, -0.56)
[rosout][INFO] 2025-03-21 14:52:49,552:  3   |        30 |       0.801 |      111.8 | (-0.30, 0.74)
[rosout][INFO] 2025-03-21 14:52:49,553:  4   |        11 |       0.825 |      -35.5 | (0.67, -0.48)
[rosout][INFO] 2025-03-21 14:52:49,553:  5   |        16 |       0.828 |     -111.1 | (-0.30, -0.77)
[rosout][INFO] 2025-03-21 14:52:49,553: -------------------------------------------------
[rosout][INFO] 2025-03-21 14:52:50,048: 
--- 5 Closest Sonar Readings ---
[rosout][INFO] 2025-03-21 14:52:50,049: Rank | Sensor ID | Distance (m) | Angle (deg) | Position (x,y)
[rosout][INFO] 2025-03-21 14:52:50,050: -------------------------------------------------
[rosout][INFO] 2025-03-21 14:52:50,051:  1   |         0 |       0.758 |       78.4 | (0.15, 0.74)
[rosout][INFO] 2025-03-21 14:52:50,052:  2   |        12 |       0.790 |      -44.8 | (0.56, -0.56)
[rosout][INFO] 2025-03-21 14:52:50,052:  3   |        30 |       0.801 |      111.8 | (-0.30, 0.74)
[rosout][INFO] 2025-03-21 14:52:50,053:  4   |        16 |       0.828 |     -111.1 | (-0.30, -0.77)
[rosout][INFO] 2025-03-21 14:52:50,053:  5   |        11 |       0.832 |      -35.5 | (0.68, -0.48)
[rosout][INFO] 2025-03-21 14:52:50,054: -------------------------------------------------
[rosout][INFO] 2025-03-21 14:52:50,548: 
--- 5 Closest Sonar Readings ---
[rosout][INFO] 2025-03-21 14:52:50,549: Rank | Sensor ID | Distance (m) | Angle (deg) | Position (x,y)
[rosout][INFO] 2025-03-21 14:52:50,550: -------------------------------------------------
[rosout][INFO] 2025-03-21 14:52:50,551:  1   |         0 |       0.758 |       78.4 | (0.15, 0.74)
[rosout][INFO] 2025-03-21 14:52:50,552:  2   |        12 |       0.786 |      -44.8 | (0.56, -0.55)
[rosout][INFO] 2025-03-21 14:52:50,552:  3   |        30 |       0.802 |      111.8 | (-0.30, 0.75)
[rosout][INFO] 2025-03-21 14:52:50,553:  4   |        16 |       0.828 |     -111.1 | (-0.30, -0.77)
[rosout][INFO] 2025-03-21 14:52:50,553:  5   |        10 |       0.841 |      -25.8 | (0.76, -0.37)
[rosout][INFO] 2025-03-21 14:52:50,554: -------------------------------------------------
[rosout][INFO] 2025-03-21 14:52:51,048: 
--- 5 Closest Sonar Readings ---
[rosout][INFO] 2025-03-21 14:52:51,049: Rank | Sensor ID | Distance (m) | Angle (deg) | Position (x,y)
[rosout][INFO] 2025-03-21 14:52:51,050: -------------------------------------------------
[rosout][INFO] 2025-03-21 14:52:51,051:  1   |         0 |       0.758 |       78.4 | (0.15, 0.74)
[rosout][INFO] 2025-03-21 14:52:51,052:  2   |        12 |       0.786 |      -44.8 | (0.56, -0.55)
[rosout][INFO] 2025-03-21 14:52:51,052:  3   |        30 |       0.801 |      111.8 | (-0.30, 0.74)
[rosout][INFO] 2025-03-21 14:52:51,053:  4   |        16 |       0.828 |     -111.1 | (-0.30, -0.77)
[rosout][INFO] 2025-03-21 14:52:51,053:  5   |        11 |       0.837 |      -35.5 | (0.68, -0.49)
[rosout][INFO] 2025-03-21 14:52:51,054: -------------------------------------------------
[rosout][INFO] 2025-03-21 14:52:51,548: 
--- 5 Closest Sonar Readings ---
[rosout][INFO] 2025-03-21 14:52:51,549: Rank | Sensor ID | Distance (m) | Angle (deg) | Position (x,y)
[rosout][INFO] 2025-03-21 14:52:51,550: -------------------------------------------------
[rosout][INFO] 2025-03-21 14:52:51,551:  1   |         0 |       0.757 |       78.4 | (0.15, 0.74)
[rosout][INFO] 2025-03-21 14:52:51,551:  2   |        12 |       0.785 |      -44.8 | (0.56, -0.55)
[rosout][INFO] 2025-03-21 14:52:51,552:  3   |        30 |       0.801 |      111.8 | (-0.30, 0.74)
[rosout][INFO] 2025-03-21 14:52:51,553:  4   |        16 |       0.828 |     -111.1 | (-0.30, -0.77)
[rosout][INFO] 2025-03-21 14:52:51,553:  5   |        10 |       0.837 |      -25.8 | (0.75, -0.36)
[rosout][INFO] 2025-03-21 14:52:51,554: -------------------------------------------------
[rosout][INFO] 2025-03-21 14:52:52,048: 
--- 5 Closest Sonar Readings ---
[rosout][INFO] 2025-03-21 14:52:52,049: Rank | Sensor ID | Distance (m) | Angle (deg) | Position (x,y)
[rosout][INFO] 2025-03-21 14:52:52,050: -------------------------------------------------
[rosout][INFO] 2025-03-21 14:52:52,051:  1   |         0 |       0.758 |       78.4 | (0.15, 0.74)
[rosout][INFO] 2025-03-21 14:52:52,052:  2   |        12 |       0.784 |      -44.8 | (0.56, -0.55)
[rosout][INFO] 2025-03-21 14:52:52,052:  3   |        30 |       0.801 |      111.8 | (-0.30, 0.74)
[rosout][INFO] 2025-03-21 14:52:52,053:  4   |        16 |       0.828 |     -111.1 | (-0.30, -0.77)
[rosout][INFO] 2025-03-21 14:52:52,053:  5   |        11 |       0.833 |      -35.5 | (0.68, -0.48)
[rosout][INFO] 2025-03-21 14:52:52,054: -------------------------------------------------
[rosout][INFO] 2025-03-21 14:52:52,548: 
--- 5 Closest Sonar Readings ---
[rosout][INFO] 2025-03-21 14:52:52,549: Rank | Sensor ID | Distance (m) | Angle (deg) | Position (x,y)
[rosout][INFO] 2025-03-21 14:52:52,563: -------------------------------------------------
[rosout][INFO] 2025-03-21 14:52:52,564:  1   |         0 |       0.758 |       78.4 | (0.15, 0.74)
[rosout][INFO] 2025-03-21 14:52:52,565:  2   |        12 |       0.785 |      -44.8 | (0.56, -0.55)
[rosout][INFO] 2025-03-21 14:52:52,565:  3   |        30 |       0.801 |      111.8 | (-0.30, 0.74)
[rosout][INFO] 2025-03-21 14:52:52,566:  4   |        16 |       0.828 |     -111.1 | (-0.30, -0.77)
[rosout][INFO] 2025-03-21 14:52:52,567:  5   |        11 |       0.837 |      -35.5 | (0.68, -0.49)
[rosout][INFO] 2025-03-21 14:52:52,568: -------------------------------------------------
[rosout][INFO] 2025-03-21 14:52:53,048: 
--- 5 Closest Sonar Readings ---
[rosout][INFO] 2025-03-21 14:52:53,049: Rank | Sensor ID | Distance (m) | Angle (deg) | Position (x,y)
[rosout][INFO] 2025-03-21 14:52:53,050: -------------------------------------------------
[rosout][INFO] 2025-03-21 14:52:53,051:  1   |         0 |       0.757 |       78.4 | (0.15, 0.74)
[rosout][INFO] 2025-03-21 14:52:53,052:  2   |        12 |       0.787 |      -44.8 | (0.56, -0.55)
[rosout][INFO] 2025-03-21 14:52:53,052:  3   |        30 |       0.801 |      111.8 | (-0.30, 0.74)
[rosout][INFO] 2025-03-21 14:52:53,053:  4   |        16 |       0.828 |     -111.1 | (-0.30, -0.77)
[rosout][INFO] 2025-03-21 14:52:53,053:  5   |        11 |       0.834 |      -35.5 | (0.68, -0.48)
[rosout][INFO] 2025-03-21 14:52:53,054: -------------------------------------------------
[rosout][INFO] 2025-03-21 14:52:53,548: 
--- 5 Closest Sonar Readings ---
[rosout][INFO] 2025-03-21 14:52:53,549: Rank | Sensor ID | Distance (m) | Angle (deg) | Position (x,y)
[rosout][INFO] 2025-03-21 14:52:53,550: -------------------------------------------------
[rosout][INFO] 2025-03-21 14:52:53,551:  1   |         0 |       0.758 |       78.4 | (0.15, 0.74)
[rosout][INFO] 2025-03-21 14:52:53,552:  2   |        12 |       0.787 |      -44.8 | (0.56, -0.55)
[rosout][INFO] 2025-03-21 14:52:53,552:  3   |        30 |       0.801 |      111.8 | (-0.30, 0.74)
[rosout][INFO] 2025-03-21 14:52:53,553:  4   |        16 |       0.828 |     -111.1 | (-0.30, -0.77)
[rosout][INFO] 2025-03-21 14:52:53,553:  5   |        11 |       0.838 |      -35.5 | (0.68, -0.49)
[rosout][INFO] 2025-03-21 14:52:53,554: -------------------------------------------------
[rosout][INFO] 2025-03-21 14:52:54,048: 
--- 5 Closest Sonar Readings ---
[rosout][INFO] 2025-03-21 14:52:54,049: Rank | Sensor ID | Distance (m) | Angle (deg) | Position (x,y)
[rosout][INFO] 2025-03-21 14:52:54,050: -------------------------------------------------
[rosout][INFO] 2025-03-21 14:52:54,051:  1   |         0 |       0.757 |       78.4 | (0.15, 0.74)
[rosout][INFO] 2025-03-21 14:52:54,052:  2   |        12 |       0.783 |      -44.8 | (0.55, -0.55)
[rosout][INFO] 2025-03-21 14:52:54,052:  3   |        30 |       0.801 |      111.8 | (-0.30, 0.74)
[rosout][INFO] 2025-03-21 14:52:54,053:  4   |        16 |       0.828 |     -111.1 | (-0.30, -0.77)
[rosout][INFO] 2025-03-21 14:52:54,053:  5   |        10 |       0.842 |      -25.8 | (0.76, -0.37)
[rosout][INFO] 2025-03-21 14:52:54,054: -------------------------------------------------
[rosout][INFO] 2025-03-21 14:52:54,548: 
--- 5 Closest Sonar Readings ---
[rosout][INFO] 2025-03-21 14:52:54,549: Rank | Sensor ID | Distance (m) | Angle (deg) | Position (x,y)
[rosout][INFO] 2025-03-21 14:52:54,550: -------------------------------------------------
[rosout][INFO] 2025-03-21 14:52:54,551:  1   |         0 |       0.758 |       78.4 | (0.15, 0.74)
[rosout][INFO] 2025-03-21 14:52:54,552:  2   |        12 |       0.779 |      -44.8 | (0.55, -0.55)
[rosout][INFO] 2025-03-21 14:52:54,552:  3   |        30 |       0.801 |      111.8 | (-0.30, 0.74)
[rosout][INFO] 2025-03-21 14:52:54,553:  4   |        16 |       0.828 |     -111.1 | (-0.30, -0.77)
[rosout][INFO] 2025-03-21 14:52:54,553:  5   |        10 |       0.840 |      -25.8 | (0.76, -0.37)
[rosout][INFO] 2025-03-21 14:52:54,554: -------------------------------------------------
[rosout][INFO] 2025-03-21 14:52:55,048: 
--- 5 Closest Sonar Readings ---
[rosout][INFO] 2025-03-21 14:52:55,049: Rank | Sensor ID | Distance (m) | Angle (deg) | Position (x,y)
[rosout][INFO] 2025-03-21 14:52:55,050: -------------------------------------------------
[rosout][INFO] 2025-03-21 14:52:55,051:  1   |         0 |       0.757 |       78.4 | (0.15, 0.74)
[rosout][INFO] 2025-03-21 14:52:55,051:  2   |        12 |       0.777 |      -44.8 | (0.55, -0.55)
[rosout][INFO] 2025-03-21 14:52:55,052:  3   |        30 |       0.801 |      111.8 | (-0.30, 0.74)
[rosout][INFO] 2025-03-21 14:52:55,053:  4   |        16 |       0.828 |     -111.1 | (-0.30, -0.77)
[rosout][INFO] 2025-03-21 14:52:55,053:  5   |        10 |       0.835 |      -25.8 | (0.75, -0.36)
[rosout][INFO] 2025-03-21 14:52:55,054: -------------------------------------------------
[rosout][INFO] 2025-03-21 14:52:55,548: 
--- 5 Closest Sonar Readings ---
[rosout][INFO] 2025-03-21 14:52:55,549: Rank | Sensor ID | Distance (m) | Angle (deg) | Position (x,y)
[rosout][INFO] 2025-03-21 14:52:55,550: -------------------------------------------------
[rosout][INFO] 2025-03-21 14:52:55,551:  1   |         0 |       0.758 |       78.4 | (0.15, 0.74)
[rosout][INFO] 2025-03-21 14:52:55,552:  2   |        22 |       0.769 |     -175.7 | (-0.77, -0.06)
[rosout][INFO] 2025-03-21 14:52:55,553:  3   |        12 |       0.777 |      -44.8 | (0.55, -0.55)
[rosout][INFO] 2025-03-21 14:52:55,553:  4   |        30 |       0.801 |      111.8 | (-0.30, 0.74)
[rosout][INFO] 2025-03-21 14:52:55,553:  5   |        16 |       0.828 |     -111.1 | (-0.30, -0.77)
[rosout][INFO] 2025-03-21 14:52:55,554: -------------------------------------------------
[rosout][INFO] 2025-03-21 14:52:56,048: 
--- 5 Closest Sonar Readings ---
[rosout][INFO] 2025-03-21 14:52:56,049: Rank | Sensor ID | Distance (m) | Angle (deg) | Position (x,y)
[rosout][INFO] 2025-03-21 14:52:56,050: -------------------------------------------------
[rosout][INFO] 2025-03-21 14:52:56,051:  1   |         0 |       0.758 |       78.4 | (0.15, 0.74)
[rosout][INFO] 2025-03-21 14:52:56,052:  2   |        12 |       0.775 |      -44.8 | (0.55, -0.55)
[rosout][INFO] 2025-03-21 14:52:56,052:  3   |        30 |       0.801 |      111.8 | (-0.30, 0.74)
[rosout][INFO] 2025-03-21 14:52:56,053:  4   |        11 |       0.823 |      -35.5 | (0.67, -0.48)
[rosout][INFO] 2025-03-21 14:52:56,054:  5   |        16 |       0.828 |     -111.1 | (-0.30, -0.77)
[rosout][INFO] 2025-03-21 14:52:56,055: -------------------------------------------------
[rosout][INFO] 2025-03-21 14:52:56,548: 
--- 5 Closest Sonar Readings ---
[rosout][INFO] 2025-03-21 14:52:56,549: Rank | Sensor ID | Distance (m) | Angle (deg) | Position (x,y)
[rosout][INFO] 2025-03-21 14:52:56,550: -------------------------------------------------
[rosout][INFO] 2025-03-21 14:52:56,551:  1   |         0 |       0.757 |       78.4 | (0.15, 0.74)
[rosout][INFO] 2025-03-21 14:52:56,552:  2   |        12 |       0.778 |      -44.8 | (0.55, -0.55)
[rosout][INFO] 2025-03-21 14:52:56,553:  3   |        30 |       0.801 |      111.8 | (-0.30, 0.74)
[rosout][INFO] 2025-03-21 14:52:56,553:  4   |        11 |       0.820 |      -35.5 | (0.67, -0.48)
[rosout][INFO] 2025-03-21 14:52:56,554:  5   |        16 |       0.828 |     -111.1 | (-0.30, -0.77)
[rosout][INFO] 2025-03-21 14:52:56,554: -------------------------------------------------
[rosout][INFO] 2025-03-21 14:52:57,048: 
--- 5 Closest Sonar Readings ---
[rosout][INFO] 2025-03-21 14:52:57,049: Rank | Sensor ID | Distance (m) | Angle (deg) | Position (x,y)
[rosout][INFO] 2025-03-21 14:52:57,050: -------------------------------------------------
[rosout][INFO] 2025-03-21 14:52:57,051:  1   |         0 |       0.757 |       78.4 | (0.15, 0.74)
[rosout][INFO] 2025-03-21 14:52:57,052:  2   |        12 |       0.775 |      -44.8 | (0.55, -0.55)
[rosout][INFO] 2025-03-21 14:52:57,052:  3   |        30 |       0.801 |      111.9 | (-0.30, 0.74)
[rosout][INFO] 2025-03-21 14:52:57,053:  4   |        10 |       0.824 |      -25.8 | (0.74, -0.36)
[rosout][INFO] 2025-03-21 14:52:57,054:  5   |        11 |       0.824 |      -35.5 | (0.67, -0.48)
[rosout][INFO] 2025-03-21 14:52:57,055: -------------------------------------------------
[rosout][INFO] 2025-03-21 14:52:57,548: 
--- 5 Closest Sonar Readings ---
[rosout][INFO] 2025-03-21 14:52:57,549: Rank | Sensor ID | Distance (m) | Angle (deg) | Position (x,y)
[rosout][INFO] 2025-03-21 14:52:57,563: -------------------------------------------------
[rosout][INFO] 2025-03-21 14:52:57,564:  1   |         0 |       0.757 |       78.4 | (0.15, 0.74)
[rosout][INFO] 2025-03-21 14:52:57,565:  2   |        12 |       0.775 |      -44.8 | (0.55, -0.55)
[rosout][INFO] 2025-03-21 14:52:57,565:  3   |        30 |       0.801 |      111.8 | (-0.30, 0.74)
[rosout][INFO] 2025-03-21 14:52:57,566:  4   |        11 |       0.824 |      -35.5 | (0.67, -0.48)
[rosout][INFO] 2025-03-21 14:52:57,567:  5   |        10 |       0.825 |      -25.8 | (0.74, -0.36)
[rosout][INFO] 2025-03-21 14:52:57,568: -------------------------------------------------
[rosout][INFO] 2025-03-21 14:52:58,048: 
--- 5 Closest Sonar Readings ---
[rosout][INFO] 2025-03-21 14:52:58,049: Rank | Sensor ID | Distance (m) | Angle (deg) | Position (x,y)
[rosout][INFO] 2025-03-21 14:52:58,050: -------------------------------------------------
[rosout][INFO] 2025-03-21 14:52:58,050:  1   |         0 |       0.757 |       78.4 | (0.15, 0.74)
[rosout][INFO] 2025-03-21 14:52:58,051:  2   |        12 |       0.778 |      -44.8 | (0.55, -0.55)
[rosout][INFO] 2025-03-21 14:52:58,052:  3   |        30 |       0.801 |      111.8 | (-0.30, 0.74)
[rosout][INFO] 2025-03-21 14:52:58,053:  4   |        11 |       0.826 |      -35.5 | (0.67, -0.48)
[rosout][INFO] 2025-03-21 14:52:58,053:  5   |        10 |       0.827 |      -25.8 | (0.74, -0.36)
[rosout][INFO] 2025-03-21 14:52:58,053: -------------------------------------------------
[rosout][INFO] 2025-03-21 14:52:58,548: 
--- 5 Closest Sonar Readings ---
[rosout][INFO] 2025-03-21 14:52:58,549: Rank | Sensor ID | Distance (m) | Angle (deg) | Position (x,y)
[rosout][INFO] 2025-03-21 14:52:58,550: -------------------------------------------------
[rosout][INFO] 2025-03-21 14:52:58,551:  1   |         0 |       0.758 |       78.4 | (0.15, 0.74)
[rosout][INFO] 2025-03-21 14:52:58,551:  2   |        12 |       0.781 |      -44.8 | (0.55, -0.55)
[rosout][INFO] 2025-03-21 14:52:58,552:  3   |        30 |       0.801 |      111.8 | (-0.30, 0.74)
[rosout][INFO] 2025-03-21 14:52:58,553:  4   |        16 |       0.828 |     -111.1 | (-0.30, -0.77)
[rosout][INFO] 2025-03-21 14:52:58,553:  5   |        11 |       0.829 |      -35.5 | (0.68, -0.48)
[rosout][INFO] 2025-03-21 14:52:58,554: -------------------------------------------------
[rosout][INFO] 2025-03-21 14:52:59,048: 
--- 5 Closest Sonar Readings ---
[rosout][INFO] 2025-03-21 14:52:59,049: Rank | Sensor ID | Distance (m) | Angle (deg) | Position (x,y)
[rosout][INFO] 2025-03-21 14:52:59,050: -------------------------------------------------
[rosout][INFO] 2025-03-21 14:52:59,051:  1   |         0 |       0.758 |       78.4 | (0.15, 0.74)
[rosout][INFO] 2025-03-21 14:52:59,051:  2   |        12 |       0.782 |      -44.8 | (0.55, -0.55)
[rosout][INFO] 2025-03-21 14:52:59,052:  3   |        30 |       0.801 |      111.8 | (-0.30, 0.74)
[rosout][INFO] 2025-03-21 14:52:59,053:  4   |        16 |       0.828 |     -111.1 | (-0.30, -0.77)
[rosout][INFO] 2025-03-21 14:52:59,053:  5   |        11 |       0.830 |      -35.5 | (0.68, -0.48)
[rosout][INFO] 2025-03-21 14:52:59,054: -------------------------------------------------
[rosout][INFO] 2025-03-21 14:52:59,548: 
--- 5 Closest Sonar Readings ---
[rosout][INFO] 2025-03-21 14:52:59,549: Rank | Sensor ID | Distance (m) | Angle (deg) | Position (x,y)
[rosout][INFO] 2025-03-21 14:52:59,550: -------------------------------------------------
[rosout][INFO] 2025-03-21 14:52:59,551:  1   |         0 |       0.758 |       78.4 | (0.15, 0.74)
[rosout][INFO] 2025-03-21 14:52:59,552:  2   |        12 |       0.785 |      -44.8 | (0.56, -0.55)
[rosout][INFO] 2025-03-21 14:52:59,552:  3   |        30 |       0.801 |      111.8 | (-0.30, 0.74)
[rosout][INFO] 2025-03-21 14:52:59,553:  4   |        16 |       0.828 |     -111.1 | (-0.30, -0.77)
[rosout][INFO] 2025-03-21 14:52:59,553:  5   |        11 |       0.830 |      -35.5 | (0.68, -0.48)
[rosout][INFO] 2025-03-21 14:52:59,554: -------------------------------------------------
[rosout][INFO] 2025-03-21 14:53:00,048: 
--- 5 Closest Sonar Readings ---
[rosout][INFO] 2025-03-21 14:53:00,049: Rank | Sensor ID | Distance (m) | Angle (deg) | Position (x,y)
[rosout][INFO] 2025-03-21 14:53:00,050: -------------------------------------------------
[rosout][INFO] 2025-03-21 14:53:00,051:  1   |         0 |       0.758 |       78.4 | (0.15, 0.74)
[rosout][INFO] 2025-03-21 14:53:00,051:  2   |        12 |       0.784 |      -44.8 | (0.56, -0.55)
[rosout][INFO] 2025-03-21 14:53:00,052:  3   |        30 |       0.801 |      111.8 | (-0.30, 0.74)
[rosout][INFO] 2025-03-21 14:53:00,053:  4   |        16 |       0.828 |     -111.1 | (-0.30, -0.77)
[rosout][INFO] 2025-03-21 14:53:00,053:  5   |        11 |       0.830 |      -35.5 | (0.68, -0.48)
[rosout][INFO] 2025-03-21 14:53:00,053: -------------------------------------------------
[rosout][INFO] 2025-03-21 14:53:00,548: 
--- 5 Closest Sonar Readings ---
[rosout][INFO] 2025-03-21 14:53:00,549: Rank | Sensor ID | Distance (m) | Angle (deg) | Position (x,y)
[rosout][INFO] 2025-03-21 14:53:00,550: -------------------------------------------------
[rosout][INFO] 2025-03-21 14:53:00,551:  1   |         0 |       0.758 |       78.4 | (0.15, 0.74)
[rosout][INFO] 2025-03-21 14:53:00,552:  2   |        12 |       0.784 |      -44.8 | (0.56, -0.55)
[rosout][INFO] 2025-03-21 14:53:00,552:  3   |        30 |       0.801 |      111.8 | (-0.30, 0.74)
[rosout][INFO] 2025-03-21 14:53:00,553:  4   |        16 |       0.828 |     -111.1 | (-0.30, -0.77)
[rosout][INFO] 2025-03-21 14:53:00,553:  5   |        11 |       0.830 |      -35.5 | (0.68, -0.48)
[rosout][INFO] 2025-03-21 14:53:00,554: -------------------------------------------------
[rosout][INFO] 2025-03-21 14:53:01,048: 
--- 5 Closest Sonar Readings ---
[rosout][INFO] 2025-03-21 14:53:01,049: Rank | Sensor ID | Distance (m) | Angle (deg) | Position (x,y)
[rosout][INFO] 2025-03-21 14:53:01,050: -------------------------------------------------
[rosout][INFO] 2025-03-21 14:53:01,051:  1   |         0 |       0.758 |       78.4 | (0.15, 0.74)
[rosout][INFO] 2025-03-21 14:53:01,051:  2   |        12 |       0.783 |      -44.8 | (0.55, -0.55)
[rosout][INFO] 2025-03-21 14:53:01,052:  3   |        30 |       0.801 |      111.9 | (-0.30, 0.74)
[rosout][INFO] 2025-03-21 14:53:01,053:  4   |        16 |       0.828 |     -111.1 | (-0.30, -0.77)
[rosout][INFO] 2025-03-21 14:53:01,053:  5   |        11 |       0.835 |      -35.5 | (0.68, -0.48)
[rosout][INFO] 2025-03-21 14:53:01,054: -------------------------------------------------
[rosout][INFO] 2025-03-21 14:53:01,548: 
--- 5 Closest Sonar Readings ---
[rosout][INFO] 2025-03-21 14:53:01,549: Rank | Sensor ID | Distance (m) | Angle (deg) | Position (x,y)
[rosout][INFO] 2025-03-21 14:53:01,550: -------------------------------------------------
[rosout][INFO] 2025-03-21 14:53:01,551:  1   |         0 |       0.758 |       78.4 | (0.15, 0.74)
[rosout][INFO] 2025-03-21 14:53:01,552:  2   |        30 |       0.801 |      111.8 | (-0.30, 0.74)
[rosout][INFO] 2025-03-21 14:53:01,552:  3   |        16 |       0.828 |     -111.1 | (-0.30, -0.77)
[rosout][INFO] 2025-03-21 14:53:01,553:  4   |        12 |       0.835 |      -44.9 | (0.59, -0.59)
[rosout][INFO] 2025-03-21 14:53:01,553:  5   |        11 |       0.894 |      -35.4 | (0.73, -0.52)
[rosout][INFO] 2025-03-21 14:53:01,554: -------------------------------------------------
[rosout][INFO] 2025-03-21 14:53:02,048: 
--- 5 Closest Sonar Readings ---
[rosout][INFO] 2025-03-21 14:53:02,049: Rank | Sensor ID | Distance (m) | Angle (deg) | Position (x,y)
[rosout][INFO] 2025-03-21 14:53:02,050: -------------------------------------------------
[rosout][INFO] 2025-03-21 14:53:02,050:  1   |         0 |       0.757 |       78.4 | (0.15, 0.74)
[rosout][INFO] 2025-03-21 14:53:02,051:  2   |        30 |       0.801 |      111.8 | (-0.30, 0.74)
[rosout][INFO] 2025-03-21 14:53:02,052:  3   |        16 |       0.828 |     -111.1 | (-0.30, -0.77)
[rosout][INFO] 2025-03-21 14:53:02,052:  4   |        11 |       0.864 |      -35.4 | (0.70, -0.50)
[rosout][INFO] 2025-03-21 14:53:02,053:  5   |         9 |       0.961 |      -15.6 | (0.93, -0.26)
[rosout][INFO] 2025-03-21 14:53:02,054: -------------------------------------------------
[rosout][INFO] 2025-03-21 14:53:02,548: 
--- 5 Closest Sonar Readings ---
[rosout][INFO] 2025-03-21 14:53:02,549: Rank | Sensor ID | Distance (m) | Angle (deg) | Position (x,y)
[rosout][INFO] 2025-03-21 14:53:02,563: -------------------------------------------------
[rosout][INFO] 2025-03-21 14:53:02,564:  1   |         0 |       0.758 |       78.4 | (0.15, 0.74)
[rosout][INFO] 2025-03-21 14:53:02,565:  2   |        30 |       0.801 |      111.8 | (-0.30, 0.74)
[rosout][INFO] 2025-03-21 14:53:02,566:  3   |        16 |       0.828 |     -111.1 | (-0.30, -0.77)
[rosout][INFO] 2025-03-21 14:53:02,567:  4   |        17 |       0.975 |     -126.9 | (-0.59, -0.78)
[rosout][INFO] 2025-03-21 14:53:02,567:  5   |         3 |       1.053 |       35.4 | (0.86, 0.61)
[rosout][INFO] 2025-03-21 14:53:02,568: -------------------------------------------------
[rosout][INFO] 2025-03-21 14:53:03,048: 
--- 5 Closest Sonar Readings ---
[rosout][INFO] 2025-03-21 14:53:03,049: Rank | Sensor ID | Distance (m) | Angle (deg) | Position (x,y)
[rosout][INFO] 2025-03-21 14:53:03,050: -------------------------------------------------
[rosout][INFO] 2025-03-21 14:53:03,051:  1   |         0 |       0.758 |       78.4 | (0.15, 0.74)
[rosout][INFO] 2025-03-21 14:53:03,051:  2   |        30 |       0.801 |      111.8 | (-0.30, 0.74)
[rosout][INFO] 2025-03-21 14:53:03,052:  3   |         6 |       0.809 |        5.3 | (0.81, 0.07)
[rosout][INFO] 2025-03-21 14:53:03,053:  4   |        16 |       0.828 |     -111.1 | (-0.30, -0.77)
[rosout][INFO] 2025-03-21 14:53:03,053:  5   |        17 |       0.975 |     -126.9 | (-0.59, -0.78)
[rosout][INFO] 2025-03-21 14:53:03,053: -------------------------------------------------
[rosout][INFO] 2025-03-21 14:53:03,548: 
--- 5 Closest Sonar Readings ---
[rosout][INFO] 2025-03-21 14:53:03,549: Rank | Sensor ID | Distance (m) | Angle (deg) | Position (x,y)
[rosout][INFO] 2025-03-21 14:53:03,550: -------------------------------------------------
[rosout][INFO] 2025-03-21 14:53:03,550:  1   |         0 |       0.757 |       78.4 | (0.15, 0.74)
[rosout][INFO] 2025-03-21 14:53:03,551:  2   |        30 |       0.801 |      111.8 | (-0.30, 0.74)
[rosout][INFO] 2025-03-21 14:53:03,552:  3   |        16 |       0.828 |     -111.1 | (-0.30, -0.77)
[rosout][INFO] 2025-03-21 14:53:03,553:  4   |         6 |       0.903 |        5.3 | (0.90, 0.08)
[rosout][INFO] 2025-03-21 14:53:03,553:  5   |        17 |       0.975 |     -126.9 | (-0.59, -0.78)
[rosout][INFO] 2025-03-21 14:53:03,554: -------------------------------------------------
[rosout][INFO] 2025-03-21 14:53:04,048: 
--- 5 Closest Sonar Readings ---
[rosout][INFO] 2025-03-21 14:53:04,049: Rank | Sensor ID | Distance (m) | Angle (deg) | Position (x,y)
[rosout][INFO] 2025-03-21 14:53:04,050: -------------------------------------------------
[rosout][INFO] 2025-03-21 14:53:04,051:  1   |         0 |       0.757 |       78.4 | (0.15, 0.74)
[rosout][INFO] 2025-03-21 14:53:04,052:  2   |        30 |       0.801 |      111.8 | (-0.30, 0.74)
[rosout][INFO] 2025-03-21 14:53:04,052:  3   |        16 |       0.828 |     -111.1 | (-0.30, -0.77)
[rosout][INFO] 2025-03-21 14:53:04,053:  4   |         6 |       0.933 |        5.2 | (0.93, 0.09)
[rosout][INFO] 2025-03-21 14:53:04,053:  5   |        17 |       0.975 |     -126.9 | (-0.59, -0.78)
[rosout][INFO] 2025-03-21 14:53:04,054: -------------------------------------------------
[rosout][INFO] 2025-03-21 14:53:04,548: 
--- 5 Closest Sonar Readings ---
[rosout][INFO] 2025-03-21 14:53:04,549: Rank | Sensor ID | Distance (m) | Angle (deg) | Position (x,y)
[rosout][INFO] 2025-03-21 14:53:04,550: -------------------------------------------------
[rosout][INFO] 2025-03-21 14:53:04,551:  1   |         0 |       0.757 |       78.4 | (0.15, 0.74)
[rosout][INFO] 2025-03-21 14:53:04,552:  2   |        30 |       0.801 |      111.8 | (-0.30, 0.74)
[rosout][INFO] 2025-03-21 14:53:04,552:  3   |        16 |       0.828 |     -111.1 | (-0.30, -0.77)
[rosout][INFO] 2025-03-21 14:53:04,553:  4   |         6 |       0.947 |        5.2 | (0.94, 0.09)
[rosout][INFO] 2025-03-21 14:53:04,553:  5   |        17 |       0.978 |     -126.9 | (-0.59, -0.78)
[rosout][INFO] 2025-03-21 14:53:04,554: -------------------------------------------------
[rosout][INFO] 2025-03-21 14:53:05,048: 
--- 5 Closest Sonar Readings ---
[rosout][INFO] 2025-03-21 14:53:05,049: Rank | Sensor ID | Distance (m) | Angle (deg) | Position (x,y)
[rosout][INFO] 2025-03-21 14:53:05,050: -------------------------------------------------
[rosout][INFO] 2025-03-21 14:53:05,051:  1   |         0 |       0.758 |       78.4 | (0.15, 0.74)
[rosout][INFO] 2025-03-21 14:53:05,051:  2   |        30 |       0.802 |      111.8 | (-0.30, 0.75)
[rosout][INFO] 2025-03-21 14:53:05,052:  3   |        16 |       0.828 |     -111.1 | (-0.30, -0.77)
[rosout][INFO] 2025-03-21 14:53:05,053:  4   |         6 |       0.917 |        5.2 | (0.91, 0.08)
[rosout][INFO] 2025-03-21 14:53:05,054:  5   |        17 |       0.975 |     -126.9 | (-0.59, -0.78)
[rosout][INFO] 2025-03-21 14:53:05,054: -------------------------------------------------
[rosout][INFO] 2025-03-21 14:53:05,548: 
--- 5 Closest Sonar Readings ---
[rosout][INFO] 2025-03-21 14:53:05,549: Rank | Sensor ID | Distance (m) | Angle (deg) | Position (x,y)
[rosout][INFO] 2025-03-21 14:53:05,550: -------------------------------------------------
[rosout][INFO] 2025-03-21 14:53:05,551:  1   |         0 |       0.758 |       78.4 | (0.15, 0.74)
[rosout][INFO] 2025-03-21 14:53:05,552:  2   |        30 |       0.801 |      111.8 | (-0.30, 0.74)
[rosout][INFO] 2025-03-21 14:53:05,552:  3   |        16 |       0.828 |     -111.1 | (-0.30, -0.77)
[rosout][INFO] 2025-03-21 14:53:05,553:  4   |         6 |       0.917 |        5.2 | (0.91, 0.08)
[rosout][INFO] 2025-03-21 14:53:05,553:  5   |        17 |       0.975 |     -126.9 | (-0.59, -0.78)
[rosout][INFO] 2025-03-21 14:53:05,554: -------------------------------------------------
[rosout][INFO] 2025-03-21 14:53:06,048: 
--- 5 Closest Sonar Readings ---
[rosout][INFO] 2025-03-21 14:53:06,048: Rank | Sensor ID | Distance (m) | Angle (deg) | Position (x,y)
[rosout][INFO] 2025-03-21 14:53:06,048: -------------------------------------------------
[rosout][INFO] 2025-03-21 14:53:06,049:  1   |         0 |       0.757 |       78.4 | (0.15, 0.74)
[rosout][INFO] 2025-03-21 14:53:06,049:  2   |        30 |       0.801 |      111.8 | (-0.30, 0.74)
[rosout][INFO] 2025-03-21 14:53:06,049:  3   |        16 |       0.828 |     -111.1 | (-0.30, -0.77)
[rosout][INFO] 2025-03-21 14:53:06,049:  4   |         6 |       0.927 |        5.2 | (0.92, 0.08)
[rosout][INFO] 2025-03-21 14:53:06,050:  5   |        17 |       0.978 |     -126.9 | (-0.59, -0.78)
[rosout][INFO] 2025-03-21 14:53:06,050: -------------------------------------------------
[rosout][INFO] 2025-03-21 14:53:06,548: 
--- 5 Closest Sonar Readings ---
[rosout][INFO] 2025-03-21 14:53:06,549: Rank | Sensor ID | Distance (m) | Angle (deg) | Position (x,y)
[rosout][INFO] 2025-03-21 14:53:06,550: -------------------------------------------------
[rosout][INFO] 2025-03-21 14:53:06,551:  1   |         0 |       0.757 |       78.4 | (0.15, 0.74)
[rosout][INFO] 2025-03-21 14:53:06,552:  2   |        30 |       0.801 |      111.8 | (-0.30, 0.74)
[rosout][INFO] 2025-03-21 14:53:06,552:  3   |        16 |       0.828 |     -111.1 | (-0.30, -0.77)
[rosout][INFO] 2025-03-21 14:53:06,553:  4   |         6 |       0.927 |        5.2 | (0.92, 0.08)
[rosout][INFO] 2025-03-21 14:53:06,553:  5   |        17 |       0.975 |     -126.9 | (-0.59, -0.78)
[rosout][INFO] 2025-03-21 14:53:06,554: -------------------------------------------------
[rosout][INFO] 2025-03-21 14:53:07,048: 
--- 5 Closest Sonar Readings ---
[rosout][INFO] 2025-03-21 14:53:07,049: Rank | Sensor ID | Distance (m) | Angle (deg) | Position (x,y)
[rosout][INFO] 2025-03-21 14:53:07,050: -------------------------------------------------
[rosout][INFO] 2025-03-21 14:53:07,051:  1   |         0 |       0.757 |       78.4 | (0.15, 0.74)
[rosout][INFO] 2025-03-21 14:53:07,052:  2   |        30 |       0.801 |      111.8 | (-0.30, 0.74)
[rosout][INFO] 2025-03-21 14:53:07,052:  3   |        16 |       0.828 |     -111.1 | (-0.30, -0.77)
[rosout][INFO] 2025-03-21 14:53:07,053:  4   |         6 |       0.922 |        5.2 | (0.92, 0.08)
[rosout][INFO] 2025-03-21 14:53:07,053:  5   |        17 |       0.975 |     -126.9 | (-0.59, -0.78)
[rosout][INFO] 2025-03-21 14:53:07,054: -------------------------------------------------
[rosout][INFO] 2025-03-21 14:53:07,548: 
--- 5 Closest Sonar Readings ---
[rosout][INFO] 2025-03-21 14:53:07,549: Rank | Sensor ID | Distance (m) | Angle (deg) | Position (x,y)
[rosout][INFO] 2025-03-21 14:53:07,563: -------------------------------------------------
[rosout][INFO] 2025-03-21 14:53:07,564:  1   |         0 |       0.758 |       78.4 | (0.15, 0.74)
[rosout][INFO] 2025-03-21 14:53:07,565:  2   |        30 |       0.801 |      111.8 | (-0.30, 0.74)
[rosout][INFO] 2025-03-21 14:53:07,566:  3   |        16 |       0.828 |     -111.1 | (-0.30, -0.77)
[rosout][INFO] 2025-03-21 14:53:07,567:  4   |         6 |       0.911 |        5.2 | (0.91, 0.08)
[rosout][INFO] 2025-03-21 14:53:07,568:  5   |        17 |       0.975 |     -126.9 | (-0.59, -0.78)
[rosout][INFO] 2025-03-21 14:53:07,568: -------------------------------------------------
[rosout][INFO] 2025-03-21 14:53:08,048: 
--- 5 Closest Sonar Readings ---
[rosout][INFO] 2025-03-21 14:53:08,049: Rank | Sensor ID | Distance (m) | Angle (deg) | Position (x,y)
[rosout][INFO] 2025-03-21 14:53:08,050: -------------------------------------------------
[rosout][INFO] 2025-03-21 14:53:08,051:  1   |         0 |       0.758 |       78.4 | (0.15, 0.74)
[rosout][INFO] 2025-03-21 14:53:08,052:  2   |        30 |       0.801 |      111.8 | (-0.30, 0.74)
[rosout][INFO] 2025-03-21 14:53:08,053:  3   |        16 |       0.828 |     -111.1 | (-0.30, -0.77)
[rosout][INFO] 2025-03-21 14:53:08,054:  4   |         6 |       0.885 |        5.3 | (0.88, 0.08)
[rosout][INFO] 2025-03-21 14:53:08,055:  5   |        17 |       0.975 |     -126.9 | (-0.59, -0.78)
[rosout][INFO] 2025-03-21 14:53:08,056: -------------------------------------------------
[rosout][INFO] 2025-03-21 14:53:08,548: 
--- 5 Closest Sonar Readings ---
[rosout][INFO] 2025-03-21 14:53:08,549: Rank | Sensor ID | Distance (m) | Angle (deg) | Position (x,y)
[rosout][INFO] 2025-03-21 14:53:08,550: -------------------------------------------------
[rosout][INFO] 2025-03-21 14:53:08,551:  1   |         0 |       0.758 |       78.4 | (0.15, 0.74)
[rosout][INFO] 2025-03-21 14:53:08,552:  2   |        30 |       0.801 |      111.8 | (-0.30, 0.74)
[rosout][INFO] 2025-03-21 14:53:08,552:  3   |        16 |       0.828 |     -111.1 | (-0.30, -0.77)
[rosout][INFO] 2025-03-21 14:53:08,553:  4   |         5 |       0.863 |       15.7 | (0.83, 0.23)
[rosout][INFO] 2025-03-21 14:53:08,553:  5   |         6 |       0.880 |        5.3 | (0.88, 0.08)
[rosout][INFO] 2025-03-21 14:53:08,554: -------------------------------------------------
[rosout][INFO] 2025-03-21 14:53:09,048: 
--- 5 Closest Sonar Readings ---
[rosout][INFO] 2025-03-21 14:53:09,049: Rank | Sensor ID | Distance (m) | Angle (deg) | Position (x,y)
[rosout][INFO] 2025-03-21 14:53:09,050: -------------------------------------------------
[rosout][INFO] 2025-03-21 14:53:09,051:  1   |         0 |       0.758 |       78.4 | (0.15, 0.74)
[rosout][INFO] 2025-03-21 14:53:09,052:  2   |        30 |       0.801 |      111.8 | (-0.30, 0.74)
[rosout][INFO] 2025-03-21 14:53:09,053:  3   |        16 |       0.828 |     -111.1 | (-0.30, -0.77)
[rosout][INFO] 2025-03-21 14:53:09,054:  4   |         5 |       0.861 |       15.7 | (0.83, 0.23)
[rosout][INFO] 2025-03-21 14:53:09,054:  5   |        17 |       0.975 |     -126.9 | (-0.59, -0.78)
[rosout][INFO] 2025-03-21 14:53:09,055: -------------------------------------------------
[rosout][INFO] 2025-03-21 14:53:09,548: 
--- 5 Closest Sonar Readings ---
[rosout][INFO] 2025-03-21 14:53:09,549: Rank | Sensor ID | Distance (m) | Angle (deg) | Position (x,y)
[rosout][INFO] 2025-03-21 14:53:09,550: -------------------------------------------------
[rosout][INFO] 2025-03-21 14:53:09,551:  1   |         0 |       0.758 |       78.4 | (0.15, 0.74)
[rosout][INFO] 2025-03-21 14:53:09,551:  2   |        30 |       0.801 |      111.8 | (-0.30, 0.74)
[rosout][INFO] 2025-03-21 14:53:09,552:  3   |        16 |       0.828 |     -111.1 | (-0.30, -0.77)
[rosout][INFO] 2025-03-21 14:53:09,553:  4   |         5 |       0.890 |       15.6 | (0.86, 0.24)
[rosout][INFO] 2025-03-21 14:53:09,553:  5   |        17 |       0.975 |     -126.9 | (-0.59, -0.78)
[rosout][INFO] 2025-03-21 14:53:09,553: -------------------------------------------------
[rosout][INFO] 2025-03-21 14:53:10,048: 
--- 5 Closest Sonar Readings ---
[rosout][INFO] 2025-03-21 14:53:10,049: Rank | Sensor ID | Distance (m) | Angle (deg) | Position (x,y)
[rosout][INFO] 2025-03-21 14:53:10,050: -------------------------------------------------
[rosout][INFO] 2025-03-21 14:53:10,051:  1   |         0 |       0.758 |       78.4 | (0.15, 0.74)
[rosout][INFO] 2025-03-21 14:53:10,052:  2   |        30 |       0.801 |      111.8 | (-0.30, 0.74)
[rosout][INFO] 2025-03-21 14:53:10,052:  3   |        16 |       0.828 |     -111.1 | (-0.30, -0.77)
[rosout][INFO] 2025-03-21 14:53:10,053:  4   |         5 |       0.867 |       15.7 | (0.83, 0.23)
[rosout][INFO] 2025-03-21 14:53:10,054:  5   |        17 |       0.975 |     -126.9 | (-0.59, -0.78)
[rosout][INFO] 2025-03-21 14:53:10,055: -------------------------------------------------
[rosout][INFO] 2025-03-21 14:53:10,548: 
--- 5 Closest Sonar Readings ---
[rosout][INFO] 2025-03-21 14:53:10,549: Rank | Sensor ID | Distance (m) | Angle (deg) | Position (x,y)
[rosout][INFO] 2025-03-21 14:53:10,550: -------------------------------------------------
[rosout][INFO] 2025-03-21 14:53:10,551:  1   |         0 |       0.758 |       78.4 | (0.15, 0.74)
[rosout][INFO] 2025-03-21 14:53:10,552:  2   |        30 |       0.801 |      111.8 | (-0.30, 0.74)
[rosout][INFO] 2025-03-21 14:53:10,553:  3   |        16 |       0.828 |     -111.1 | (-0.30, -0.77)
[rosout][INFO] 2025-03-21 14:53:10,553:  4   |         5 |       0.884 |       15.6 | (0.85, 0.24)
[rosout][INFO] 2025-03-21 14:53:10,553:  5   |        17 |       0.975 |     -126.9 | (-0.59, -0.78)
[rosout][INFO] 2025-03-21 14:53:10,554: -------------------------------------------------
[rosout][INFO] 2025-03-21 14:53:11,048: 
--- 5 Closest Sonar Readings ---
[rosout][INFO] 2025-03-21 14:53:11,049: Rank | Sensor ID | Distance (m) | Angle (deg) | Position (x,y)
[rosout][INFO] 2025-03-21 14:53:11,050: -------------------------------------------------
[rosout][INFO] 2025-03-21 14:53:11,051:  1   |         0 |       0.758 |       78.4 | (0.15, 0.74)
[rosout][INFO] 2025-03-21 14:53:11,052:  2   |        30 |       0.801 |      111.8 | (-0.30, 0.74)
[rosout][INFO] 2025-03-21 14:53:11,053:  3   |        16 |       0.828 |     -111.1 | (-0.30, -0.77)
[rosout][INFO] 2025-03-21 14:53:11,053:  4   |         5 |       0.881 |       15.6 | (0.85, 0.24)
[rosout][INFO] 2025-03-21 14:53:11,054:  5   |        17 |       0.975 |     -126.9 | (-0.59, -0.78)
[rosout][INFO] 2025-03-21 14:53:11,055: -------------------------------------------------
[rosout][INFO] 2025-03-21 14:53:11,548: 
--- 5 Closest Sonar Readings ---
[rosout][INFO] 2025-03-21 14:53:11,549: Rank | Sensor ID | Distance (m) | Angle (deg) | Position (x,y)
[rosout][INFO] 2025-03-21 14:53:11,550: -------------------------------------------------
[rosout][INFO] 2025-03-21 14:53:11,551:  1   |         0 |       0.758 |       78.4 | (0.15, 0.74)
[rosout][INFO] 2025-03-21 14:53:11,552:  2   |        30 |       0.801 |      111.8 | (-0.30, 0.74)
[rosout][INFO] 2025-03-21 14:53:11,552:  3   |        16 |       0.828 |     -111.1 | (-0.30, -0.77)
[rosout][INFO] 2025-03-21 14:53:11,553:  4   |         5 |       0.881 |       15.6 | (0.85, 0.24)
[rosout][INFO] 2025-03-21 14:53:11,553:  5   |        17 |       0.972 |     -127.0 | (-0.58, -0.78)
[rosout][INFO] 2025-03-21 14:53:11,554: -------------------------------------------------
[rosout][INFO] 2025-03-21 14:53:12,048: 
--- 5 Closest Sonar Readings ---
[rosout][INFO] 2025-03-21 14:53:12,049: Rank | Sensor ID | Distance (m) | Angle (deg) | Position (x,y)
[rosout][INFO] 2025-03-21 14:53:12,050: -------------------------------------------------
[rosout][INFO] 2025-03-21 14:53:12,051:  1   |         0 |       0.758 |       78.4 | (0.15, 0.74)
[rosout][INFO] 2025-03-21 14:53:12,051:  2   |        30 |       0.801 |      111.8 | (-0.30, 0.74)
[rosout][INFO] 2025-03-21 14:53:12,052:  3   |        16 |       0.828 |     -111.1 | (-0.30, -0.77)
[rosout][INFO] 2025-03-21 14:53:12,053:  4   |         5 |       0.874 |       15.6 | (0.84, 0.24)
[rosout][INFO] 2025-03-21 14:53:12,054:  5   |        17 |       0.978 |     -126.9 | (-0.59, -0.78)
[rosout][INFO] 2025-03-21 14:53:12,054: -------------------------------------------------
[rosout][INFO] 2025-03-21 14:53:12,548: 
--- 5 Closest Sonar Readings ---
[rosout][INFO] 2025-03-21 14:53:12,549: Rank | Sensor ID | Distance (m) | Angle (deg) | Position (x,y)
[rosout][INFO] 2025-03-21 14:53:12,563: -------------------------------------------------
[rosout][INFO] 2025-03-21 14:53:12,564:  1   |         0 |       0.757 |       78.4 | (0.15, 0.74)
[rosout][INFO] 2025-03-21 14:53:12,565:  2   |        30 |       0.801 |      111.8 | (-0.30, 0.74)
[rosout][INFO] 2025-03-21 14:53:12,565:  3   |        16 |       0.828 |     -111.1 | (-0.30, -0.77)
[rosout][INFO] 2025-03-21 14:53:12,566:  4   |         5 |       0.864 |       15.7 | (0.83, 0.23)
[rosout][INFO] 2025-03-21 14:53:12,566:  5   |        17 |       0.975 |     -126.9 | (-0.59, -0.78)
[rosout][INFO] 2025-03-21 14:53:12,566: -------------------------------------------------
[rosout][INFO] 2025-03-21 14:53:13,048: 
--- 5 Closest Sonar Readings ---
[rosout][INFO] 2025-03-21 14:53:13,049: Rank | Sensor ID | Distance (m) | Angle (deg) | Position (x,y)
[rosout][INFO] 2025-03-21 14:53:13,050: -------------------------------------------------
[rosout][INFO] 2025-03-21 14:53:13,051:  1   |         0 |       0.757 |       78.4 | (0.15, 0.74)
[rosout][INFO] 2025-03-21 14:53:13,051:  2   |        30 |       0.801 |      111.8 | (-0.30, 0.74)
[rosout][INFO] 2025-03-21 14:53:13,052:  3   |        16 |       0.828 |     -111.1 | (-0.30, -0.77)
[rosout][INFO] 2025-03-21 14:53:13,053:  4   |         5 |       0.865 |       15.7 | (0.83, 0.23)
[rosout][INFO] 2025-03-21 14:53:13,053:  5   |        17 |       0.975 |     -126.9 | (-0.59, -0.78)
[rosout][INFO] 2025-03-21 14:53:13,054: -------------------------------------------------
[rosout][INFO] 2025-03-21 14:53:13,548: 
--- 5 Closest Sonar Readings ---
[rosout][INFO] 2025-03-21 14:53:13,549: Rank | Sensor ID | Distance (m) | Angle (deg) | Position (x,y)
[rosout][INFO] 2025-03-21 14:53:13,550: -------------------------------------------------
[rosout][INFO] 2025-03-21 14:53:13,551:  1   |         0 |       0.757 |       78.4 | (0.15, 0.74)
[rosout][INFO] 2025-03-21 14:53:13,552:  2   |        30 |       0.801 |      111.8 | (-0.30, 0.74)
[rosout][INFO] 2025-03-21 14:53:13,552:  3   |        16 |       0.828 |     -111.1 | (-0.30, -0.77)
[rosout][INFO] 2025-03-21 14:53:13,553:  4   |         5 |       0.865 |       15.7 | (0.83, 0.23)
[rosout][INFO] 2025-03-21 14:53:13,554:  5   |        17 |       0.975 |     -126.9 | (-0.59, -0.78)
[rosout][INFO] 2025-03-21 14:53:13,554: -------------------------------------------------
[rosout][INFO] 2025-03-21 14:53:14,048: 
--- 5 Closest Sonar Readings ---
[rosout][INFO] 2025-03-21 14:53:14,049: Rank | Sensor ID | Distance (m) | Angle (deg) | Position (x,y)
[rosout][INFO] 2025-03-21 14:53:14,050: -------------------------------------------------
[rosout][INFO] 2025-03-21 14:53:14,051:  1   |         0 |       0.757 |       78.4 | (0.15, 0.74)
[rosout][INFO] 2025-03-21 14:53:14,051:  2   |        30 |       0.801 |      111.8 | (-0.30, 0.74)
[rosout][INFO] 2025-03-21 14:53:14,052:  3   |        16 |       0.828 |     -111.1 | (-0.30, -0.77)
[rosout][INFO] 2025-03-21 14:53:14,053:  4   |         5 |       0.862 |       15.7 | (0.83, 0.23)
[rosout][INFO] 2025-03-21 14:53:14,053:  5   |        17 |       0.975 |     -126.9 | (-0.59, -0.78)
[rosout][INFO] 2025-03-21 14:53:14,054: -------------------------------------------------
[rosout][INFO] 2025-03-21 14:53:14,548: 
--- 5 Closest Sonar Readings ---
[rosout][INFO] 2025-03-21 14:53:14,549: Rank | Sensor ID | Distance (m) | Angle (deg) | Position (x,y)
[rosout][INFO] 2025-03-21 14:53:14,550: -------------------------------------------------
[rosout][INFO] 2025-03-21 14:53:14,551:  1   |         0 |       0.757 |       78.4 | (0.15, 0.74)
[rosout][INFO] 2025-03-21 14:53:14,551:  2   |        30 |       0.801 |      111.8 | (-0.30, 0.74)
[rosout][INFO] 2025-03-21 14:53:14,552:  3   |        16 |       0.828 |     -111.1 | (-0.30, -0.77)
[rosout][INFO] 2025-03-21 14:53:14,553:  4   |         5 |       0.863 |       15.7 | (0.83, 0.23)
[rosout][INFO] 2025-03-21 14:53:14,554:  5   |        17 |       0.975 |     -126.9 | (-0.59, -0.78)
[rosout][INFO] 2025-03-21 14:53:14,554: -------------------------------------------------
[rosout][INFO] 2025-03-21 14:53:15,048: 
--- 5 Closest Sonar Readings ---
[rosout][INFO] 2025-03-21 14:53:15,049: Rank | Sensor ID | Distance (m) | Angle (deg) | Position (x,y)
[rosout][INFO] 2025-03-21 14:53:15,050: -------------------------------------------------
[rosout][INFO] 2025-03-21 14:53:15,051:  1   |         0 |       0.758 |       78.4 | (0.15, 0.74)
[rosout][INFO] 2025-03-21 14:53:15,052:  2   |        30 |       0.801 |      111.8 | (-0.30, 0.74)
[rosout][INFO] 2025-03-21 14:53:15,053:  3   |        16 |       0.828 |     -111.1 | (-0.30, -0.77)
[rosout][INFO] 2025-03-21 14:53:15,053:  4   |         5 |       0.864 |       15.7 | (0.83, 0.23)
[rosout][INFO] 2025-03-21 14:53:15,054:  5   |        17 |       0.975 |     -126.9 | (-0.59, -0.78)
[rosout][INFO] 2025-03-21 14:53:15,055: -------------------------------------------------
[rosout][INFO] 2025-03-21 14:53:15,548: 
--- 5 Closest Sonar Readings ---
[rosout][INFO] 2025-03-21 14:53:15,549: Rank | Sensor ID | Distance (m) | Angle (deg) | Position (x,y)
[rosout][INFO] 2025-03-21 14:53:15,550: -------------------------------------------------
[rosout][INFO] 2025-03-21 14:53:15,551:  1   |         0 |       0.758 |       78.4 | (0.15, 0.74)
[rosout][INFO] 2025-03-21 14:53:15,551:  2   |        30 |       0.802 |      111.8 | (-0.30, 0.75)
[rosout][INFO] 2025-03-21 14:53:15,552:  3   |        16 |       0.828 |     -111.1 | (-0.30, -0.77)
[rosout][INFO] 2025-03-21 14:53:15,553:  4   |         5 |       0.863 |       15.7 | (0.83, 0.23)
[rosout][INFO] 2025-03-21 14:53:15,553:  5   |        17 |       0.975 |     -126.9 | (-0.59, -0.78)
[rosout][INFO] 2025-03-21 14:53:15,553: -------------------------------------------------
[rosout][INFO] 2025-03-21 14:53:16,048: 
--- 5 Closest Sonar Readings ---
[rosout][INFO] 2025-03-21 14:53:16,049: Rank | Sensor ID | Distance (m) | Angle (deg) | Position (x,y)
[rosout][INFO] 2025-03-21 14:53:16,050: -------------------------------------------------
[rosout][INFO] 2025-03-21 14:53:16,051:  1   |         0 |       0.758 |       78.4 | (0.15, 0.74)
[rosout][INFO] 2025-03-21 14:53:16,052:  2   |        30 |       0.804 |      111.7 | (-0.30, 0.75)
[rosout][INFO] 2025-03-21 14:53:16,052:  3   |        16 |       0.828 |     -111.1 | (-0.30, -0.77)
[rosout][INFO] 2025-03-21 14:53:16,053:  4   |         5 |       0.863 |       15.7 | (0.83, 0.23)
[rosout][INFO] 2025-03-21 14:53:16,054:  5   |        17 |       0.975 |     -126.9 | (-0.59, -0.78)
[rosout][INFO] 2025-03-21 14:53:16,055: -------------------------------------------------
[rosout][INFO] 2025-03-21 14:53:16,548: 
--- 5 Closest Sonar Readings ---
[rosout][INFO] 2025-03-21 14:53:16,549: Rank | Sensor ID | Distance (m) | Angle (deg) | Position (x,y)
[rosout][INFO] 2025-03-21 14:53:16,550: -------------------------------------------------
[rosout][INFO] 2025-03-21 14:53:16,551:  1   |         0 |       0.758 |       78.4 | (0.15, 0.74)
[rosout][INFO] 2025-03-21 14:53:16,551:  2   |        30 |       0.801 |      111.8 | (-0.30, 0.74)
[rosout][INFO] 2025-03-21 14:53:16,552:  3   |        16 |       0.828 |     -111.1 | (-0.30, -0.77)
[rosout][INFO] 2025-03-21 14:53:16,553:  4   |         5 |       0.864 |       15.7 | (0.83, 0.23)
[rosout][INFO] 2025-03-21 14:53:16,553:  5   |        17 |       0.975 |     -126.9 | (-0.59, -0.78)
[rosout][INFO] 2025-03-21 14:53:16,554: -------------------------------------------------
[rosout][INFO] 2025-03-21 14:53:17,048: 
--- 5 Closest Sonar Readings ---
[rosout][INFO] 2025-03-21 14:53:17,049: Rank | Sensor ID | Distance (m) | Angle (deg) | Position (x,y)
[rosout][INFO] 2025-03-21 14:53:17,050: -------------------------------------------------
[rosout][INFO] 2025-03-21 14:53:17,051:  1   |         0 |       0.758 |       78.4 | (0.15, 0.74)
[rosout][INFO] 2025-03-21 14:53:17,052:  2   |        30 |       0.801 |      111.8 | (-0.30, 0.74)
[rosout][INFO] 2025-03-21 14:53:17,052:  3   |        16 |       0.828 |     -111.1 | (-0.30, -0.77)
[rosout][INFO] 2025-03-21 14:53:17,053:  4   |         5 |       0.863 |       15.7 | (0.83, 0.23)
[rosout][INFO] 2025-03-21 14:53:17,054:  5   |        17 |       0.975 |     -126.9 | (-0.59, -0.78)
[rosout][INFO] 2025-03-21 14:53:17,055: -------------------------------------------------
[rosout][INFO] 2025-03-21 14:53:17,548: 
--- 5 Closest Sonar Readings ---
[rosout][INFO] 2025-03-21 14:53:17,549: Rank | Sensor ID | Distance (m) | Angle (deg) | Position (x,y)
[rosout][INFO] 2025-03-21 14:53:17,563: -------------------------------------------------
[rosout][INFO] 2025-03-21 14:53:17,564:  1   |         0 |       0.758 |       78.4 | (0.15, 0.74)
[rosout][INFO] 2025-03-21 14:53:17,565:  2   |        30 |       0.801 |      111.8 | (-0.30, 0.74)
[rosout][INFO] 2025-03-21 14:53:17,565:  3   |        16 |       0.828 |     -111.1 | (-0.30, -0.77)
[rosout][INFO] 2025-03-21 14:53:17,566:  4   |         5 |       0.873 |       15.7 | (0.84, 0.24)
[rosout][INFO] 2025-03-21 14:53:17,567:  5   |        17 |       0.975 |     -126.9 | (-0.59, -0.78)
[rosout][INFO] 2025-03-21 14:53:17,568: -------------------------------------------------
[rosout][INFO] 2025-03-21 14:53:18,048: 
--- 5 Closest Sonar Readings ---
[rosout][INFO] 2025-03-21 14:53:18,049: Rank | Sensor ID | Distance (m) | Angle (deg) | Position (x,y)
[rosout][INFO] 2025-03-21 14:53:18,050: -------------------------------------------------
[rosout][INFO] 2025-03-21 14:53:18,051:  1   |         0 |       0.758 |       78.4 | (0.15, 0.74)
[rosout][INFO] 2025-03-21 14:53:18,052:  2   |        30 |       0.801 |      111.8 | (-0.30, 0.74)
[rosout][INFO] 2025-03-21 14:53:18,052:  3   |        16 |       0.828 |     -111.1 | (-0.30, -0.77)
[rosout][INFO] 2025-03-21 14:53:18,053:  4   |         6 |       0.871 |        5.3 | (0.87, 0.08)
[rosout][INFO] 2025-03-21 14:53:18,053:  5   |        17 |       0.975 |     -126.9 | (-0.59, -0.78)
[rosout][INFO] 2025-03-21 14:53:18,054: -------------------------------------------------
[rosout][INFO] 2025-03-21 14:53:18,548: 
--- 5 Closest Sonar Readings ---
[rosout][INFO] 2025-03-21 14:53:18,549: Rank | Sensor ID | Distance (m) | Angle (deg) | Position (x,y)
[rosout][INFO] 2025-03-21 14:53:18,550: -------------------------------------------------
[rosout][INFO] 2025-03-21 14:53:18,551:  1   |         0 |       0.758 |       78.4 | (0.15, 0.74)
[rosout][INFO] 2025-03-21 14:53:18,552:  2   |        30 |       0.801 |      111.8 | (-0.30, 0.74)
[rosout][INFO] 2025-03-21 14:53:18,552:  3   |        16 |       0.828 |     -111.1 | (-0.30, -0.77)
[rosout][INFO] 2025-03-21 14:53:18,553:  4   |        17 |       0.975 |     -126.9 | (-0.59, -0.78)
[rosout][INFO] 2025-03-21 14:53:18,553:  5   |         3 |       1.052 |       35.4 | (0.86, 0.61)
[rosout][INFO] 2025-03-21 14:53:18,554: -------------------------------------------------
[rosout][INFO] 2025-03-21 14:53:19,048: 
--- 5 Closest Sonar Readings ---
[rosout][INFO] 2025-03-21 14:53:19,049: Rank | Sensor ID | Distance (m) | Angle (deg) | Position (x,y)
[rosout][INFO] 2025-03-21 14:53:19,050: -------------------------------------------------
[rosout][INFO] 2025-03-21 14:53:19,051:  1   |         0 |       0.758 |       78.4 | (0.15, 0.74)
[rosout][INFO] 2025-03-21 14:53:19,052:  2   |        30 |       0.801 |      111.8 | (-0.30, 0.74)
[rosout][INFO] 2025-03-21 14:53:19,052:  3   |        16 |       0.828 |     -111.1 | (-0.30, -0.77)
[rosout][INFO] 2025-03-21 14:53:19,053:  4   |         6 |       0.924 |        5.2 | (0.92, 0.08)
[rosout][INFO] 2025-03-21 14:53:19,053:  5   |        17 |       0.975 |     -126.9 | (-0.59, -0.78)
[rosout][INFO] 2025-03-21 14:53:19,054: -------------------------------------------------
[rosout][INFO] 2025-03-21 14:53:19,548: 
--- 5 Closest Sonar Readings ---
[rosout][INFO] 2025-03-21 14:53:19,549: Rank | Sensor ID | Distance (m) | Angle (deg) | Position (x,y)
[rosout][INFO] 2025-03-21 14:53:19,550: -------------------------------------------------
[rosout][INFO] 2025-03-21 14:53:19,550:  1   |         0 |       0.758 |       78.4 | (0.15, 0.74)
[rosout][INFO] 2025-03-21 14:53:19,551:  2   |        30 |       0.801 |      111.8 | (-0.30, 0.74)
[rosout][INFO] 2025-03-21 14:53:19,552:  3   |        16 |       0.828 |     -111.1 | (-0.30, -0.77)
[rosout][INFO] 2025-03-21 14:53:19,553:  4   |         6 |       0.940 |        5.2 | (0.94, 0.09)
[rosout][INFO] 2025-03-21 14:53:19,553:  5   |        17 |       0.975 |     -126.9 | (-0.59, -0.78)
[rosout][INFO] 2025-03-21 14:53:19,553: -------------------------------------------------
[rosout][INFO] 2025-03-21 14:53:20,048: 
--- 5 Closest Sonar Readings ---
[rosout][INFO] 2025-03-21 14:53:20,049: Rank | Sensor ID | Distance (m) | Angle (deg) | Position (x,y)
[rosout][INFO] 2025-03-21 14:53:20,050: -------------------------------------------------
[rosout][INFO] 2025-03-21 14:53:20,051:  1   |         0 |       0.757 |       78.4 | (0.15, 0.74)
[rosout][INFO] 2025-03-21 14:53:20,051:  2   |        30 |       0.801 |      111.8 | (-0.30, 0.74)
[rosout][INFO] 2025-03-21 14:53:20,052:  3   |        16 |       0.828 |     -111.1 | (-0.30, -0.77)
[rosout][INFO] 2025-03-21 14:53:20,053:  4   |         6 |       0.938 |        5.2 | (0.93, 0.09)
[rosout][INFO] 2025-03-21 14:53:20,053:  5   |        17 |       0.976 |     -126.9 | (-0.59, -0.78)
[rosout][INFO] 2025-03-21 14:53:20,054: -------------------------------------------------
[rosout][INFO] 2025-03-21 14:53:20,548: 
--- 5 Closest Sonar Readings ---
[rosout][INFO] 2025-03-21 14:53:20,549: Rank | Sensor ID | Distance (m) | Angle (deg) | Position (x,y)
[rosout][INFO] 2025-03-21 14:53:20,550: -------------------------------------------------
[rosout][INFO] 2025-03-21 14:53:20,551:  1   |         0 |       0.758 |       78.4 | (0.15, 0.74)
[rosout][INFO] 2025-03-21 14:53:20,551:  2   |        30 |       0.801 |      111.8 | (-0.30, 0.74)
[rosout][INFO] 2025-03-21 14:53:20,552:  3   |        16 |       0.828 |     -111.1 | (-0.30, -0.77)
[rosout][INFO] 2025-03-21 14:53:20,553:  4   |         6 |       0.929 |        5.2 | (0.92, 0.08)
[rosout][INFO] 2025-03-21 14:53:20,553:  5   |        17 |       0.975 |     -126.9 | (-0.59, -0.78)
[rosout][INFO] 2025-03-21 14:53:20,554: -------------------------------------------------
[rosout][INFO] 2025-03-21 14:53:21,048: 
--- 5 Closest Sonar Readings ---
[rosout][INFO] 2025-03-21 14:53:21,049: Rank | Sensor ID | Distance (m) | Angle (deg) | Position (x,y)
[rosout][INFO] 2025-03-21 14:53:21,050: -------------------------------------------------
[rosout][INFO] 2025-03-21 14:53:21,050:  1   |         0 |       0.758 |       78.4 | (0.15, 0.74)
[rosout][INFO] 2025-03-21 14:53:21,051:  2   |        30 |       0.801 |      111.8 | (-0.30, 0.74)
[rosout][INFO] 2025-03-21 14:53:21,052:  3   |        16 |       0.828 |     -111.1 | (-0.30, -0.77)
[rosout][INFO] 2025-03-21 14:53:21,052:  4   |         6 |       0.943 |        5.2 | (0.94, 0.09)
[rosout][INFO] 2025-03-21 14:53:21,053:  5   |        17 |       0.975 |     -126.9 | (-0.59, -0.78)
[rosout][INFO] 2025-03-21 14:53:21,054: -------------------------------------------------
[rosout][INFO] 2025-03-21 14:53:21,548: 
--- 5 Closest Sonar Readings ---
[rosout][INFO] 2025-03-21 14:53:21,549: Rank | Sensor ID | Distance (m) | Angle (deg) | Position (x,y)
[rosout][INFO] 2025-03-21 14:53:21,550: -------------------------------------------------
[rosout][INFO] 2025-03-21 14:53:21,551:  1   |         0 |       0.758 |       78.4 | (0.15, 0.74)
[rosout][INFO] 2025-03-21 14:53:21,552:  2   |        22 |       0.769 |     -175.7 | (-0.77, -0.06)
[rosout][INFO] 2025-03-21 14:53:21,552:  3   |        30 |       0.801 |      111.8 | (-0.30, 0.74)
[rosout][INFO] 2025-03-21 14:53:21,553:  4   |        16 |       0.828 |     -111.1 | (-0.30, -0.77)
[rosout][INFO] 2025-03-21 14:53:21,553:  5   |         6 |       0.945 |        5.2 | (0.94, 0.09)
[rosout][INFO] 2025-03-21 14:53:21,554: -------------------------------------------------
[rosout][INFO] 2025-03-21 14:53:22,048: 
--- 5 Closest Sonar Readings ---
[rosout][INFO] 2025-03-21 14:53:22,049: Rank | Sensor ID | Distance (m) | Angle (deg) | Position (x,y)
[rosout][INFO] 2025-03-21 14:53:22,050: -------------------------------------------------
[rosout][INFO] 2025-03-21 14:53:22,051:  1   |         0 |       0.758 |       78.4 | (0.15, 0.74)
[rosout][INFO] 2025-03-21 14:53:22,052:  2   |        30 |       0.801 |      111.9 | (-0.30, 0.74)
[rosout][INFO] 2025-03-21 14:53:22,052:  3   |        16 |       0.828 |     -111.1 | (-0.30, -0.77)
[rosout][INFO] 2025-03-21 14:53:22,053:  4   |         6 |       0.918 |        5.2 | (0.91, 0.08)
[rosout][INFO] 2025-03-21 14:53:22,054:  5   |        17 |       0.975 |     -126.9 | (-0.59, -0.78)
[rosout][INFO] 2025-03-21 14:53:22,055: -------------------------------------------------
[rosout][INFO] 2025-03-21 14:53:22,548: 
--- 5 Closest Sonar Readings ---
[rosout][INFO] 2025-03-21 14:53:22,549: Rank | Sensor ID | Distance (m) | Angle (deg) | Position (x,y)
[rosout][INFO] 2025-03-21 14:53:22,563: -------------------------------------------------
[rosout][INFO] 2025-03-21 14:53:22,564:  1   |         0 |       0.758 |       78.4 | (0.15, 0.74)
[rosout][INFO] 2025-03-21 14:53:22,565:  2   |        22 |       0.769 |     -175.7 | (-0.77, -0.06)
[rosout][INFO] 2025-03-21 14:53:22,566:  3   |        30 |       0.801 |      111.8 | (-0.30, 0.74)
[rosout][INFO] 2025-03-21 14:53:22,567:  4   |        16 |       0.828 |     -111.1 | (-0.30, -0.77)
[rosout][INFO] 2025-03-21 14:53:22,567:  5   |         6 |       0.907 |        5.2 | (0.90, 0.08)
[rosout][INFO] 2025-03-21 14:53:22,568: -------------------------------------------------
[rosout][INFO] 2025-03-21 14:53:23,048: 
--- 5 Closest Sonar Readings ---
[rosout][INFO] 2025-03-21 14:53:23,049: Rank | Sensor ID | Distance (m) | Angle (deg) | Position (x,y)
[rosout][INFO] 2025-03-21 14:53:23,050: -------------------------------------------------
[rosout][INFO] 2025-03-21 14:53:23,051:  1   |         0 |       0.758 |       78.4 | (0.15, 0.74)
[rosout][INFO] 2025-03-21 14:53:23,052:  2   |        30 |       0.801 |      111.8 | (-0.30, 0.74)
[rosout][INFO] 2025-03-21 14:53:23,053:  3   |        16 |       0.828 |     -111.1 | (-0.30, -0.77)
[rosout][INFO] 2025-03-21 14:53:23,054:  4   |        17 |       0.978 |     -126.9 | (-0.59, -0.78)
[rosout][INFO] 2025-03-21 14:53:23,055:  5   |         9 |       0.995 |      -15.6 | (0.96, -0.27)
[rosout][INFO] 2025-03-21 14:53:23,056: -------------------------------------------------
[rosout][INFO] 2025-03-21 14:53:23,548: 
--- 5 Closest Sonar Readings ---
[rosout][INFO] 2025-03-21 14:53:23,549: Rank | Sensor ID | Distance (m) | Angle (deg) | Position (x,y)
[rosout][INFO] 2025-03-21 14:53:23,550: -------------------------------------------------
[rosout][INFO] 2025-03-21 14:53:23,551:  1   |         0 |       0.758 |       78.4 | (0.15, 0.74)
[rosout][INFO] 2025-03-21 14:53:23,551:  2   |        30 |       0.801 |      111.8 | (-0.30, 0.74)
[rosout][INFO] 2025-03-21 14:53:23,552:  3   |        16 |       0.828 |     -111.1 | (-0.30, -0.77)
[rosout][INFO] 2025-03-21 14:53:23,553:  4   |         6 |       0.959 |        5.2 | (0.95, 0.09)
[rosout][INFO] 2025-03-21 14:53:23,553:  5   |        17 |       0.975 |     -126.9 | (-0.59, -0.78)
[rosout][INFO] 2025-03-21 14:53:23,553: -------------------------------------------------
[rosout][INFO] 2025-03-21 14:53:24,048: 
--- 5 Closest Sonar Readings ---
[rosout][INFO] 2025-03-21 14:53:24,049: Rank | Sensor ID | Distance (m) | Angle (deg) | Position (x,y)
[rosout][INFO] 2025-03-21 14:53:24,050: -------------------------------------------------
[rosout][INFO] 2025-03-21 14:53:24,051:  1   |         0 |       0.758 |       78.4 | (0.15, 0.74)
[rosout][INFO] 2025-03-21 14:53:24,052:  2   |        30 |       0.801 |      111.8 | (-0.30, 0.74)
[rosout][INFO] 2025-03-21 14:53:24,052:  3   |        16 |       0.828 |     -111.1 | (-0.30, -0.77)
[rosout][INFO] 2025-03-21 14:53:24,053:  4   |         6 |       0.935 |        5.2 | (0.93, 0.09)
[rosout][INFO] 2025-03-21 14:53:24,053:  5   |        17 |       0.975 |     -126.9 | (-0.59, -0.78)
[rosout][INFO] 2025-03-21 14:53:24,054: -------------------------------------------------
[rosout][INFO] 2025-03-21 14:53:24,548: 
--- 5 Closest Sonar Readings ---
[rosout][INFO] 2025-03-21 14:53:24,549: Rank | Sensor ID | Distance (m) | Angle (deg) | Position (x,y)
[rosout][INFO] 2025-03-21 14:53:24,550: -------------------------------------------------
[rosout][INFO] 2025-03-21 14:53:24,551:  1   |         0 |       0.758 |       78.4 | (0.15, 0.74)
[rosout][INFO] 2025-03-21 14:53:24,552:  2   |        30 |       0.801 |      111.8 | (-0.30, 0.74)
[rosout][INFO] 2025-03-21 14:53:24,552:  3   |        16 |       0.828 |     -111.1 | (-0.30, -0.77)
[rosout][INFO] 2025-03-21 14:53:24,553:  4   |         6 |       0.938 |        5.2 | (0.93, 0.09)
[rosout][INFO] 2025-03-21 14:53:24,554:  5   |        17 |       0.975 |     -126.9 | (-0.59, -0.78)
[rosout][INFO] 2025-03-21 14:53:24,554: -------------------------------------------------
[rosout][INFO] 2025-03-21 14:53:25,048: 
--- 5 Closest Sonar Readings ---
[rosout][INFO] 2025-03-21 14:53:25,049: Rank | Sensor ID | Distance (m) | Angle (deg) | Position (x,y)
[rosout][INFO] 2025-03-21 14:53:25,050: -------------------------------------------------
[rosout][INFO] 2025-03-21 14:53:25,051:  1   |         0 |       0.758 |       78.4 | (0.15, 0.74)
[rosout][INFO] 2025-03-21 14:53:25,051:  2   |        30 |       0.801 |      111.8 | (-0.30, 0.74)
[rosout][INFO] 2025-03-21 14:53:25,052:  3   |        16 |       0.828 |     -111.1 | (-0.30, -0.77)
[rosout][INFO] 2025-03-21 14:53:25,053:  4   |         6 |       0.955 |        5.2 | (0.95, 0.09)
[rosout][INFO] 2025-03-21 14:53:25,053:  5   |        17 |       0.975 |     -126.9 | (-0.59, -0.78)
[rosout][INFO] 2025-03-21 14:53:25,053: -------------------------------------------------
[rosout][INFO] 2025-03-21 14:53:25,548: 
--- 5 Closest Sonar Readings ---
[rosout][INFO] 2025-03-21 14:53:25,549: Rank | Sensor ID | Distance (m) | Angle (deg) | Position (x,y)
[rosout][INFO] 2025-03-21 14:53:25,550: -------------------------------------------------
[rosout][INFO] 2025-03-21 14:53:25,551:  1   |         0 |       0.758 |       78.4 | (0.15, 0.74)
[rosout][INFO] 2025-03-21 14:53:25,552:  2   |        30 |       0.801 |      111.8 | (-0.30, 0.74)
[rosout][INFO] 2025-03-21 14:53:25,552:  3   |        16 |       0.828 |     -111.1 | (-0.30, -0.77)
[rosout][INFO] 2025-03-21 14:53:25,553:  4   |         6 |       0.958 |        5.2 | (0.95, 0.09)
[rosout][INFO] 2025-03-21 14:53:25,553:  5   |        17 |       0.975 |     -126.9 | (-0.59, -0.78)
[rosout][INFO] 2025-03-21 14:53:25,553: -------------------------------------------------
[rosout][INFO] 2025-03-21 14:53:26,048: 
--- 5 Closest Sonar Readings ---
[rosout][INFO] 2025-03-21 14:53:26,049: Rank | Sensor ID | Distance (m) | Angle (deg) | Position (x,y)
[rosout][INFO] 2025-03-21 14:53:26,050: -------------------------------------------------
[rosout][INFO] 2025-03-21 14:53:26,050:  1   |         0 |       0.758 |       78.4 | (0.15, 0.74)
[rosout][INFO] 2025-03-21 14:53:26,051:  2   |        30 |       0.802 |      111.8 | (-0.30, 0.75)
[rosout][INFO] 2025-03-21 14:53:26,052:  3   |        16 |       0.828 |     -111.1 | (-0.30, -0.77)
[rosout][INFO] 2025-03-21 14:53:26,053:  4   |         6 |       0.958 |        5.2 | (0.95, 0.09)
[rosout][INFO] 2025-03-21 14:53:26,053:  5   |        17 |       0.975 |     -126.9 | (-0.59, -0.78)
[rosout][INFO] 2025-03-21 14:53:26,053: -------------------------------------------------
[rosout][INFO] 2025-03-21 14:53:26,548: 
--- 5 Closest Sonar Readings ---
[rosout][INFO] 2025-03-21 14:53:26,549: Rank | Sensor ID | Distance (m) | Angle (deg) | Position (x,y)
[rosout][INFO] 2025-03-21 14:53:26,550: -------------------------------------------------
[rosout][INFO] 2025-03-21 14:53:26,551:  1   |         0 |       0.758 |       78.4 | (0.15, 0.74)
[rosout][INFO] 2025-03-21 14:53:26,551:  2   |        30 |       0.801 |      111.8 | (-0.30, 0.74)
[rosout][INFO] 2025-03-21 14:53:26,552:  3   |        16 |       0.828 |     -111.1 | (-0.30, -0.77)
[rosout][INFO] 2025-03-21 14:53:26,553:  4   |         6 |       0.926 |        5.2 | (0.92, 0.08)
[rosout][INFO] 2025-03-21 14:53:26,553:  5   |        17 |       0.975 |     -126.9 | (-0.59, -0.78)
[rosout][INFO] 2025-03-21 14:53:26,554: -------------------------------------------------
[rosout][INFO] 2025-03-21 14:53:27,048: 
--- 5 Closest Sonar Readings ---
[rosout][INFO] 2025-03-21 14:53:27,049: Rank | Sensor ID | Distance (m) | Angle (deg) | Position (x,y)
[rosout][INFO] 2025-03-21 14:53:27,050: -------------------------------------------------
[rosout][INFO] 2025-03-21 14:53:27,051:  1   |         0 |       0.758 |       78.4 | (0.15, 0.74)
[rosout][INFO] 2025-03-21 14:53:27,051:  2   |        30 |       0.801 |      111.8 | (-0.30, 0.74)
[rosout][INFO] 2025-03-21 14:53:27,052:  3   |        16 |       0.828 |     -111.1 | (-0.30, -0.77)
[rosout][INFO] 2025-03-21 14:53:27,053:  4   |        17 |       0.978 |     -126.9 | (-0.59, -0.78)
[rosout][INFO] 2025-03-21 14:53:27,054:  5   |         3 |       1.052 |       35.4 | (0.86, 0.61)
[rosout][INFO] 2025-03-21 14:53:27,054: -------------------------------------------------
[rospy.core][INFO] 2025-03-21 14:53:27,211: signal_shutdown [signal-2]
[rospy.internal][INFO] 2025-03-21 14:53:27,218: topic[/rosout] removing connection to /rosout
[rospy.internal][INFO] 2025-03-21 14:53:27,219: topic[/RosAria/sonar] removing connection to http://localhost:39253/
[rospy.impl.masterslave][INFO] 2025-03-21 14:53:27,220: signal-2
[rospy.core][INFO] 2025-03-21 14:53:27,328: signal_shutdown [atexit]
