[rospy.client][INFO] 2025-03-21 14:36:36,233: init_node, name[/sonar_distance_monitor_2888_1742542596221], pid[2888]
[xmlrpc][INFO] 2025-03-21 14:36:36,234: XML-RPC server binding to 127.0.0.1:0
[xmlrpc][INFO] 2025-03-21 14:36:36,234: Started XML-RPC server [http://localhost:35851/]
[rospy.init][INFO] 2025-03-21 14:36:36,234: ROS Slave URI: [http://localhost:35851/]
[rospy.impl.masterslave][INFO] 2025-03-21 14:36:36,234: _ready: http://localhost:35851/
[rospy.registration][INFO] 2025-03-21 14:36:36,234: Registering with master node http://localhost:11311
[xmlrpc][INFO] 2025-03-21 14:36:36,234: xml rpc node: starting XML-RPC server
[rospy.init][INFO] 2025-03-21 14:36:36,334: registered with master
[rospy.rosout][INFO] 2025-03-21 14:36:36,334: initializing /rosout core topic
[rospy.rosout][INFO] 2025-03-21 14:36:36,335: connected to core topic /rosout
[rospy.simtime][INFO] 2025-03-21 14:36:36,336: /use_sim_time is not set, will not subscribe to simulated time [/clock] topic
[rosout][INFO] 2025-03-21 14:36:36,339: Sonar distance monitor initialized
[rosout][INFO] 2025-03-21 14:36:36,339: Monitoring for the 5 closest sonar readings
[rosout][INFO] 2025-03-21 14:36:36,340: Sonar distance monitor running. Press Ctrl+C to stop.
[rospy.internal][INFO] 2025-03-21 14:36:36,349: topic[/RosAria/sonar] adding connection to [http://localhost:39253/], count 0
[rospy.internal][INFO] 2025-03-21 14:36:36,540: topic[/rosout] adding connection to [/rosout], count 0
[rosout][INFO] 2025-03-21 14:36:36,855: 
--- 5 Closest Sonar Readings ---
[rosout][INFO] 2025-03-21 14:36:36,856: Rank | Sensor ID | Distance (m) | Angle (deg) | Position (x,y)
[rosout][INFO] 2025-03-21 14:36:36,857: -------------------------------------------------
[rosout][INFO] 2025-03-21 14:36:36,858:  1   |         7 |       0.000 |        0.0 | (0.00, 0.00)
[rosout][INFO] 2025-03-21 14:36:36,859:  2   |        15 |       0.000 |        0.0 | (0.00, 0.00)
[rosout][INFO] 2025-03-21 14:36:36,860:  3   |        23 |       0.000 |        0.0 | (0.00, 0.00)
[rosout][INFO] 2025-03-21 14:36:36,860:  4   |        31 |       0.000 |        0.0 | (0.00, 0.00)
[rosout][INFO] 2025-03-21 14:36:36,861:  5   |        22 |       0.713 |     -175.7 | (-0.71, -0.05)
[rosout][INFO] 2025-03-21 14:36:36,862: -------------------------------------------------
[rosout][WARNING] 2025-03-21 14:36:36,863: WARNING: Object detected at 0.00 meters!
[rosout][INFO] 2025-03-21 14:36:37,341: 
--- 5 Closest Sonar Readings ---
[rosout][INFO] 2025-03-21 14:36:37,342: Rank | Sensor ID | Distance (m) | Angle (deg) | Position (x,y)
[rosout][INFO] 2025-03-21 14:36:37,343: -------------------------------------------------
[rosout][INFO] 2025-03-21 14:36:37,343:  1   |         7 |       0.000 |        0.0 | (0.00, 0.00)
[rosout][INFO] 2025-03-21 14:36:37,344:  2   |        15 |       0.000 |        0.0 | (0.00, 0.00)
[rosout][INFO] 2025-03-21 14:36:37,345:  3   |        23 |       0.000 |        0.0 | (0.00, 0.00)
[rosout][INFO] 2025-03-21 14:36:37,346:  4   |        31 |       0.000 |        0.0 | (0.00, 0.00)
[rosout][INFO] 2025-03-21 14:36:37,346:  5   |        22 |       0.713 |     -175.7 | (-0.71, -0.05)
[rosout][INFO] 2025-03-21 14:36:37,347: -------------------------------------------------
[rosout][WARNING] 2025-03-21 14:36:37,347: WARNING: Object detected at 0.00 meters!
[rosout][INFO] 2025-03-21 14:36:37,841: 
--- 5 Closest Sonar Readings ---
[rosout][INFO] 2025-03-21 14:36:37,842: Rank | Sensor ID | Distance (m) | Angle (deg) | Position (x,y)
[rosout][INFO] 2025-03-21 14:36:37,843: -------------------------------------------------
[rosout][INFO] 2025-03-21 14:36:37,844:  1   |         7 |       0.000 |        0.0 | (0.00, 0.00)
[rosout][INFO] 2025-03-21 14:36:37,845:  2   |        15 |       0.000 |        0.0 | (0.00, 0.00)
[rosout][INFO] 2025-03-21 14:36:37,845:  3   |        23 |       0.000 |        0.0 | (0.00, 0.00)
[rosout][INFO] 2025-03-21 14:36:37,846:  4   |        31 |       0.000 |        0.0 | (0.00, 0.00)
[rosout][INFO] 2025-03-21 14:36:37,846:  5   |        22 |       0.713 |     -175.7 | (-0.71, -0.05)
[rosout][INFO] 2025-03-21 14:36:37,847: -------------------------------------------------
[rosout][WARNING] 2025-03-21 14:36:37,847: WARNING: Object detected at 0.00 meters!
[rosout][INFO] 2025-03-21 14:36:38,341: 
--- 5 Closest Sonar Readings ---
[rosout][INFO] 2025-03-21 14:36:38,342: Rank | Sensor ID | Distance (m) | Angle (deg) | Position (x,y)
[rosout][INFO] 2025-03-21 14:36:38,343: -------------------------------------------------
[rosout][INFO] 2025-03-21 14:36:38,343:  1   |         7 |       0.000 |        0.0 | (0.00, 0.00)
[rosout][INFO] 2025-03-21 14:36:38,344:  2   |        15 |       0.000 |        0.0 | (0.00, 0.00)
[rosout][INFO] 2025-03-21 14:36:38,345:  3   |        23 |       0.000 |        0.0 | (0.00, 0.00)
[rosout][INFO] 2025-03-21 14:36:38,346:  4   |        31 |       0.000 |        0.0 | (0.00, 0.00)
[rosout][INFO] 2025-03-21 14:36:38,346:  5   |        22 |       0.713 |     -175.7 | (-0.71, -0.05)
[rosout][INFO] 2025-03-21 14:36:38,346: -------------------------------------------------
[rosout][WARNING] 2025-03-21 14:36:38,346: WARNING: Object detected at 0.00 meters!
[rosout][INFO] 2025-03-21 14:36:38,841: 
--- 5 Closest Sonar Readings ---
[rosout][INFO] 2025-03-21 14:36:38,842: Rank | Sensor ID | Distance (m) | Angle (deg) | Position (x,y)
[rosout][INFO] 2025-03-21 14:36:38,856: -------------------------------------------------
[rosout][INFO] 2025-03-21 14:36:38,857:  1   |         7 |       0.000 |        0.0 | (0.00, 0.00)
[rosout][INFO] 2025-03-21 14:36:38,858:  2   |        15 |       0.000 |        0.0 | (0.00, 0.00)
[rosout][INFO] 2025-03-21 14:36:38,859:  3   |        23 |       0.000 |        0.0 | (0.00, 0.00)
[rosout][INFO] 2025-03-21 14:36:38,860:  4   |        31 |       0.000 |        0.0 | (0.00, 0.00)
[rosout][INFO] 2025-03-21 14:36:38,860:  5   |        22 |       0.713 |     -175.7 | (-0.71, -0.05)
[rosout][INFO] 2025-03-21 14:36:38,861: -------------------------------------------------
[rosout][WARNING] 2025-03-21 14:36:38,862: WARNING: Object detected at 0.00 meters!
[rosout][INFO] 2025-03-21 14:36:39,341: 
--- 5 Closest Sonar Readings ---
[rosout][INFO] 2025-03-21 14:36:39,342: Rank | Sensor ID | Distance (m) | Angle (deg) | Position (x,y)
[rosout][INFO] 2025-03-21 14:36:39,343: -------------------------------------------------
[rosout][INFO] 2025-03-21 14:36:39,343:  1   |         7 |       0.000 |        0.0 | (0.00, 0.00)
[rosout][INFO] 2025-03-21 14:36:39,344:  2   |        15 |       0.000 |        0.0 | (0.00, 0.00)
[rosout][INFO] 2025-03-21 14:36:39,345:  3   |        23 |       0.000 |        0.0 | (0.00, 0.00)
[rosout][INFO] 2025-03-21 14:36:39,346:  4   |        31 |       0.000 |        0.0 | (0.00, 0.00)
[rosout][INFO] 2025-03-21 14:36:39,346:  5   |        22 |       0.713 |     -175.7 | (-0.71, -0.05)
[rosout][INFO] 2025-03-21 14:36:39,347: -------------------------------------------------
[rosout][WARNING] 2025-03-21 14:36:39,348: WARNING: Object detected at 0.00 meters!
[rosout][INFO] 2025-03-21 14:36:39,841: 
--- 5 Closest Sonar Readings ---
[rosout][INFO] 2025-03-21 14:36:39,842: Rank | Sensor ID | Distance (m) | Angle (deg) | Position (x,y)
[rosout][INFO] 2025-03-21 14:36:39,843: -------------------------------------------------
[rosout][INFO] 2025-03-21 14:36:39,843:  1   |         7 |       0.000 |        0.0 | (0.00, 0.00)
[rosout][INFO] 2025-03-21 14:36:39,844:  2   |        15 |       0.000 |        0.0 | (0.00, 0.00)
[rosout][INFO] 2025-03-21 14:36:39,845:  3   |        23 |       0.000 |        0.0 | (0.00, 0.00)
[rosout][INFO] 2025-03-21 14:36:39,846:  4   |        31 |       0.000 |        0.0 | (0.00, 0.00)
[rosout][INFO] 2025-03-21 14:36:39,846:  5   |        22 |       0.713 |     -175.7 | (-0.71, -0.05)
[rosout][INFO] 2025-03-21 14:36:39,847: -------------------------------------------------
[rosout][WARNING] 2025-03-21 14:36:39,848: WARNING: Object detected at 0.00 meters!
[rosout][INFO] 2025-03-21 14:36:40,341: 
--- 5 Closest Sonar Readings ---
[rosout][INFO] 2025-03-21 14:36:40,342: Rank | Sensor ID | Distance (m) | Angle (deg) | Position (x,y)
[rosout][INFO] 2025-03-21 14:36:40,343: -------------------------------------------------
[rosout][INFO] 2025-03-21 14:36:40,344:  1   |         7 |       0.000 |        0.0 | (0.00, 0.00)
[rosout][INFO] 2025-03-21 14:36:40,344:  2   |        15 |       0.000 |        0.0 | (0.00, 0.00)
[rosout][INFO] 2025-03-21 14:36:40,345:  3   |        23 |       0.000 |        0.0 | (0.00, 0.00)
[rosout][INFO] 2025-03-21 14:36:40,346:  4   |        31 |       0.000 |        0.0 | (0.00, 0.00)
[rosout][INFO] 2025-03-21 14:36:40,346:  5   |        22 |       0.713 |     -175.7 | (-0.71, -0.05)
[rosout][INFO] 2025-03-21 14:36:40,346: -------------------------------------------------
[rosout][WARNING] 2025-03-21 14:36:40,346: WARNING: Object detected at 0.00 meters!
[rosout][INFO] 2025-03-21 14:36:40,841: 
--- 5 Closest Sonar Readings ---
[rosout][INFO] 2025-03-21 14:36:40,842: Rank | Sensor ID | Distance (m) | Angle (deg) | Position (x,y)
[rosout][INFO] 2025-03-21 14:36:40,843: -------------------------------------------------
[rosout][INFO] 2025-03-21 14:36:40,844:  1   |         7 |       0.000 |        0.0 | (0.00, 0.00)
[rosout][INFO] 2025-03-21 14:36:40,845:  2   |        15 |       0.000 |        0.0 | (0.00, 0.00)
[rosout][INFO] 2025-03-21 14:36:40,845:  3   |        23 |       0.000 |        0.0 | (0.00, 0.00)
[rosout][INFO] 2025-03-21 14:36:40,846:  4   |        31 |       0.000 |        0.0 | (0.00, 0.00)
[rosout][INFO] 2025-03-21 14:36:40,846:  5   |        22 |       0.713 |     -175.7 | (-0.71, -0.05)
[rosout][INFO] 2025-03-21 14:36:40,846: -------------------------------------------------
[rosout][WARNING] 2025-03-21 14:36:40,846: WARNING: Object detected at 0.00 meters!
[rosout][INFO] 2025-03-21 14:36:41,341: 
--- 5 Closest Sonar Readings ---
[rosout][INFO] 2025-03-21 14:36:41,342: Rank | Sensor ID | Distance (m) | Angle (deg) | Position (x,y)
[rosout][INFO] 2025-03-21 14:36:41,343: -------------------------------------------------
[rosout][INFO] 2025-03-21 14:36:41,344:  1   |         7 |       0.000 |        0.0 | (0.00, 0.00)
[rosout][INFO] 2025-03-21 14:36:41,344:  2   |        15 |       0.000 |        0.0 | (0.00, 0.00)
[rosout][INFO] 2025-03-21 14:36:41,345:  3   |        23 |       0.000 |        0.0 | (0.00, 0.00)
[rosout][INFO] 2025-03-21 14:36:41,346:  4   |        31 |       0.000 |        0.0 | (0.00, 0.00)
[rosout][INFO] 2025-03-21 14:36:41,346:  5   |        22 |       0.713 |     -175.7 | (-0.71, -0.05)
[rosout][INFO] 2025-03-21 14:36:41,347: -------------------------------------------------
[rosout][WARNING] 2025-03-21 14:36:41,347: WARNING: Object detected at 0.00 meters!
[rosout][INFO] 2025-03-21 14:36:41,841: 
--- 5 Closest Sonar Readings ---
[rosout][INFO] 2025-03-21 14:36:41,842: Rank | Sensor ID | Distance (m) | Angle (deg) | Position (x,y)
[rosout][INFO] 2025-03-21 14:36:41,843: -------------------------------------------------
[rosout][INFO] 2025-03-21 14:36:41,844:  1   |         7 |       0.000 |        0.0 | (0.00, 0.00)
[rosout][INFO] 2025-03-21 14:36:41,844:  2   |        15 |       0.000 |        0.0 | (0.00, 0.00)
[rosout][INFO] 2025-03-21 14:36:41,845:  3   |        23 |       0.000 |        0.0 | (0.00, 0.00)
[rosout][INFO] 2025-03-21 14:36:41,846:  4   |        31 |       0.000 |        0.0 | (0.00, 0.00)
[rosout][INFO] 2025-03-21 14:36:41,846:  5   |        22 |       0.713 |     -175.7 | (-0.71, -0.05)
[rosout][INFO] 2025-03-21 14:36:41,847: -------------------------------------------------
[rosout][WARNING] 2025-03-21 14:36:41,847: WARNING: Object detected at 0.00 meters!
[rosout][INFO] 2025-03-21 14:36:42,341: 
--- 5 Closest Sonar Readings ---
[rosout][INFO] 2025-03-21 14:36:42,342: Rank | Sensor ID | Distance (m) | Angle (deg) | Position (x,y)
[rosout][INFO] 2025-03-21 14:36:42,342: -------------------------------------------------
[rosout][INFO] 2025-03-21 14:36:42,343:  1   |         7 |       0.000 |        0.0 | (0.00, 0.00)
[rosout][INFO] 2025-03-21 14:36:42,344:  2   |        15 |       0.000 |        0.0 | (0.00, 0.00)
[rosout][INFO] 2025-03-21 14:36:42,345:  3   |        23 |       0.000 |        0.0 | (0.00, 0.00)
[rosout][INFO] 2025-03-21 14:36:42,346:  4   |        31 |       0.000 |        0.0 | (0.00, 0.00)
[rosout][INFO] 2025-03-21 14:36:42,346:  5   |        22 |       0.713 |     -175.7 | (-0.71, -0.05)
[rosout][INFO] 2025-03-21 14:36:42,346: -------------------------------------------------
[rosout][WARNING] 2025-03-21 14:36:42,346: WARNING: Object detected at 0.00 meters!
[rosout][INFO] 2025-03-21 14:36:42,841: 
--- 5 Closest Sonar Readings ---
[rosout][INFO] 2025-03-21 14:36:42,842: Rank | Sensor ID | Distance (m) | Angle (deg) | Position (x,y)
[rosout][INFO] 2025-03-21 14:36:42,843: -------------------------------------------------
[rosout][INFO] 2025-03-21 14:36:42,843:  1   |         7 |       0.000 |        0.0 | (0.00, 0.00)
[rosout][INFO] 2025-03-21 14:36:42,844:  2   |        15 |       0.000 |        0.0 | (0.00, 0.00)
[rosout][INFO] 2025-03-21 14:36:42,845:  3   |        23 |       0.000 |        0.0 | (0.00, 0.00)
[rosout][INFO] 2025-03-21 14:36:42,846:  4   |        31 |       0.000 |        0.0 | (0.00, 0.00)
[rosout][INFO] 2025-03-21 14:36:42,846:  5   |        22 |       0.713 |     -175.7 | (-0.71, -0.05)
[rosout][INFO] 2025-03-21 14:36:42,846: -------------------------------------------------
[rosout][WARNING] 2025-03-21 14:36:42,846: WARNING: Object detected at 0.00 meters!
[rosout][INFO] 2025-03-21 14:36:43,341: 
--- 5 Closest Sonar Readings ---
[rosout][INFO] 2025-03-21 14:36:43,342: Rank | Sensor ID | Distance (m) | Angle (deg) | Position (x,y)
[rosout][INFO] 2025-03-21 14:36:43,343: -------------------------------------------------
[rosout][INFO] 2025-03-21 14:36:43,343:  1   |         7 |       0.000 |        0.0 | (0.00, 0.00)
[rosout][INFO] 2025-03-21 14:36:43,344:  2   |        15 |       0.000 |        0.0 | (0.00, 0.00)
[rosout][INFO] 2025-03-21 14:36:43,345:  3   |        23 |       0.000 |        0.0 | (0.00, 0.00)
[rosout][INFO] 2025-03-21 14:36:43,345:  4   |        31 |       0.000 |        0.0 | (0.00, 0.00)
[rosout][INFO] 2025-03-21 14:36:43,346:  5   |        22 |       0.713 |     -175.7 | (-0.71, -0.05)
[rosout][INFO] 2025-03-21 14:36:43,346: -------------------------------------------------
[rosout][WARNING] 2025-03-21 14:36:43,347: WARNING: Object detected at 0.00 meters!
[rosout][INFO] 2025-03-21 14:36:43,841: 
--- 5 Closest Sonar Readings ---
[rosout][INFO] 2025-03-21 14:36:43,842: Rank | Sensor ID | Distance (m) | Angle (deg) | Position (x,y)
[rosout][INFO] 2025-03-21 14:36:43,856: -------------------------------------------------
[rosout][INFO] 2025-03-21 14:36:43,856:  1   |         7 |       0.000 |        0.0 | (0.00, 0.00)
[rosout][INFO] 2025-03-21 14:36:43,857:  2   |        15 |       0.000 |        0.0 | (0.00, 0.00)
[rosout][INFO] 2025-03-21 14:36:43,858:  3   |        23 |       0.000 |        0.0 | (0.00, 0.00)
[rosout][INFO] 2025-03-21 14:36:43,860:  4   |        31 |       0.000 |        0.0 | (0.00, 0.00)
[rosout][INFO] 2025-03-21 14:36:43,861:  5   |        22 |       0.713 |     -175.7 | (-0.71, -0.05)
[rosout][INFO] 2025-03-21 14:36:43,862: -------------------------------------------------
[rosout][WARNING] 2025-03-21 14:36:43,862: WARNING: Object detected at 0.00 meters!
[rosout][INFO] 2025-03-21 14:36:44,341: 
--- 5 Closest Sonar Readings ---
[rosout][INFO] 2025-03-21 14:36:44,342: Rank | Sensor ID | Distance (m) | Angle (deg) | Position (x,y)
[rosout][INFO] 2025-03-21 14:36:44,343: -------------------------------------------------
[rosout][INFO] 2025-03-21 14:36:44,343:  1   |         7 |       0.000 |        0.0 | (0.00, 0.00)
[rosout][INFO] 2025-03-21 14:36:44,344:  2   |        15 |       0.000 |        0.0 | (0.00, 0.00)
[rosout][INFO] 2025-03-21 14:36:44,345:  3   |        23 |       0.000 |        0.0 | (0.00, 0.00)
[rosout][INFO] 2025-03-21 14:36:44,346:  4   |        31 |       0.000 |        0.0 | (0.00, 0.00)
[rosout][INFO] 2025-03-21 14:36:44,346:  5   |        22 |       0.713 |     -175.7 | (-0.71, -0.05)
[rosout][INFO] 2025-03-21 14:36:44,346: -------------------------------------------------
[rosout][WARNING] 2025-03-21 14:36:44,346: WARNING: Object detected at 0.00 meters!
[rosout][INFO] 2025-03-21 14:36:44,841: 
--- 5 Closest Sonar Readings ---
[rosout][INFO] 2025-03-21 14:36:44,842: Rank | Sensor ID | Distance (m) | Angle (deg) | Position (x,y)
[rosout][INFO] 2025-03-21 14:36:44,843: -------------------------------------------------
[rosout][INFO] 2025-03-21 14:36:44,844:  1   |         7 |       0.000 |        0.0 | (0.00, 0.00)
[rosout][INFO] 2025-03-21 14:36:44,845:  2   |        15 |       0.000 |        0.0 | (0.00, 0.00)
[rosout][INFO] 2025-03-21 14:36:44,845:  3   |        23 |       0.000 |        0.0 | (0.00, 0.00)
[rosout][INFO] 2025-03-21 14:36:44,846:  4   |        31 |       0.000 |        0.0 | (0.00, 0.00)
[rosout][INFO] 2025-03-21 14:36:44,846:  5   |        22 |       0.713 |     -175.7 | (-0.71, -0.05)
[rosout][INFO] 2025-03-21 14:36:44,846: -------------------------------------------------
[rosout][WARNING] 2025-03-21 14:36:44,846: WARNING: Object detected at 0.00 meters!
[rosout][INFO] 2025-03-21 14:36:45,341: 
--- 5 Closest Sonar Readings ---
[rosout][INFO] 2025-03-21 14:36:45,342: Rank | Sensor ID | Distance (m) | Angle (deg) | Position (x,y)
[rosout][INFO] 2025-03-21 14:36:45,343: -------------------------------------------------
[rosout][INFO] 2025-03-21 14:36:45,344:  1   |         7 |       0.000 |        0.0 | (0.00, 0.00)
[rosout][INFO] 2025-03-21 14:36:45,344:  2   |        15 |       0.000 |        0.0 | (0.00, 0.00)
[rosout][INFO] 2025-03-21 14:36:45,345:  3   |        23 |       0.000 |        0.0 | (0.00, 0.00)
[rosout][INFO] 2025-03-21 14:36:45,346:  4   |        31 |       0.000 |        0.0 | (0.00, 0.00)
[rosout][INFO] 2025-03-21 14:36:45,346:  5   |        22 |       0.713 |     -175.7 | (-0.71, -0.05)
[rosout][INFO] 2025-03-21 14:36:45,346: -------------------------------------------------
[rosout][WARNING] 2025-03-21 14:36:45,347: WARNING: Object detected at 0.00 meters!
[rosout][INFO] 2025-03-21 14:36:45,841: 
--- 5 Closest Sonar Readings ---
[rosout][INFO] 2025-03-21 14:36:45,842: Rank | Sensor ID | Distance (m) | Angle (deg) | Position (x,y)
[rosout][INFO] 2025-03-21 14:36:45,843: -------------------------------------------------
[rosout][INFO] 2025-03-21 14:36:45,843:  1   |         7 |       0.000 |        0.0 | (0.00, 0.00)
[rosout][INFO] 2025-03-21 14:36:45,844:  2   |        15 |       0.000 |        0.0 | (0.00, 0.00)
[rosout][INFO] 2025-03-21 14:36:45,845:  3   |        23 |       0.000 |        0.0 | (0.00, 0.00)
[rosout][INFO] 2025-03-21 14:36:45,845:  4   |        31 |       0.000 |        0.0 | (0.00, 0.00)
[rosout][INFO] 2025-03-21 14:36:45,846:  5   |        22 |       0.713 |     -175.7 | (-0.71, -0.05)
[rosout][INFO] 2025-03-21 14:36:45,846: -------------------------------------------------
[rosout][WARNING] 2025-03-21 14:36:45,846: WARNING: Object detected at 0.00 meters!
[rosout][INFO] 2025-03-21 14:36:46,341: 
--- 5 Closest Sonar Readings ---
[rosout][INFO] 2025-03-21 14:36:46,342: Rank | Sensor ID | Distance (m) | Angle (deg) | Position (x,y)
[rosout][INFO] 2025-03-21 14:36:46,343: -------------------------------------------------
[rosout][INFO] 2025-03-21 14:36:46,344:  1   |         7 |       0.000 |        0.0 | (0.00, 0.00)
[rosout][INFO] 2025-03-21 14:36:46,344:  2   |        15 |       0.000 |        0.0 | (0.00, 0.00)
[rosout][INFO] 2025-03-21 14:36:46,345:  3   |        23 |       0.000 |        0.0 | (0.00, 0.00)
[rosout][INFO] 2025-03-21 14:36:46,346:  4   |        31 |       0.000 |        0.0 | (0.00, 0.00)
[rosout][INFO] 2025-03-21 14:36:46,346:  5   |        22 |       0.712 |     -175.7 | (-0.71, -0.05)
[rosout][INFO] 2025-03-21 14:36:46,346: -------------------------------------------------
[rosout][WARNING] 2025-03-21 14:36:46,346: WARNING: Object detected at 0.00 meters!
[rosout][INFO] 2025-03-21 14:36:46,841: 
--- 5 Closest Sonar Readings ---
[rosout][INFO] 2025-03-21 14:36:46,842: Rank | Sensor ID | Distance (m) | Angle (deg) | Position (x,y)
[rosout][INFO] 2025-03-21 14:36:46,843: -------------------------------------------------
[rosout][INFO] 2025-03-21 14:36:46,844:  1   |         7 |       0.000 |        0.0 | (0.00, 0.00)
[rosout][INFO] 2025-03-21 14:36:46,844:  2   |        15 |       0.000 |        0.0 | (0.00, 0.00)
[rosout][INFO] 2025-03-21 14:36:46,845:  3   |        23 |       0.000 |        0.0 | (0.00, 0.00)
[rosout][INFO] 2025-03-21 14:36:46,846:  4   |        31 |       0.000 |        0.0 | (0.00, 0.00)
[rosout][INFO] 2025-03-21 14:36:46,846:  5   |        22 |       0.713 |     -175.7 | (-0.71, -0.05)
[rosout][INFO] 2025-03-21 14:36:46,846: -------------------------------------------------
[rosout][WARNING] 2025-03-21 14:36:46,846: WARNING: Object detected at 0.00 meters!
[rosout][INFO] 2025-03-21 14:36:47,341: 
--- 5 Closest Sonar Readings ---
[rosout][INFO] 2025-03-21 14:36:47,342: Rank | Sensor ID | Distance (m) | Angle (deg) | Position (x,y)
[rosout][INFO] 2025-03-21 14:36:47,343: -------------------------------------------------
[rosout][INFO] 2025-03-21 14:36:47,343:  1   |         7 |       0.000 |        0.0 | (0.00, 0.00)
[rosout][INFO] 2025-03-21 14:36:47,344:  2   |        15 |       0.000 |        0.0 | (0.00, 0.00)
[rosout][INFO] 2025-03-21 14:36:47,345:  3   |        23 |       0.000 |        0.0 | (0.00, 0.00)
[rosout][INFO] 2025-03-21 14:36:47,346:  4   |        31 |       0.000 |        0.0 | (0.00, 0.00)
[rosout][INFO] 2025-03-21 14:36:47,346:  5   |        22 |       0.712 |     -175.7 | (-0.71, -0.05)
[rosout][INFO] 2025-03-21 14:36:47,347: -------------------------------------------------
[rosout][WARNING] 2025-03-21 14:36:47,348: WARNING: Object detected at 0.00 meters!
[rosout][INFO] 2025-03-21 14:36:47,841: 
--- 5 Closest Sonar Readings ---
[rosout][INFO] 2025-03-21 14:36:47,842: Rank | Sensor ID | Distance (m) | Angle (deg) | Position (x,y)
[rosout][INFO] 2025-03-21 14:36:47,843: -------------------------------------------------
[rosout][INFO] 2025-03-21 14:36:47,844:  1   |         7 |       0.000 |        0.0 | (0.00, 0.00)
[rosout][INFO] 2025-03-21 14:36:47,844:  2   |        15 |       0.000 |        0.0 | (0.00, 0.00)
[rosout][INFO] 2025-03-21 14:36:47,845:  3   |        23 |       0.000 |        0.0 | (0.00, 0.00)
[rosout][INFO] 2025-03-21 14:36:47,846:  4   |        31 |       0.000 |        0.0 | (0.00, 0.00)
[rosout][INFO] 2025-03-21 14:36:47,846:  5   |        22 |       0.713 |     -175.7 | (-0.71, -0.05)
[rosout][INFO] 2025-03-21 14:36:47,846: -------------------------------------------------
[rosout][WARNING] 2025-03-21 14:36:47,847: WARNING: Object detected at 0.00 meters!
[rosout][INFO] 2025-03-21 14:36:48,341: 
--- 5 Closest Sonar Readings ---
[rosout][INFO] 2025-03-21 14:36:48,342: Rank | Sensor ID | Distance (m) | Angle (deg) | Position (x,y)
[rosout][INFO] 2025-03-21 14:36:48,343: -------------------------------------------------
[rosout][INFO] 2025-03-21 14:36:48,343:  1   |         7 |       0.000 |        0.0 | (0.00, 0.00)
[rosout][INFO] 2025-03-21 14:36:48,344:  2   |        15 |       0.000 |        0.0 | (0.00, 0.00)
[rosout][INFO] 2025-03-21 14:36:48,345:  3   |        23 |       0.000 |        0.0 | (0.00, 0.00)
[rosout][INFO] 2025-03-21 14:36:48,346:  4   |        31 |       0.000 |        0.0 | (0.00, 0.00)
[rosout][INFO] 2025-03-21 14:36:48,346:  5   |        22 |       0.713 |     -175.7 | (-0.71, -0.05)
[rosout][INFO] 2025-03-21 14:36:48,346: -------------------------------------------------
[rosout][WARNING] 2025-03-21 14:36:48,346: WARNING: Object detected at 0.00 meters!
[rosout][INFO] 2025-03-21 14:36:48,841: 
--- 5 Closest Sonar Readings ---
[rosout][INFO] 2025-03-21 14:36:48,842: Rank | Sensor ID | Distance (m) | Angle (deg) | Position (x,y)
[rosout][INFO] 2025-03-21 14:36:48,856: -------------------------------------------------
[rosout][INFO] 2025-03-21 14:36:48,856:  1   |         7 |       0.000 |        0.0 | (0.00, 0.00)
[rosout][INFO] 2025-03-21 14:36:48,858:  2   |        15 |       0.000 |        0.0 | (0.00, 0.00)
[rosout][INFO] 2025-03-21 14:36:48,859:  3   |        23 |       0.000 |        0.0 | (0.00, 0.00)
[rosout][INFO] 2025-03-21 14:36:48,859:  4   |        31 |       0.000 |        0.0 | (0.00, 0.00)
[rosout][INFO] 2025-03-21 14:36:48,860:  5   |        22 |       0.713 |     -175.7 | (-0.71, -0.05)
[rosout][INFO] 2025-03-21 14:36:48,861: -------------------------------------------------
[rosout][WARNING] 2025-03-21 14:36:48,862: WARNING: Object detected at 0.00 meters!
[rosout][INFO] 2025-03-21 14:36:49,341: 
--- 5 Closest Sonar Readings ---
[rosout][INFO] 2025-03-21 14:36:49,342: Rank | Sensor ID | Distance (m) | Angle (deg) | Position (x,y)
[rosout][INFO] 2025-03-21 14:36:49,343: -------------------------------------------------
[rosout][INFO] 2025-03-21 14:36:49,344:  1   |         7 |       0.000 |        0.0 | (0.00, 0.00)
[rosout][INFO] 2025-03-21 14:36:49,345:  2   |        15 |       0.000 |        0.0 | (0.00, 0.00)
[rosout][INFO] 2025-03-21 14:36:49,345:  3   |        23 |       0.000 |        0.0 | (0.00, 0.00)
[rosout][INFO] 2025-03-21 14:36:49,346:  4   |        31 |       0.000 |        0.0 | (0.00, 0.00)
[rosout][INFO] 2025-03-21 14:36:49,347:  5   |        22 |       0.713 |     -175.7 | (-0.71, -0.05)
[rosout][INFO] 2025-03-21 14:36:49,348: -------------------------------------------------
[rosout][WARNING] 2025-03-21 14:36:49,348: WARNING: Object detected at 0.00 meters!
[rosout][INFO] 2025-03-21 14:36:49,841: 
--- 5 Closest Sonar Readings ---
[rosout][INFO] 2025-03-21 14:36:49,842: Rank | Sensor ID | Distance (m) | Angle (deg) | Position (x,y)
[rosout][INFO] 2025-03-21 14:36:49,843: -------------------------------------------------
[rosout][INFO] 2025-03-21 14:36:49,843:  1   |         7 |       0.000 |        0.0 | (0.00, 0.00)
[rosout][INFO] 2025-03-21 14:36:49,844:  2   |        15 |       0.000 |        0.0 | (0.00, 0.00)
[rosout][INFO] 2025-03-21 14:36:49,845:  3   |        23 |       0.000 |        0.0 | (0.00, 0.00)
[rosout][INFO] 2025-03-21 14:36:49,846:  4   |        31 |       0.000 |        0.0 | (0.00, 0.00)
[rosout][INFO] 2025-03-21 14:36:49,846:  5   |        22 |       0.713 |     -175.7 | (-0.71, -0.05)
[rosout][INFO] 2025-03-21 14:36:49,846: -------------------------------------------------
[rosout][WARNING] 2025-03-21 14:36:49,846: WARNING: Object detected at 0.00 meters!
[rosout][INFO] 2025-03-21 14:36:50,341: 
--- 5 Closest Sonar Readings ---
[rosout][INFO] 2025-03-21 14:36:50,342: Rank | Sensor ID | Distance (m) | Angle (deg) | Position (x,y)
[rosout][INFO] 2025-03-21 14:36:50,343: -------------------------------------------------
[rosout][INFO] 2025-03-21 14:36:50,344:  1   |         7 |       0.000 |        0.0 | (0.00, 0.00)
[rosout][INFO] 2025-03-21 14:36:50,345:  2   |        15 |       0.000 |        0.0 | (0.00, 0.00)
[rosout][INFO] 2025-03-21 14:36:50,345:  3   |        23 |       0.000 |        0.0 | (0.00, 0.00)
[rosout][INFO] 2025-03-21 14:36:50,346:  4   |        31 |       0.000 |        0.0 | (0.00, 0.00)
[rosout][INFO] 2025-03-21 14:36:50,347:  5   |        22 |       0.713 |     -175.7 | (-0.71, -0.05)
[rosout][INFO] 2025-03-21 14:36:50,348: -------------------------------------------------
[rosout][WARNING] 2025-03-21 14:36:50,348: WARNING: Object detected at 0.00 meters!
[rosout][INFO] 2025-03-21 14:36:50,841: 
--- 5 Closest Sonar Readings ---
[rosout][INFO] 2025-03-21 14:36:50,842: Rank | Sensor ID | Distance (m) | Angle (deg) | Position (x,y)
[rosout][INFO] 2025-03-21 14:36:50,843: -------------------------------------------------
[rosout][INFO] 2025-03-21 14:36:50,844:  1   |         7 |       0.000 |        0.0 | (0.00, 0.00)
[rosout][INFO] 2025-03-21 14:36:50,845:  2   |        15 |       0.000 |        0.0 | (0.00, 0.00)
[rosout][INFO] 2025-03-21 14:36:50,845:  3   |        23 |       0.000 |        0.0 | (0.00, 0.00)
[rosout][INFO] 2025-03-21 14:36:50,846:  4   |        31 |       0.000 |        0.0 | (0.00, 0.00)
[rosout][INFO] 2025-03-21 14:36:50,847:  5   |        22 |       0.713 |     -175.7 | (-0.71, -0.05)
[rosout][INFO] 2025-03-21 14:36:50,847: -------------------------------------------------
[rosout][WARNING] 2025-03-21 14:36:50,847: WARNING: Object detected at 0.00 meters!
[rosout][INFO] 2025-03-21 14:36:51,341: 
--- 5 Closest Sonar Readings ---
[rosout][INFO] 2025-03-21 14:36:51,342: Rank | Sensor ID | Distance (m) | Angle (deg) | Position (x,y)
[rosout][INFO] 2025-03-21 14:36:51,343: -------------------------------------------------
[rosout][INFO] 2025-03-21 14:36:51,344:  1   |         7 |       0.000 |        0.0 | (0.00, 0.00)
[rosout][INFO] 2025-03-21 14:36:51,344:  2   |        15 |       0.000 |        0.0 | (0.00, 0.00)
[rosout][INFO] 2025-03-21 14:36:51,345:  3   |        23 |       0.000 |        0.0 | (0.00, 0.00)
[rosout][INFO] 2025-03-21 14:36:51,346:  4   |        31 |       0.000 |        0.0 | (0.00, 0.00)
[rosout][INFO] 2025-03-21 14:36:51,346:  5   |        22 |       0.713 |     -175.7 | (-0.71, -0.05)
[rosout][INFO] 2025-03-21 14:36:51,346: -------------------------------------------------
[rosout][WARNING] 2025-03-21 14:36:51,346: WARNING: Object detected at 0.00 meters!
[rosout][INFO] 2025-03-21 14:36:51,841: 
--- 5 Closest Sonar Readings ---
[rosout][INFO] 2025-03-21 14:36:51,842: Rank | Sensor ID | Distance (m) | Angle (deg) | Position (x,y)
[rosout][INFO] 2025-03-21 14:36:51,843: -------------------------------------------------
[rosout][INFO] 2025-03-21 14:36:51,843:  1   |         7 |       0.000 |        0.0 | (0.00, 0.00)
[rosout][INFO] 2025-03-21 14:36:51,844:  2   |        15 |       0.000 |        0.0 | (0.00, 0.00)
[rosout][INFO] 2025-03-21 14:36:51,845:  3   |        23 |       0.000 |        0.0 | (0.00, 0.00)
[rosout][INFO] 2025-03-21 14:36:51,846:  4   |        31 |       0.000 |        0.0 | (0.00, 0.00)
[rosout][INFO] 2025-03-21 14:36:51,846:  5   |        22 |       0.713 |     -175.7 | (-0.71, -0.05)
[rosout][INFO] 2025-03-21 14:36:51,846: -------------------------------------------------
[rosout][WARNING] 2025-03-21 14:36:51,846: WARNING: Object detected at 0.00 meters!
[rosout][INFO] 2025-03-21 14:36:52,341: 
--- 5 Closest Sonar Readings ---
[rosout][INFO] 2025-03-21 14:36:52,342: Rank | Sensor ID | Distance (m) | Angle (deg) | Position (x,y)
[rosout][INFO] 2025-03-21 14:36:52,343: -------------------------------------------------
[rosout][INFO] 2025-03-21 14:36:52,343:  1   |         7 |       0.000 |        0.0 | (0.00, 0.00)
[rosout][INFO] 2025-03-21 14:36:52,344:  2   |        15 |       0.000 |        0.0 | (0.00, 0.00)
[rosout][INFO] 2025-03-21 14:36:52,345:  3   |        23 |       0.000 |        0.0 | (0.00, 0.00)
[rosout][INFO] 2025-03-21 14:36:52,346:  4   |        31 |       0.000 |        0.0 | (0.00, 0.00)
[rosout][INFO] 2025-03-21 14:36:52,346:  5   |        28 |       0.677 |      144.0 | (-0.55, 0.40)
[rosout][INFO] 2025-03-21 14:36:52,346: -------------------------------------------------
[rosout][WARNING] 2025-03-21 14:36:52,346: WARNING: Object detected at 0.00 meters!
[rosout][INFO] 2025-03-21 14:36:52,841: 
--- 5 Closest Sonar Readings ---
[rosout][INFO] 2025-03-21 14:36:52,842: Rank | Sensor ID | Distance (m) | Angle (deg) | Position (x,y)
[rosout][INFO] 2025-03-21 14:36:52,843: -------------------------------------------------
[rosout][INFO] 2025-03-21 14:36:52,843:  1   |         7 |       0.000 |        0.0 | (0.00, 0.00)
[rosout][INFO] 2025-03-21 14:36:52,844:  2   |        15 |       0.000 |        0.0 | (0.00, 0.00)
[rosout][INFO] 2025-03-21 14:36:52,845:  3   |        23 |       0.000 |        0.0 | (0.00, 0.00)
[rosout][INFO] 2025-03-21 14:36:52,845:  4   |        31 |       0.000 |        0.0 | (0.00, 0.00)
[rosout][INFO] 2025-03-21 14:36:52,846:  5   |        30 |       0.604 |      119.6 | (-0.30, 0.52)
[rosout][INFO] 2025-03-21 14:36:52,847: -------------------------------------------------
[rosout][WARNING] 2025-03-21 14:36:52,847: WARNING: Object detected at 0.00 meters!
[rosout][INFO] 2025-03-21 14:36:53,341: 
--- 5 Closest Sonar Readings ---
[rosout][INFO] 2025-03-21 14:36:53,342: Rank | Sensor ID | Distance (m) | Angle (deg) | Position (x,y)
[rosout][INFO] 2025-03-21 14:36:53,343: -------------------------------------------------
[rosout][INFO] 2025-03-21 14:36:53,343:  1   |         7 |       0.000 |        0.0 | (0.00, 0.00)
[rosout][INFO] 2025-03-21 14:36:53,344:  2   |        15 |       0.000 |        0.0 | (0.00, 0.00)
[rosout][INFO] 2025-03-21 14:36:53,345:  3   |        23 |       0.000 |        0.0 | (0.00, 0.00)
[rosout][INFO] 2025-03-21 14:36:53,345:  4   |        31 |       0.000 |        0.0 | (0.00, 0.00)
[rosout][INFO] 2025-03-21 14:36:53,346:  5   |        29 |       0.619 |      134.0 | (-0.43, 0.45)
[rosout][INFO] 2025-03-21 14:36:53,346: -------------------------------------------------
[rosout][WARNING] 2025-03-21 14:36:53,347: WARNING: Object detected at 0.00 meters!
[rosout][INFO] 2025-03-21 14:36:53,841: 
--- 5 Closest Sonar Readings ---
[rosout][INFO] 2025-03-21 14:36:53,842: Rank | Sensor ID | Distance (m) | Angle (deg) | Position (x,y)
[rosout][INFO] 2025-03-21 14:36:53,845: -------------------------------------------------
[rosout][INFO] 2025-03-21 14:36:53,845:  1   |         7 |       0.000 |        0.0 | (0.00, 0.00)
[rosout][INFO] 2025-03-21 14:36:53,847:  2   |        15 |       0.000 |        0.0 | (0.00, 0.00)
[rosout][INFO] 2025-03-21 14:36:53,847:  3   |        23 |       0.000 |        0.0 | (0.00, 0.00)
[rosout][INFO] 2025-03-21 14:36:53,848:  4   |        31 |       0.000 |        0.0 | (0.00, 0.00)
[rosout][INFO] 2025-03-21 14:36:53,849:  5   |        30 |       0.629 |      118.3 | (-0.30, 0.55)
[rosout][INFO] 2025-03-21 14:36:53,850: -------------------------------------------------
[rosout][WARNING] 2025-03-21 14:36:53,850: WARNING: Object detected at 0.00 meters!
[rosout][INFO] 2025-03-21 14:36:54,341: 
--- 5 Closest Sonar Readings ---
[rosout][INFO] 2025-03-21 14:36:54,342: Rank | Sensor ID | Distance (m) | Angle (deg) | Position (x,y)
[rosout][INFO] 2025-03-21 14:36:54,343: -------------------------------------------------
[rosout][INFO] 2025-03-21 14:36:54,344:  1   |         7 |       0.000 |        0.0 | (0.00, 0.00)
[rosout][INFO] 2025-03-21 14:36:54,344:  2   |        15 |       0.000 |        0.0 | (0.00, 0.00)
[rosout][INFO] 2025-03-21 14:36:54,345:  3   |        23 |       0.000 |        0.0 | (0.00, 0.00)
[rosout][INFO] 2025-03-21 14:36:54,346:  4   |        31 |       0.000 |        0.0 | (0.00, 0.00)
[rosout][INFO] 2025-03-21 14:36:54,346:  5   |        29 |       0.621 |      133.9 | (-0.43, 0.45)
[rosout][INFO] 2025-03-21 14:36:54,347: -------------------------------------------------
[rosout][WARNING] 2025-03-21 14:36:54,348: WARNING: Object detected at 0.00 meters!
[rosout][INFO] 2025-03-21 14:36:54,841: 
--- 5 Closest Sonar Readings ---
[rosout][INFO] 2025-03-21 14:36:54,842: Rank | Sensor ID | Distance (m) | Angle (deg) | Position (x,y)
[rosout][INFO] 2025-03-21 14:36:54,843: -------------------------------------------------
[rosout][INFO] 2025-03-21 14:36:54,843:  1   |         7 |       0.000 |        0.0 | (0.00, 0.00)
[rosout][INFO] 2025-03-21 14:36:54,844:  2   |        15 |       0.000 |        0.0 | (0.00, 0.00)
[rosout][INFO] 2025-03-21 14:36:54,845:  3   |        23 |       0.000 |        0.0 | (0.00, 0.00)
[rosout][INFO] 2025-03-21 14:36:54,845:  4   |        31 |       0.000 |        0.0 | (0.00, 0.00)
[rosout][INFO] 2025-03-21 14:36:54,846:  5   |        22 |       0.713 |     -175.7 | (-0.71, -0.05)
[rosout][INFO] 2025-03-21 14:36:54,847: -------------------------------------------------
[rosout][WARNING] 2025-03-21 14:36:54,848: WARNING: Object detected at 0.00 meters!
[rosout][INFO] 2025-03-21 14:36:55,341: 
--- 5 Closest Sonar Readings ---
[rosout][INFO] 2025-03-21 14:36:55,342: Rank | Sensor ID | Distance (m) | Angle (deg) | Position (x,y)
[rosout][INFO] 2025-03-21 14:36:55,342: -------------------------------------------------
[rosout][INFO] 2025-03-21 14:36:55,344:  1   |         7 |       0.000 |        0.0 | (0.00, 0.00)
[rosout][INFO] 2025-03-21 14:36:55,344:  2   |        15 |       0.000 |        0.0 | (0.00, 0.00)
[rosout][INFO] 2025-03-21 14:36:55,345:  3   |        23 |       0.000 |        0.0 | (0.00, 0.00)
[rosout][INFO] 2025-03-21 14:36:55,346:  4   |        31 |       0.000 |        0.0 | (0.00, 0.00)
[rosout][INFO] 2025-03-21 14:36:55,346:  5   |        22 |       0.713 |     -175.7 | (-0.71, -0.05)
[rosout][INFO] 2025-03-21 14:36:55,346: -------------------------------------------------
[rosout][WARNING] 2025-03-21 14:36:55,346: WARNING: Object detected at 0.00 meters!
[rosout][INFO] 2025-03-21 14:36:55,841: 
--- 5 Closest Sonar Readings ---
[rosout][INFO] 2025-03-21 14:36:55,842: Rank | Sensor ID | Distance (m) | Angle (deg) | Position (x,y)
[rosout][INFO] 2025-03-21 14:36:55,843: -------------------------------------------------
[rosout][INFO] 2025-03-21 14:36:55,844:  1   |         7 |       0.000 |        0.0 | (0.00, 0.00)
[rosout][INFO] 2025-03-21 14:36:55,844:  2   |        15 |       0.000 |        0.0 | (0.00, 0.00)
[rosout][INFO] 2025-03-21 14:36:55,845:  3   |        23 |       0.000 |        0.0 | (0.00, 0.00)
[rosout][INFO] 2025-03-21 14:36:55,846:  4   |        31 |       0.000 |        0.0 | (0.00, 0.00)
[rosout][INFO] 2025-03-21 14:36:55,847:  5   |        22 |       0.713 |     -175.7 | (-0.71, -0.05)
[rosout][INFO] 2025-03-21 14:36:55,848: -------------------------------------------------
[rosout][WARNING] 2025-03-21 14:36:55,848: WARNING: Object detected at 0.00 meters!
[rosout][INFO] 2025-03-21 14:36:56,341: 
--- 5 Closest Sonar Readings ---
[rosout][INFO] 2025-03-21 14:36:56,342: Rank | Sensor ID | Distance (m) | Angle (deg) | Position (x,y)
[rosout][INFO] 2025-03-21 14:36:56,343: -------------------------------------------------
[rosout][INFO] 2025-03-21 14:36:56,343:  1   |         7 |       0.000 |        0.0 | (0.00, 0.00)
[rosout][INFO] 2025-03-21 14:36:56,344:  2   |        15 |       0.000 |        0.0 | (0.00, 0.00)
[rosout][INFO] 2025-03-21 14:36:56,345:  3   |        23 |       0.000 |        0.0 | (0.00, 0.00)
[rosout][INFO] 2025-03-21 14:36:56,346:  4   |        31 |       0.000 |        0.0 | (0.00, 0.00)
[rosout][INFO] 2025-03-21 14:36:56,346:  5   |        22 |       0.713 |     -175.7 | (-0.71, -0.05)
[rosout][INFO] 2025-03-21 14:36:56,346: -------------------------------------------------
[rosout][WARNING] 2025-03-21 14:36:56,346: WARNING: Object detected at 0.00 meters!
[rosout][INFO] 2025-03-21 14:36:56,841: 
--- 5 Closest Sonar Readings ---
[rosout][INFO] 2025-03-21 14:36:56,842: Rank | Sensor ID | Distance (m) | Angle (deg) | Position (x,y)
[rosout][INFO] 2025-03-21 14:36:56,843: -------------------------------------------------
[rosout][INFO] 2025-03-21 14:36:56,844:  1   |         7 |       0.000 |        0.0 | (0.00, 0.00)
[rosout][INFO] 2025-03-21 14:36:56,845:  2   |        15 |       0.000 |        0.0 | (0.00, 0.00)
[rosout][INFO] 2025-03-21 14:36:56,845:  3   |        23 |       0.000 |        0.0 | (0.00, 0.00)
[rosout][INFO] 2025-03-21 14:36:56,846:  4   |        31 |       0.000 |        0.0 | (0.00, 0.00)
[rosout][INFO] 2025-03-21 14:36:56,847:  5   |        22 |       0.713 |     -175.7 | (-0.71, -0.05)
[rosout][INFO] 2025-03-21 14:36:56,847: -------------------------------------------------
[rosout][WARNING] 2025-03-21 14:36:56,847: WARNING: Object detected at 0.00 meters!
[rosout][INFO] 2025-03-21 14:36:57,341: 
--- 5 Closest Sonar Readings ---
[rosout][INFO] 2025-03-21 14:36:57,342: Rank | Sensor ID | Distance (m) | Angle (deg) | Position (x,y)
[rosout][INFO] 2025-03-21 14:36:57,343: -------------------------------------------------
[rosout][INFO] 2025-03-21 14:36:57,344:  1   |         7 |       0.000 |        0.0 | (0.00, 0.00)
[rosout][INFO] 2025-03-21 14:36:57,344:  2   |        15 |       0.000 |        0.0 | (0.00, 0.00)
[rosout][INFO] 2025-03-21 14:36:57,345:  3   |        23 |       0.000 |        0.0 | (0.00, 0.00)
[rosout][INFO] 2025-03-21 14:36:57,346:  4   |        31 |       0.000 |        0.0 | (0.00, 0.00)
[rosout][INFO] 2025-03-21 14:36:57,346:  5   |        22 |       0.713 |     -175.7 | (-0.71, -0.05)
[rosout][INFO] 2025-03-21 14:36:57,346: -------------------------------------------------
[rosout][WARNING] 2025-03-21 14:36:57,347: WARNING: Object detected at 0.00 meters!
[rosout][INFO] 2025-03-21 14:36:57,841: 
--- 5 Closest Sonar Readings ---
[rosout][INFO] 2025-03-21 14:36:57,842: Rank | Sensor ID | Distance (m) | Angle (deg) | Position (x,y)
[rosout][INFO] 2025-03-21 14:36:57,843: -------------------------------------------------
[rosout][INFO] 2025-03-21 14:36:57,844:  1   |         7 |       0.000 |        0.0 | (0.00, 0.00)
[rosout][INFO] 2025-03-21 14:36:57,845:  2   |        15 |       0.000 |        0.0 | (0.00, 0.00)
[rosout][INFO] 2025-03-21 14:36:57,845:  3   |        23 |       0.000 |        0.0 | (0.00, 0.00)
[rosout][INFO] 2025-03-21 14:36:57,846:  4   |        31 |       0.000 |        0.0 | (0.00, 0.00)
[rosout][INFO] 2025-03-21 14:36:57,847:  5   |        22 |       0.713 |     -175.7 | (-0.71, -0.05)
[rosout][INFO] 2025-03-21 14:36:57,848: -------------------------------------------------
[rosout][WARNING] 2025-03-21 14:36:57,849: WARNING: Object detected at 0.00 meters!
[rosout][INFO] 2025-03-21 14:36:58,341: 
--- 5 Closest Sonar Readings ---
[rosout][INFO] 2025-03-21 14:36:58,342: Rank | Sensor ID | Distance (m) | Angle (deg) | Position (x,y)
[rosout][INFO] 2025-03-21 14:36:58,343: -------------------------------------------------
[rosout][INFO] 2025-03-21 14:36:58,343:  1   |         7 |       0.000 |        0.0 | (0.00, 0.00)
[rosout][INFO] 2025-03-21 14:36:58,344:  2   |        15 |       0.000 |        0.0 | (0.00, 0.00)
[rosout][INFO] 2025-03-21 14:36:58,345:  3   |        23 |       0.000 |        0.0 | (0.00, 0.00)
[rosout][INFO] 2025-03-21 14:36:58,346:  4   |        31 |       0.000 |        0.0 | (0.00, 0.00)
[rosout][INFO] 2025-03-21 14:36:58,346:  5   |        17 |       0.645 |     -133.2 | (-0.44, -0.47)
[rosout][INFO] 2025-03-21 14:36:58,347: -------------------------------------------------
[rosout][WARNING] 2025-03-21 14:36:58,348: WARNING: Object detected at 0.00 meters!
[rosout][INFO] 2025-03-21 14:36:58,841: 
--- 5 Closest Sonar Readings ---
[rosout][INFO] 2025-03-21 14:36:58,842: Rank | Sensor ID | Distance (m) | Angle (deg) | Position (x,y)
[rosout][INFO] 2025-03-21 14:36:58,856: -------------------------------------------------
[rosout][INFO] 2025-03-21 14:36:58,857:  1   |         7 |       0.000 |        0.0 | (0.00, 0.00)
[rosout][INFO] 2025-03-21 14:36:58,858:  2   |        15 |       0.000 |        0.0 | (0.00, 0.00)
[rosout][INFO] 2025-03-21 14:36:58,858:  3   |        23 |       0.000 |        0.0 | (0.00, 0.00)
[rosout][INFO] 2025-03-21 14:36:58,859:  4   |        31 |       0.000 |        0.0 | (0.00, 0.00)
[rosout][INFO] 2025-03-21 14:36:58,860:  5   |        22 |       0.713 |     -175.7 | (-0.71, -0.05)
[rosout][INFO] 2025-03-21 14:36:58,861: -------------------------------------------------
[rosout][WARNING] 2025-03-21 14:36:58,861: WARNING: Object detected at 0.00 meters!
[rosout][INFO] 2025-03-21 14:36:59,341: 
--- 5 Closest Sonar Readings ---
[rosout][INFO] 2025-03-21 14:36:59,342: Rank | Sensor ID | Distance (m) | Angle (deg) | Position (x,y)
[rosout][INFO] 2025-03-21 14:36:59,343: -------------------------------------------------
[rosout][INFO] 2025-03-21 14:36:59,344:  1   |         7 |       0.000 |        0.0 | (0.00, 0.00)
[rosout][INFO] 2025-03-21 14:36:59,344:  2   |        15 |       0.000 |        0.0 | (0.00, 0.00)
[rosout][INFO] 2025-03-21 14:36:59,345:  3   |        23 |       0.000 |        0.0 | (0.00, 0.00)
[rosout][INFO] 2025-03-21 14:36:59,346:  4   |        31 |       0.000 |        0.0 | (0.00, 0.00)
[rosout][INFO] 2025-03-21 14:36:59,347:  5   |        22 |       0.712 |     -175.7 | (-0.71, -0.05)
[rosout][INFO] 2025-03-21 14:36:59,347: -------------------------------------------------
[rosout][WARNING] 2025-03-21 14:36:59,348: WARNING: Object detected at 0.00 meters!
[rosout][INFO] 2025-03-21 14:36:59,841: 
--- 5 Closest Sonar Readings ---
[rosout][INFO] 2025-03-21 14:36:59,842: Rank | Sensor ID | Distance (m) | Angle (deg) | Position (x,y)
[rosout][INFO] 2025-03-21 14:36:59,843: -------------------------------------------------
[rosout][INFO] 2025-03-21 14:36:59,843:  1   |         7 |       0.000 |        0.0 | (0.00, 0.00)
[rosout][INFO] 2025-03-21 14:36:59,844:  2   |        15 |       0.000 |        0.0 | (0.00, 0.00)
[rosout][INFO] 2025-03-21 14:36:59,845:  3   |        23 |       0.000 |        0.0 | (0.00, 0.00)
[rosout][INFO] 2025-03-21 14:36:59,846:  4   |        31 |       0.000 |        0.0 | (0.00, 0.00)
[rosout][INFO] 2025-03-21 14:36:59,847:  5   |        22 |       0.713 |     -175.7 | (-0.71, -0.05)
[rosout][INFO] 2025-03-21 14:36:59,847: -------------------------------------------------
[rosout][WARNING] 2025-03-21 14:36:59,848: WARNING: Object detected at 0.00 meters!
[rosout][INFO] 2025-03-21 14:37:00,341: 
--- 5 Closest Sonar Readings ---
[rosout][INFO] 2025-03-21 14:37:00,342: Rank | Sensor ID | Distance (m) | Angle (deg) | Position (x,y)
[rosout][INFO] 2025-03-21 14:37:00,342: -------------------------------------------------
[rosout][INFO] 2025-03-21 14:37:00,343:  1   |         7 |       0.000 |        0.0 | (0.00, 0.00)
[rosout][INFO] 2025-03-21 14:37:00,344:  2   |        15 |       0.000 |        0.0 | (0.00, 0.00)
[rosout][INFO] 2025-03-21 14:37:00,345:  3   |        23 |       0.000 |        0.0 | (0.00, 0.00)
[rosout][INFO] 2025-03-21 14:37:00,345:  4   |        31 |       0.000 |        0.0 | (0.00, 0.00)
[rosout][INFO] 2025-03-21 14:37:00,347:  5   |        22 |       0.713 |     -175.7 | (-0.71, -0.05)
[rosout][INFO] 2025-03-21 14:37:00,347: -------------------------------------------------
[rosout][WARNING] 2025-03-21 14:37:00,348: WARNING: Object detected at 0.00 meters!
[rosout][INFO] 2025-03-21 14:37:00,841: 
--- 5 Closest Sonar Readings ---
[rosout][INFO] 2025-03-21 14:37:00,842: Rank | Sensor ID | Distance (m) | Angle (deg) | Position (x,y)
[rosout][INFO] 2025-03-21 14:37:00,843: -------------------------------------------------
[rosout][INFO] 2025-03-21 14:37:00,844:  1   |         7 |       0.000 |        0.0 | (0.00, 0.00)
[rosout][INFO] 2025-03-21 14:37:00,845:  2   |        15 |       0.000 |        0.0 | (0.00, 0.00)
[rosout][INFO] 2025-03-21 14:37:00,845:  3   |        23 |       0.000 |        0.0 | (0.00, 0.00)
[rosout][INFO] 2025-03-21 14:37:00,846:  4   |        31 |       0.000 |        0.0 | (0.00, 0.00)
[rosout][INFO] 2025-03-21 14:37:00,847:  5   |        22 |       0.713 |     -175.7 | (-0.71, -0.05)
[rosout][INFO] 2025-03-21 14:37:00,848: -------------------------------------------------
[rosout][WARNING] 2025-03-21 14:37:00,848: WARNING: Object detected at 0.00 meters!
[rosout][INFO] 2025-03-21 14:37:01,341: 
--- 5 Closest Sonar Readings ---
[rosout][INFO] 2025-03-21 14:37:01,342: Rank | Sensor ID | Distance (m) | Angle (deg) | Position (x,y)
[rosout][INFO] 2025-03-21 14:37:01,343: -------------------------------------------------
[rosout][INFO] 2025-03-21 14:37:01,344:  1   |         7 |       0.000 |        0.0 | (0.00, 0.00)
[rosout][INFO] 2025-03-21 14:37:01,345:  2   |        15 |       0.000 |        0.0 | (0.00, 0.00)
[rosout][INFO] 2025-03-21 14:37:01,346:  3   |        23 |       0.000 |        0.0 | (0.00, 0.00)
[rosout][INFO] 2025-03-21 14:37:01,346:  4   |        31 |       0.000 |        0.0 | (0.00, 0.00)
[rosout][INFO] 2025-03-21 14:37:01,347:  5   |        22 |       0.713 |     -175.7 | (-0.71, -0.05)
[rosout][INFO] 2025-03-21 14:37:01,348: -------------------------------------------------
[rosout][WARNING] 2025-03-21 14:37:01,348: WARNING: Object detected at 0.00 meters!
[rosout][INFO] 2025-03-21 14:37:01,841: 
--- 5 Closest Sonar Readings ---
[rosout][INFO] 2025-03-21 14:37:01,842: Rank | Sensor ID | Distance (m) | Angle (deg) | Position (x,y)
[rosout][INFO] 2025-03-21 14:37:01,843: -------------------------------------------------
[rosout][INFO] 2025-03-21 14:37:01,844:  1   |         7 |       0.000 |        0.0 | (0.00, 0.00)
[rosout][INFO] 2025-03-21 14:37:01,844:  2   |        15 |       0.000 |        0.0 | (0.00, 0.00)
[rosout][INFO] 2025-03-21 14:37:01,845:  3   |        23 |       0.000 |        0.0 | (0.00, 0.00)
[rosout][INFO] 2025-03-21 14:37:01,846:  4   |        31 |       0.000 |        0.0 | (0.00, 0.00)
[rosout][INFO] 2025-03-21 14:37:01,847:  5   |        22 |       0.713 |     -175.7 | (-0.71, -0.05)
[rosout][INFO] 2025-03-21 14:37:01,848: -------------------------------------------------
[rosout][WARNING] 2025-03-21 14:37:01,848: WARNING: Object detected at 0.00 meters!
[rosout][INFO] 2025-03-21 14:37:02,341: 
--- 5 Closest Sonar Readings ---
[rosout][INFO] 2025-03-21 14:37:02,342: Rank | Sensor ID | Distance (m) | Angle (deg) | Position (x,y)
[rosout][INFO] 2025-03-21 14:37:02,343: -------------------------------------------------
[rosout][INFO] 2025-03-21 14:37:02,343:  1   |         7 |       0.000 |        0.0 | (0.00, 0.00)
[rosout][INFO] 2025-03-21 14:37:02,344:  2   |        15 |       0.000 |        0.0 | (0.00, 0.00)
[rosout][INFO] 2025-03-21 14:37:02,345:  3   |        23 |       0.000 |        0.0 | (0.00, 0.00)
[rosout][INFO] 2025-03-21 14:37:02,346:  4   |        31 |       0.000 |        0.0 | (0.00, 0.00)
[rosout][INFO] 2025-03-21 14:37:02,346:  5   |        18 |       0.686 |     -143.9 | (-0.55, -0.40)
[rosout][INFO] 2025-03-21 14:37:02,346: -------------------------------------------------
[rosout][WARNING] 2025-03-21 14:37:02,346: WARNING: Object detected at 0.00 meters!
[rosout][INFO] 2025-03-21 14:37:02,841: 
--- 5 Closest Sonar Readings ---
[rosout][INFO] 2025-03-21 14:37:02,842: Rank | Sensor ID | Distance (m) | Angle (deg) | Position (x,y)
[rosout][INFO] 2025-03-21 14:37:02,843: -------------------------------------------------
[rosout][INFO] 2025-03-21 14:37:02,843:  1   |         7 |       0.000 |        0.0 | (0.00, 0.00)
[rosout][INFO] 2025-03-21 14:37:02,844:  2   |        15 |       0.000 |        0.0 | (0.00, 0.00)
[rosout][INFO] 2025-03-21 14:37:02,845:  3   |        23 |       0.000 |        0.0 | (0.00, 0.00)
[rosout][INFO] 2025-03-21 14:37:02,846:  4   |        31 |       0.000 |        0.0 | (0.00, 0.00)
[rosout][INFO] 2025-03-21 14:37:02,847:  5   |        22 |       0.713 |     -175.7 | (-0.71, -0.05)
[rosout][INFO] 2025-03-21 14:37:02,847: -------------------------------------------------
[rosout][WARNING] 2025-03-21 14:37:02,848: WARNING: Object detected at 0.00 meters!
[rosout][INFO] 2025-03-21 14:37:03,341: 
--- 5 Closest Sonar Readings ---
[rosout][INFO] 2025-03-21 14:37:03,342: Rank | Sensor ID | Distance (m) | Angle (deg) | Position (x,y)
[rosout][INFO] 2025-03-21 14:37:03,343: -------------------------------------------------
[rosout][INFO] 2025-03-21 14:37:03,344:  1   |         7 |       0.000 |        0.0 | (0.00, 0.00)
[rosout][INFO] 2025-03-21 14:37:03,345:  2   |        15 |       0.000 |        0.0 | (0.00, 0.00)
[rosout][INFO] 2025-03-21 14:37:03,346:  3   |        23 |       0.000 |        0.0 | (0.00, 0.00)
[rosout][INFO] 2025-03-21 14:37:03,346:  4   |        31 |       0.000 |        0.0 | (0.00, 0.00)
[rosout][INFO] 2025-03-21 14:37:03,346:  5   |        22 |       0.713 |     -175.7 | (-0.71, -0.05)
[rosout][INFO] 2025-03-21 14:37:03,346: -------------------------------------------------
[rosout][WARNING] 2025-03-21 14:37:03,347: WARNING: Object detected at 0.00 meters!
[rosout][INFO] 2025-03-21 14:37:03,841: 
--- 5 Closest Sonar Readings ---
[rosout][INFO] 2025-03-21 14:37:03,842: Rank | Sensor ID | Distance (m) | Angle (deg) | Position (x,y)
[rosout][INFO] 2025-03-21 14:37:03,843: -------------------------------------------------
[rosout][INFO] 2025-03-21 14:37:03,843:  1   |         7 |       0.000 |        0.0 | (0.00, 0.00)
[rosout][INFO] 2025-03-21 14:37:03,844:  2   |        15 |       0.000 |        0.0 | (0.00, 0.00)
[rosout][INFO] 2025-03-21 14:37:03,845:  3   |        23 |       0.000 |        0.0 | (0.00, 0.00)
[rosout][INFO] 2025-03-21 14:37:03,845:  4   |        31 |       0.000 |        0.0 | (0.00, 0.00)
[rosout][INFO] 2025-03-21 14:37:03,846:  5   |        22 |       0.713 |     -175.7 | (-0.71, -0.05)
[rosout][INFO] 2025-03-21 14:37:03,847: -------------------------------------------------
[rosout][WARNING] 2025-03-21 14:37:03,847: WARNING: Object detected at 0.00 meters!
[rosout][INFO] 2025-03-21 14:37:04,341: 
--- 5 Closest Sonar Readings ---
[rosout][INFO] 2025-03-21 14:37:04,342: Rank | Sensor ID | Distance (m) | Angle (deg) | Position (x,y)
[rosout][INFO] 2025-03-21 14:37:04,343: -------------------------------------------------
[rosout][INFO] 2025-03-21 14:37:04,344:  1   |         7 |       0.000 |        0.0 | (0.00, 0.00)
[rosout][INFO] 2025-03-21 14:37:04,344:  2   |        15 |       0.000 |        0.0 | (0.00, 0.00)
[rosout][INFO] 2025-03-21 14:37:04,345:  3   |        23 |       0.000 |        0.0 | (0.00, 0.00)
[rosout][INFO] 2025-03-21 14:37:04,346:  4   |        31 |       0.000 |        0.0 | (0.00, 0.00)
[rosout][INFO] 2025-03-21 14:37:04,347:  5   |        22 |       0.713 |     -175.7 | (-0.71, -0.05)
[rosout][INFO] 2025-03-21 14:37:04,348: -------------------------------------------------
[rosout][WARNING] 2025-03-21 14:37:04,349: WARNING: Object detected at 0.00 meters!
[rospy.core][INFO] 2025-03-21 14:37:04,725: signal_shutdown [signal-2]
[rospy.internal][INFO] 2025-03-21 14:37:04,733: topic[/rosout] removing connection to /rosout
[rospy.internal][INFO] 2025-03-21 14:37:04,734: topic[/RosAria/sonar] removing connection to http://localhost:39253/
[rospy.internal][WARNING] 2025-03-21 14:37:04,750: Unknown error initiating TCP/IP socket to localhost:44435 (http://localhost:39253/): Traceback (most recent call last):
  File "/opt/ros/kinetic/lib/python2.7/dist-packages/rospy/impl/tcpros_base.py", line 558, in connect
    self.read_header()
  File "/opt/ros/kinetic/lib/python2.7/dist-packages/rospy/impl/tcpros_base.py", line 651, in read_header
    self._validate_header(read_ros_handshake_header(sock, self.read_buff, self.protocol.buff_size))
AttributeError: 'NoneType' object has no attribute 'buff_size'

[rospy.topics][ERROR] 2025-03-21 14:37:04,751: Traceback (most recent call last):
  File "/opt/ros/kinetic/lib/python2.7/dist-packages/rospy/topics.py", line 326, in close
    c.close()
  File "/opt/ros/kinetic/lib/python2.7/dist-packages/rospy/impl/tcpros_base.py", line 839, in close
    self.socket.close()
AttributeError: 'NoneType' object has no attribute 'close'

[rospy.impl.masterslave][INFO] 2025-03-21 14:37:04,751: signal-2
[rosout][INFO] 2025-03-21 14:37:04,841: 
--- 5 Closest Sonar Readings ---
[rosout][INFO] 2025-03-21 14:37:04,841: Rank | Sensor ID | Distance (m) | Angle (deg) | Position (x,y)
[rosout][INFO] 2025-03-21 14:37:04,842: -------------------------------------------------
[rosout][INFO] 2025-03-21 14:37:04,842:  1   |         7 |       0.000 |        0.0 | (0.00, 0.00)
[rosout][INFO] 2025-03-21 14:37:04,843:  2   |        15 |       0.000 |        0.0 | (0.00, 0.00)
[rosout][INFO] 2025-03-21 14:37:04,843:  3   |        23 |       0.000 |        0.0 | (0.00, 0.00)
[rosout][INFO] 2025-03-21 14:37:04,844:  4   |        31 |       0.000 |        0.0 | (0.00, 0.00)
[rosout][INFO] 2025-03-21 14:37:04,844:  5   |        22 |       0.713 |     -175.7 | (-0.71, -0.05)
[rosout][INFO] 2025-03-21 14:37:04,844: -------------------------------------------------
[rosout][WARNING] 2025-03-21 14:37:04,845: WARNING: Object detected at 0.00 meters!
[rospy.core][INFO] 2025-03-21 14:37:04,852: signal_shutdown [atexit]
