[rospy.client][INFO] 2025-04-03 14:15:47,671: init_node, name[/sonar_processor_7907_1743664547659], pid[7907]
[xmlrpc][INFO] 2025-04-03 14:15:47,672: XML-RPC server binding to 127.0.0.1:0
[xmlrpc][INFO] 2025-04-03 14:15:47,672: Started XML-RPC server [http://localhost:36789/]
[rospy.impl.masterslave][INFO] 2025-04-03 14:15:47,672: _ready: http://localhost:36789/
[rospy.init][INFO] 2025-04-03 14:15:47,672: ROS Slave URI: [http://localhost:36789/]
[rospy.registration][INFO] 2025-04-03 14:15:47,672: Registering with master node http://localhost:11311
[xmlrpc][INFO] 2025-04-03 14:15:47,672: xml rpc node: starting XML-RPC server
[rospy.init][INFO] 2025-04-03 14:15:47,772: registered with master
[rospy.rosout][INFO] 2025-04-03 14:15:47,772: initializing /rosout core topic
[rospy.rosout][INFO] 2025-04-03 14:15:47,773: connected to core topic /rosout
[rospy.simtime][INFO] 2025-04-03 14:15:47,774: /use_sim_time is not set, will not subscribe to simulated time [/clock] topic
[rosout][INFO] 2025-04-03 14:15:47,777: Sonar processor initialized
[rospy.internal][INFO] 2025-04-03 14:15:47,787: topic[/RosAria/sonar] adding connection to [http://localhost:36621/], count 0
[rosout][INFO] 2025-04-03 14:15:47,877: Back Left Min: 0.00, Back Right Min: 0.00
[rosout][INFO] 2025-04-03 14:15:47,973: Back Left Min: 0.00, Back Right Min: 0.00
[rospy.internal][INFO] 2025-04-03 14:15:48,020: topic[/rosout] adding connection to [/rosout], count 0
[rosout][INFO] 2025-04-03 14:15:48,076: Back Left Min: 1.23, Back Right Min: 0.71
[rosout][INFO] 2025-04-03 14:15:48,173: Back Left Min: 1.23, Back Right Min: 0.60
[rosout][INFO] 2025-04-03 14:15:48,276: Back Left Min: 1.23, Back Right Min: 0.60
[rosout][INFO] 2025-04-03 14:15:48,373: Back Left Min: 1.25, Back Right Min: 0.60
[rosout][INFO] 2025-04-03 14:15:48,476: Back Left Min: 1.25, Back Right Min: 0.61
[rosout][INFO] 2025-04-03 14:15:48,573: Back Left Min: 1.25, Back Right Min: 0.61
[rosout][INFO] 2025-04-03 14:15:48,676: Back Left Min: 1.25, Back Right Min: 0.61
[rosout][INFO] 2025-04-03 14:15:48,773: Back Left Min: 1.25, Back Right Min: 0.61
[rosout][INFO] 2025-04-03 14:15:48,876: Back Left Min: 1.23, Back Right Min: 0.61
[rosout][INFO] 2025-04-03 14:15:48,973: Back Left Min: 1.23, Back Right Min: 0.61
[rosout][INFO] 2025-04-03 14:15:49,076: Back Left Min: 1.23, Back Right Min: 0.61
[rosout][INFO] 2025-04-03 14:15:49,173: Back Left Min: 1.24, Back Right Min: 0.61
[rosout][INFO] 2025-04-03 14:15:49,276: Back Left Min: 1.24, Back Right Min: 0.61
[rosout][INFO] 2025-04-03 14:15:49,373: Back Left Min: 1.24, Back Right Min: 0.61
[rosout][INFO] 2025-04-03 14:15:49,476: Back Left Min: 1.23, Back Right Min: 0.61
[rosout][INFO] 2025-04-03 14:15:49,573: Back Left Min: 1.23, Back Right Min: 0.60
[rosout][INFO] 2025-04-03 14:15:49,675: Back Left Min: 1.23, Back Right Min: 0.60
[rosout][INFO] 2025-04-03 14:15:49,772: Back Left Min: 1.24, Back Right Min: 0.60
[rosout][INFO] 2025-04-03 14:15:49,876: Back Left Min: 1.24, Back Right Min: 0.61
[rosout][INFO] 2025-04-03 14:15:49,973: Back Left Min: 1.24, Back Right Min: 0.61
[rosout][INFO] 2025-04-03 14:15:50,075: Back Left Min: 1.23, Back Right Min: 0.61
[rosout][INFO] 2025-04-03 14:15:50,173: Back Left Min: 1.23, Back Right Min: 0.61
[rosout][INFO] 2025-04-03 14:15:50,276: Back Left Min: 1.25, Back Right Min: 0.61
[rosout][INFO] 2025-04-03 14:15:50,373: Back Left Min: 1.25, Back Right Min: 0.61
[rosout][INFO] 2025-04-03 14:15:50,476: Back Left Min: 1.25, Back Right Min: 0.61
[rosout][INFO] 2025-04-03 14:15:50,573: Back Left Min: 1.24, Back Right Min: 0.61
[rosout][INFO] 2025-04-03 14:15:50,676: Back Left Min: 1.24, Back Right Min: 0.61
[rosout][INFO] 2025-04-03 14:15:50,773: Back Left Min: 1.24, Back Right Min: 0.61
[rosout][INFO] 2025-04-03 14:15:50,876: Back Left Min: 1.23, Back Right Min: 0.61
[rosout][INFO] 2025-04-03 14:15:50,972: Back Left Min: 1.23, Back Right Min: 0.60
[rosout][INFO] 2025-04-03 14:15:51,075: Back Left Min: 1.23, Back Right Min: 0.60
[rosout][INFO] 2025-04-03 14:15:51,172: Back Left Min: 1.22, Back Right Min: 0.60
[rosout][INFO] 2025-04-03 14:15:51,276: Back Left Min: 1.22, Back Right Min: 0.61
[rosout][INFO] 2025-04-03 14:15:51,372: Back Left Min: 1.22, Back Right Min: 0.61
[rosout][INFO] 2025-04-03 14:15:51,476: Back Left Min: 1.24, Back Right Min: 0.61
[rosout][INFO] 2025-04-03 14:15:51,573: Back Left Min: 1.24, Back Right Min: 0.61
[rosout][INFO] 2025-04-03 14:15:51,676: Back Left Min: 1.25, Back Right Min: 0.61
[rosout][INFO] 2025-04-03 14:15:51,773: Back Left Min: 1.25, Back Right Min: 0.61
[rosout][INFO] 2025-04-03 14:15:51,876: Back Left Min: 1.25, Back Right Min: 0.61
[rosout][INFO] 2025-04-03 14:15:51,973: Back Left Min: 1.23, Back Right Min: 0.61
[rosout][INFO] 2025-04-03 14:15:52,076: Back Left Min: 1.23, Back Right Min: 0.61
[rosout][INFO] 2025-04-03 14:15:52,173: Back Left Min: 1.23, Back Right Min: 0.61
[rosout][INFO] 2025-04-03 14:15:52,276: Back Left Min: 1.25, Back Right Min: 0.61
[rosout][INFO] 2025-04-03 14:15:52,373: Back Left Min: 1.25, Back Right Min: 0.60
[rosout][INFO] 2025-04-03 14:15:52,476: Back Left Min: 1.25, Back Right Min: 0.60
[rosout][INFO] 2025-04-03 14:15:52,573: Back Left Min: 1.24, Back Right Min: 0.60
[rosout][INFO] 2025-04-03 14:15:52,676: Back Left Min: 1.24, Back Right Min: 0.61
[rosout][INFO] 2025-04-03 14:15:52,773: Back Left Min: 1.24, Back Right Min: 0.61
[rospy.internal][INFO] 2025-04-03 14:15:52,870: topic[/sonar_min] adding connection to [/controller_joystick], count 0
[rosout][INFO] 2025-04-03 14:15:52,877: Back Left Min: 1.25, Back Right Min: 0.61
[rosout][INFO] 2025-04-03 14:15:52,973: Back Left Min: 1.25, Back Right Min: 0.61
[rosout][INFO] 2025-04-03 14:15:53,076: Back Left Min: 1.24, Back Right Min: 0.61
[rosout][INFO] 2025-04-03 14:15:53,173: Back Left Min: 1.24, Back Right Min: 0.61
[rosout][INFO] 2025-04-03 14:15:53,276: Back Left Min: 1.24, Back Right Min: 0.61
[rosout][INFO] 2025-04-03 14:15:53,373: Back Left Min: 1.23, Back Right Min: 0.61
[rosout][INFO] 2025-04-03 14:15:53,475: Back Left Min: 1.23, Back Right Min: 0.61
[rosout][INFO] 2025-04-03 14:15:53,573: Back Left Min: 1.23, Back Right Min: 0.61
[rosout][INFO] 2025-04-03 14:15:53,676: Back Left Min: 1.22, Back Right Min: 0.61
[rosout][INFO] 2025-04-03 14:15:53,773: Back Left Min: 1.22, Back Right Min: 0.60
[rosout][INFO] 2025-04-03 14:15:53,876: Back Left Min: 1.22, Back Right Min: 0.60
[rosout][INFO] 2025-04-03 14:15:53,973: Back Left Min: 1.23, Back Right Min: 0.60
[rosout][INFO] 2025-04-03 14:15:54,076: Back Left Min: 1.23, Back Right Min: 0.61
[rosout][INFO] 2025-04-03 14:15:54,173: Back Left Min: 1.23, Back Right Min: 0.61
[rosout][INFO] 2025-04-03 14:15:54,276: Back Left Min: 1.24, Back Right Min: 0.61
[rosout][INFO] 2025-04-03 14:15:54,373: Back Left Min: 1.24, Back Right Min: 0.61
[rosout][INFO] 2025-04-03 14:15:54,476: Back Left Min: 1.25, Back Right Min: 0.61
[rosout][INFO] 2025-04-03 14:15:54,573: Back Left Min: 1.25, Back Right Min: 0.61
[rosout][INFO] 2025-04-03 14:15:54,676: Back Left Min: 1.25, Back Right Min: 0.61
[rosout][INFO] 2025-04-03 14:15:54,773: Back Left Min: 1.23, Back Right Min: 0.61
[rosout][INFO] 2025-04-03 14:15:54,876: Back Left Min: 1.23, Back Right Min: 0.61
[rosout][INFO] 2025-04-03 14:15:54,973: Back Left Min: 1.23, Back Right Min: 0.61
[rosout][INFO] 2025-04-03 14:15:55,076: Back Left Min: 1.25, Back Right Min: 0.61
[rosout][INFO] 2025-04-03 14:15:55,173: Back Left Min: 1.25, Back Right Min: 0.60
[rosout][INFO] 2025-04-03 14:15:55,276: Back Left Min: 1.25, Back Right Min: 0.60
[rosout][INFO] 2025-04-03 14:15:55,373: Back Left Min: 1.24, Back Right Min: 0.60
[rosout][INFO] 2025-04-03 14:15:55,476: Back Left Min: 1.24, Back Right Min: 0.61
[rosout][INFO] 2025-04-03 14:15:55,573: Back Left Min: 1.24, Back Right Min: 0.61
[rosout][INFO] 2025-04-03 14:15:55,676: Back Left Min: 1.25, Back Right Min: 0.61
[rosout][INFO] 2025-04-03 14:15:55,773: Back Left Min: 1.25, Back Right Min: 0.61
[rosout][INFO] 2025-04-03 14:15:55,876: Back Left Min: 1.23, Back Right Min: 0.61
[rosout][INFO] 2025-04-03 14:15:55,973: Back Left Min: 1.23, Back Right Min: 0.61
[rosout][INFO] 2025-04-03 14:15:56,076: Back Left Min: 1.23, Back Right Min: 0.61
[rosout][INFO] 2025-04-03 14:15:56,173: Back Left Min: 1.23, Back Right Min: 0.61
[rosout][INFO] 2025-04-03 14:15:56,276: Back Left Min: 1.23, Back Right Min: 0.61
[rosout][INFO] 2025-04-03 14:15:56,373: Back Left Min: 1.23, Back Right Min: 0.61
[rosout][INFO] 2025-04-03 14:15:56,476: Back Left Min: 1.25, Back Right Min: 0.61
[rosout][INFO] 2025-04-03 14:15:56,573: Back Left Min: 1.25, Back Right Min: 0.60
[rosout][INFO] 2025-04-03 14:15:56,676: Back Left Min: 1.25, Back Right Min: 0.60
[rosout][INFO] 2025-04-03 14:15:56,773: Back Left Min: 1.25, Back Right Min: 0.60
[rosout][INFO] 2025-04-03 14:15:56,876: Back Left Min: 1.25, Back Right Min: 0.61
[rosout][INFO] 2025-04-03 14:15:56,973: Back Left Min: 1.25, Back Right Min: 0.61
[rosout][INFO] 2025-04-03 14:15:57,076: Back Left Min: 1.22, Back Right Min: 0.61
[rosout][INFO] 2025-04-03 14:15:57,173: Back Left Min: 1.22, Back Right Min: 0.61
[rosout][INFO] 2025-04-03 14:15:57,276: Back Left Min: 1.24, Back Right Min: 0.61
[rosout][INFO] 2025-04-03 14:15:57,373: Back Left Min: 0.55, Back Right Min: 0.61
[rosout][INFO] 2025-04-03 14:15:57,476: Back Left Min: 0.55, Back Right Min: 0.61
[rosout][INFO] 2025-04-03 14:15:57,573: Back Left Min: 0.55, Back Right Min: 0.61
[rosout][INFO] 2025-04-03 14:15:57,676: Back Left Min: 1.25, Back Right Min: 0.61
[rosout][INFO] 2025-04-03 14:15:57,773: Back Left Min: 1.25, Back Right Min: 0.61
[rosout][INFO] 2025-04-03 14:15:57,876: Back Left Min: 1.22, Back Right Min: 0.61
[rosout][INFO] 2025-04-03 14:15:57,973: Back Left Min: 1.22, Back Right Min: 0.60
[rosout][INFO] 2025-04-03 14:15:58,076: Back Left Min: 1.22, Back Right Min: 0.60
[rosout][INFO] 2025-04-03 14:15:58,173: Back Left Min: 1.25, Back Right Min: 0.60
[rosout][INFO] 2025-04-03 14:15:58,276: Back Left Min: 1.25, Back Right Min: 0.61
[rosout][INFO] 2025-04-03 14:15:58,373: Back Left Min: 1.25, Back Right Min: 0.61
[rosout][INFO] 2025-04-03 14:15:58,476: Back Left Min: 1.23, Back Right Min: 0.61
[rosout][INFO] 2025-04-03 14:15:58,573: Back Left Min: 1.23, Back Right Min: 0.61
[rosout][INFO] 2025-04-03 14:15:58,676: Back Left Min: 1.25, Back Right Min: 0.61
[rosout][INFO] 2025-04-03 14:15:58,773: Back Left Min: 1.25, Back Right Min: 0.61
[rosout][INFO] 2025-04-03 14:15:58,876: Back Left Min: 1.25, Back Right Min: 0.61
[rosout][INFO] 2025-04-03 14:15:58,973: Back Left Min: 1.25, Back Right Min: 0.61
[rosout][INFO] 2025-04-03 14:15:59,076: Back Left Min: 1.25, Back Right Min: 0.61
[rosout][INFO] 2025-04-03 14:15:59,173: Back Left Min: 1.25, Back Right Min: 0.61
[rosout][INFO] 2025-04-03 14:15:59,276: Back Left Min: 1.23, Back Right Min: 0.61
[rosout][INFO] 2025-04-03 14:15:59,374: Back Left Min: 1.23, Back Right Min: 0.60
[rosout][INFO] 2025-04-03 14:15:59,477: Back Left Min: 1.23, Back Right Min: 0.60
[rosout][INFO] 2025-04-03 14:15:59,574: Back Left Min: 1.23, Back Right Min: 0.60
[rosout][INFO] 2025-04-03 14:15:59,677: Back Left Min: 1.23, Back Right Min: 0.61
[rosout][INFO] 2025-04-03 14:15:59,774: Back Left Min: 1.23, Back Right Min: 0.61
[rosout][INFO] 2025-04-03 14:15:59,877: Back Left Min: 1.24, Back Right Min: 0.61
[rosout][INFO] 2025-04-03 14:15:59,974: Back Left Min: 1.24, Back Right Min: 0.61
[rosout][INFO] 2025-04-03 14:16:00,078: Back Left Min: 1.23, Back Right Min: 0.61
[rosout][INFO] 2025-04-03 14:16:00,174: Back Left Min: 1.23, Back Right Min: 0.61
[rosout][INFO] 2025-04-03 14:16:00,277: Back Left Min: 1.23, Back Right Min: 0.61
[rosout][INFO] 2025-04-03 14:16:00,374: Back Left Min: 1.23, Back Right Min: 0.61
[rosout][INFO] 2025-04-03 14:16:00,477: Back Left Min: 1.23, Back Right Min: 0.61
[rosout][INFO] 2025-04-03 14:16:00,574: Back Left Min: 1.23, Back Right Min: 0.61
[rosout][INFO] 2025-04-03 14:16:00,677: Back Left Min: 1.25, Back Right Min: 0.61
[rosout][INFO] 2025-04-03 14:16:00,774: Back Left Min: 1.25, Back Right Min: 0.60
[rosout][INFO] 2025-04-03 14:16:00,878: Back Left Min: 1.25, Back Right Min: 0.60
[rosout][INFO] 2025-04-03 14:16:00,974: Back Left Min: 1.25, Back Right Min: 0.60
[rosout][INFO] 2025-04-03 14:16:01,078: Back Left Min: 1.25, Back Right Min: 0.61
[rosout][INFO] 2025-04-03 14:16:01,174: Back Left Min: 1.25, Back Right Min: 0.61
[rosout][INFO] 2025-04-03 14:16:01,278: Back Left Min: 1.25, Back Right Min: 0.61
[rosout][INFO] 2025-04-03 14:16:01,374: Back Left Min: 1.25, Back Right Min: 0.61
[rosout][INFO] 2025-04-03 14:16:01,478: Back Left Min: 1.23, Back Right Min: 0.61
[rosout][INFO] 2025-04-03 14:16:01,574: Back Left Min: 0.59, Back Right Min: 0.61
[rosout][INFO] 2025-04-03 14:16:01,678: Back Left Min: 0.59, Back Right Min: 0.61
[rosout][INFO] 2025-04-03 14:16:01,775: Back Left Min: 0.59, Back Right Min: 0.61
[rosout][INFO] 2025-04-03 14:16:01,878: Back Left Min: 1.25, Back Right Min: 0.61
[rosout][INFO] 2025-04-03 14:16:01,975: Back Left Min: 1.25, Back Right Min: 0.61
[rosout][INFO] 2025-04-03 14:16:02,079: Back Left Min: 1.22, Back Right Min: 0.61
[rosout][INFO] 2025-04-03 14:16:02,175: Back Left Min: 1.22, Back Right Min: 0.60
[rosout][INFO] 2025-04-03 14:16:02,278: Back Left Min: 1.22, Back Right Min: 0.60
[rosout][INFO] 2025-04-03 14:16:02,375: Back Left Min: 1.25, Back Right Min: 0.60
[rosout][INFO] 2025-04-03 14:16:02,478: Back Left Min: 1.25, Back Right Min: 0.61
[rosout][INFO] 2025-04-03 14:16:02,575: Back Left Min: 1.25, Back Right Min: 0.61
[rosout][INFO] 2025-04-03 14:16:02,678: Back Left Min: 1.25, Back Right Min: 0.61
[rosout][INFO] 2025-04-03 14:16:02,775: Back Left Min: 1.25, Back Right Min: 0.61
[rosout][INFO] 2025-04-03 14:16:02,878: Back Left Min: 1.24, Back Right Min: 0.61
[rosout][INFO] 2025-04-03 14:16:02,975: Back Left Min: 1.24, Back Right Min: 0.61
[rosout][INFO] 2025-04-03 14:16:03,078: Back Left Min: 1.24, Back Right Min: 0.61
[rosout][INFO] 2025-04-03 14:16:03,175: Back Left Min: 1.25, Back Right Min: 0.61
[rosout][INFO] 2025-04-03 14:16:03,278: Back Left Min: 1.25, Back Right Min: 0.61
[rosout][INFO] 2025-04-03 14:16:03,375: Back Left Min: 1.25, Back Right Min: 0.61
[rosout][INFO] 2025-04-03 14:16:03,478: Back Left Min: 0.52, Back Right Min: 0.61
[rosout][INFO] 2025-04-03 14:16:03,575: Back Left Min: 0.52, Back Right Min: 0.60
[rosout][INFO] 2025-04-03 14:16:03,678: Back Left Min: 0.52, Back Right Min: 0.60
[rosout][INFO] 2025-04-03 14:16:03,775: Back Left Min: 0.52, Back Right Min: 0.60
[rosout][INFO] 2025-04-03 14:16:03,878: Back Left Min: 0.52, Back Right Min: 0.61
[rosout][INFO] 2025-04-03 14:16:03,975: Back Left Min: 0.52, Back Right Min: 0.61
[rosout][INFO] 2025-04-03 14:16:04,078: Back Left Min: 1.24, Back Right Min: 0.61
[rosout][INFO] 2025-04-03 14:16:04,175: Back Left Min: 1.24, Back Right Min: 0.61
[rosout][INFO] 2025-04-03 14:16:04,278: Back Left Min: 1.23, Back Right Min: 0.61
[rosout][INFO] 2025-04-03 14:16:04,375: Back Left Min: 0.48, Back Right Min: 0.61
[rosout][INFO] 2025-04-03 14:16:04,479: Back Left Min: 0.48, Back Right Min: 0.61
[rosout][INFO] 2025-04-03 14:16:04,575: Back Left Min: 0.48, Back Right Min: 0.61
[rosout][INFO] 2025-04-03 14:16:04,679: Back Left Min: 0.57, Back Right Min: 0.61
[rosout][INFO] 2025-04-03 14:16:04,776: Back Left Min: 0.57, Back Right Min: 0.61
[rosout][INFO] 2025-04-03 14:16:04,879: Back Left Min: 0.57, Back Right Min: 0.61
[rosout][INFO] 2025-04-03 14:16:04,975: Back Left Min: 0.57, Back Right Min: 0.60
[rosout][INFO] 2025-04-03 14:16:05,079: Back Left Min: 0.57, Back Right Min: 0.60
[rosout][INFO] 2025-04-03 14:16:05,176: Back Left Min: 0.53, Back Right Min: 0.60
[rosout][INFO] 2025-04-03 14:16:05,279: Back Left Min: 0.53, Back Right Min: 0.61
[rosout][INFO] 2025-04-03 14:16:05,376: Back Left Min: 0.53, Back Right Min: 0.61
[rosout][INFO] 2025-04-03 14:16:05,479: Back Left Min: 0.57, Back Right Min: 0.61
[rosout][INFO] 2025-04-03 14:16:05,576: Back Left Min: 0.57, Back Right Min: 0.61
[rosout][INFO] 2025-04-03 14:16:05,679: Back Left Min: 0.58, Back Right Min: 0.61
[rosout][INFO] 2025-04-03 14:16:05,776: Back Left Min: 0.58, Back Right Min: 0.61
[rosout][INFO] 2025-04-03 14:16:05,879: Back Left Min: 0.58, Back Right Min: 0.61
[rosout][INFO] 2025-04-03 14:16:05,976: Back Left Min: 0.56, Back Right Min: 0.61
[rosout][INFO] 2025-04-03 14:16:06,079: Back Left Min: 0.53, Back Right Min: 0.61
[rosout][INFO] 2025-04-03 14:16:06,176: Back Left Min: 0.53, Back Right Min: 0.61
[rosout][INFO] 2025-04-03 14:16:06,280: Back Left Min: 0.61, Back Right Min: 0.61
[rosout][INFO] 2025-04-03 14:16:06,376: Back Left Min: 0.61, Back Right Min: 0.60
[rosout][INFO] 2025-04-03 14:16:06,480: Back Left Min: 0.61, Back Right Min: 0.60
[rosout][INFO] 2025-04-03 14:16:06,576: Back Left Min: 1.25, Back Right Min: 0.60
[rosout][INFO] 2025-04-03 14:16:06,680: Back Left Min: 1.25, Back Right Min: 0.61
[rosout][INFO] 2025-04-03 14:16:06,776: Back Left Min: 1.25, Back Right Min: 0.61
[rosout][INFO] 2025-04-03 14:16:06,880: Back Left Min: 1.22, Back Right Min: 0.61
[rosout][INFO] 2025-04-03 14:16:06,977: Back Left Min: 1.22, Back Right Min: 0.61
[rosout][INFO] 2025-04-03 14:16:07,080: Back Left Min: 1.25, Back Right Min: 0.61
[rosout][INFO] 2025-04-03 14:16:07,177: Back Left Min: 1.25, Back Right Min: 0.61
[rosout][INFO] 2025-04-03 14:16:07,280: Back Left Min: 1.25, Back Right Min: 0.61
[rospy.internal][INFO] 2025-04-03 14:16:07,297: topic[/sonar_min] removing connection to /controller_joystick
[rosout][INFO] 2025-04-03 14:16:07,377: Back Left Min: 1.25, Back Right Min: 0.61
[rosout][INFO] 2025-04-03 14:16:07,480: Back Left Min: 1.25, Back Right Min: 0.61
[rosout][INFO] 2025-04-03 14:16:07,577: Back Left Min: 1.25, Back Right Min: 0.61
[rosout][INFO] 2025-04-03 14:16:07,680: Back Left Min: 1.23, Back Right Min: 0.61
[rosout][INFO] 2025-04-03 14:16:07,777: Back Left Min: 1.23, Back Right Min: 0.60
[rosout][INFO] 2025-04-03 14:16:07,880: Back Left Min: 1.23, Back Right Min: 0.60
[rosout][INFO] 2025-04-03 14:16:07,977: Back Left Min: 1.24, Back Right Min: 0.60
[rosout][INFO] 2025-04-03 14:16:08,080: Back Left Min: 1.24, Back Right Min: 0.61
[rosout][INFO] 2025-04-03 14:16:08,177: Back Left Min: 1.24, Back Right Min: 0.61
[rosout][INFO] 2025-04-03 14:16:08,280: Back Left Min: 1.23, Back Right Min: 0.61
[rosout][INFO] 2025-04-03 14:16:08,377: Back Left Min: 1.23, Back Right Min: 0.61
[rosout][INFO] 2025-04-03 14:16:08,480: Back Left Min: 1.24, Back Right Min: 0.61
[rosout][INFO] 2025-04-03 14:16:08,577: Back Left Min: 1.24, Back Right Min: 0.61
[rosout][INFO] 2025-04-03 14:16:08,680: Back Left Min: 1.24, Back Right Min: 0.61
[rosout][INFO] 2025-04-03 14:16:08,777: Back Left Min: 1.22, Back Right Min: 0.61
[rosout][INFO] 2025-04-03 14:16:08,880: Back Left Min: 1.22, Back Right Min: 0.61
[rosout][INFO] 2025-04-03 14:16:08,977: Back Left Min: 1.22, Back Right Min: 0.61
[rosout][INFO] 2025-04-03 14:16:09,080: Back Left Min: 1.25, Back Right Min: 0.61
[rosout][INFO] 2025-04-03 14:16:09,178: Back Left Min: 1.25, Back Right Min: 0.60
[rosout][INFO] 2025-04-03 14:16:09,281: Back Left Min: 1.25, Back Right Min: 0.60
[rosout][INFO] 2025-04-03 14:16:09,378: Back Left Min: 1.24, Back Right Min: 0.60
[rosout][INFO] 2025-04-03 14:16:09,481: Back Left Min: 1.24, Back Right Min: 0.61
[rosout][INFO] 2025-04-03 14:16:09,578: Back Left Min: 1.24, Back Right Min: 0.61
[rosout][INFO] 2025-04-03 14:16:09,681: Back Left Min: 1.24, Back Right Min: 0.61
[rosout][INFO] 2025-04-03 14:16:09,778: Back Left Min: 1.24, Back Right Min: 0.61
[rosout][INFO] 2025-04-03 14:16:09,881: Back Left Min: 1.23, Back Right Min: 0.61
[rosout][INFO] 2025-04-03 14:16:09,978: Back Left Min: 1.23, Back Right Min: 0.61
[rosout][INFO] 2025-04-03 14:16:10,081: Back Left Min: 1.23, Back Right Min: 0.61
[rosout][INFO] 2025-04-03 14:16:10,178: Back Left Min: 1.22, Back Right Min: 0.61
[rosout][INFO] 2025-04-03 14:16:10,281: Back Left Min: 1.22, Back Right Min: 0.61
[rosout][INFO] 2025-04-03 14:16:10,378: Back Left Min: 1.22, Back Right Min: 0.61
[rosout][INFO] 2025-04-03 14:16:10,481: Back Left Min: 1.23, Back Right Min: 0.61
[rosout][INFO] 2025-04-03 14:16:10,578: Back Left Min: 1.23, Back Right Min: 0.60
[rosout][INFO] 2025-04-03 14:16:10,680: Back Left Min: 1.23, Back Right Min: 0.60
[rosout][INFO] 2025-04-03 14:16:10,777: Back Left Min: 1.23, Back Right Min: 0.60
[rosout][INFO] 2025-04-03 14:16:10,882: Back Left Min: 1.23, Back Right Min: 0.61
[rosout][INFO] 2025-04-03 14:16:10,978: Back Left Min: 1.23, Back Right Min: 0.61
[rosout][INFO] 2025-04-03 14:16:11,081: Back Left Min: 1.23, Back Right Min: 0.61
[rosout][INFO] 2025-04-03 14:16:11,178: Back Left Min: 1.23, Back Right Min: 0.61
[rosout][INFO] 2025-04-03 14:16:11,281: Back Left Min: 1.23, Back Right Min: 0.61
[rosout][INFO] 2025-04-03 14:16:11,378: Back Left Min: 1.23, Back Right Min: 0.61
[rosout][INFO] 2025-04-03 14:16:11,482: Back Left Min: 1.23, Back Right Min: 0.61
[rosout][INFO] 2025-04-03 14:16:11,578: Back Left Min: 1.25, Back Right Min: 0.61
[rosout][INFO] 2025-04-03 14:16:11,681: Back Left Min: 1.25, Back Right Min: 0.61
[rosout][INFO] 2025-04-03 14:16:11,779: Back Left Min: 1.25, Back Right Min: 0.61
[rosout][INFO] 2025-04-03 14:16:11,882: Back Left Min: 1.25, Back Right Min: 0.61
[rospy.core][INFO] 2025-04-03 14:16:11,892: signal_shutdown [signal-2]
[rospy.internal][INFO] 2025-04-03 14:16:11,901: topic[/rosout] removing connection to /rosout
[rospy.internal][INFO] 2025-04-03 14:16:11,901: topic[/RosAria/sonar] removing connection to http://localhost:36621/
[rospy.impl.masterslave][INFO] 2025-04-03 14:16:11,902: signal-2
[rospy.core][INFO] 2025-04-03 14:16:12,019: signal_shutdown [atexit]
