[rospy.client][INFO] 2025-03-27 14:06:59,811: init_node, name[/sonar_processor_4661_1743059219799], pid[4661]
[xmlrpc][INFO] 2025-03-27 14:06:59,811: XML-RPC server binding to 127.0.0.1:0
[xmlrpc][INFO] 2025-03-27 14:06:59,812: Started XML-RPC server [http://localhost:39831/]
[rospy.init][INFO] 2025-03-27 14:06:59,812: ROS Slave URI: [http://localhost:39831/]
[rospy.impl.masterslave][INFO] 2025-03-27 14:06:59,812: _ready: http://localhost:39831/
[rospy.registration][INFO] 2025-03-27 14:06:59,812: Registering with master node http://localhost:11311
[xmlrpc][INFO] 2025-03-27 14:06:59,812: xml rpc node: starting XML-RPC server
[rospy.init][INFO] 2025-03-27 14:06:59,912: registered with master
[rospy.rosout][INFO] 2025-03-27 14:06:59,913: initializing /rosout core topic
[rospy.rosout][INFO] 2025-03-27 14:06:59,918: connected to core topic /rosout
[rospy.simtime][INFO] 2025-03-27 14:06:59,921: /use_sim_time is not set, will not subscribe to simulated time [/clock] topic
[rosout][INFO] 2025-03-27 14:06:59,935: Sonar processor initialized
[rospy.internal][INFO] 2025-03-27 14:06:59,980: topic[/RosAria/sonar] adding connection to [http://localhost:37299/], count 0
[rosout][INFO] 2025-03-27 14:07:00,032: Back Left Min: 1.17, Back Right Min: 1.35
[rosout][INFO] 2025-03-27 14:07:00,136: Back Left Min: 1.17, Back Right Min: 1.35
[rospy.internal][INFO] 2025-03-27 14:07:00,164: topic[/rosout] adding connection to [/rosout], count 0
[rosout][INFO] 2025-03-27 14:07:00,239: Back Left Min: 1.17, Back Right Min: 1.35
[rosout][INFO] 2025-03-27 14:07:00,336: Back Left Min: 1.17, Back Right Min: 1.35
[rosout][INFO] 2025-03-27 14:07:00,439: Back Left Min: 1.17, Back Right Min: 1.35
[rosout][INFO] 2025-03-27 14:07:00,536: Back Left Min: 1.17, Back Right Min: 1.35
[rosout][INFO] 2025-03-27 14:07:00,639: Back Left Min: 1.17, Back Right Min: 1.35
[rosout][INFO] 2025-03-27 14:07:00,736: Back Left Min: 1.17, Back Right Min: 1.35
[rosout][INFO] 2025-03-27 14:07:00,839: Back Left Min: 1.17, Back Right Min: 1.35
[rosout][INFO] 2025-03-27 14:07:00,936: Back Left Min: 1.17, Back Right Min: 1.35
[rosout][INFO] 2025-03-27 14:07:01,039: Back Left Min: 1.17, Back Right Min: 1.35
[rosout][INFO] 2025-03-27 14:07:01,136: Back Left Min: 1.17, Back Right Min: 1.35
[rosout][INFO] 2025-03-27 14:07:01,239: Back Left Min: 1.17, Back Right Min: 1.35
[rosout][INFO] 2025-03-27 14:07:01,337: Back Left Min: 1.17, Back Right Min: 1.35
[rosout][INFO] 2025-03-27 14:07:01,439: Back Left Min: 1.17, Back Right Min: 1.35
[rosout][INFO] 2025-03-27 14:07:01,537: Back Left Min: 1.17, Back Right Min: 1.35
[rosout][INFO] 2025-03-27 14:07:01,639: Back Left Min: 1.17, Back Right Min: 1.35
[rosout][INFO] 2025-03-27 14:07:01,737: Back Left Min: 1.17, Back Right Min: 1.35
[rosout][INFO] 2025-03-27 14:07:01,840: Back Left Min: 1.17, Back Right Min: 1.35
[rosout][INFO] 2025-03-27 14:07:01,937: Back Left Min: 1.17, Back Right Min: 1.35
[rosout][INFO] 2025-03-27 14:07:02,040: Back Left Min: 1.17, Back Right Min: 1.35
[rosout][INFO] 2025-03-27 14:07:02,137: Back Left Min: 1.17, Back Right Min: 1.35
[rosout][INFO] 2025-03-27 14:07:02,240: Back Left Min: 1.17, Back Right Min: 1.35
[rosout][INFO] 2025-03-27 14:07:02,337: Back Left Min: 1.17, Back Right Min: 1.35
[rosout][INFO] 2025-03-27 14:07:02,440: Back Left Min: 1.17, Back Right Min: 1.35
[rosout][INFO] 2025-03-27 14:07:02,537: Back Left Min: 1.17, Back Right Min: 1.35
[rosout][INFO] 2025-03-27 14:07:02,640: Back Left Min: 1.17, Back Right Min: 1.35
[rosout][INFO] 2025-03-27 14:07:02,737: Back Left Min: 1.17, Back Right Min: 1.35
[rosout][INFO] 2025-03-27 14:07:02,840: Back Left Min: 1.17, Back Right Min: 1.35
[rosout][INFO] 2025-03-27 14:07:02,937: Back Left Min: 1.17, Back Right Min: 1.35
[rosout][INFO] 2025-03-27 14:07:03,040: Back Left Min: 1.17, Back Right Min: 1.35
[rosout][INFO] 2025-03-27 14:07:03,137: Back Left Min: 1.17, Back Right Min: 1.35
[rosout][INFO] 2025-03-27 14:07:03,240: Back Left Min: 1.17, Back Right Min: 1.35
[rosout][INFO] 2025-03-27 14:07:03,337: Back Left Min: 1.17, Back Right Min: 1.35
[rosout][INFO] 2025-03-27 14:07:03,440: Back Left Min: 1.17, Back Right Min: 1.35
[rosout][INFO] 2025-03-27 14:07:03,537: Back Left Min: 1.17, Back Right Min: 1.35
[rosout][INFO] 2025-03-27 14:07:03,640: Back Left Min: 1.17, Back Right Min: 1.35
[rosout][INFO] 2025-03-27 14:07:03,737: Back Left Min: 1.17, Back Right Min: 1.35
[rosout][INFO] 2025-03-27 14:07:03,840: Back Left Min: 1.17, Back Right Min: 1.35
[rosout][INFO] 2025-03-27 14:07:03,937: Back Left Min: 1.17, Back Right Min: 1.35
[rosout][INFO] 2025-03-27 14:07:04,040: Back Left Min: 1.17, Back Right Min: 1.35
[rosout][INFO] 2025-03-27 14:07:04,137: Back Left Min: 1.17, Back Right Min: 1.35
[rosout][INFO] 2025-03-27 14:07:04,241: Back Left Min: 1.17, Back Right Min: 1.35
[rosout][INFO] 2025-03-27 14:07:04,337: Back Left Min: 1.17, Back Right Min: 1.35
[rosout][INFO] 2025-03-27 14:07:04,441: Back Left Min: 1.17, Back Right Min: 1.35
[rosout][INFO] 2025-03-27 14:07:04,537: Back Left Min: 1.17, Back Right Min: 1.35
[rosout][INFO] 2025-03-27 14:07:04,641: Back Left Min: 1.17, Back Right Min: 1.35
[rosout][INFO] 2025-03-27 14:07:04,738: Back Left Min: 1.17, Back Right Min: 1.35
[rosout][INFO] 2025-03-27 14:07:04,841: Back Left Min: 1.17, Back Right Min: 1.35
[rosout][INFO] 2025-03-27 14:07:04,938: Back Left Min: 1.17, Back Right Min: 1.35
[rosout][INFO] 2025-03-27 14:07:05,041: Back Left Min: 1.17, Back Right Min: 1.35
[rosout][INFO] 2025-03-27 14:07:05,138: Back Left Min: 1.17, Back Right Min: 1.35
[rosout][INFO] 2025-03-27 14:07:05,241: Back Left Min: 1.17, Back Right Min: 1.35
[rosout][INFO] 2025-03-27 14:07:05,338: Back Left Min: 1.17, Back Right Min: 1.35
[rosout][INFO] 2025-03-27 14:07:05,441: Back Left Min: 1.17, Back Right Min: 1.35
[rosout][INFO] 2025-03-27 14:07:05,538: Back Left Min: 1.17, Back Right Min: 1.35
[rosout][INFO] 2025-03-27 14:07:05,641: Back Left Min: 1.17, Back Right Min: 1.35
[rosout][INFO] 2025-03-27 14:07:05,738: Back Left Min: 1.17, Back Right Min: 1.35
[rosout][INFO] 2025-03-27 14:07:05,841: Back Left Min: 1.17, Back Right Min: 1.35
[rosout][INFO] 2025-03-27 14:07:05,938: Back Left Min: 1.17, Back Right Min: 1.35
[rosout][INFO] 2025-03-27 14:07:06,041: Back Left Min: 1.17, Back Right Min: 1.35
[rosout][INFO] 2025-03-27 14:07:06,138: Back Left Min: 1.17, Back Right Min: 1.35
[rosout][INFO] 2025-03-27 14:07:06,241: Back Left Min: 1.17, Back Right Min: 1.35
[rosout][INFO] 2025-03-27 14:07:06,338: Back Left Min: 1.17, Back Right Min: 1.35
[rosout][INFO] 2025-03-27 14:07:06,441: Back Left Min: 1.17, Back Right Min: 1.35
[rosout][INFO] 2025-03-27 14:07:06,538: Back Left Min: 1.17, Back Right Min: 1.35
[rosout][INFO] 2025-03-27 14:07:06,641: Back Left Min: 1.17, Back Right Min: 1.35
[rosout][INFO] 2025-03-27 14:07:06,738: Back Left Min: 1.17, Back Right Min: 1.35
[rosout][INFO] 2025-03-27 14:07:06,842: Back Left Min: 1.17, Back Right Min: 1.35
[rosout][INFO] 2025-03-27 14:07:06,938: Back Left Min: 1.17, Back Right Min: 1.35
[rosout][INFO] 2025-03-27 14:07:07,042: Back Left Min: 1.17, Back Right Min: 1.35
[rosout][INFO] 2025-03-27 14:07:07,139: Back Left Min: 1.17, Back Right Min: 1.35
[rosout][INFO] 2025-03-27 14:07:07,242: Back Left Min: 1.17, Back Right Min: 1.35
[rosout][INFO] 2025-03-27 14:07:07,339: Back Left Min: 1.17, Back Right Min: 1.35
[rosout][INFO] 2025-03-27 14:07:07,442: Back Left Min: 1.17, Back Right Min: 1.35
[rosout][INFO] 2025-03-27 14:07:07,539: Back Left Min: 1.17, Back Right Min: 1.35
[rosout][INFO] 2025-03-27 14:07:07,642: Back Left Min: 1.17, Back Right Min: 1.35
[rosout][INFO] 2025-03-27 14:07:07,739: Back Left Min: 1.17, Back Right Min: 1.35
[rosout][INFO] 2025-03-27 14:07:07,842: Back Left Min: 1.17, Back Right Min: 1.35
[rosout][INFO] 2025-03-27 14:07:07,939: Back Left Min: 1.17, Back Right Min: 1.35
[rosout][INFO] 2025-03-27 14:07:08,042: Back Left Min: 1.17, Back Right Min: 1.35
[rosout][INFO] 2025-03-27 14:07:08,139: Back Left Min: 1.17, Back Right Min: 1.35
[rosout][INFO] 2025-03-27 14:07:08,242: Back Left Min: 1.17, Back Right Min: 1.35
[rosout][INFO] 2025-03-27 14:07:08,339: Back Left Min: 1.17, Back Right Min: 1.35
[rosout][INFO] 2025-03-27 14:07:08,442: Back Left Min: 1.17, Back Right Min: 1.35
[rosout][INFO] 2025-03-27 14:07:08,539: Back Left Min: 1.17, Back Right Min: 1.35
[rosout][INFO] 2025-03-27 14:07:08,642: Back Left Min: 1.17, Back Right Min: 1.35
[rosout][INFO] 2025-03-27 14:07:08,739: Back Left Min: 1.17, Back Right Min: 1.35
[rosout][INFO] 2025-03-27 14:07:08,842: Back Left Min: 1.17, Back Right Min: 1.35
[rosout][INFO] 2025-03-27 14:07:08,939: Back Left Min: 1.17, Back Right Min: 1.35
[rosout][INFO] 2025-03-27 14:07:09,042: Back Left Min: 1.17, Back Right Min: 1.35
[rosout][INFO] 2025-03-27 14:07:09,139: Back Left Min: 1.17, Back Right Min: 1.35
[rosout][INFO] 2025-03-27 14:07:09,242: Back Left Min: 1.17, Back Right Min: 1.35
[rosout][INFO] 2025-03-27 14:07:09,339: Back Left Min: 1.17, Back Right Min: 1.35
[rosout][INFO] 2025-03-27 14:07:09,443: Back Left Min: 1.17, Back Right Min: 1.35
[rosout][INFO] 2025-03-27 14:07:09,540: Back Left Min: 1.17, Back Right Min: 1.35
[rosout][INFO] 2025-03-27 14:07:09,643: Back Left Min: 1.17, Back Right Min: 1.35
[rosout][INFO] 2025-03-27 14:07:09,740: Back Left Min: 1.17, Back Right Min: 1.35
[rosout][INFO] 2025-03-27 14:07:09,843: Back Left Min: 1.17, Back Right Min: 1.35
[rosout][INFO] 2025-03-27 14:07:09,940: Back Left Min: 1.17, Back Right Min: 1.35
[rosout][INFO] 2025-03-27 14:07:10,043: Back Left Min: 1.17, Back Right Min: 1.35
[rosout][INFO] 2025-03-27 14:07:10,140: Back Left Min: 1.17, Back Right Min: 1.35
[rosout][INFO] 2025-03-27 14:07:10,243: Back Left Min: 1.17, Back Right Min: 1.35
[rosout][INFO] 2025-03-27 14:07:10,340: Back Left Min: 1.17, Back Right Min: 1.35
[rosout][INFO] 2025-03-27 14:07:10,443: Back Left Min: 1.17, Back Right Min: 1.35
[rosout][INFO] 2025-03-27 14:07:10,540: Back Left Min: 1.17, Back Right Min: 1.35
[rosout][INFO] 2025-03-27 14:07:10,643: Back Left Min: 1.17, Back Right Min: 1.35
[rosout][INFO] 2025-03-27 14:07:10,740: Back Left Min: 1.17, Back Right Min: 1.35
[rosout][INFO] 2025-03-27 14:07:10,843: Back Left Min: 1.17, Back Right Min: 1.35
[rosout][INFO] 2025-03-27 14:07:10,940: Back Left Min: 1.17, Back Right Min: 1.35
[rosout][INFO] 2025-03-27 14:07:11,043: Back Left Min: 1.17, Back Right Min: 1.35
[rosout][INFO] 2025-03-27 14:07:11,140: Back Left Min: 1.17, Back Right Min: 1.35
[rosout][INFO] 2025-03-27 14:07:11,243: Back Left Min: 1.17, Back Right Min: 1.35
[rosout][INFO] 2025-03-27 14:07:11,340: Back Left Min: 1.17, Back Right Min: 1.35
[rosout][INFO] 2025-03-27 14:07:11,443: Back Left Min: 1.17, Back Right Min: 1.35
[rosout][INFO] 2025-03-27 14:07:11,540: Back Left Min: 1.17, Back Right Min: 1.35
[rosout][INFO] 2025-03-27 14:07:11,643: Back Left Min: 1.17, Back Right Min: 1.35
[rosout][INFO] 2025-03-27 14:07:11,740: Back Left Min: 1.17, Back Right Min: 1.35
[rosout][INFO] 2025-03-27 14:07:11,844: Back Left Min: 1.17, Back Right Min: 1.35
[rosout][INFO] 2025-03-27 14:07:11,940: Back Left Min: 1.17, Back Right Min: 1.35
[rosout][INFO] 2025-03-27 14:07:12,044: Back Left Min: 1.17, Back Right Min: 1.35
[rosout][INFO] 2025-03-27 14:07:12,141: Back Left Min: 1.17, Back Right Min: 1.35
[rosout][INFO] 2025-03-27 14:07:12,244: Back Left Min: 1.17, Back Right Min: 1.35
[rosout][INFO] 2025-03-27 14:07:12,341: Back Left Min: 1.17, Back Right Min: 1.35
[rosout][INFO] 2025-03-27 14:07:12,444: Back Left Min: 1.17, Back Right Min: 1.35
[rosout][INFO] 2025-03-27 14:07:12,541: Back Left Min: 1.17, Back Right Min: 1.35
[rosout][INFO] 2025-03-27 14:07:12,644: Back Left Min: 1.17, Back Right Min: 1.35
[rosout][INFO] 2025-03-27 14:07:12,741: Back Left Min: 1.17, Back Right Min: 1.35
[rosout][INFO] 2025-03-27 14:07:12,844: Back Left Min: 1.17, Back Right Min: 1.35
[rosout][INFO] 2025-03-27 14:07:12,941: Back Left Min: 1.17, Back Right Min: 1.35
[rosout][INFO] 2025-03-27 14:07:13,044: Back Left Min: 1.17, Back Right Min: 1.35
[rosout][INFO] 2025-03-27 14:07:13,141: Back Left Min: 1.17, Back Right Min: 1.35
[rosout][INFO] 2025-03-27 14:07:13,244: Back Left Min: 1.17, Back Right Min: 1.35
[rosout][INFO] 2025-03-27 14:07:13,341: Back Left Min: 1.17, Back Right Min: 1.35
[rosout][INFO] 2025-03-27 14:07:13,444: Back Left Min: 1.17, Back Right Min: 1.35
[rosout][INFO] 2025-03-27 14:07:13,541: Back Left Min: 1.17, Back Right Min: 1.35
[rosout][INFO] 2025-03-27 14:07:13,644: Back Left Min: 1.17, Back Right Min: 1.35
[rosout][INFO] 2025-03-27 14:07:13,741: Back Left Min: 1.17, Back Right Min: 1.35
[rosout][INFO] 2025-03-27 14:07:13,844: Back Left Min: 1.17, Back Right Min: 1.35
[rosout][INFO] 2025-03-27 14:07:13,941: Back Left Min: 1.17, Back Right Min: 1.35
[rosout][INFO] 2025-03-27 14:07:14,044: Back Left Min: 1.17, Back Right Min: 1.35
[rosout][INFO] 2025-03-27 14:07:14,141: Back Left Min: 1.17, Back Right Min: 1.35
[rosout][INFO] 2025-03-27 14:07:14,245: Back Left Min: 1.17, Back Right Min: 1.35
[rosout][INFO] 2025-03-27 14:07:14,341: Back Left Min: 1.17, Back Right Min: 1.35
[rosout][INFO] 2025-03-27 14:07:14,445: Back Left Min: 1.17, Back Right Min: 1.35
[rosout][INFO] 2025-03-27 14:07:14,541: Back Left Min: 1.17, Back Right Min: 1.35
[rosout][INFO] 2025-03-27 14:07:14,645: Back Left Min: 1.17, Back Right Min: 1.35
[rosout][INFO] 2025-03-27 14:07:14,742: Back Left Min: 1.17, Back Right Min: 1.35
[rosout][INFO] 2025-03-27 14:07:14,845: Back Left Min: 1.17, Back Right Min: 1.35
[rosout][INFO] 2025-03-27 14:07:14,942: Back Left Min: 1.17, Back Right Min: 1.35
[rosout][INFO] 2025-03-27 14:07:15,045: Back Left Min: 1.17, Back Right Min: 1.35
[rosout][INFO] 2025-03-27 14:07:15,142: Back Left Min: 1.17, Back Right Min: 1.35
[rosout][INFO] 2025-03-27 14:07:15,245: Back Left Min: 1.17, Back Right Min: 1.35
[rosout][INFO] 2025-03-27 14:07:15,342: Back Left Min: 1.17, Back Right Min: 1.35
[rosout][INFO] 2025-03-27 14:07:15,445: Back Left Min: 1.17, Back Right Min: 1.35
[rosout][INFO] 2025-03-27 14:07:15,542: Back Left Min: 1.17, Back Right Min: 1.35
[rosout][INFO] 2025-03-27 14:07:15,645: Back Left Min: 1.17, Back Right Min: 1.35
[rosout][INFO] 2025-03-27 14:07:15,742: Back Left Min: 1.17, Back Right Min: 1.35
[rosout][INFO] 2025-03-27 14:07:15,845: Back Left Min: 1.17, Back Right Min: 1.35
[rosout][INFO] 2025-03-27 14:07:15,942: Back Left Min: 1.17, Back Right Min: 1.35
[rosout][INFO] 2025-03-27 14:07:16,045: Back Left Min: 1.17, Back Right Min: 1.35
[rosout][INFO] 2025-03-27 14:07:16,142: Back Left Min: 1.17, Back Right Min: 1.35
[rosout][INFO] 2025-03-27 14:07:16,245: Back Left Min: 1.17, Back Right Min: 1.35
[rosout][INFO] 2025-03-27 14:07:16,342: Back Left Min: 1.17, Back Right Min: 1.35
[rosout][INFO] 2025-03-27 14:07:16,445: Back Left Min: 1.17, Back Right Min: 1.35
[rosout][INFO] 2025-03-27 14:07:16,542: Back Left Min: 1.17, Back Right Min: 1.35
[rosout][INFO] 2025-03-27 14:07:16,645: Back Left Min: 1.17, Back Right Min: 1.35
[rosout][INFO] 2025-03-27 14:07:16,742: Back Left Min: 1.17, Back Right Min: 1.35
[rosout][INFO] 2025-03-27 14:07:16,846: Back Left Min: 1.17, Back Right Min: 1.35
[rosout][INFO] 2025-03-27 14:07:16,942: Back Left Min: 1.17, Back Right Min: 1.35
[rosout][INFO] 2025-03-27 14:07:17,046: Back Left Min: 1.17, Back Right Min: 1.35
[rosout][INFO] 2025-03-27 14:07:17,143: Back Left Min: 1.17, Back Right Min: 1.35
[rosout][INFO] 2025-03-27 14:07:17,246: Back Left Min: 1.17, Back Right Min: 1.35
[rosout][INFO] 2025-03-27 14:07:17,343: Back Left Min: 1.17, Back Right Min: 1.35
[rosout][INFO] 2025-03-27 14:07:17,446: Back Left Min: 1.17, Back Right Min: 1.35
[rosout][INFO] 2025-03-27 14:07:17,543: Back Left Min: 1.17, Back Right Min: 1.35
[rosout][INFO] 2025-03-27 14:07:17,646: Back Left Min: 1.17, Back Right Min: 1.35
[rosout][INFO] 2025-03-27 14:07:17,743: Back Left Min: 1.17, Back Right Min: 1.35
[rosout][INFO] 2025-03-27 14:07:17,846: Back Left Min: 1.17, Back Right Min: 1.35
[rosout][INFO] 2025-03-27 14:07:17,943: Back Left Min: 1.17, Back Right Min: 1.35
[rosout][INFO] 2025-03-27 14:07:18,046: Back Left Min: 1.17, Back Right Min: 1.35
[rosout][INFO] 2025-03-27 14:07:18,143: Back Left Min: 1.17, Back Right Min: 1.35
[rosout][INFO] 2025-03-27 14:07:18,246: Back Left Min: 1.17, Back Right Min: 1.35
[rosout][INFO] 2025-03-27 14:07:18,343: Back Left Min: 1.17, Back Right Min: 1.35
[rosout][INFO] 2025-03-27 14:07:18,446: Back Left Min: 1.17, Back Right Min: 1.35
[rosout][INFO] 2025-03-27 14:07:18,543: Back Left Min: 1.17, Back Right Min: 1.35
[rosout][INFO] 2025-03-27 14:07:18,646: Back Left Min: 1.17, Back Right Min: 1.35
[rosout][INFO] 2025-03-27 14:07:18,743: Back Left Min: 1.17, Back Right Min: 1.35
[rosout][INFO] 2025-03-27 14:07:18,846: Back Left Min: 1.17, Back Right Min: 1.35
[rosout][INFO] 2025-03-27 14:07:18,943: Back Left Min: 1.17, Back Right Min: 1.35
[rosout][INFO] 2025-03-27 14:07:19,046: Back Left Min: 1.17, Back Right Min: 1.35
[rosout][INFO] 2025-03-27 14:07:19,143: Back Left Min: 1.17, Back Right Min: 1.35
[rosout][INFO] 2025-03-27 14:07:19,247: Back Left Min: 1.17, Back Right Min: 1.35
[rosout][INFO] 2025-03-27 14:07:19,343: Back Left Min: 1.17, Back Right Min: 1.35
[rosout][INFO] 2025-03-27 14:07:19,447: Back Left Min: 1.17, Back Right Min: 1.35
[rosout][INFO] 2025-03-27 14:07:19,543: Back Left Min: 1.17, Back Right Min: 1.35
[rosout][INFO] 2025-03-27 14:07:19,647: Back Left Min: 1.17, Back Right Min: 1.35
[rosout][INFO] 2025-03-27 14:07:19,744: Back Left Min: 1.17, Back Right Min: 1.35
[rosout][INFO] 2025-03-27 14:07:19,847: Back Left Min: 1.17, Back Right Min: 1.35
[rosout][INFO] 2025-03-27 14:07:19,944: Back Left Min: 1.17, Back Right Min: 1.35
[rosout][INFO] 2025-03-27 14:07:20,047: Back Left Min: 1.17, Back Right Min: 1.35
[rosout][INFO] 2025-03-27 14:07:20,144: Back Left Min: 1.17, Back Right Min: 1.35
[rosout][INFO] 2025-03-27 14:07:20,247: Back Left Min: 1.17, Back Right Min: 1.35
[rosout][INFO] 2025-03-27 14:07:20,344: Back Left Min: 1.17, Back Right Min: 1.35
[rosout][INFO] 2025-03-27 14:07:20,447: Back Left Min: 1.17, Back Right Min: 1.35
[rosout][INFO] 2025-03-27 14:07:20,544: Back Left Min: 1.17, Back Right Min: 1.35
[rosout][INFO] 2025-03-27 14:07:20,647: Back Left Min: 1.17, Back Right Min: 1.35
[rosout][INFO] 2025-03-27 14:07:20,744: Back Left Min: 1.17, Back Right Min: 1.35
[rosout][INFO] 2025-03-27 14:07:20,847: Back Left Min: 1.17, Back Right Min: 1.35
[rosout][INFO] 2025-03-27 14:07:20,944: Back Left Min: 1.17, Back Right Min: 1.35
[rosout][INFO] 2025-03-27 14:07:21,047: Back Left Min: 1.17, Back Right Min: 1.35
[rosout][INFO] 2025-03-27 14:07:21,144: Back Left Min: 1.17, Back Right Min: 1.35
[rosout][INFO] 2025-03-27 14:07:21,247: Back Left Min: 1.17, Back Right Min: 1.35
[rosout][INFO] 2025-03-27 14:07:21,344: Back Left Min: 1.17, Back Right Min: 1.35
[rosout][INFO] 2025-03-27 14:07:21,447: Back Left Min: 1.17, Back Right Min: 1.35
[rosout][INFO] 2025-03-27 14:07:21,544: Back Left Min: 1.17, Back Right Min: 1.35
[rosout][INFO] 2025-03-27 14:07:21,647: Back Left Min: 1.17, Back Right Min: 1.35
[rosout][INFO] 2025-03-27 14:07:21,744: Back Left Min: 1.17, Back Right Min: 1.35
[rosout][INFO] 2025-03-27 14:07:21,848: Back Left Min: 1.17, Back Right Min: 1.35
[rosout][INFO] 2025-03-27 14:07:21,945: Back Left Min: 1.17, Back Right Min: 1.35
[rosout][INFO] 2025-03-27 14:07:22,048: Back Left Min: 1.17, Back Right Min: 1.35
[rosout][INFO] 2025-03-27 14:07:22,145: Back Left Min: 1.17, Back Right Min: 1.35
[rosout][INFO] 2025-03-27 14:07:22,248: Back Left Min: 1.17, Back Right Min: 1.35
[rosout][INFO] 2025-03-27 14:07:22,345: Back Left Min: 1.17, Back Right Min: 1.35
[rosout][INFO] 2025-03-27 14:07:22,448: Back Left Min: 1.17, Back Right Min: 1.35
[rosout][INFO] 2025-03-27 14:07:22,545: Back Left Min: 1.17, Back Right Min: 1.35
[rosout][INFO] 2025-03-27 14:07:22,648: Back Left Min: 1.17, Back Right Min: 1.35
[rosout][INFO] 2025-03-27 14:07:22,745: Back Left Min: 1.17, Back Right Min: 1.35
[rosout][INFO] 2025-03-27 14:07:22,848: Back Left Min: 1.17, Back Right Min: 1.35
[rosout][INFO] 2025-03-27 14:07:22,945: Back Left Min: 1.17, Back Right Min: 1.35
[rosout][INFO] 2025-03-27 14:07:23,048: Back Left Min: 1.17, Back Right Min: 1.35
[rosout][INFO] 2025-03-27 14:07:23,145: Back Left Min: 1.17, Back Right Min: 1.35
[rosout][INFO] 2025-03-27 14:07:23,248: Back Left Min: 1.17, Back Right Min: 1.35
[rosout][INFO] 2025-03-27 14:07:23,345: Back Left Min: 1.17, Back Right Min: 1.35
[rosout][INFO] 2025-03-27 14:07:23,448: Back Left Min: 1.17, Back Right Min: 1.35
[rosout][INFO] 2025-03-27 14:07:23,545: Back Left Min: 1.17, Back Right Min: 1.35
[rosout][INFO] 2025-03-27 14:07:23,648: Back Left Min: 1.17, Back Right Min: 1.35
[rosout][INFO] 2025-03-27 14:07:23,745: Back Left Min: 1.17, Back Right Min: 1.35
[rosout][INFO] 2025-03-27 14:07:23,848: Back Left Min: 1.17, Back Right Min: 1.35
[rosout][INFO] 2025-03-27 14:07:23,945: Back Left Min: 1.17, Back Right Min: 1.35
[rosout][INFO] 2025-03-27 14:07:24,048: Back Left Min: 1.17, Back Right Min: 1.35
[rosout][INFO] 2025-03-27 14:07:24,145: Back Left Min: 1.17, Back Right Min: 1.35
[rosout][INFO] 2025-03-27 14:07:24,248: Back Left Min: 1.17, Back Right Min: 1.35
[rosout][INFO] 2025-03-27 14:07:24,345: Back Left Min: 1.17, Back Right Min: 1.35
[rosout][INFO] 2025-03-27 14:07:24,449: Back Left Min: 1.17, Back Right Min: 1.35
[rosout][INFO] 2025-03-27 14:07:24,545: Back Left Min: 1.17, Back Right Min: 1.35
[rosout][INFO] 2025-03-27 14:07:24,649: Back Left Min: 1.17, Back Right Min: 1.35
[rosout][INFO] 2025-03-27 14:07:24,746: Back Left Min: 1.17, Back Right Min: 1.35
[rosout][INFO] 2025-03-27 14:07:24,849: Back Left Min: 1.17, Back Right Min: 1.35
[rosout][INFO] 2025-03-27 14:07:24,946: Back Left Min: 1.17, Back Right Min: 1.35
[rosout][INFO] 2025-03-27 14:07:25,049: Back Left Min: 1.17, Back Right Min: 1.35
[rosout][INFO] 2025-03-27 14:07:25,146: Back Left Min: 1.17, Back Right Min: 1.35
[rosout][INFO] 2025-03-27 14:07:25,249: Back Left Min: 1.17, Back Right Min: 1.35
[rosout][INFO] 2025-03-27 14:07:25,346: Back Left Min: 1.17, Back Right Min: 1.35
[rosout][INFO] 2025-03-27 14:07:25,449: Back Left Min: 1.17, Back Right Min: 1.35
[rosout][INFO] 2025-03-27 14:07:25,546: Back Left Min: 1.17, Back Right Min: 1.35
[rosout][INFO] 2025-03-27 14:07:25,649: Back Left Min: 1.17, Back Right Min: 1.35
[rosout][INFO] 2025-03-27 14:07:25,746: Back Left Min: 1.17, Back Right Min: 1.35
[rosout][INFO] 2025-03-27 14:07:25,849: Back Left Min: 1.17, Back Right Min: 1.35
[rosout][INFO] 2025-03-27 14:07:25,946: Back Left Min: 1.17, Back Right Min: 1.35
[rosout][INFO] 2025-03-27 14:07:26,049: Back Left Min: 1.17, Back Right Min: 1.35
[rosout][INFO] 2025-03-27 14:07:26,146: Back Left Min: 1.17, Back Right Min: 1.35
[rosout][INFO] 2025-03-27 14:07:26,249: Back Left Min: 1.17, Back Right Min: 1.35
[rosout][INFO] 2025-03-27 14:07:26,346: Back Left Min: 1.17, Back Right Min: 1.35
[rosout][INFO] 2025-03-27 14:07:26,449: Back Left Min: 1.17, Back Right Min: 1.35
[rosout][INFO] 2025-03-27 14:07:26,546: Back Left Min: 1.17, Back Right Min: 1.35
[rosout][INFO] 2025-03-27 14:07:26,649: Back Left Min: 1.17, Back Right Min: 1.35
[rosout][INFO] 2025-03-27 14:07:26,746: Back Left Min: 1.17, Back Right Min: 1.35
[rosout][INFO] 2025-03-27 14:07:26,850: Back Left Min: 1.17, Back Right Min: 1.35
[rosout][INFO] 2025-03-27 14:07:26,946: Back Left Min: 1.17, Back Right Min: 1.35
[rosout][INFO] 2025-03-27 14:07:27,050: Back Left Min: 1.17, Back Right Min: 1.35
[rosout][INFO] 2025-03-27 14:07:27,147: Back Left Min: 1.17, Back Right Min: 1.35
[rosout][INFO] 2025-03-27 14:07:27,250: Back Left Min: 1.17, Back Right Min: 1.35
[rosout][INFO] 2025-03-27 14:07:27,347: Back Left Min: 1.17, Back Right Min: 1.35
[rosout][INFO] 2025-03-27 14:07:27,450: Back Left Min: 1.17, Back Right Min: 1.35
[rosout][INFO] 2025-03-27 14:07:27,547: Back Left Min: 1.17, Back Right Min: 1.35
[rosout][INFO] 2025-03-27 14:07:27,650: Back Left Min: 1.17, Back Right Min: 1.35
[rosout][INFO] 2025-03-27 14:07:27,747: Back Left Min: 1.17, Back Right Min: 1.35
[rosout][INFO] 2025-03-27 14:07:27,850: Back Left Min: 1.17, Back Right Min: 1.35
[rosout][INFO] 2025-03-27 14:07:27,947: Back Left Min: 1.17, Back Right Min: 1.35
[rosout][INFO] 2025-03-27 14:07:28,050: Back Left Min: 1.17, Back Right Min: 1.35
[rosout][INFO] 2025-03-27 14:07:28,147: Back Left Min: 1.17, Back Right Min: 1.35
[rosout][INFO] 2025-03-27 14:07:28,250: Back Left Min: 1.17, Back Right Min: 1.35
[rosout][INFO] 2025-03-27 14:07:28,347: Back Left Min: 1.17, Back Right Min: 1.35
[rosout][INFO] 2025-03-27 14:07:28,450: Back Left Min: 1.17, Back Right Min: 1.35
[rosout][INFO] 2025-03-27 14:07:28,548: Back Left Min: 1.17, Back Right Min: 1.35
[rosout][INFO] 2025-03-27 14:07:28,650: Back Left Min: 1.17, Back Right Min: 1.35
[rosout][INFO] 2025-03-27 14:07:28,747: Back Left Min: 1.17, Back Right Min: 1.35
[rosout][INFO] 2025-03-27 14:07:28,850: Back Left Min: 1.17, Back Right Min: 1.35
[rosout][INFO] 2025-03-27 14:07:28,947: Back Left Min: 1.17, Back Right Min: 1.35
[rosout][INFO] 2025-03-27 14:07:29,051: Back Left Min: 1.17, Back Right Min: 1.35
[rosout][INFO] 2025-03-27 14:07:29,147: Back Left Min: 1.17, Back Right Min: 1.35
[rosout][INFO] 2025-03-27 14:07:29,251: Back Left Min: 1.17, Back Right Min: 1.35
[rosout][INFO] 2025-03-27 14:07:29,347: Back Left Min: 1.17, Back Right Min: 1.35
[rosout][INFO] 2025-03-27 14:07:29,451: Back Left Min: 1.17, Back Right Min: 1.35
[rosout][INFO] 2025-03-27 14:07:29,548: Back Left Min: 1.17, Back Right Min: 1.35
[rosout][INFO] 2025-03-27 14:07:29,651: Back Left Min: 1.17, Back Right Min: 1.35
[rosout][INFO] 2025-03-27 14:07:29,748: Back Left Min: 1.17, Back Right Min: 1.35
[rosout][INFO] 2025-03-27 14:07:29,851: Back Left Min: 1.17, Back Right Min: 1.35
[rosout][INFO] 2025-03-27 14:07:29,948: Back Left Min: 1.17, Back Right Min: 1.35
[rosout][INFO] 2025-03-27 14:07:30,051: Back Left Min: 1.17, Back Right Min: 1.35
[rosout][INFO] 2025-03-27 14:07:30,148: Back Left Min: 1.17, Back Right Min: 1.35
[rosout][INFO] 2025-03-27 14:07:30,251: Back Left Min: 1.17, Back Right Min: 1.35
[rosout][INFO] 2025-03-27 14:07:30,348: Back Left Min: 1.17, Back Right Min: 1.35
[rosout][INFO] 2025-03-27 14:07:30,451: Back Left Min: 1.17, Back Right Min: 1.35
[rosout][INFO] 2025-03-27 14:07:30,548: Back Left Min: 1.17, Back Right Min: 1.35
[rosout][INFO] 2025-03-27 14:07:30,651: Back Left Min: 1.17, Back Right Min: 1.35
[rosout][INFO] 2025-03-27 14:07:30,748: Back Left Min: 1.17, Back Right Min: 1.35
[rosout][INFO] 2025-03-27 14:07:30,851: Back Left Min: 1.17, Back Right Min: 1.35
[rosout][INFO] 2025-03-27 14:07:30,948: Back Left Min: 1.17, Back Right Min: 1.35
[rosout][INFO] 2025-03-27 14:07:31,051: Back Left Min: 1.17, Back Right Min: 1.35
[rosout][INFO] 2025-03-27 14:07:31,148: Back Left Min: 1.17, Back Right Min: 1.35
[rosout][INFO] 2025-03-27 14:07:31,251: Back Left Min: 1.17, Back Right Min: 1.35
[rosout][INFO] 2025-03-27 14:07:31,348: Back Left Min: 1.17, Back Right Min: 1.35
[rosout][INFO] 2025-03-27 14:07:31,451: Back Left Min: 1.17, Back Right Min: 1.35
[rosout][INFO] 2025-03-27 14:07:31,548: Back Left Min: 1.17, Back Right Min: 1.35
[rosout][INFO] 2025-03-27 14:07:31,651: Back Left Min: 1.17, Back Right Min: 1.35
[rosout][INFO] 2025-03-27 14:07:31,748: Back Left Min: 1.17, Back Right Min: 1.35
[rosout][INFO] 2025-03-27 14:07:31,852: Back Left Min: 1.17, Back Right Min: 1.35
[rosout][INFO] 2025-03-27 14:07:31,949: Back Left Min: 1.17, Back Right Min: 1.35
[rosout][INFO] 2025-03-27 14:07:32,052: Back Left Min: 1.17, Back Right Min: 1.35
[rosout][INFO] 2025-03-27 14:07:32,149: Back Left Min: 1.17, Back Right Min: 1.35
[rosout][INFO] 2025-03-27 14:07:32,252: Back Left Min: 1.17, Back Right Min: 1.35
[rosout][INFO] 2025-03-27 14:07:32,349: Back Left Min: 1.17, Back Right Min: 1.35
[rosout][INFO] 2025-03-27 14:07:32,452: Back Left Min: 1.17, Back Right Min: 1.35
[rosout][INFO] 2025-03-27 14:07:32,549: Back Left Min: 1.17, Back Right Min: 1.35
[rosout][INFO] 2025-03-27 14:07:32,652: Back Left Min: 1.17, Back Right Min: 1.35
[rosout][INFO] 2025-03-27 14:07:32,749: Back Left Min: 1.17, Back Right Min: 1.35
[rosout][INFO] 2025-03-27 14:07:32,852: Back Left Min: 1.17, Back Right Min: 1.35
[rosout][INFO] 2025-03-27 14:07:32,949: Back Left Min: 1.17, Back Right Min: 1.35
[rosout][INFO] 2025-03-27 14:07:33,052: Back Left Min: 1.17, Back Right Min: 1.35
[rosout][INFO] 2025-03-27 14:07:33,149: Back Left Min: 1.17, Back Right Min: 1.35
[rosout][INFO] 2025-03-27 14:07:33,252: Back Left Min: 1.17, Back Right Min: 1.35
[rosout][INFO] 2025-03-27 14:07:33,349: Back Left Min: 1.17, Back Right Min: 1.35
[rosout][INFO] 2025-03-27 14:07:33,452: Back Left Min: 1.17, Back Right Min: 1.35
[rosout][INFO] 2025-03-27 14:07:33,549: Back Left Min: 1.17, Back Right Min: 1.35
[rosout][INFO] 2025-03-27 14:07:33,652: Back Left Min: 1.17, Back Right Min: 1.35
[rosout][INFO] 2025-03-27 14:07:33,749: Back Left Min: 1.17, Back Right Min: 1.35
[rosout][INFO] 2025-03-27 14:07:33,852: Back Left Min: 1.17, Back Right Min: 1.35
[rosout][INFO] 2025-03-27 14:07:33,949: Back Left Min: 1.17, Back Right Min: 1.35
[rosout][INFO] 2025-03-27 14:07:34,052: Back Left Min: 1.17, Back Right Min: 1.35
[rosout][INFO] 2025-03-27 14:07:34,149: Back Left Min: 1.17, Back Right Min: 1.35
[rosout][INFO] 2025-03-27 14:07:34,253: Back Left Min: 1.17, Back Right Min: 1.35
[rosout][INFO] 2025-03-27 14:07:34,349: Back Left Min: 1.17, Back Right Min: 1.35
[rosout][INFO] 2025-03-27 14:07:34,453: Back Left Min: 1.17, Back Right Min: 1.35
[rosout][INFO] 2025-03-27 14:07:34,550: Back Left Min: 1.17, Back Right Min: 1.35
[rosout][INFO] 2025-03-27 14:07:34,653: Back Left Min: 1.17, Back Right Min: 1.35
[rosout][INFO] 2025-03-27 14:07:34,750: Back Left Min: 1.17, Back Right Min: 1.35
[rosout][INFO] 2025-03-27 14:07:34,853: Back Left Min: 1.17, Back Right Min: 1.35
[rosout][INFO] 2025-03-27 14:07:34,950: Back Left Min: 1.17, Back Right Min: 1.35
[rosout][INFO] 2025-03-27 14:07:35,053: Back Left Min: 1.17, Back Right Min: 1.35
[rosout][INFO] 2025-03-27 14:07:35,150: Back Left Min: 1.17, Back Right Min: 1.35
[rosout][INFO] 2025-03-27 14:07:35,253: Back Left Min: 1.17, Back Right Min: 1.35
[rosout][INFO] 2025-03-27 14:07:35,350: Back Left Min: 1.17, Back Right Min: 1.35
[rosout][INFO] 2025-03-27 14:07:35,453: Back Left Min: 1.17, Back Right Min: 1.35
[rosout][INFO] 2025-03-27 14:07:35,550: Back Left Min: 1.17, Back Right Min: 1.35
[rosout][INFO] 2025-03-27 14:07:35,653: Back Left Min: 1.17, Back Right Min: 1.35
[rosout][INFO] 2025-03-27 14:07:35,751: Back Left Min: 1.17, Back Right Min: 1.35
[rosout][INFO] 2025-03-27 14:07:35,853: Back Left Min: 1.17, Back Right Min: 1.35
[rosout][INFO] 2025-03-27 14:07:35,950: Back Left Min: 1.17, Back Right Min: 1.35
[rosout][INFO] 2025-03-27 14:07:36,053: Back Left Min: 1.17, Back Right Min: 1.35
[rosout][INFO] 2025-03-27 14:07:36,150: Back Left Min: 1.17, Back Right Min: 1.35
[rosout][INFO] 2025-03-27 14:07:36,253: Back Left Min: 1.17, Back Right Min: 1.35
[rosout][INFO] 2025-03-27 14:07:36,350: Back Left Min: 1.17, Back Right Min: 1.35
[rosout][INFO] 2025-03-27 14:07:36,453: Back Left Min: 1.17, Back Right Min: 1.35
[rosout][INFO] 2025-03-27 14:07:36,550: Back Left Min: 1.17, Back Right Min: 1.35
[rosout][INFO] 2025-03-27 14:07:36,654: Back Left Min: 1.17, Back Right Min: 1.35
[rosout][INFO] 2025-03-27 14:07:36,750: Back Left Min: 1.17, Back Right Min: 1.35
[rosout][INFO] 2025-03-27 14:07:36,854: Back Left Min: 1.17, Back Right Min: 1.35
[rosout][INFO] 2025-03-27 14:07:36,950: Back Left Min: 1.17, Back Right Min: 1.35
[rosout][INFO] 2025-03-27 14:07:37,054: Back Left Min: 1.17, Back Right Min: 1.35
[rosout][INFO] 2025-03-27 14:07:37,151: Back Left Min: 1.17, Back Right Min: 1.35
[rosout][INFO] 2025-03-27 14:07:37,254: Back Left Min: 1.17, Back Right Min: 1.35
[rosout][INFO] 2025-03-27 14:07:37,351: Back Left Min: 1.17, Back Right Min: 1.35
[rosout][INFO] 2025-03-27 14:07:37,454: Back Left Min: 1.17, Back Right Min: 1.35
[rosout][INFO] 2025-03-27 14:07:37,551: Back Left Min: 1.17, Back Right Min: 1.35
[rosout][INFO] 2025-03-27 14:07:37,654: Back Left Min: 1.17, Back Right Min: 1.35
[rosout][INFO] 2025-03-27 14:07:37,751: Back Left Min: 1.17, Back Right Min: 1.35
[rosout][INFO] 2025-03-27 14:07:37,854: Back Left Min: 1.17, Back Right Min: 1.35
[rosout][INFO] 2025-03-27 14:07:37,951: Back Left Min: 1.17, Back Right Min: 1.35
[rosout][INFO] 2025-03-27 14:07:38,054: Back Left Min: 1.17, Back Right Min: 1.35
[rosout][INFO] 2025-03-27 14:07:38,151: Back Left Min: 1.17, Back Right Min: 1.35
[rosout][INFO] 2025-03-27 14:07:38,254: Back Left Min: 1.17, Back Right Min: 1.35
[rosout][INFO] 2025-03-27 14:07:38,351: Back Left Min: 1.17, Back Right Min: 1.35
[rosout][INFO] 2025-03-27 14:07:38,454: Back Left Min: 1.17, Back Right Min: 1.35
[rosout][INFO] 2025-03-27 14:07:38,551: Back Left Min: 1.17, Back Right Min: 1.35
[rosout][INFO] 2025-03-27 14:07:38,654: Back Left Min: 1.17, Back Right Min: 1.35
[rosout][INFO] 2025-03-27 14:07:38,751: Back Left Min: 1.17, Back Right Min: 1.35
[rosout][INFO] 2025-03-27 14:07:38,854: Back Left Min: 1.17, Back Right Min: 1.35
[rosout][INFO] 2025-03-27 14:07:38,951: Back Left Min: 1.17, Back Right Min: 1.35
[rosout][INFO] 2025-03-27 14:07:39,055: Back Left Min: 1.17, Back Right Min: 1.35
[rosout][INFO] 2025-03-27 14:07:39,151: Back Left Min: 1.17, Back Right Min: 1.35
[rosout][INFO] 2025-03-27 14:07:39,255: Back Left Min: 1.17, Back Right Min: 1.35
[rosout][INFO] 2025-03-27 14:07:39,351: Back Left Min: 1.17, Back Right Min: 1.35
[rosout][INFO] 2025-03-27 14:07:39,455: Back Left Min: 1.17, Back Right Min: 1.35
[rosout][INFO] 2025-03-27 14:07:39,552: Back Left Min: 1.17, Back Right Min: 1.35
[rosout][INFO] 2025-03-27 14:07:39,655: Back Left Min: 1.17, Back Right Min: 1.35
[rosout][INFO] 2025-03-27 14:07:39,752: Back Left Min: 1.17, Back Right Min: 1.35
[rosout][INFO] 2025-03-27 14:07:39,855: Back Left Min: 1.17, Back Right Min: 1.35
[rosout][INFO] 2025-03-27 14:07:39,952: Back Left Min: 1.17, Back Right Min: 1.35
[rosout][INFO] 2025-03-27 14:07:40,055: Back Left Min: 1.17, Back Right Min: 1.35
[rosout][INFO] 2025-03-27 14:07:40,152: Back Left Min: 1.17, Back Right Min: 1.35
[rospy.core][INFO] 2025-03-27 14:07:40,198: signal_shutdown [signal-2]
[rospy.internal][INFO] 2025-03-27 14:07:40,204: topic[/rosout] removing connection to /rosout
[rospy.internal][INFO] 2025-03-27 14:07:40,205: topic[/RosAria/sonar] removing connection to http://localhost:37299/
[rospy.internal][WARNING] 2025-03-27 14:07:40,207: Unknown error initiating TCP/IP socket to localhost:60417 (http://localhost:37299/): Traceback (most recent call last):
  File "/opt/ros/kinetic/lib/python2.7/dist-packages/rospy/impl/tcpros_base.py", line 558, in connect
    self.read_header()
  File "/opt/ros/kinetic/lib/python2.7/dist-packages/rospy/impl/tcpros_base.py", line 651, in read_header
    self._validate_header(read_ros_handshake_header(sock, self.read_buff, self.protocol.buff_size))
AttributeError: 'NoneType' object has no attribute 'buff_size'

[rospy.topics][ERROR] 2025-03-27 14:07:40,208: Traceback (most recent call last):
  File "/opt/ros/kinetic/lib/python2.7/dist-packages/rospy/topics.py", line 326, in close
    c.close()
  File "/opt/ros/kinetic/lib/python2.7/dist-packages/rospy/impl/tcpros_base.py", line 839, in close
    self.socket.close()
AttributeError: 'NoneType' object has no attribute 'close'

[rospy.impl.masterslave][INFO] 2025-03-27 14:07:40,208: signal-2
[rospy.core][INFO] 2025-03-27 14:07:40,325: signal_shutdown [atexit]
