[rospy.client][INFO] 2025-04-03 14:19:19,926: init_node, name[/sonar_processor_3037_1743664759914], pid[3037]
[xmlrpc][INFO] 2025-04-03 14:19:19,927: XML-RPC server binding to 127.0.0.1:0
[xmlrpc][INFO] 2025-04-03 14:19:19,927: Started XML-RPC server [http://localhost:44775/]
[rospy.init][INFO] 2025-04-03 14:19:19,927: ROS Slave URI: [http://localhost:44775/]
[rospy.impl.masterslave][INFO] 2025-04-03 14:19:19,927: _ready: http://localhost:44775/
[rospy.registration][INFO] 2025-04-03 14:19:19,927: Registering with master node http://localhost:11311
[xmlrpc][INFO] 2025-04-03 14:19:19,928: xml rpc node: starting XML-RPC server
[rospy.init][INFO] 2025-04-03 14:19:20,027: registered with master
[rospy.rosout][INFO] 2025-04-03 14:19:20,027: initializing /rosout core topic
[rospy.rosout][INFO] 2025-04-03 14:19:20,030: connected to core topic /rosout
[rospy.simtime][INFO] 2025-04-03 14:19:20,031: /use_sim_time is not set, will not subscribe to simulated time [/clock] topic
[rosout][INFO] 2025-04-03 14:19:20,036: Sonar processor initialized
[rospy.internal][INFO] 2025-04-03 14:19:20,042: topic[/RosAria/sonar] adding connection to [http://localhost:42431/], count 0
[rosout][INFO] 2025-04-03 14:19:20,145: Back Left Min: 0.00, Back Right Min: 0.00
[rosout][INFO] 2025-04-03 14:19:20,248: Back Left Min: 0.00, Back Right Min: 0.00
[rospy.internal][INFO] 2025-04-03 14:19:20,270: topic[/rosout] adding connection to [/rosout], count 0
[rosout][INFO] 2025-04-03 14:19:20,344: Back Left Min: 0.00, Back Right Min: 0.00
[rosout][INFO] 2025-04-03 14:19:20,446: Back Left Min: 0.87, Back Right Min: 0.93
[rosout][INFO] 2025-04-03 14:19:20,544: Back Left Min: 0.87, Back Right Min: 0.93
[rosout][INFO] 2025-04-03 14:19:20,647: Back Left Min: 0.87, Back Right Min: 0.93
[rosout][INFO] 2025-04-03 14:19:20,744: Back Left Min: 0.87, Back Right Min: 0.93
[rosout][INFO] 2025-04-03 14:19:20,847: Back Left Min: 0.87, Back Right Min: 0.93
[rosout][INFO] 2025-04-03 14:19:20,943: Back Left Min: 0.87, Back Right Min: 0.94
[rosout][INFO] 2025-04-03 14:19:21,046: Back Left Min: 0.87, Back Right Min: 0.94
[rosout][INFO] 2025-04-03 14:19:21,143: Back Left Min: 0.87, Back Right Min: 0.94
[rosout][INFO] 2025-04-03 14:19:21,246: Back Left Min: 0.87, Back Right Min: 0.93
[rosout][INFO] 2025-04-03 14:19:21,343: Back Left Min: 0.87, Back Right Min: 0.93
[rosout][INFO] 2025-04-03 14:19:21,446: Back Left Min: 0.87, Back Right Min: 0.93
[rosout][INFO] 2025-04-03 14:19:21,543: Back Left Min: 0.87, Back Right Min: 0.93
[rosout][INFO] 2025-04-03 14:19:21,646: Back Left Min: 0.87, Back Right Min: 0.93
[rosout][INFO] 2025-04-03 14:19:21,743: Back Left Min: 0.87, Back Right Min: 0.93
[rosout][INFO] 2025-04-03 14:19:21,846: Back Left Min: 0.87, Back Right Min: 0.94
[rosout][INFO] 2025-04-03 14:19:21,942: Back Left Min: 0.87, Back Right Min: 0.94
[rosout][INFO] 2025-04-03 14:19:22,045: Back Left Min: 0.87, Back Right Min: 0.93
[rosout][INFO] 2025-04-03 14:19:22,142: Back Left Min: 0.87, Back Right Min: 0.93
[rosout][INFO] 2025-04-03 14:19:22,245: Back Left Min: 0.87, Back Right Min: 0.93
[rosout][INFO] 2025-04-03 14:19:22,342: Back Left Min: 0.87, Back Right Min: 0.93
[rosout][INFO] 2025-04-03 14:19:22,445: Back Left Min: 0.87, Back Right Min: 0.93
[rosout][INFO] 2025-04-03 14:19:22,542: Back Left Min: 0.87, Back Right Min: 0.93
[rosout][INFO] 2025-04-03 14:19:22,645: Back Left Min: 0.87, Back Right Min: 0.93
[rosout][INFO] 2025-04-03 14:19:22,742: Back Left Min: 0.87, Back Right Min: 0.93
[rosout][INFO] 2025-04-03 14:19:22,845: Back Left Min: 0.87, Back Right Min: 0.93
[rosout][INFO] 2025-04-03 14:19:22,941: Back Left Min: 0.87, Back Right Min: 0.93
[rosout][INFO] 2025-04-03 14:19:23,044: Back Left Min: 0.87, Back Right Min: 0.93
[rosout][INFO] 2025-04-03 14:19:23,141: Back Left Min: 0.87, Back Right Min: 0.93
[rosout][INFO] 2025-04-03 14:19:23,244: Back Left Min: 0.87, Back Right Min: 0.93
[rosout][INFO] 2025-04-03 14:19:23,341: Back Left Min: 0.87, Back Right Min: 0.93
[rosout][INFO] 2025-04-03 14:19:23,444: Back Left Min: 0.87, Back Right Min: 0.93
[rosout][INFO] 2025-04-03 14:19:23,541: Back Left Min: 0.87, Back Right Min: 0.93
[rosout][INFO] 2025-04-03 14:19:23,644: Back Left Min: 0.87, Back Right Min: 0.93
[rosout][INFO] 2025-04-03 14:19:23,741: Back Left Min: 0.87, Back Right Min: 0.93
[rosout][INFO] 2025-04-03 14:19:23,844: Back Left Min: 0.87, Back Right Min: 0.93
[rosout][INFO] 2025-04-03 14:19:23,941: Back Left Min: 0.87, Back Right Min: 0.93
[rosout][INFO] 2025-04-03 14:19:24,044: Back Left Min: 0.87, Back Right Min: 0.94
[rosout][INFO] 2025-04-03 14:19:24,141: Back Left Min: 0.87, Back Right Min: 0.94
[rosout][INFO] 2025-04-03 14:19:24,244: Back Left Min: 0.87, Back Right Min: 0.94
[rosout][INFO] 2025-04-03 14:19:24,340: Back Left Min: 0.87, Back Right Min: 0.93
[rosout][INFO] 2025-04-03 14:19:24,443: Back Left Min: 0.87, Back Right Min: 0.93
[rosout][INFO] 2025-04-03 14:19:24,540: Back Left Min: 0.87, Back Right Min: 0.93
[rosout][INFO] 2025-04-03 14:19:24,643: Back Left Min: 0.87, Back Right Min: 0.93
[rosout][INFO] 2025-04-03 14:19:24,740: Back Left Min: 0.87, Back Right Min: 0.93
[rosout][INFO] 2025-04-03 14:19:24,843: Back Left Min: 0.87, Back Right Min: 0.93
[rosout][INFO] 2025-04-03 14:19:24,940: Back Left Min: 0.87, Back Right Min: 0.93
[rosout][INFO] 2025-04-03 14:19:25,043: Back Left Min: 0.87, Back Right Min: 0.93
[rosout][INFO] 2025-04-03 14:19:25,140: Back Left Min: 0.87, Back Right Min: 0.93
[rosout][INFO] 2025-04-03 14:19:25,243: Back Left Min: 0.87, Back Right Min: 0.93
[rosout][INFO] 2025-04-03 14:19:25,339: Back Left Min: 0.87, Back Right Min: 0.93
[rosout][INFO] 2025-04-03 14:19:25,443: Back Left Min: 0.87, Back Right Min: 0.93
[rosout][INFO] 2025-04-03 14:19:25,539: Back Left Min: 0.87, Back Right Min: 0.93
[rosout][INFO] 2025-04-03 14:19:25,642: Back Left Min: 0.87, Back Right Min: 0.93
[rosout][INFO] 2025-04-03 14:19:25,739: Back Left Min: 0.87, Back Right Min: 0.93
[rosout][INFO] 2025-04-03 14:19:25,842: Back Left Min: 0.87, Back Right Min: 0.93
[rosout][INFO] 2025-04-03 14:19:25,939: Back Left Min: 0.87, Back Right Min: 0.93
[rosout][INFO] 2025-04-03 14:19:26,042: Back Left Min: 0.87, Back Right Min: 0.93
[rosout][INFO] 2025-04-03 14:19:26,139: Back Left Min: 0.87, Back Right Min: 0.93
[rosout][INFO] 2025-04-03 14:19:26,242: Back Left Min: 0.87, Back Right Min: 0.93
[rosout][INFO] 2025-04-03 14:19:26,339: Back Left Min: 0.87, Back Right Min: 0.93
[rosout][INFO] 2025-04-03 14:19:26,442: Back Left Min: 0.87, Back Right Min: 0.93
[rosout][INFO] 2025-04-03 14:19:26,539: Back Left Min: 0.87, Back Right Min: 0.93
[rosout][INFO] 2025-04-03 14:19:26,642: Back Left Min: 0.87, Back Right Min: 0.93
[rosout][INFO] 2025-04-03 14:19:26,738: Back Left Min: 0.87, Back Right Min: 0.93
[rosout][INFO] 2025-04-03 14:19:26,841: Back Left Min: 0.87, Back Right Min: 0.93
[rosout][INFO] 2025-04-03 14:19:26,938: Back Left Min: 0.87, Back Right Min: 0.93
[rosout][INFO] 2025-04-03 14:19:27,041: Back Left Min: 0.87, Back Right Min: 0.93
[rosout][INFO] 2025-04-03 14:19:27,138: Back Left Min: 0.87, Back Right Min: 0.93
[rosout][INFO] 2025-04-03 14:19:27,241: Back Left Min: 0.87, Back Right Min: 0.93
[rosout][INFO] 2025-04-03 14:19:27,338: Back Left Min: 0.87, Back Right Min: 0.93
[rosout][INFO] 2025-04-03 14:19:27,441: Back Left Min: 0.87, Back Right Min: 0.93
[rosout][INFO] 2025-04-03 14:19:27,538: Back Left Min: 0.87, Back Right Min: 0.93
[rosout][INFO] 2025-04-03 14:19:27,641: Back Left Min: 0.87, Back Right Min: 0.93
[rosout][INFO] 2025-04-03 14:19:27,738: Back Left Min: 0.87, Back Right Min: 0.93
[rosout][INFO] 2025-04-03 14:19:27,841: Back Left Min: 0.87, Back Right Min: 0.93
[rosout][INFO] 2025-04-03 14:19:27,937: Back Left Min: 0.87, Back Right Min: 0.94
[rosout][INFO] 2025-04-03 14:19:28,041: Back Left Min: 0.87, Back Right Min: 0.94
[rosout][INFO] 2025-04-03 14:19:28,137: Back Left Min: 0.87, Back Right Min: 0.94
[rosout][INFO] 2025-04-03 14:19:28,240: Back Left Min: 0.87, Back Right Min: 0.96
[rosout][INFO] 2025-04-03 14:19:28,337: Back Left Min: 0.87, Back Right Min: 0.96
[rosout][INFO] 2025-04-03 14:19:28,440: Back Left Min: 0.87, Back Right Min: 0.96
[rosout][INFO] 2025-04-03 14:19:28,537: Back Left Min: 0.87, Back Right Min: 0.93
[rosout][INFO] 2025-04-03 14:19:28,640: Back Left Min: 0.87, Back Right Min: 0.93
[rosout][INFO] 2025-04-03 14:19:28,737: Back Left Min: 0.87, Back Right Min: 0.93
[rosout][INFO] 2025-04-03 14:19:28,840: Back Left Min: 0.88, Back Right Min: 0.94
[rosout][INFO] 2025-04-03 14:19:28,937: Back Left Min: 0.88, Back Right Min: 0.94
[rosout][INFO] 2025-04-03 14:19:29,040: Back Left Min: 0.88, Back Right Min: 0.94
[rosout][INFO] 2025-04-03 14:19:29,137: Back Left Min: 0.87, Back Right Min: 0.94
[rosout][INFO] 2025-04-03 14:19:29,240: Back Left Min: 0.87, Back Right Min: 0.94
[rosout][INFO] 2025-04-03 14:19:29,336: Back Left Min: 0.87, Back Right Min: 0.93
[rosout][INFO] 2025-04-03 14:19:29,440: Back Left Min: 0.87, Back Right Min: 0.93
[rosout][INFO] 2025-04-03 14:19:29,536: Back Left Min: 0.87, Back Right Min: 0.93
[rosout][INFO] 2025-04-03 14:19:29,639: Back Left Min: 0.87, Back Right Min: 0.93
[rosout][INFO] 2025-04-03 14:19:29,736: Back Left Min: 0.87, Back Right Min: 0.93
[rosout][INFO] 2025-04-03 14:19:29,839: Back Left Min: 0.87, Back Right Min: 0.93
[rosout][INFO] 2025-04-03 14:19:29,936: Back Left Min: 0.87, Back Right Min: 0.93
[rosout][INFO] 2025-04-03 14:19:30,039: Back Left Min: 0.87, Back Right Min: 0.93
[rosout][INFO] 2025-04-03 14:19:30,136: Back Left Min: 0.87, Back Right Min: 0.93
[rosout][INFO] 2025-04-03 14:19:30,239: Back Left Min: 0.88, Back Right Min: 0.94
[rosout][INFO] 2025-04-03 14:19:30,336: Back Left Min: 0.88, Back Right Min: 0.94
[rosout][INFO] 2025-04-03 14:19:30,439: Back Left Min: 0.88, Back Right Min: 0.93
[rosout][INFO] 2025-04-03 14:19:30,536: Back Left Min: 0.88, Back Right Min: 0.93
[rosout][INFO] 2025-04-03 14:19:30,640: Back Left Min: 0.88, Back Right Min: 0.93
[rosout][INFO] 2025-04-03 14:19:30,736: Back Left Min: 0.88, Back Right Min: 0.93
[rosout][INFO] 2025-04-03 14:19:30,840: Back Left Min: 0.88, Back Right Min: 0.93
[rosout][INFO] 2025-04-03 14:19:30,937: Back Left Min: 0.88, Back Right Min: 0.93
[rosout][INFO] 2025-04-03 14:19:31,040: Back Left Min: 0.88, Back Right Min: 0.93
[rosout][INFO] 2025-04-03 14:19:31,137: Back Left Min: 0.88, Back Right Min: 0.93
[rosout][INFO] 2025-04-03 14:19:31,240: Back Left Min: 0.88, Back Right Min: 0.93
[rosout][INFO] 2025-04-03 14:19:31,337: Back Left Min: 0.88, Back Right Min: 0.93
[rosout][INFO] 2025-04-03 14:19:31,440: Back Left Min: 0.88, Back Right Min: 0.93
[rosout][INFO] 2025-04-03 14:19:31,537: Back Left Min: 0.88, Back Right Min: 0.93
[rosout][INFO] 2025-04-03 14:19:31,640: Back Left Min: 0.88, Back Right Min: 0.94
[rosout][INFO] 2025-04-03 14:19:31,737: Back Left Min: 0.88, Back Right Min: 0.94
[rosout][INFO] 2025-04-03 14:19:31,841: Back Left Min: 0.88, Back Right Min: 0.94
[rosout][INFO] 2025-04-03 14:19:31,938: Back Left Min: 0.88, Back Right Min: 0.94
[rosout][INFO] 2025-04-03 14:19:32,041: Back Left Min: 0.88, Back Right Min: 0.94
[rosout][INFO] 2025-04-03 14:19:32,138: Back Left Min: 0.88, Back Right Min: 0.93
[rosout][INFO] 2025-04-03 14:19:32,241: Back Left Min: 0.88, Back Right Min: 0.93
[rosout][INFO] 2025-04-03 14:19:32,338: Back Left Min: 0.88, Back Right Min: 0.93
[rosout][INFO] 2025-04-03 14:19:32,441: Back Left Min: 0.88, Back Right Min: 0.93
[rosout][INFO] 2025-04-03 14:19:32,538: Back Left Min: 0.88, Back Right Min: 0.93
[rosout][INFO] 2025-04-03 14:19:32,641: Back Left Min: 0.88, Back Right Min: 0.93
[rosout][INFO] 2025-04-03 14:19:32,738: Back Left Min: 0.88, Back Right Min: 0.94
[rosout][INFO] 2025-04-03 14:19:32,841: Back Left Min: 0.88, Back Right Min: 0.94
[rosout][INFO] 2025-04-03 14:19:32,939: Back Left Min: 0.88, Back Right Min: 0.94
[rosout][INFO] 2025-04-03 14:19:33,042: Back Left Min: 0.88, Back Right Min: 0.93
[rosout][INFO] 2025-04-03 14:19:33,139: Back Left Min: 0.88, Back Right Min: 0.93
[rosout][INFO] 2025-04-03 14:19:33,242: Back Left Min: 0.88, Back Right Min: 0.93
[rosout][INFO] 2025-04-03 14:19:33,339: Back Left Min: 0.88, Back Right Min: 0.93
[rosout][INFO] 2025-04-03 14:19:33,442: Back Left Min: 0.88, Back Right Min: 0.93
[rosout][INFO] 2025-04-03 14:19:33,539: Back Left Min: 0.88, Back Right Min: 0.93
[rosout][INFO] 2025-04-03 14:19:33,642: Back Left Min: 0.88, Back Right Min: 0.93
[rosout][INFO] 2025-04-03 14:19:33,739: Back Left Min: 0.88, Back Right Min: 0.93
[rosout][INFO] 2025-04-03 14:19:33,843: Back Left Min: 0.88, Back Right Min: 0.92
[rosout][INFO] 2025-04-03 14:19:33,939: Back Left Min: 0.88, Back Right Min: 0.92
[rosout][INFO] 2025-04-03 14:19:34,043: Back Left Min: 0.88, Back Right Min: 0.92
[rosout][INFO] 2025-04-03 14:19:34,140: Back Left Min: 0.88, Back Right Min: 0.95
[rosout][INFO] 2025-04-03 14:19:34,243: Back Left Min: 0.87, Back Right Min: 0.95
[rosout][INFO] 2025-04-03 14:19:34,340: Back Left Min: 0.87, Back Right Min: 0.95
[rosout][INFO] 2025-04-03 14:19:34,443: Back Left Min: 0.90, Back Right Min: 0.95
[rosout][INFO] 2025-04-03 14:19:34,540: Back Left Min: 0.90, Back Right Min: 0.95
[rosout][INFO] 2025-04-03 14:19:34,643: Back Left Min: 0.90, Back Right Min: 1.74
[rosout][INFO] 2025-04-03 14:19:34,740: Back Left Min: 0.91, Back Right Min: 1.74
[rosout][INFO] 2025-04-03 14:19:34,843: Back Left Min: 0.91, Back Right Min: 1.74
[rosout][INFO] 2025-04-03 14:19:34,940: Back Left Min: 0.91, Back Right Min: 1.76
[rosout][INFO] 2025-04-03 14:19:35,044: Back Left Min: 0.85, Back Right Min: 1.76
[rosout][INFO] 2025-04-03 14:19:35,141: Back Left Min: 0.85, Back Right Min: 1.76
[rosout][INFO] 2025-04-03 14:19:35,244: Back Left Min: 0.85, Back Right Min: 1.78
[rosout][INFO] 2025-04-03 14:19:35,341: Back Left Min: 0.91, Back Right Min: 1.78
[rosout][INFO] 2025-04-03 14:19:35,444: Back Left Min: 0.91, Back Right Min: 1.78
[rosout][INFO] 2025-04-03 14:19:35,541: Back Left Min: 0.87, Back Right Min: 1.77
[rosout][INFO] 2025-04-03 14:19:35,644: Back Left Min: 0.87, Back Right Min: 1.77
[rosout][INFO] 2025-04-03 14:19:35,741: Back Left Min: 0.87, Back Right Min: 1.77
[rosout][INFO] 2025-04-03 14:19:35,844: Back Left Min: 0.88, Back Right Min: 1.68
[rosout][INFO] 2025-04-03 14:19:35,941: Back Left Min: 0.88, Back Right Min: 1.68
[rosout][INFO] 2025-04-03 14:19:36,044: Back Left Min: 0.88, Back Right Min: 1.75
[rosout][INFO] 2025-04-03 14:19:36,142: Back Left Min: 0.89, Back Right Min: 1.75
[rosout][INFO] 2025-04-03 14:19:36,245: Back Left Min: 0.89, Back Right Min: 1.75
[rosout][INFO] 2025-04-03 14:19:36,342: Back Left Min: 0.89, Back Right Min: 0.89
[rosout][INFO] 2025-04-03 14:19:36,445: Back Left Min: 0.92, Back Right Min: 0.89
[rosout][INFO] 2025-04-03 14:19:36,542: Back Left Min: 0.92, Back Right Min: 0.89
[rosout][INFO] 2025-04-03 14:19:36,645: Back Left Min: 0.91, Back Right Min: 0.72
[rosout][INFO] 2025-04-03 14:19:36,742: Back Left Min: 0.91, Back Right Min: 0.72
[rosout][INFO] 2025-04-03 14:19:36,845: Back Left Min: 0.91, Back Right Min: 0.86
[rosout][INFO] 2025-04-03 14:19:36,942: Back Left Min: 3.44, Back Right Min: 0.75
[rosout][INFO] 2025-04-03 14:19:37,045: Back Left Min: 3.44, Back Right Min: 0.75
[rosout][INFO] 2025-04-03 14:19:37,142: Back Left Min: 3.45, Back Right Min: 0.75
[rosout][INFO] 2025-04-03 14:19:37,246: Back Left Min: 0.95, Back Right Min: 0.73
[rosout][INFO] 2025-04-03 14:19:37,342: Back Left Min: 0.95, Back Right Min: 0.73
[rosout][INFO] 2025-04-03 14:19:37,446: Back Left Min: 0.95, Back Right Min: 0.73
[rosout][INFO] 2025-04-03 14:19:37,543: Back Left Min: 0.95, Back Right Min: 0.73
[rosout][INFO] 2025-04-03 14:19:37,646: Back Left Min: 0.95, Back Right Min: 0.73
[rosout][INFO] 2025-04-03 14:19:37,743: Back Left Min: 0.95, Back Right Min: 0.83
[rosout][INFO] 2025-04-03 14:19:37,846: Back Left Min: 0.92, Back Right Min: 0.83
[rosout][INFO] 2025-04-03 14:19:37,943: Back Left Min: 0.92, Back Right Min: 0.83
[rosout][INFO] 2025-04-03 14:19:38,046: Back Left Min: 0.95, Back Right Min: 0.75
[rosout][INFO] 2025-04-03 14:19:38,143: Back Left Min: 0.95, Back Right Min: 0.75
[rosout][INFO] 2025-04-03 14:19:38,246: Back Left Min: 0.95, Back Right Min: 0.75
[rosout][INFO] 2025-04-03 14:19:38,343: Back Left Min: 0.96, Back Right Min: 0.79
[rosout][INFO] 2025-04-03 14:19:38,447: Back Left Min: 0.96, Back Right Min: 0.79
[rosout][INFO] 2025-04-03 14:19:38,544: Back Left Min: 0.96, Back Right Min: 0.78
[rosout][INFO] 2025-04-03 14:19:38,647: Back Left Min: 0.94, Back Right Min: 0.78
[rosout][INFO] 2025-04-03 14:19:38,744: Back Left Min: 0.94, Back Right Min: 0.78
[rosout][INFO] 2025-04-03 14:19:38,847: Back Left Min: 1.15, Back Right Min: 0.75
[rosout][INFO] 2025-04-03 14:19:38,944: Back Left Min: 2.12, Back Right Min: 0.75
[rosout][INFO] 2025-04-03 14:19:39,047: Back Left Min: 2.12, Back Right Min: 0.75
[rosout][INFO] 2025-04-03 14:19:39,144: Back Left Min: 2.10, Back Right Min: 0.77
[rosout][INFO] 2025-04-03 14:19:39,247: Back Left Min: 2.10, Back Right Min: 0.77
[rosout][INFO] 2025-04-03 14:19:39,344: Back Left Min: 2.10, Back Right Min: 0.73
[rosout][INFO] 2025-04-03 14:19:39,448: Back Left Min: 2.10, Back Right Min: 0.73
[rosout][INFO] 2025-04-03 14:19:39,544: Back Left Min: 2.10, Back Right Min: 0.73
[rosout][INFO] 2025-04-03 14:19:39,648: Back Left Min: 2.10, Back Right Min: 0.71
[rosout][INFO] 2025-04-03 14:19:39,745: Back Left Min: 2.10, Back Right Min: 0.71
[rosout][INFO] 2025-04-03 14:19:39,848: Back Left Min: 2.10, Back Right Min: 0.71
[rosout][INFO] 2025-04-03 14:19:39,945: Back Left Min: 2.10, Back Right Min: 0.94
[rosout][INFO] 2025-04-03 14:19:40,048: Back Left Min: 2.10, Back Right Min: 0.73
[rosout][INFO] 2025-04-03 14:19:40,145: Back Left Min: 2.10, Back Right Min: 0.73
[rosout][INFO] 2025-04-03 14:19:40,248: Back Left Min: 2.09, Back Right Min: 0.73
[rosout][INFO] 2025-04-03 14:19:40,345: Back Left Min: 2.09, Back Right Min: 0.73
[rosout][INFO] 2025-04-03 14:19:40,449: Back Left Min: 2.09, Back Right Min: 0.73
[rosout][INFO] 2025-04-03 14:19:40,545: Back Left Min: 2.10, Back Right Min: 0.68
[rosout][INFO] 2025-04-03 14:19:40,649: Back Left Min: 0.79, Back Right Min: 0.68
[rosout][INFO] 2025-04-03 14:19:40,746: Back Left Min: 0.79, Back Right Min: 0.68
[rosout][INFO] 2025-04-03 14:19:40,849: Back Left Min: 0.71, Back Right Min: 1.33
[rosout][INFO] 2025-04-03 14:19:40,946: Back Left Min: 0.71, Back Right Min: 1.33
[rosout][INFO] 2025-04-03 14:19:41,049: Back Left Min: 0.71, Back Right Min: 1.30
[rosout][INFO] 2025-04-03 14:19:41,146: Back Left Min: 0.82, Back Right Min: 1.30
[rosout][INFO] 2025-04-03 14:19:41,249: Back Left Min: 0.82, Back Right Min: 1.30
[rosout][INFO] 2025-04-03 14:19:41,346: Back Left Min: 0.82, Back Right Min: 1.30
[rosout][INFO] 2025-04-03 14:19:41,449: Back Left Min: 0.84, Back Right Min: 0.70
[rosout][INFO] 2025-04-03 14:19:41,547: Back Left Min: 0.84, Back Right Min: 0.70
[rosout][INFO] 2025-04-03 14:19:41,649: Back Left Min: 0.84, Back Right Min: 1.30
[rosout][INFO] 2025-04-03 14:19:41,746: Back Left Min: 0.90, Back Right Min: 1.30
[rosout][INFO] 2025-04-03 14:19:41,850: Back Left Min: 0.90, Back Right Min: 1.30
[rosout][INFO] 2025-04-03 14:19:41,947: Back Left Min: 0.90, Back Right Min: 1.30
[rosout][INFO] 2025-04-03 14:19:42,050: Back Left Min: 0.91, Back Right Min: 1.30
[rosout][INFO] 2025-04-03 14:19:42,147: Back Left Min: 0.91, Back Right Min: 1.30
[rosout][INFO] 2025-04-03 14:19:42,250: Back Left Min: 0.91, Back Right Min: 0.72
[rosout][INFO] 2025-04-03 14:19:42,347: Back Left Min: 0.91, Back Right Min: 0.72
[rosout][INFO] 2025-04-03 14:19:42,450: Back Left Min: 0.91, Back Right Min: 0.72
[rosout][INFO] 2025-04-03 14:19:42,547: Back Left Min: 0.91, Back Right Min: 0.69
[rosout][INFO] 2025-04-03 14:19:42,650: Back Left Min: 0.91, Back Right Min: 0.69
[rosout][INFO] 2025-04-03 14:19:42,747: Back Left Min: 0.91, Back Right Min: 0.69
[rosout][INFO] 2025-04-03 14:19:42,851: Back Left Min: 0.92, Back Right Min: 1.30
[rosout][INFO] 2025-04-03 14:19:42,948: Back Left Min: 0.92, Back Right Min: 1.30
[rosout][INFO] 2025-04-03 14:19:43,051: Back Left Min: 0.92, Back Right Min: 1.30
[rosout][INFO] 2025-04-03 14:19:43,148: Back Left Min: 0.91, Back Right Min: 1.30
[rosout][INFO] 2025-04-03 14:19:43,251: Back Left Min: 0.91, Back Right Min: 1.30
[rosout][INFO] 2025-04-03 14:19:43,348: Back Left Min: 0.91, Back Right Min: 0.70
[rosout][INFO] 2025-04-03 14:19:43,451: Back Left Min: 0.91, Back Right Min: 0.70
[rosout][INFO] 2025-04-03 14:19:43,548: Back Left Min: 0.91, Back Right Min: 0.70
[rosout][INFO] 2025-04-03 14:19:43,651: Back Left Min: 0.91, Back Right Min: 1.30
[rosout][INFO] 2025-04-03 14:19:43,748: Back Left Min: 0.91, Back Right Min: 1.30
[rosout][INFO] 2025-04-03 14:19:43,852: Back Left Min: 0.91, Back Right Min: 1.29
[rosout][INFO] 2025-04-03 14:19:43,949: Back Left Min: 0.68, Back Right Min: 1.29
[rosout][INFO] 2025-04-03 14:19:44,052: Back Left Min: 0.68, Back Right Min: 1.29
[rosout][INFO] 2025-04-03 14:19:44,149: Back Left Min: 0.68, Back Right Min: 1.30
[rosout][INFO] 2025-04-03 14:19:44,252: Back Left Min: 0.93, Back Right Min: 0.70
[rosout][INFO] 2025-04-03 14:19:44,349: Back Left Min: 0.92, Back Right Min: 0.70
[rosout][INFO] 2025-04-03 14:19:44,452: Back Left Min: 0.92, Back Right Min: 0.72
[rosout][INFO] 2025-04-03 14:19:44,549: Back Left Min: 0.92, Back Right Min: 0.72
[rosout][INFO] 2025-04-03 14:19:44,652: Back Left Min: 0.90, Back Right Min: 0.72
[rosout][INFO] 2025-04-03 14:19:44,749: Back Left Min: 0.90, Back Right Min: 1.41
[rosout][INFO] 2025-04-03 14:19:44,852: Back Left Min: 0.90, Back Right Min: 1.41
[rosout][INFO] 2025-04-03 14:19:44,949: Back Left Min: 0.91, Back Right Min: 1.41
[rosout][INFO] 2025-04-03 14:19:45,053: Back Left Min: 0.91, Back Right Min: 1.47
[rosout][INFO] 2025-04-03 14:19:45,150: Back Left Min: 0.91, Back Right Min: 1.47
[rosout][INFO] 2025-04-03 14:19:45,253: Back Left Min: 0.92, Back Right Min: 1.47
[rosout][INFO] 2025-04-03 14:19:45,350: Back Left Min: 0.92, Back Right Min: 0.69
[rosout][INFO] 2025-04-03 14:19:45,453: Back Left Min: 0.92, Back Right Min: 0.69
[rosout][INFO] 2025-04-03 14:19:45,550: Back Left Min: 0.92, Back Right Min: 0.69
[rosout][INFO] 2025-04-03 14:19:45,653: Back Left Min: 0.92, Back Right Min: 1.41
[rosout][INFO] 2025-04-03 14:19:45,750: Back Left Min: 0.91, Back Right Min: 1.41
[rosout][INFO] 2025-04-03 14:19:45,853: Back Left Min: 0.91, Back Right Min: 1.52
[rosout][INFO] 2025-04-03 14:19:45,950: Back Left Min: 0.70, Back Right Min: 1.52
[rosout][INFO] 2025-04-03 14:19:46,054: Back Left Min: 0.70, Back Right Min: 1.52
[rosout][INFO] 2025-04-03 14:19:46,150: Back Left Min: 0.70, Back Right Min: 0.72
[rosout][INFO] 2025-04-03 14:19:46,254: Back Left Min: 0.91, Back Right Min: 0.72
[rosout][INFO] 2025-04-03 14:19:46,351: Back Left Min: 0.94, Back Right Min: 0.72
[rosout][INFO] 2025-04-03 14:19:46,454: Back Left Min: 0.94, Back Right Min: 2.32
[rosout][INFO] 2025-04-03 14:19:46,551: Back Left Min: 0.94, Back Right Min: 2.32
[rosout][INFO] 2025-04-03 14:19:46,654: Back Left Min: 0.95, Back Right Min: 2.32
[rosout][INFO] 2025-04-03 14:19:46,751: Back Left Min: 0.95, Back Right Min: 2.32
[rosout][INFO] 2025-04-03 14:19:46,854: Back Left Min: 0.95, Back Right Min: 2.32
[rosout][INFO] 2025-04-03 14:19:46,951: Back Left Min: 0.92, Back Right Min: 2.32
[rosout][INFO] 2025-04-03 14:19:47,054: Back Left Min: 0.92, Back Right Min: 2.76
[rosout][INFO] 2025-04-03 14:19:47,152: Back Left Min: 0.92, Back Right Min: 2.75
[rosout][INFO] 2025-04-03 14:19:47,255: Back Left Min: 0.93, Back Right Min: 0.74
[rosout][INFO] 2025-04-03 14:19:47,352: Back Left Min: 0.93, Back Right Min: 0.74
[rosout][INFO] 2025-04-03 14:19:47,455: Back Left Min: 0.93, Back Right Min: 0.74
[rosout][INFO] 2025-04-03 14:19:47,552: Back Left Min: 0.93, Back Right Min: 1.30
[rosout][INFO] 2025-04-03 14:19:47,655: Back Left Min: 0.94, Back Right Min: 1.30
[rosout][INFO] 2025-04-03 14:19:47,752: Back Left Min: 0.94, Back Right Min: 1.30
[rosout][INFO] 2025-04-03 14:19:47,855: Back Left Min: 0.69, Back Right Min: 1.30
[rosout][INFO] 2025-04-03 14:19:47,952: Back Left Min: 0.69, Back Right Min: 1.30
[rosout][INFO] 2025-04-03 14:19:48,055: Back Left Min: 0.69, Back Right Min: 1.30
[rosout][INFO] 2025-04-03 14:19:48,152: Back Left Min: 0.91, Back Right Min: 0.68
[rosout][INFO] 2025-04-03 14:19:48,256: Back Left Min: 0.93, Back Right Min: 0.68
[rosout][INFO] 2025-04-03 14:19:48,352: Back Left Min: 0.93, Back Right Min: 0.68
[rosout][INFO] 2025-04-03 14:19:48,456: Back Left Min: 0.93, Back Right Min: 0.72
[rosout][INFO] 2025-04-03 14:19:48,553: Back Left Min: 0.93, Back Right Min: 0.72
[rosout][INFO] 2025-04-03 14:19:48,656: Back Left Min: 0.93, Back Right Min: 0.92
[rosout][INFO] 2025-04-03 14:19:48,753: Back Left Min: 0.93, Back Right Min: 0.92
[rosout][INFO] 2025-04-03 14:19:48,856: Back Left Min: 0.93, Back Right Min: 0.92
[rosout][INFO] 2025-04-03 14:19:48,953: Back Left Min: 0.93, Back Right Min: 0.93
[rosout][INFO] 2025-04-03 14:19:49,056: Back Left Min: 0.92, Back Right Min: 0.93
[rosout][INFO] 2025-04-03 14:19:49,153: Back Left Min: 0.92, Back Right Min: 0.93
[rosout][INFO] 2025-04-03 14:19:49,256: Back Left Min: 0.92, Back Right Min: 0.94
[rosout][INFO] 2025-04-03 14:19:49,354: Back Left Min: 0.92, Back Right Min: 0.94
[rosout][INFO] 2025-04-03 14:19:49,457: Back Left Min: 0.92, Back Right Min: 0.94
[rosout][INFO] 2025-04-03 14:19:49,554: Back Left Min: 0.92, Back Right Min: 0.93
[rosout][INFO] 2025-04-03 14:19:49,657: Back Left Min: 0.92, Back Right Min: 0.93
[rosout][INFO] 2025-04-03 14:19:49,754: Back Left Min: 0.92, Back Right Min: 0.93
[rosout][INFO] 2025-04-03 14:19:49,857: Back Left Min: 0.89, Back Right Min: 0.91
[rosout][INFO] 2025-04-03 14:19:49,954: Back Left Min: 0.89, Back Right Min: 0.91
[rosout][INFO] 2025-04-03 14:19:50,057: Back Left Min: 0.89, Back Right Min: 0.72
[rosout][INFO] 2025-04-03 14:19:50,154: Back Left Min: 0.92, Back Right Min: 0.72
[rosout][INFO] 2025-04-03 14:19:50,257: Back Left Min: 0.92, Back Right Min: 0.72
[rosout][INFO] 2025-04-03 14:19:50,354: Back Left Min: 0.92, Back Right Min: 0.70
[rosout][INFO] 2025-04-03 14:19:50,458: Back Left Min: 1.01, Back Right Min: 0.70
[rosout][INFO] 2025-04-03 14:19:50,554: Back Left Min: 1.01, Back Right Min: 0.70
[rosout][INFO] 2025-04-03 14:19:50,658: Back Left Min: 0.71, Back Right Min: 0.89
[rosout][INFO] 2025-04-03 14:19:50,755: Back Left Min: 0.71, Back Right Min: 0.89
[rosout][INFO] 2025-04-03 14:19:50,858: Back Left Min: 0.71, Back Right Min: 0.89
[rosout][INFO] 2025-04-03 14:19:50,955: Back Left Min: 1.00, Back Right Min: 0.89
[rosout][INFO] 2025-04-03 14:19:51,058: Back Left Min: 1.00, Back Right Min: 0.89
[rosout][INFO] 2025-04-03 14:19:51,155: Back Left Min: 1.00, Back Right Min: 0.89
[rosout][INFO] 2025-04-03 14:19:51,259: Back Left Min: 1.01, Back Right Min: 0.72
[rosout][INFO] 2025-04-03 14:19:51,355: Back Left Min: 1.01, Back Right Min: 0.72
[rosout][INFO] 2025-04-03 14:19:51,458: Back Left Min: 0.90, Back Right Min: 0.89
[rosout][INFO] 2025-04-03 14:19:51,555: Back Left Min: 0.72, Back Right Min: 0.89
[rosout][INFO] 2025-04-03 14:19:51,659: Back Left Min: 0.72, Back Right Min: 0.89
[rosout][INFO] 2025-04-03 14:19:51,756: Back Left Min: 0.72, Back Right Min: 1.29
[rosout][INFO] 2025-04-03 14:19:51,859: Back Left Min: 0.89, Back Right Min: 1.29
[rosout][INFO] 2025-04-03 14:19:51,956: Back Left Min: 0.89, Back Right Min: 1.29
[rosout][INFO] 2025-04-03 14:19:52,059: Back Left Min: 1.00, Back Right Min: 0.73
[rosout][INFO] 2025-04-03 14:19:52,156: Back Left Min: 0.90, Back Right Min: 0.73
[rosout][INFO] 2025-04-03 14:19:52,259: Back Left Min: 0.90, Back Right Min: 0.73
[rosout][INFO] 2025-04-03 14:19:52,356: Back Left Min: 0.90, Back Right Min: 0.74
[rosout][INFO] 2025-04-03 14:19:52,459: Back Left Min: 0.92, Back Right Min: 0.74
[rosout][INFO] 2025-04-03 14:19:52,556: Back Left Min: 0.92, Back Right Min: 1.30
[rosout][INFO] 2025-04-03 14:19:52,659: Back Left Min: 0.95, Back Right Min: 1.30
[rosout][INFO] 2025-04-03 14:19:52,757: Back Left Min: 0.95, Back Right Min: 1.30
[rosout][INFO] 2025-04-03 14:19:52,860: Back Left Min: 0.95, Back Right Min: 1.34
[rosout][INFO] 2025-04-03 14:19:52,957: Back Left Min: 0.98, Back Right Min: 1.34
[rosout][INFO] 2025-04-03 14:19:53,060: Back Left Min: 0.98, Back Right Min: 1.39
[rosout][INFO] 2025-04-03 14:19:53,157: Back Left Min: 0.98, Back Right Min: 1.39
[rosout][INFO] 2025-04-03 14:19:53,260: Back Left Min: 0.89, Back Right Min: 1.39
[rosout][INFO] 2025-04-03 14:19:53,357: Back Left Min: 0.89, Back Right Min: 1.41
[rosout][INFO] 2025-04-03 14:19:53,460: Back Left Min: 0.89, Back Right Min: 1.41
[rosout][INFO] 2025-04-03 14:19:53,557: Back Left Min: 0.85, Back Right Min: 1.41
[rosout][INFO] 2025-04-03 14:19:53,660: Back Left Min: 0.85, Back Right Min: 1.41
[rosout][INFO] 2025-04-03 14:19:53,757: Back Left Min: 0.71, Back Right Min: 1.41
[rosout][INFO] 2025-04-03 14:19:53,861: Back Left Min: 0.71, Back Right Min: 1.41
[rosout][INFO] 2025-04-03 14:19:53,957: Back Left Min: 0.71, Back Right Min: 1.41
[rosout][INFO] 2025-04-03 14:19:54,061: Back Left Min: 1.02, Back Right Min: 0.70
[rosout][INFO] 2025-04-03 14:19:54,158: Back Left Min: 0.93, Back Right Min: 0.70
[rosout][INFO] 2025-04-03 14:19:54,261: Back Left Min: 0.93, Back Right Min: 0.72
[rosout][INFO] 2025-04-03 14:19:54,358: Back Left Min: 0.93, Back Right Min: 0.72
[rosout][INFO] 2025-04-03 14:19:54,461: Back Left Min: 0.88, Back Right Min: 0.72
[rosout][INFO] 2025-04-03 14:19:54,558: Back Left Min: 0.88, Back Right Min: 1.87
[rosout][INFO] 2025-04-03 14:19:54,661: Back Left Min: 0.67, Back Right Min: 1.87
[rosout][INFO] 2025-04-03 14:19:54,758: Back Left Min: 0.67, Back Right Min: 1.87
[rosout][INFO] 2025-04-03 14:19:54,861: Back Left Min: 1.52, Back Right Min: 2.80
[rosout][INFO] 2025-04-03 14:19:54,958: Back Left Min: 1.41, Back Right Min: 2.32
[rosout][INFO] 2025-04-03 14:19:55,062: Back Left Min: 0.82, Back Right Min: 2.32
[rosout][INFO] 2025-04-03 14:19:55,159: Back Left Min: 0.82, Back Right Min: 0.72
[rosout][INFO] 2025-04-03 14:19:55,262: Back Left Min: 0.82, Back Right Min: 0.72
[rosout][INFO] 2025-04-03 14:19:55,359: Back Left Min: 0.79, Back Right Min: 0.72
[rosout][INFO] 2025-04-03 14:19:55,462: Back Left Min: 0.79, Back Right Min: 2.80
[rosout][INFO] 2025-04-03 14:19:55,560: Back Left Min: 0.79, Back Right Min: 2.80
[rosout][INFO] 2025-04-03 14:19:55,663: Back Left Min: 0.88, Back Right Min: 2.79
[rosout][INFO] 2025-04-03 14:19:55,759: Back Left Min: 0.88, Back Right Min: 1.23
[rosout][INFO] 2025-04-03 14:19:55,862: Back Left Min: 0.68, Back Right Min: 1.23
[rosout][INFO] 2025-04-03 14:19:55,959: Back Left Min: 0.68, Back Right Min: 0.71
[rosout][INFO] 2025-04-03 14:19:56,063: Back Left Min: 0.68, Back Right Min: 0.54
[rosout][INFO] 2025-04-03 14:19:56,160: Back Left Min: 0.71, Back Right Min: 0.54
[rosout][INFO] 2025-04-03 14:19:56,263: Back Left Min: 0.71, Back Right Min: 0.54
[rosout][INFO] 2025-04-03 14:19:56,360: Back Left Min: 0.71, Back Right Min: 0.54
[rosout][INFO] 2025-04-03 14:19:56,463: Back Left Min: 0.74, Back Right Min: 0.54
[rosout][INFO] 2025-04-03 14:19:56,560: Back Left Min: 0.74, Back Right Min: 0.54
[rosout][INFO] 2025-04-03 14:19:56,663: Back Left Min: 0.74, Back Right Min: 0.54
[rosout][INFO] 2025-04-03 14:19:56,760: Back Left Min: 0.74, Back Right Min: 0.54
[rosout][INFO] 2025-04-03 14:19:56,863: Back Left Min: 0.74, Back Right Min: 0.54
[rosout][INFO] 2025-04-03 14:19:56,961: Back Left Min: 0.76, Back Right Min: 0.54
[rosout][INFO] 2025-04-03 14:19:57,063: Back Left Min: 0.76, Back Right Min: 0.54
[rosout][INFO] 2025-04-03 14:19:57,160: Back Left Min: 0.83, Back Right Min: 0.54
[rosout][INFO] 2025-04-03 14:19:57,264: Back Left Min: 0.83, Back Right Min: 0.54
[rosout][INFO] 2025-04-03 14:19:57,361: Back Left Min: 0.83, Back Right Min: 0.54
[rosout][INFO] 2025-04-03 14:19:57,464: Back Left Min: 0.93, Back Right Min: 0.54
[rosout][INFO] 2025-04-03 14:19:57,561: Back Left Min: 0.93, Back Right Min: 0.54
[rosout][INFO] 2025-04-03 14:19:57,665: Back Left Min: 1.46, Back Right Min: 0.54
[rosout][INFO] 2025-04-03 14:19:57,761: Back Left Min: 1.46, Back Right Min: 0.54
[rosout][INFO] 2025-04-03 14:19:57,864: Back Left Min: 1.46, Back Right Min: 0.54
[rosout][INFO] 2025-04-03 14:19:57,961: Back Left Min: 1.46, Back Right Min: 0.54
[rosout][INFO] 2025-04-03 14:19:58,064: Back Left Min: 1.46, Back Right Min: 0.54
[rosout][INFO] 2025-04-03 14:19:58,161: Back Left Min: 1.46, Back Right Min: 0.54
[rosout][INFO] 2025-04-03 14:19:58,265: Back Left Min: 1.46, Back Right Min: 0.54
[rosout][INFO] 2025-04-03 14:19:58,362: Back Left Min: 1.46, Back Right Min: 0.54
[rosout][INFO] 2025-04-03 14:19:58,465: Back Left Min: 1.46, Back Right Min: 0.54
[rosout][INFO] 2025-04-03 14:19:58,562: Back Left Min: 1.46, Back Right Min: 0.54
[rosout][INFO] 2025-04-03 14:19:58,665: Back Left Min: 1.46, Back Right Min: 0.54
[rosout][INFO] 2025-04-03 14:19:58,762: Back Left Min: 1.46, Back Right Min: 0.54
[rosout][INFO] 2025-04-03 14:19:58,866: Back Left Min: 0.91, Back Right Min: 0.54
[rosout][INFO] 2025-04-03 14:19:58,963: Back Left Min: 0.91, Back Right Min: 0.54
[rosout][INFO] 2025-04-03 14:19:59,066: Back Left Min: 0.89, Back Right Min: 0.54
[rosout][INFO] 2025-04-03 14:19:59,163: Back Left Min: 0.89, Back Right Min: 0.54
[rosout][INFO] 2025-04-03 14:19:59,265: Back Left Min: 0.89, Back Right Min: 0.54
[rosout][INFO] 2025-04-03 14:19:59,362: Back Left Min: 0.88, Back Right Min: 0.54
[rosout][INFO] 2025-04-03 14:19:59,466: Back Left Min: 0.88, Back Right Min: 0.54
[rosout][INFO] 2025-04-03 14:19:59,563: Back Left Min: 0.88, Back Right Min: 0.54
[rosout][INFO] 2025-04-03 14:19:59,666: Back Left Min: 0.87, Back Right Min: 0.54
[rosout][INFO] 2025-04-03 14:19:59,763: Back Left Min: 0.87, Back Right Min: 0.54
[rosout][INFO] 2025-04-03 14:19:59,866: Back Left Min: 0.87, Back Right Min: 0.54
[rosout][INFO] 2025-04-03 14:19:59,963: Back Left Min: 0.86, Back Right Min: 0.54
[rosout][INFO] 2025-04-03 14:20:00,066: Back Left Min: 0.86, Back Right Min: 0.54
[rosout][INFO] 2025-04-03 14:20:00,163: Back Left Min: 0.86, Back Right Min: 0.54
[rosout][INFO] 2025-04-03 14:20:00,266: Back Left Min: 0.86, Back Right Min: 0.54
[rosout][INFO] 2025-04-03 14:20:00,363: Back Left Min: 0.86, Back Right Min: 0.54
[rosout][INFO] 2025-04-03 14:20:00,467: Back Left Min: 0.86, Back Right Min: 0.54
[rosout][INFO] 2025-04-03 14:20:00,564: Back Left Min: 0.86, Back Right Min: 0.54
[rosout][INFO] 2025-04-03 14:20:00,667: Back Left Min: 0.86, Back Right Min: 0.54
[rosout][INFO] 2025-04-03 14:20:00,764: Back Left Min: 0.85, Back Right Min: 0.54
[rosout][INFO] 2025-04-03 14:20:00,867: Back Left Min: 0.85, Back Right Min: 0.54
[rosout][INFO] 2025-04-03 14:20:00,964: Back Left Min: 0.85, Back Right Min: 0.54
[rosout][INFO] 2025-04-03 14:20:01,067: Back Left Min: 0.86, Back Right Min: 0.54
[rosout][INFO] 2025-04-03 14:20:01,164: Back Left Min: 0.86, Back Right Min: 0.54
[rosout][INFO] 2025-04-03 14:20:01,267: Back Left Min: 0.86, Back Right Min: 0.54
[rosout][INFO] 2025-04-03 14:20:01,365: Back Left Min: 0.86, Back Right Min: 0.54
[rosout][INFO] 2025-04-03 14:20:01,467: Back Left Min: 0.86, Back Right Min: 0.54
[rosout][INFO] 2025-04-03 14:20:01,564: Back Left Min: 0.86, Back Right Min: 0.54
[rosout][INFO] 2025-04-03 14:20:01,668: Back Left Min: 0.86, Back Right Min: 0.54
[rosout][INFO] 2025-04-03 14:20:01,765: Back Left Min: 0.86, Back Right Min: 0.54
[rosout][INFO] 2025-04-03 14:20:01,868: Back Left Min: 0.86, Back Right Min: 0.54
