[rospy.client][INFO] 2025-03-27 14:31:43,816: init_node, name[/sonar_processor_5362_1743060703804], pid[5362]
[xmlrpc][INFO] 2025-03-27 14:31:43,817: XML-RPC server binding to 127.0.0.1:0
[xmlrpc][INFO] 2025-03-27 14:31:43,817: Started XML-RPC server [http://localhost:42803/]
[rospy.init][INFO] 2025-03-27 14:31:43,817: ROS Slave URI: [http://localhost:42803/]
[rospy.impl.masterslave][INFO] 2025-03-27 14:31:43,817: _ready: http://localhost:42803/
[rospy.registration][INFO] 2025-03-27 14:31:43,817: Registering with master node http://localhost:11311
[xmlrpc][INFO] 2025-03-27 14:31:43,817: xml rpc node: starting XML-RPC server
[rospy.init][INFO] 2025-03-27 14:31:43,917: registered with master
[rospy.rosout][INFO] 2025-03-27 14:31:43,918: initializing /rosout core topic
[rospy.rosout][INFO] 2025-03-27 14:31:43,924: connected to core topic /rosout
[rospy.simtime][INFO] 2025-03-27 14:31:43,927: /use_sim_time is not set, will not subscribe to simulated time [/clock] topic
[rosout][INFO] 2025-03-27 14:31:43,940: Sonar processor initialized
[rospy.internal][INFO] 2025-03-27 14:31:43,985: topic[/RosAria/sonar] adding connection to [http://localhost:37299/], count 0
[rosout][INFO] 2025-03-27 14:31:44,034: Back Left Min: 1.17, Back Right Min: 1.27
[rospy.internal][INFO] 2025-03-27 14:31:44,132: topic[/rosout] adding connection to [/rosout], count 0
[rosout][INFO] 2025-03-27 14:31:44,134: Back Left Min: 1.17, Back Right Min: 1.27
[rosout][INFO] 2025-03-27 14:31:44,235: Back Left Min: 1.17, Back Right Min: 1.27
[rosout][INFO] 2025-03-27 14:31:44,332: Back Left Min: 1.17, Back Right Min: 1.27
[rosout][INFO] 2025-03-27 14:31:44,435: Back Left Min: 1.17, Back Right Min: 1.27
[rosout][INFO] 2025-03-27 14:31:44,532: Back Left Min: 1.17, Back Right Min: 1.27
[rosout][INFO] 2025-03-27 14:31:44,635: Back Left Min: 1.17, Back Right Min: 1.27
[rosout][INFO] 2025-03-27 14:31:44,732: Back Left Min: 1.17, Back Right Min: 1.27
[rosout][INFO] 2025-03-27 14:31:44,835: Back Left Min: 1.17, Back Right Min: 1.27
[rosout][INFO] 2025-03-27 14:31:44,932: Back Left Min: 1.17, Back Right Min: 1.27
[rosout][INFO] 2025-03-27 14:31:45,035: Back Left Min: 1.17, Back Right Min: 1.27
[rosout][INFO] 2025-03-27 14:31:45,132: Back Left Min: 1.17, Back Right Min: 1.27
[rosout][INFO] 2025-03-27 14:31:45,236: Back Left Min: 1.17, Back Right Min: 1.27
[rosout][INFO] 2025-03-27 14:31:45,332: Back Left Min: 1.17, Back Right Min: 1.27
[rosout][INFO] 2025-03-27 14:31:45,436: Back Left Min: 1.17, Back Right Min: 1.27
[rosout][INFO] 2025-03-27 14:31:45,532: Back Left Min: 1.17, Back Right Min: 1.27
[rosout][INFO] 2025-03-27 14:31:45,636: Back Left Min: 1.17, Back Right Min: 1.27
[rosout][INFO] 2025-03-27 14:31:45,733: Back Left Min: 1.17, Back Right Min: 1.27
[rosout][INFO] 2025-03-27 14:31:45,836: Back Left Min: 1.17, Back Right Min: 1.27
[rosout][INFO] 2025-03-27 14:31:45,933: Back Left Min: 1.17, Back Right Min: 1.27
[rosout][INFO] 2025-03-27 14:31:46,036: Back Left Min: 1.17, Back Right Min: 1.26
[rosout][INFO] 2025-03-27 14:31:46,133: Back Left Min: 1.17, Back Right Min: 1.26
[rosout][INFO] 2025-03-27 14:31:46,236: Back Left Min: 1.17, Back Right Min: 1.26
[rosout][INFO] 2025-03-27 14:31:46,333: Back Left Min: 1.17, Back Right Min: 1.30
[rosout][INFO] 2025-03-27 14:31:46,436: Back Left Min: 1.17, Back Right Min: 1.30
[rosout][INFO] 2025-03-27 14:31:46,533: Back Left Min: 1.17, Back Right Min: 1.30
[rosout][INFO] 2025-03-27 14:31:46,636: Back Left Min: 1.17, Back Right Min: 1.30
[rosout][INFO] 2025-03-27 14:31:46,733: Back Left Min: 1.17, Back Right Min: 1.30
[rosout][INFO] 2025-03-27 14:31:46,836: Back Left Min: 1.17, Back Right Min: 1.30
[rosout][INFO] 2025-03-27 14:31:46,932: Back Left Min: 1.17, Back Right Min: 1.29
[rosout][INFO] 2025-03-27 14:31:47,036: Back Left Min: 1.17, Back Right Min: 1.29
[rosout][INFO] 2025-03-27 14:31:47,133: Back Left Min: 1.17, Back Right Min: 1.29
[rosout][INFO] 2025-03-27 14:31:47,236: Back Left Min: 1.17, Back Right Min: 1.29
[rosout][INFO] 2025-03-27 14:31:47,333: Back Left Min: 1.17, Back Right Min: 1.29
[rosout][INFO] 2025-03-27 14:31:47,436: Back Left Min: 1.17, Back Right Min: 1.28
[rosout][INFO] 2025-03-27 14:31:47,533: Back Left Min: 1.17, Back Right Min: 1.28
[rosout][INFO] 2025-03-27 14:31:47,637: Back Left Min: 1.17, Back Right Min: 1.28
[rosout][INFO] 2025-03-27 14:31:47,733: Back Left Min: 1.17, Back Right Min: 1.29
[rosout][INFO] 2025-03-27 14:31:47,837: Back Left Min: 1.17, Back Right Min: 1.29
[rosout][INFO] 2025-03-27 14:31:47,934: Back Left Min: 1.17, Back Right Min: 1.29
[rosout][INFO] 2025-03-27 14:31:48,037: Back Left Min: 1.17, Back Right Min: 1.27
[rosout][INFO] 2025-03-27 14:31:48,134: Back Left Min: 1.17, Back Right Min: 1.27
[rosout][INFO] 2025-03-27 14:31:48,237: Back Left Min: 1.17, Back Right Min: 1.27
[rosout][INFO] 2025-03-27 14:31:48,334: Back Left Min: 1.17, Back Right Min: 1.29
[rosout][INFO] 2025-03-27 14:31:48,437: Back Left Min: 1.17, Back Right Min: 1.29
[rosout][INFO] 2025-03-27 14:31:48,534: Back Left Min: 1.17, Back Right Min: 1.29
[rosout][INFO] 2025-03-27 14:31:48,637: Back Left Min: 1.17, Back Right Min: 1.28
[rosout][INFO] 2025-03-27 14:31:48,734: Back Left Min: 1.17, Back Right Min: 1.28
[rosout][INFO] 2025-03-27 14:31:48,837: Back Left Min: 1.17, Back Right Min: 1.27
[rosout][INFO] 2025-03-27 14:31:48,934: Back Left Min: 1.17, Back Right Min: 1.27
[rosout][INFO] 2025-03-27 14:31:49,037: Back Left Min: 1.17, Back Right Min: 1.27
[rosout][INFO] 2025-03-27 14:31:49,134: Back Left Min: 1.17, Back Right Min: 1.27
[rosout][INFO] 2025-03-27 14:31:49,237: Back Left Min: 1.17, Back Right Min: 1.27
[rosout][INFO] 2025-03-27 14:31:49,334: Back Left Min: 1.17, Back Right Min: 1.27
[rosout][INFO] 2025-03-27 14:31:49,437: Back Left Min: 1.17, Back Right Min: 1.29
[rosout][INFO] 2025-03-27 14:31:49,534: Back Left Min: 1.17, Back Right Min: 1.29
[rosout][INFO] 2025-03-27 14:31:49,637: Back Left Min: 1.17, Back Right Min: 1.29
[rosout][INFO] 2025-03-27 14:31:49,734: Back Left Min: 1.17, Back Right Min: 1.30
[rosout][INFO] 2025-03-27 14:31:49,837: Back Left Min: 1.17, Back Right Min: 1.30
[rosout][INFO] 2025-03-27 14:31:49,934: Back Left Min: 1.17, Back Right Min: 1.30
[rosout][INFO] 2025-03-27 14:31:50,038: Back Left Min: 1.17, Back Right Min: 1.32
[rosout][INFO] 2025-03-27 14:31:50,135: Back Left Min: 1.17, Back Right Min: 1.32
[rosout][INFO] 2025-03-27 14:31:50,238: Back Left Min: 1.17, Back Right Min: 1.31
[rosout][INFO] 2025-03-27 14:31:50,335: Back Left Min: 1.17, Back Right Min: 1.31
[rosout][INFO] 2025-03-27 14:31:50,438: Back Left Min: 1.17, Back Right Min: 1.31
[rosout][INFO] 2025-03-27 14:31:50,535: Back Left Min: 1.17, Back Right Min: 1.30
[rosout][INFO] 2025-03-27 14:31:50,638: Back Left Min: 1.17, Back Right Min: 1.30
[rosout][INFO] 2025-03-27 14:31:50,735: Back Left Min: 1.17, Back Right Min: 1.30
[rosout][INFO] 2025-03-27 14:31:50,838: Back Left Min: 1.17, Back Right Min: 1.31
[rosout][INFO] 2025-03-27 14:31:50,935: Back Left Min: 1.17, Back Right Min: 1.31
[rosout][INFO] 2025-03-27 14:31:51,038: Back Left Min: 1.17, Back Right Min: 1.31
[rosout][INFO] 2025-03-27 14:31:51,135: Back Left Min: 1.17, Back Right Min: 1.28
[rosout][INFO] 2025-03-27 14:31:51,238: Back Left Min: 1.17, Back Right Min: 1.28
[rosout][INFO] 2025-03-27 14:31:51,335: Back Left Min: 1.17, Back Right Min: 1.28
[rosout][INFO] 2025-03-27 14:31:51,438: Back Left Min: 1.17, Back Right Min: 1.28
[rosout][INFO] 2025-03-27 14:31:51,535: Back Left Min: 1.17, Back Right Min: 1.28
[rosout][INFO] 2025-03-27 14:31:51,638: Back Left Min: 1.17, Back Right Min: 1.28
[rosout][INFO] 2025-03-27 14:31:51,735: Back Left Min: 1.17, Back Right Min: 1.28
[rosout][INFO] 2025-03-27 14:31:51,838: Back Left Min: 1.17, Back Right Min: 1.28
[rosout][INFO] 2025-03-27 14:31:51,935: Back Left Min: 1.17, Back Right Min: 1.28
[rosout][INFO] 2025-03-27 14:31:52,038: Back Left Min: 1.17, Back Right Min: 1.28
[rosout][INFO] 2025-03-27 14:31:52,135: Back Left Min: 1.17, Back Right Min: 1.28
[rosout][INFO] 2025-03-27 14:31:52,238: Back Left Min: 1.17, Back Right Min: 1.28
[rosout][INFO] 2025-03-27 14:31:52,335: Back Left Min: 1.17, Back Right Min: 1.28
[rosout][INFO] 2025-03-27 14:31:52,438: Back Left Min: 1.17, Back Right Min: 1.28
[rosout][INFO] 2025-03-27 14:31:52,535: Back Left Min: 1.17, Back Right Min: 1.28
[rosout][INFO] 2025-03-27 14:31:52,638: Back Left Min: 1.17, Back Right Min: 1.28
[rosout][INFO] 2025-03-27 14:31:52,735: Back Left Min: 1.17, Back Right Min: 1.28
[rosout][INFO] 2025-03-27 14:31:52,839: Back Left Min: 1.17, Back Right Min: 1.28
[rosout][INFO] 2025-03-27 14:31:52,936: Back Left Min: 1.17, Back Right Min: 1.28
[rosout][INFO] 2025-03-27 14:31:53,039: Back Left Min: 1.17, Back Right Min: 1.28
[rosout][INFO] 2025-03-27 14:31:53,136: Back Left Min: 1.17, Back Right Min: 1.28
[rosout][INFO] 2025-03-27 14:31:53,239: Back Left Min: 1.17, Back Right Min: 1.28
[rosout][INFO] 2025-03-27 14:31:53,336: Back Left Min: 1.17, Back Right Min: 1.28
[rosout][INFO] 2025-03-27 14:31:53,439: Back Left Min: 1.17, Back Right Min: 1.28
[rosout][INFO] 2025-03-27 14:31:53,536: Back Left Min: 1.17, Back Right Min: 1.28
[rosout][INFO] 2025-03-27 14:31:53,639: Back Left Min: 1.17, Back Right Min: 1.27
[rosout][INFO] 2025-03-27 14:31:53,736: Back Left Min: 1.17, Back Right Min: 1.27
[rosout][INFO] 2025-03-27 14:31:53,839: Back Left Min: 1.17, Back Right Min: 1.27
[rosout][INFO] 2025-03-27 14:31:53,936: Back Left Min: 1.17, Back Right Min: 1.27
[rosout][INFO] 2025-03-27 14:31:54,039: Back Left Min: 1.17, Back Right Min: 1.27
[rosout][INFO] 2025-03-27 14:31:54,136: Back Left Min: 1.17, Back Right Min: 1.27
[rosout][INFO] 2025-03-27 14:31:54,239: Back Left Min: 1.17, Back Right Min: 1.28
[rosout][INFO] 2025-03-27 14:31:54,336: Back Left Min: 1.17, Back Right Min: 1.28
[rosout][INFO] 2025-03-27 14:31:54,439: Back Left Min: 1.17, Back Right Min: 1.28
[rosout][INFO] 2025-03-27 14:31:54,536: Back Left Min: 1.17, Back Right Min: 1.28
[rosout][INFO] 2025-03-27 14:31:54,639: Back Left Min: 1.17, Back Right Min: 1.28
[rosout][INFO] 2025-03-27 14:31:54,736: Back Left Min: 1.17, Back Right Min: 1.28
[rosout][INFO] 2025-03-27 14:31:54,839: Back Left Min: 1.17, Back Right Min: 1.28
[rosout][INFO] 2025-03-27 14:31:54,936: Back Left Min: 1.17, Back Right Min: 1.28
[rosout][INFO] 2025-03-27 14:31:55,040: Back Left Min: 1.17, Back Right Min: 1.28
[rosout][INFO] 2025-03-27 14:31:55,136: Back Left Min: 1.17, Back Right Min: 1.28
[rosout][INFO] 2025-03-27 14:31:55,240: Back Left Min: 1.17, Back Right Min: 1.28
[rosout][INFO] 2025-03-27 14:31:55,336: Back Left Min: 1.17, Back Right Min: 1.28
[rosout][INFO] 2025-03-27 14:31:55,440: Back Left Min: 1.17, Back Right Min: 1.28
[rosout][INFO] 2025-03-27 14:31:55,537: Back Left Min: 1.17, Back Right Min: 1.28
[rosout][INFO] 2025-03-27 14:31:55,640: Back Left Min: 1.17, Back Right Min: 1.30
[rosout][INFO] 2025-03-27 14:31:55,737: Back Left Min: 1.17, Back Right Min: 1.30
[rosout][INFO] 2025-03-27 14:31:55,840: Back Left Min: 1.17, Back Right Min: 1.28
[rosout][INFO] 2025-03-27 14:31:55,937: Back Left Min: 1.17, Back Right Min: 1.28
[rosout][INFO] 2025-03-27 14:31:56,040: Back Left Min: 1.17, Back Right Min: 1.28
[rosout][INFO] 2025-03-27 14:31:56,137: Back Left Min: 1.17, Back Right Min: 1.26
[rosout][INFO] 2025-03-27 14:31:56,240: Back Left Min: 1.17, Back Right Min: 1.26
[rosout][INFO] 2025-03-27 14:31:56,337: Back Left Min: 1.17, Back Right Min: 1.26
[rosout][INFO] 2025-03-27 14:31:56,440: Back Left Min: 1.17, Back Right Min: 1.27
[rosout][INFO] 2025-03-27 14:31:56,537: Back Left Min: 1.17, Back Right Min: 1.27
[rosout][INFO] 2025-03-27 14:31:56,640: Back Left Min: 1.17, Back Right Min: 1.27
[rosout][INFO] 2025-03-27 14:31:56,737: Back Left Min: 1.17, Back Right Min: 1.27
[rosout][INFO] 2025-03-27 14:31:56,840: Back Left Min: 1.17, Back Right Min: 1.27
[rosout][INFO] 2025-03-27 14:31:56,937: Back Left Min: 1.17, Back Right Min: 1.27
[rosout][INFO] 2025-03-27 14:31:57,040: Back Left Min: 1.17, Back Right Min: 1.27
[rosout][INFO] 2025-03-27 14:31:57,137: Back Left Min: 1.17, Back Right Min: 1.27
[rosout][INFO] 2025-03-27 14:31:57,240: Back Left Min: 1.17, Back Right Min: 1.28
[rosout][INFO] 2025-03-27 14:31:57,337: Back Left Min: 1.17, Back Right Min: 1.28
[rosout][INFO] 2025-03-27 14:31:57,440: Back Left Min: 1.17, Back Right Min: 1.28
[rosout][INFO] 2025-03-27 14:31:57,537: Back Left Min: 1.17, Back Right Min: 1.27
[rosout][INFO] 2025-03-27 14:31:57,641: Back Left Min: 1.17, Back Right Min: 1.27
[rosout][INFO] 2025-03-27 14:31:57,737: Back Left Min: 1.17, Back Right Min: 1.27
[rosout][INFO] 2025-03-27 14:31:57,841: Back Left Min: 1.17, Back Right Min: 1.28
[rosout][INFO] 2025-03-27 14:31:57,937: Back Left Min: 1.17, Back Right Min: 1.28
[rosout][INFO] 2025-03-27 14:31:58,041: Back Left Min: 1.17, Back Right Min: 1.28
[rosout][INFO] 2025-03-27 14:31:58,138: Back Left Min: 1.17, Back Right Min: 1.29
[rosout][INFO] 2025-03-27 14:31:58,241: Back Left Min: 1.17, Back Right Min: 1.29
[rosout][INFO] 2025-03-27 14:31:58,338: Back Left Min: 1.17, Back Right Min: 1.29
[rosout][INFO] 2025-03-27 14:31:58,441: Back Left Min: 1.17, Back Right Min: 1.29
[rosout][INFO] 2025-03-27 14:31:58,538: Back Left Min: 1.17, Back Right Min: 1.29
[rosout][INFO] 2025-03-27 14:31:58,641: Back Left Min: 1.17, Back Right Min: 1.27
[rosout][INFO] 2025-03-27 14:31:58,738: Back Left Min: 1.17, Back Right Min: 1.27
[rosout][INFO] 2025-03-27 14:31:58,842: Back Left Min: 1.17, Back Right Min: 1.27
[rosout][INFO] 2025-03-27 14:31:58,938: Back Left Min: 1.17, Back Right Min: 1.27
[rosout][INFO] 2025-03-27 14:31:59,041: Back Left Min: 1.17, Back Right Min: 1.27
[rosout][INFO] 2025-03-27 14:31:59,138: Back Left Min: 1.17, Back Right Min: 1.27
[rosout][INFO] 2025-03-27 14:31:59,241: Back Left Min: 1.17, Back Right Min: 1.27
[rosout][INFO] 2025-03-27 14:31:59,338: Back Left Min: 1.17, Back Right Min: 1.27
[rosout][INFO] 2025-03-27 14:31:59,442: Back Left Min: 1.17, Back Right Min: 1.27
[rosout][INFO] 2025-03-27 14:31:59,538: Back Left Min: 1.17, Back Right Min: 1.27
[rosout][INFO] 2025-03-27 14:31:59,642: Back Left Min: 1.17, Back Right Min: 1.27
[rosout][INFO] 2025-03-27 14:31:59,738: Back Left Min: 1.17, Back Right Min: 1.27
[rosout][INFO] 2025-03-27 14:31:59,842: Back Left Min: 1.17, Back Right Min: 1.27
[rosout][INFO] 2025-03-27 14:31:59,938: Back Left Min: 1.17, Back Right Min: 1.27
[rosout][INFO] 2025-03-27 14:32:00,042: Back Left Min: 1.17, Back Right Min: 1.27
[rosout][INFO] 2025-03-27 14:32:00,138: Back Left Min: 1.17, Back Right Min: 1.27
[rosout][INFO] 2025-03-27 14:32:00,242: Back Left Min: 1.17, Back Right Min: 1.27
[rosout][INFO] 2025-03-27 14:32:00,338: Back Left Min: 1.17, Back Right Min: 1.30
[rosout][INFO] 2025-03-27 14:32:00,442: Back Left Min: 1.17, Back Right Min: 1.30
[rosout][INFO] 2025-03-27 14:32:00,539: Back Left Min: 1.17, Back Right Min: 1.30
[rosout][INFO] 2025-03-27 14:32:00,642: Back Left Min: 1.17, Back Right Min: 1.30
[rosout][INFO] 2025-03-27 14:32:00,739: Back Left Min: 1.17, Back Right Min: 1.30
[rosout][INFO] 2025-03-27 14:32:00,842: Back Left Min: 1.17, Back Right Min: 1.30
[rosout][INFO] 2025-03-27 14:32:00,939: Back Left Min: 1.17, Back Right Min: 1.26
[rosout][INFO] 2025-03-27 14:32:01,042: Back Left Min: 1.17, Back Right Min: 1.26
[rosout][INFO] 2025-03-27 14:32:01,139: Back Left Min: 1.17, Back Right Min: 1.26
[rosout][INFO] 2025-03-27 14:32:01,242: Back Left Min: 1.17, Back Right Min: 1.27
[rosout][INFO] 2025-03-27 14:32:01,339: Back Left Min: 1.17, Back Right Min: 1.27
[rosout][INFO] 2025-03-27 14:32:01,442: Back Left Min: 1.17, Back Right Min: 1.30
[rosout][INFO] 2025-03-27 14:32:01,539: Back Left Min: 1.17, Back Right Min: 1.30
[rosout][INFO] 2025-03-27 14:32:01,642: Back Left Min: 1.17, Back Right Min: 1.30
[rosout][INFO] 2025-03-27 14:32:01,739: Back Left Min: 1.17, Back Right Min: 1.28
[rosout][INFO] 2025-03-27 14:32:01,842: Back Left Min: 1.17, Back Right Min: 1.28
[rosout][INFO] 2025-03-27 14:32:01,938: Back Left Min: 1.17, Back Right Min: 1.28
[rosout][INFO] 2025-03-27 14:32:02,042: Back Left Min: 1.17, Back Right Min: 1.29
[rosout][INFO] 2025-03-27 14:32:02,138: Back Left Min: 1.17, Back Right Min: 1.29
[rosout][INFO] 2025-03-27 14:32:02,242: Back Left Min: 1.17, Back Right Min: 1.29
[rosout][INFO] 2025-03-27 14:32:02,339: Back Left Min: 1.17, Back Right Min: 1.27
[rosout][INFO] 2025-03-27 14:32:02,442: Back Left Min: 1.17, Back Right Min: 1.27
[rosout][INFO] 2025-03-27 14:32:02,539: Back Left Min: 1.17, Back Right Min: 1.27
[rosout][INFO] 2025-03-27 14:32:02,642: Back Left Min: 1.17, Back Right Min: 1.30
[rosout][INFO] 2025-03-27 14:32:02,739: Back Left Min: 1.17, Back Right Min: 1.30
[rosout][INFO] 2025-03-27 14:32:02,843: Back Left Min: 1.17, Back Right Min: 1.27
[rosout][INFO] 2025-03-27 14:32:02,940: Back Left Min: 1.17, Back Right Min: 1.27
[rosout][INFO] 2025-03-27 14:32:03,043: Back Left Min: 1.17, Back Right Min: 1.27
[rosout][INFO] 2025-03-27 14:32:03,140: Back Left Min: 1.17, Back Right Min: 1.26
[rosout][INFO] 2025-03-27 14:32:03,243: Back Left Min: 1.17, Back Right Min: 1.26
[rosout][INFO] 2025-03-27 14:32:03,340: Back Left Min: 1.17, Back Right Min: 1.26
[rosout][INFO] 2025-03-27 14:32:03,443: Back Left Min: 1.17, Back Right Min: 1.28
[rosout][INFO] 2025-03-27 14:32:03,540: Back Left Min: 1.17, Back Right Min: 1.28
[rosout][INFO] 2025-03-27 14:32:03,643: Back Left Min: 1.17, Back Right Min: 1.28
[rosout][INFO] 2025-03-27 14:32:03,740: Back Left Min: 1.17, Back Right Min: 1.27
[rosout][INFO] 2025-03-27 14:32:03,843: Back Left Min: 1.17, Back Right Min: 1.27
[rosout][INFO] 2025-03-27 14:32:03,940: Back Left Min: 1.17, Back Right Min: 1.27
[rosout][INFO] 2025-03-27 14:32:04,043: Back Left Min: 1.17, Back Right Min: 1.27
[rosout][INFO] 2025-03-27 14:32:04,140: Back Left Min: 1.17, Back Right Min: 1.27
[rosout][INFO] 2025-03-27 14:32:04,243: Back Left Min: 1.17, Back Right Min: 1.29
[rosout][INFO] 2025-03-27 14:32:04,340: Back Left Min: 1.17, Back Right Min: 1.29
[rosout][INFO] 2025-03-27 14:32:04,443: Back Left Min: 1.17, Back Right Min: 1.29
[rosout][INFO] 2025-03-27 14:32:04,540: Back Left Min: 1.17, Back Right Min: 1.25
[rosout][INFO] 2025-03-27 14:32:04,643: Back Left Min: 1.17, Back Right Min: 1.25
[rosout][INFO] 2025-03-27 14:32:04,740: Back Left Min: 1.17, Back Right Min: 1.25
[rosout][INFO] 2025-03-27 14:32:04,843: Back Left Min: 1.17, Back Right Min: 1.28
[rosout][INFO] 2025-03-27 14:32:04,940: Back Left Min: 1.17, Back Right Min: 1.28
[rosout][INFO] 2025-03-27 14:32:05,044: Back Left Min: 1.17, Back Right Min: 1.28
[rosout][INFO] 2025-03-27 14:32:05,140: Back Left Min: 1.17, Back Right Min: 1.35
[rosout][INFO] 2025-03-27 14:32:05,244: Back Left Min: 1.17, Back Right Min: 1.35
[rosout][INFO] 2025-03-27 14:32:05,340: Back Left Min: 1.17, Back Right Min: 1.35
[rosout][INFO] 2025-03-27 14:32:05,444: Back Left Min: 1.17, Back Right Min: 1.26
[rosout][INFO] 2025-03-27 14:32:05,540: Back Left Min: 1.17, Back Right Min: 1.26
[rosout][INFO] 2025-03-27 14:32:05,644: Back Left Min: 1.17, Back Right Min: 1.26
[rosout][INFO] 2025-03-27 14:32:05,741: Back Left Min: 1.17, Back Right Min: 1.26
[rosout][INFO] 2025-03-27 14:32:05,844: Back Left Min: 1.17, Back Right Min: 1.26
[rosout][INFO] 2025-03-27 14:32:05,941: Back Left Min: 1.17, Back Right Min: 1.26
[rosout][INFO] 2025-03-27 14:32:06,044: Back Left Min: 1.17, Back Right Min: 1.26
[rosout][INFO] 2025-03-27 14:32:06,141: Back Left Min: 1.17, Back Right Min: 1.26
[rosout][INFO] 2025-03-27 14:32:06,244: Back Left Min: 1.17, Back Right Min: 1.27
[rosout][INFO] 2025-03-27 14:32:06,341: Back Left Min: 1.17, Back Right Min: 1.27
[rosout][INFO] 2025-03-27 14:32:06,444: Back Left Min: 1.17, Back Right Min: 1.27
[rosout][INFO] 2025-03-27 14:32:06,541: Back Left Min: 1.17, Back Right Min: 1.28
[rosout][INFO] 2025-03-27 14:32:06,644: Back Left Min: 1.17, Back Right Min: 1.28
[rosout][INFO] 2025-03-27 14:32:06,741: Back Left Min: 1.17, Back Right Min: 1.28
[rosout][INFO] 2025-03-27 14:32:06,844: Back Left Min: 1.17, Back Right Min: 1.27
[rosout][INFO] 2025-03-27 14:32:06,941: Back Left Min: 1.17, Back Right Min: 1.27
[rosout][INFO] 2025-03-27 14:32:07,044: Back Left Min: 1.17, Back Right Min: 1.25
[rosout][INFO] 2025-03-27 14:32:07,141: Back Left Min: 1.17, Back Right Min: 1.25
[rosout][INFO] 2025-03-27 14:32:07,244: Back Left Min: 1.17, Back Right Min: 1.25
[rosout][INFO] 2025-03-27 14:32:07,341: Back Left Min: 1.17, Back Right Min: 1.25
[rosout][INFO] 2025-03-27 14:32:07,444: Back Left Min: 1.17, Back Right Min: 1.25
[rosout][INFO] 2025-03-27 14:32:07,542: Back Left Min: 1.17, Back Right Min: 1.25
[rosout][INFO] 2025-03-27 14:32:07,644: Back Left Min: 1.17, Back Right Min: 1.26
[rosout][INFO] 2025-03-27 14:32:07,742: Back Left Min: 1.17, Back Right Min: 1.26
[rosout][INFO] 2025-03-27 14:32:07,844: Back Left Min: 1.17, Back Right Min: 1.26
[rosout][INFO] 2025-03-27 14:32:07,942: Back Left Min: 1.17, Back Right Min: 1.26
[rosout][INFO] 2025-03-27 14:32:08,045: Back Left Min: 1.17, Back Right Min: 1.26
[rosout][INFO] 2025-03-27 14:32:08,142: Back Left Min: 1.17, Back Right Min: 1.26
[rosout][INFO] 2025-03-27 14:32:08,245: Back Left Min: 1.17, Back Right Min: 1.26
[rosout][INFO] 2025-03-27 14:32:08,342: Back Left Min: 1.17, Back Right Min: 1.26
[rosout][INFO] 2025-03-27 14:32:08,445: Back Left Min: 1.17, Back Right Min: 1.25
[rosout][INFO] 2025-03-27 14:32:08,542: Back Left Min: 1.17, Back Right Min: 1.25
[rosout][INFO] 2025-03-27 14:32:08,645: Back Left Min: 1.17, Back Right Min: 1.25
[rosout][INFO] 2025-03-27 14:32:08,742: Back Left Min: 1.17, Back Right Min: 1.26
[rosout][INFO] 2025-03-27 14:32:08,845: Back Left Min: 1.17, Back Right Min: 1.26
[rosout][INFO] 2025-03-27 14:32:08,942: Back Left Min: 1.17, Back Right Min: 1.26
[rosout][INFO] 2025-03-27 14:32:09,045: Back Left Min: 1.17, Back Right Min: 1.28
[rosout][INFO] 2025-03-27 14:32:09,142: Back Left Min: 1.17, Back Right Min: 1.28
[rosout][INFO] 2025-03-27 14:32:09,245: Back Left Min: 1.17, Back Right Min: 1.28
[rosout][INFO] 2025-03-27 14:32:09,342: Back Left Min: 1.17, Back Right Min: 1.25
[rosout][INFO] 2025-03-27 14:32:09,445: Back Left Min: 1.17, Back Right Min: 1.25
[rosout][INFO] 2025-03-27 14:32:09,542: Back Left Min: 1.17, Back Right Min: 1.25
[rosout][INFO] 2025-03-27 14:32:09,645: Back Left Min: 1.17, Back Right Min: 1.33
[rosout][INFO] 2025-03-27 14:32:09,742: Back Left Min: 1.17, Back Right Min: 1.33
[rosout][INFO] 2025-03-27 14:32:09,845: Back Left Min: 1.17, Back Right Min: 1.27
[rosout][INFO] 2025-03-27 14:32:09,942: Back Left Min: 1.17, Back Right Min: 1.27
[rosout][INFO] 2025-03-27 14:32:10,045: Back Left Min: 1.17, Back Right Min: 1.27
[rosout][INFO] 2025-03-27 14:32:10,142: Back Left Min: 1.17, Back Right Min: 1.33
[rosout][INFO] 2025-03-27 14:32:10,246: Back Left Min: 1.17, Back Right Min: 1.33
[rosout][INFO] 2025-03-27 14:32:10,342: Back Left Min: 1.17, Back Right Min: 1.33
[rosout][INFO] 2025-03-27 14:32:10,446: Back Left Min: 1.17, Back Right Min: 1.31
[rosout][INFO] 2025-03-27 14:32:10,542: Back Left Min: 1.17, Back Right Min: 1.31
[rosout][INFO] 2025-03-27 14:32:10,646: Back Left Min: 1.17, Back Right Min: 1.31
[rosout][INFO] 2025-03-27 14:32:10,743: Back Left Min: 1.17, Back Right Min: 1.26
[rosout][INFO] 2025-03-27 14:32:10,846: Back Left Min: 1.17, Back Right Min: 1.26
[rosout][INFO] 2025-03-27 14:32:10,943: Back Left Min: 1.17, Back Right Min: 1.26
[rosout][INFO] 2025-03-27 14:32:11,046: Back Left Min: 1.17, Back Right Min: 1.28
[rosout][INFO] 2025-03-27 14:32:11,143: Back Left Min: 1.17, Back Right Min: 1.28
[rosout][INFO] 2025-03-27 14:32:11,246: Back Left Min: 1.17, Back Right Min: 1.25
[rosout][INFO] 2025-03-27 14:32:11,343: Back Left Min: 1.17, Back Right Min: 1.25
[rosout][INFO] 2025-03-27 14:32:11,446: Back Left Min: 1.17, Back Right Min: 1.25
[rosout][INFO] 2025-03-27 14:32:11,543: Back Left Min: 1.17, Back Right Min: 1.21
[rosout][INFO] 2025-03-27 14:32:11,646: Back Left Min: 1.17, Back Right Min: 1.21
[rosout][INFO] 2025-03-27 14:32:11,743: Back Left Min: 1.17, Back Right Min: 1.21
[rosout][INFO] 2025-03-27 14:32:11,846: Back Left Min: 1.17, Back Right Min: 1.19
[rosout][INFO] 2025-03-27 14:32:11,943: Back Left Min: 1.17, Back Right Min: 1.19
[rosout][INFO] 2025-03-27 14:32:12,046: Back Left Min: 1.17, Back Right Min: 1.19
[rosout][INFO] 2025-03-27 14:32:12,143: Back Left Min: 1.17, Back Right Min: 1.20
[rosout][INFO] 2025-03-27 14:32:12,246: Back Left Min: 1.17, Back Right Min: 1.20
[rosout][INFO] 2025-03-27 14:32:12,343: Back Left Min: 1.17, Back Right Min: 1.20
[rosout][INFO] 2025-03-27 14:32:12,446: Back Left Min: 1.17, Back Right Min: 1.23
[rosout][INFO] 2025-03-27 14:32:12,543: Back Left Min: 1.17, Back Right Min: 1.23
[rosout][INFO] 2025-03-27 14:32:12,647: Back Left Min: 1.17, Back Right Min: 1.23
[rosout][INFO] 2025-03-27 14:32:12,743: Back Left Min: 1.17, Back Right Min: 1.23
[rosout][INFO] 2025-03-27 14:32:12,847: Back Left Min: 1.17, Back Right Min: 1.23
[rosout][INFO] 2025-03-27 14:32:12,943: Back Left Min: 1.17, Back Right Min: 1.30
[rosout][INFO] 2025-03-27 14:32:13,047: Back Left Min: 1.17, Back Right Min: 1.28
[rosout][INFO] 2025-03-27 14:32:13,144: Back Left Min: 1.17, Back Right Min: 1.28
[rosout][INFO] 2025-03-27 14:32:13,247: Back Left Min: 1.17, Back Right Min: 1.25
[rosout][INFO] 2025-03-27 14:32:13,344: Back Left Min: 1.17, Back Right Min: 1.25
[rosout][INFO] 2025-03-27 14:32:13,447: Back Left Min: 1.17, Back Right Min: 1.25
[rosout][INFO] 2025-03-27 14:32:13,544: Back Left Min: 1.17, Back Right Min: 1.31
[rosout][INFO] 2025-03-27 14:32:13,647: Back Left Min: 1.17, Back Right Min: 1.31
[rosout][INFO] 2025-03-27 14:32:13,744: Back Left Min: 1.17, Back Right Min: 1.31
[rosout][INFO] 2025-03-27 14:32:13,847: Back Left Min: 1.17, Back Right Min: 1.35
[rosout][INFO] 2025-03-27 14:32:13,944: Back Left Min: 1.17, Back Right Min: 1.35
[rosout][INFO] 2025-03-27 14:32:14,047: Back Left Min: 1.17, Back Right Min: 1.35
[rosout][INFO] 2025-03-27 14:32:14,144: Back Left Min: 1.17, Back Right Min: 1.35
[rosout][INFO] 2025-03-27 14:32:14,247: Back Left Min: 1.17, Back Right Min: 1.35
[rosout][INFO] 2025-03-27 14:32:14,344: Back Left Min: 1.17, Back Right Min: 1.35
[rosout][INFO] 2025-03-27 14:32:14,447: Back Left Min: 1.17, Back Right Min: 1.35
[rosout][INFO] 2025-03-27 14:32:14,544: Back Left Min: 1.17, Back Right Min: 1.35
[rosout][INFO] 2025-03-27 14:32:14,647: Back Left Min: 1.17, Back Right Min: 1.35
[rosout][INFO] 2025-03-27 14:32:14,744: Back Left Min: 1.17, Back Right Min: 1.35
[rosout][INFO] 2025-03-27 14:32:14,847: Back Left Min: 1.17, Back Right Min: 1.35
[rosout][INFO] 2025-03-27 14:32:14,944: Back Left Min: 1.17, Back Right Min: 1.35
[rosout][INFO] 2025-03-27 14:32:15,048: Back Left Min: 1.17, Back Right Min: 1.35
[rosout][INFO] 2025-03-27 14:32:15,144: Back Left Min: 1.17, Back Right Min: 1.35
[rosout][INFO] 2025-03-27 14:32:15,248: Back Left Min: 1.17, Back Right Min: 1.35
[rosout][INFO] 2025-03-27 14:32:15,344: Back Left Min: 1.17, Back Right Min: 1.35
[rosout][INFO] 2025-03-27 14:32:15,448: Back Left Min: 1.17, Back Right Min: 1.35
[rosout][INFO] 2025-03-27 14:32:15,545: Back Left Min: 1.17, Back Right Min: 1.35
[rosout][INFO] 2025-03-27 14:32:15,648: Back Left Min: 1.17, Back Right Min: 1.35
[rosout][INFO] 2025-03-27 14:32:15,745: Back Left Min: 1.17, Back Right Min: 1.35
[rosout][INFO] 2025-03-27 14:32:15,848: Back Left Min: 1.17, Back Right Min: 1.35
[rosout][INFO] 2025-03-27 14:32:15,945: Back Left Min: 1.17, Back Right Min: 1.35
[rosout][INFO] 2025-03-27 14:32:16,048: Back Left Min: 1.17, Back Right Min: 1.35
[rosout][INFO] 2025-03-27 14:32:16,145: Back Left Min: 1.17, Back Right Min: 1.35
[rosout][INFO] 2025-03-27 14:32:16,248: Back Left Min: 1.17, Back Right Min: 1.35
[rosout][INFO] 2025-03-27 14:32:16,345: Back Left Min: 1.17, Back Right Min: 1.35
[rosout][INFO] 2025-03-27 14:32:16,448: Back Left Min: 1.17, Back Right Min: 1.35
[rosout][INFO] 2025-03-27 14:32:16,545: Back Left Min: 1.17, Back Right Min: 1.35
[rosout][INFO] 2025-03-27 14:32:16,648: Back Left Min: 1.17, Back Right Min: 1.35
[rosout][INFO] 2025-03-27 14:32:16,745: Back Left Min: 1.17, Back Right Min: 1.35
[rosout][INFO] 2025-03-27 14:32:16,848: Back Left Min: 1.17, Back Right Min: 1.35
[rosout][INFO] 2025-03-27 14:32:16,945: Back Left Min: 1.17, Back Right Min: 1.35
[rosout][INFO] 2025-03-27 14:32:17,048: Back Left Min: 1.17, Back Right Min: 1.35
[rosout][INFO] 2025-03-27 14:32:17,145: Back Left Min: 1.17, Back Right Min: 1.35
[rosout][INFO] 2025-03-27 14:32:17,248: Back Left Min: 1.17, Back Right Min: 1.35
[rosout][INFO] 2025-03-27 14:32:17,345: Back Left Min: 1.17, Back Right Min: 1.35
[rosout][INFO] 2025-03-27 14:32:17,448: Back Left Min: 1.17, Back Right Min: 1.30
[rosout][INFO] 2025-03-27 14:32:17,545: Back Left Min: 1.17, Back Right Min: 1.30
[rosout][INFO] 2025-03-27 14:32:17,649: Back Left Min: 1.17, Back Right Min: 1.30
[rosout][INFO] 2025-03-27 14:32:17,746: Back Left Min: 1.17, Back Right Min: 1.35
[rosout][INFO] 2025-03-27 14:32:17,849: Back Left Min: 1.17, Back Right Min: 1.35
[rosout][INFO] 2025-03-27 14:32:17,946: Back Left Min: 1.17, Back Right Min: 1.35
[rosout][INFO] 2025-03-27 14:32:18,049: Back Left Min: 1.17, Back Right Min: 1.34
[rosout][INFO] 2025-03-27 14:32:18,146: Back Left Min: 1.17, Back Right Min: 1.34
[rosout][INFO] 2025-03-27 14:32:18,249: Back Left Min: 1.17, Back Right Min: 1.32
[rosout][INFO] 2025-03-27 14:32:18,346: Back Left Min: 1.17, Back Right Min: 1.32
[rosout][INFO] 2025-03-27 14:32:18,449: Back Left Min: 1.17, Back Right Min: 1.32
[rosout][INFO] 2025-03-27 14:32:18,546: Back Left Min: 1.17, Back Right Min: 1.32
[rosout][INFO] 2025-03-27 14:32:18,649: Back Left Min: 1.17, Back Right Min: 1.32
[rosout][INFO] 2025-03-27 14:32:18,746: Back Left Min: 1.17, Back Right Min: 1.32
[rosout][INFO] 2025-03-27 14:32:18,849: Back Left Min: 1.17, Back Right Min: 1.31
[rosout][INFO] 2025-03-27 14:32:18,946: Back Left Min: 1.17, Back Right Min: 1.31
[rosout][INFO] 2025-03-27 14:32:19,049: Back Left Min: 1.17, Back Right Min: 1.31
[rosout][INFO] 2025-03-27 14:32:19,146: Back Left Min: 1.17, Back Right Min: 1.31
[rosout][INFO] 2025-03-27 14:32:19,249: Back Left Min: 1.17, Back Right Min: 1.31
[rosout][INFO] 2025-03-27 14:32:19,346: Back Left Min: 1.17, Back Right Min: 1.31
[rosout][INFO] 2025-03-27 14:32:19,449: Back Left Min: 1.17, Back Right Min: 1.31
[rosout][INFO] 2025-03-27 14:32:19,546: Back Left Min: 1.17, Back Right Min: 1.31
[rosout][INFO] 2025-03-27 14:32:19,649: Back Left Min: 1.17, Back Right Min: 1.32
[rosout][INFO] 2025-03-27 14:32:19,746: Back Left Min: 1.17, Back Right Min: 1.32
[rosout][INFO] 2025-03-27 14:32:19,849: Back Left Min: 1.17, Back Right Min: 1.32
[rosout][INFO] 2025-03-27 14:32:19,946: Back Left Min: 1.17, Back Right Min: 1.35
[rosout][INFO] 2025-03-27 14:32:20,050: Back Left Min: 1.17, Back Right Min: 1.35
[rosout][INFO] 2025-03-27 14:32:20,146: Back Left Min: 1.17, Back Right Min: 1.35
[rosout][INFO] 2025-03-27 14:32:20,250: Back Left Min: 1.17, Back Right Min: 1.29
[rosout][INFO] 2025-03-27 14:32:20,347: Back Left Min: 1.17, Back Right Min: 1.29
[rosout][INFO] 2025-03-27 14:32:20,450: Back Left Min: 1.17, Back Right Min: 1.29
[rosout][INFO] 2025-03-27 14:32:20,547: Back Left Min: 1.17, Back Right Min: 1.30
[rosout][INFO] 2025-03-27 14:32:20,650: Back Left Min: 1.17, Back Right Min: 1.30
[rosout][INFO] 2025-03-27 14:32:20,747: Back Left Min: 1.17, Back Right Min: 1.30
[rosout][INFO] 2025-03-27 14:32:20,850: Back Left Min: 1.17, Back Right Min: 1.29
[rosout][INFO] 2025-03-27 14:32:20,947: Back Left Min: 1.17, Back Right Min: 1.29
[rosout][INFO] 2025-03-27 14:32:21,050: Back Left Min: 1.17, Back Right Min: 1.31
[rosout][INFO] 2025-03-27 14:32:21,147: Back Left Min: 1.17, Back Right Min: 1.31
[rosout][INFO] 2025-03-27 14:32:21,250: Back Left Min: 1.17, Back Right Min: 1.31
[rosout][INFO] 2025-03-27 14:32:21,347: Back Left Min: 1.17, Back Right Min: 1.33
[rosout][INFO] 2025-03-27 14:32:21,450: Back Left Min: 1.17, Back Right Min: 1.33
[rosout][INFO] 2025-03-27 14:32:21,547: Back Left Min: 1.17, Back Right Min: 1.33
[rosout][INFO] 2025-03-27 14:32:21,650: Back Left Min: 1.17, Back Right Min: 1.30
[rosout][INFO] 2025-03-27 14:32:21,747: Back Left Min: 1.17, Back Right Min: 1.30
[rosout][INFO] 2025-03-27 14:32:21,850: Back Left Min: 1.17, Back Right Min: 1.30
[rosout][INFO] 2025-03-27 14:32:21,947: Back Left Min: 1.17, Back Right Min: 1.35
[rosout][INFO] 2025-03-27 14:32:22,050: Back Left Min: 1.17, Back Right Min: 1.35
[rosout][INFO] 2025-03-27 14:32:22,147: Back Left Min: 1.17, Back Right Min: 1.35
[rosout][INFO] 2025-03-27 14:32:22,250: Back Left Min: 1.17, Back Right Min: 1.34
[rosout][INFO] 2025-03-27 14:32:22,347: Back Left Min: 1.17, Back Right Min: 1.34
[rosout][INFO] 2025-03-27 14:32:22,450: Back Left Min: 1.17, Back Right Min: 1.35
[rosout][INFO] 2025-03-27 14:32:22,547: Back Left Min: 1.17, Back Right Min: 1.35
[rosout][INFO] 2025-03-27 14:32:22,651: Back Left Min: 1.17, Back Right Min: 1.35
[rosout][INFO] 2025-03-27 14:32:22,747: Back Left Min: 1.17, Back Right Min: 1.35
[rosout][INFO] 2025-03-27 14:32:22,851: Back Left Min: 1.17, Back Right Min: 1.35
[rosout][INFO] 2025-03-27 14:32:22,948: Back Left Min: 1.17, Back Right Min: 1.35
[rosout][INFO] 2025-03-27 14:32:23,051: Back Left Min: 1.17, Back Right Min: 1.35
[rosout][INFO] 2025-03-27 14:32:23,148: Back Left Min: 1.17, Back Right Min: 1.35
[rosout][INFO] 2025-03-27 14:32:23,251: Back Left Min: 1.17, Back Right Min: 1.35
[rosout][INFO] 2025-03-27 14:32:23,348: Back Left Min: 1.17, Back Right Min: 1.35
[rosout][INFO] 2025-03-27 14:32:23,451: Back Left Min: 1.17, Back Right Min: 1.35
[rosout][INFO] 2025-03-27 14:32:23,548: Back Left Min: 1.17, Back Right Min: 1.35
[rosout][INFO] 2025-03-27 14:32:23,651: Back Left Min: 1.17, Back Right Min: 1.35
[rosout][INFO] 2025-03-27 14:32:23,748: Back Left Min: 1.17, Back Right Min: 1.35
[rosout][INFO] 2025-03-27 14:32:23,851: Back Left Min: 1.17, Back Right Min: 1.35
[rosout][INFO] 2025-03-27 14:32:23,948: Back Left Min: 1.17, Back Right Min: 1.35
[rosout][INFO] 2025-03-27 14:32:24,051: Back Left Min: 1.17, Back Right Min: 1.35
[rosout][INFO] 2025-03-27 14:32:24,148: Back Left Min: 1.17, Back Right Min: 1.35
[rosout][INFO] 2025-03-27 14:32:24,251: Back Left Min: 1.17, Back Right Min: 1.35
[rosout][INFO] 2025-03-27 14:32:24,348: Back Left Min: 1.17, Back Right Min: 1.35
[rosout][INFO] 2025-03-27 14:32:24,451: Back Left Min: 1.17, Back Right Min: 1.35
[rosout][INFO] 2025-03-27 14:32:24,548: Back Left Min: 1.17, Back Right Min: 1.35
[rosout][INFO] 2025-03-27 14:32:24,651: Back Left Min: 1.17, Back Right Min: 1.35
[rosout][INFO] 2025-03-27 14:32:24,748: Back Left Min: 1.17, Back Right Min: 1.35
[rosout][INFO] 2025-03-27 14:32:24,851: Back Left Min: 1.17, Back Right Min: 1.35
[rosout][INFO] 2025-03-27 14:32:24,948: Back Left Min: 1.17, Back Right Min: 1.35
[rosout][INFO] 2025-03-27 14:32:25,052: Back Left Min: 1.17, Back Right Min: 1.35
[rosout][INFO] 2025-03-27 14:32:25,149: Back Left Min: 1.17, Back Right Min: 1.35
[rosout][INFO] 2025-03-27 14:32:25,252: Back Left Min: 1.17, Back Right Min: 1.35
[rosout][INFO] 2025-03-27 14:32:25,349: Back Left Min: 1.17, Back Right Min: 1.35
[rosout][INFO] 2025-03-27 14:32:25,452: Back Left Min: 1.17, Back Right Min: 1.35
[rosout][INFO] 2025-03-27 14:32:25,549: Back Left Min: 1.17, Back Right Min: 1.35
[rosout][INFO] 2025-03-27 14:32:25,652: Back Left Min: 1.17, Back Right Min: 1.35
[rosout][INFO] 2025-03-27 14:32:25,748: Back Left Min: 1.17, Back Right Min: 1.35
[rosout][INFO] 2025-03-27 14:32:25,852: Back Left Min: 1.17, Back Right Min: 1.35
[rosout][INFO] 2025-03-27 14:32:25,949: Back Left Min: 1.17, Back Right Min: 1.35
[rosout][INFO] 2025-03-27 14:32:26,052: Back Left Min: 1.17, Back Right Min: 1.35
[rosout][INFO] 2025-03-27 14:32:26,149: Back Left Min: 1.17, Back Right Min: 1.35
[rosout][INFO] 2025-03-27 14:32:26,252: Back Left Min: 1.17, Back Right Min: 1.35
[rosout][INFO] 2025-03-27 14:32:26,349: Back Left Min: 1.17, Back Right Min: 1.35
[rosout][INFO] 2025-03-27 14:32:26,452: Back Left Min: 1.17, Back Right Min: 1.35
[rosout][INFO] 2025-03-27 14:32:26,549: Back Left Min: 1.17, Back Right Min: 1.35
[rosout][INFO] 2025-03-27 14:32:26,652: Back Left Min: 1.17, Back Right Min: 1.35
[rosout][INFO] 2025-03-27 14:32:26,749: Back Left Min: 1.17, Back Right Min: 1.35
[rosout][INFO] 2025-03-27 14:32:26,852: Back Left Min: 1.17, Back Right Min: 1.35
[rosout][INFO] 2025-03-27 14:32:26,949: Back Left Min: 1.17, Back Right Min: 1.35
[rosout][INFO] 2025-03-27 14:32:27,052: Back Left Min: 1.17, Back Right Min: 1.35
[rosout][INFO] 2025-03-27 14:32:27,149: Back Left Min: 1.17, Back Right Min: 1.35
[rosout][INFO] 2025-03-27 14:32:27,253: Back Left Min: 1.17, Back Right Min: 1.35
[rosout][INFO] 2025-03-27 14:32:27,349: Back Left Min: 1.17, Back Right Min: 1.35
[rosout][INFO] 2025-03-27 14:32:27,453: Back Left Min: 1.17, Back Right Min: 1.35
[rosout][INFO] 2025-03-27 14:32:27,550: Back Left Min: 1.17, Back Right Min: 1.35
[rosout][INFO] 2025-03-27 14:32:27,653: Back Left Min: 1.17, Back Right Min: 1.35
[rosout][INFO] 2025-03-27 14:32:27,750: Back Left Min: 1.17, Back Right Min: 1.35
[rosout][INFO] 2025-03-27 14:32:27,853: Back Left Min: 1.17, Back Right Min: 1.35
[rosout][INFO] 2025-03-27 14:32:27,950: Back Left Min: 1.17, Back Right Min: 1.35
[rosout][INFO] 2025-03-27 14:32:28,053: Back Left Min: 1.17, Back Right Min: 1.35
[rosout][INFO] 2025-03-27 14:32:28,150: Back Left Min: 1.17, Back Right Min: 1.35
[rosout][INFO] 2025-03-27 14:32:28,253: Back Left Min: 1.17, Back Right Min: 1.35
[rosout][INFO] 2025-03-27 14:32:28,350: Back Left Min: 1.17, Back Right Min: 1.35
[rosout][INFO] 2025-03-27 14:32:28,453: Back Left Min: 1.17, Back Right Min: 1.35
[rosout][INFO] 2025-03-27 14:32:28,550: Back Left Min: 1.17, Back Right Min: 1.35
[rosout][INFO] 2025-03-27 14:32:28,653: Back Left Min: 1.17, Back Right Min: 1.35
[rosout][INFO] 2025-03-27 14:32:28,750: Back Left Min: 1.17, Back Right Min: 1.35
[rosout][INFO] 2025-03-27 14:32:28,853: Back Left Min: 1.17, Back Right Min: 1.35
[rosout][INFO] 2025-03-27 14:32:28,950: Back Left Min: 1.17, Back Right Min: 1.35
[rosout][INFO] 2025-03-27 14:32:29,053: Back Left Min: 1.17, Back Right Min: 1.35
[rosout][INFO] 2025-03-27 14:32:29,150: Back Left Min: 1.17, Back Right Min: 1.35
[rosout][INFO] 2025-03-27 14:32:29,253: Back Left Min: 1.17, Back Right Min: 1.35
[rosout][INFO] 2025-03-27 14:32:29,350: Back Left Min: 1.17, Back Right Min: 1.35
[rosout][INFO] 2025-03-27 14:32:29,453: Back Left Min: 1.17, Back Right Min: 1.35
[rosout][INFO] 2025-03-27 14:32:29,550: Back Left Min: 1.17, Back Right Min: 1.35
[rosout][INFO] 2025-03-27 14:32:29,653: Back Left Min: 1.17, Back Right Min: 1.35
[rosout][INFO] 2025-03-27 14:32:29,750: Back Left Min: 1.17, Back Right Min: 1.35
[rosout][INFO] 2025-03-27 14:32:29,854: Back Left Min: 1.17, Back Right Min: 1.35
[rosout][INFO] 2025-03-27 14:32:29,950: Back Left Min: 1.17, Back Right Min: 1.35
[rosout][INFO] 2025-03-27 14:32:30,054: Back Left Min: 1.17, Back Right Min: 1.35
[rosout][INFO] 2025-03-27 14:32:30,150: Back Left Min: 1.17, Back Right Min: 1.35
[rosout][INFO] 2025-03-27 14:32:30,254: Back Left Min: 1.17, Back Right Min: 1.35
[rosout][INFO] 2025-03-27 14:32:30,351: Back Left Min: 1.17, Back Right Min: 1.35
[rosout][INFO] 2025-03-27 14:32:30,454: Back Left Min: 1.17, Back Right Min: 1.35
[rosout][INFO] 2025-03-27 14:32:30,551: Back Left Min: 1.17, Back Right Min: 1.35
[rosout][INFO] 2025-03-27 14:32:30,654: Back Left Min: 1.17, Back Right Min: 1.35
[rosout][INFO] 2025-03-27 14:32:30,751: Back Left Min: 1.17, Back Right Min: 1.35
[rosout][INFO] 2025-03-27 14:32:30,854: Back Left Min: 1.17, Back Right Min: 1.35
[rosout][INFO] 2025-03-27 14:32:30,951: Back Left Min: 1.17, Back Right Min: 1.35
[rosout][INFO] 2025-03-27 14:32:31,054: Back Left Min: 1.17, Back Right Min: 1.35
[rosout][INFO] 2025-03-27 14:32:31,151: Back Left Min: 1.17, Back Right Min: 1.35
[rosout][INFO] 2025-03-27 14:32:31,254: Back Left Min: 1.17, Back Right Min: 1.35
[rosout][INFO] 2025-03-27 14:32:31,351: Back Left Min: 1.17, Back Right Min: 1.35
[rosout][INFO] 2025-03-27 14:32:31,454: Back Left Min: 1.17, Back Right Min: 1.35
[rosout][INFO] 2025-03-27 14:32:31,551: Back Left Min: 1.17, Back Right Min: 1.35
[rosout][INFO] 2025-03-27 14:32:31,654: Back Left Min: 1.17, Back Right Min: 1.35
[rosout][INFO] 2025-03-27 14:32:31,751: Back Left Min: 1.17, Back Right Min: 1.35
[rosout][INFO] 2025-03-27 14:32:31,854: Back Left Min: 1.17, Back Right Min: 1.35
[rosout][INFO] 2025-03-27 14:32:31,951: Back Left Min: 1.17, Back Right Min: 1.35
[rosout][INFO] 2025-03-27 14:32:32,054: Back Left Min: 1.17, Back Right Min: 1.35
[rosout][INFO] 2025-03-27 14:32:32,151: Back Left Min: 1.17, Back Right Min: 1.35
[rosout][INFO] 2025-03-27 14:32:32,255: Back Left Min: 1.17, Back Right Min: 1.35
[rosout][INFO] 2025-03-27 14:32:32,351: Back Left Min: 1.17, Back Right Min: 1.35
[rosout][INFO] 2025-03-27 14:32:32,455: Back Left Min: 1.17, Back Right Min: 1.35
[rosout][INFO] 2025-03-27 14:32:32,552: Back Left Min: 1.17, Back Right Min: 1.35
[rosout][INFO] 2025-03-27 14:32:32,655: Back Left Min: 1.17, Back Right Min: 1.35
[rosout][INFO] 2025-03-27 14:32:32,752: Back Left Min: 1.17, Back Right Min: 1.35
[rosout][INFO] 2025-03-27 14:32:32,855: Back Left Min: 1.17, Back Right Min: 1.35
[rosout][INFO] 2025-03-27 14:32:32,952: Back Left Min: 1.17, Back Right Min: 1.35
[rosout][INFO] 2025-03-27 14:32:33,055: Back Left Min: 1.17, Back Right Min: 1.35
[rosout][INFO] 2025-03-27 14:32:33,152: Back Left Min: 1.17, Back Right Min: 1.35
[rosout][INFO] 2025-03-27 14:32:33,255: Back Left Min: 1.17, Back Right Min: 1.35
[rosout][INFO] 2025-03-27 14:32:33,352: Back Left Min: 1.17, Back Right Min: 1.35
[rosout][INFO] 2025-03-27 14:32:33,455: Back Left Min: 1.17, Back Right Min: 1.35
[rosout][INFO] 2025-03-27 14:32:33,552: Back Left Min: 1.17, Back Right Min: 1.35
[rosout][INFO] 2025-03-27 14:32:33,655: Back Left Min: 1.17, Back Right Min: 1.35
[rosout][INFO] 2025-03-27 14:32:33,752: Back Left Min: 1.17, Back Right Min: 1.35
[rosout][INFO] 2025-03-27 14:32:33,855: Back Left Min: 1.17, Back Right Min: 1.35
[rosout][INFO] 2025-03-27 14:32:33,952: Back Left Min: 1.17, Back Right Min: 1.35
[rosout][INFO] 2025-03-27 14:32:34,055: Back Left Min: 1.17, Back Right Min: 1.35
[rosout][INFO] 2025-03-27 14:32:34,152: Back Left Min: 1.17, Back Right Min: 1.35
[rosout][INFO] 2025-03-27 14:32:34,255: Back Left Min: 1.17, Back Right Min: 1.35
[rosout][INFO] 2025-03-27 14:32:34,352: Back Left Min: 1.17, Back Right Min: 1.35
[rosout][INFO] 2025-03-27 14:32:34,456: Back Left Min: 1.17, Back Right Min: 1.35
[rosout][INFO] 2025-03-27 14:32:34,552: Back Left Min: 1.17, Back Right Min: 1.35
[rosout][INFO] 2025-03-27 14:32:34,656: Back Left Min: 1.17, Back Right Min: 1.35
[rosout][INFO] 2025-03-27 14:32:34,752: Back Left Min: 1.17, Back Right Min: 1.35
[rosout][INFO] 2025-03-27 14:32:34,856: Back Left Min: 1.17, Back Right Min: 1.35
[rosout][INFO] 2025-03-27 14:32:34,952: Back Left Min: 1.17, Back Right Min: 1.35
[rosout][INFO] 2025-03-27 14:32:35,056: Back Left Min: 1.17, Back Right Min: 1.35
[rosout][INFO] 2025-03-27 14:32:35,153: Back Left Min: 1.17, Back Right Min: 1.35
[rosout][INFO] 2025-03-27 14:32:35,256: Back Left Min: 1.17, Back Right Min: 1.35
[rosout][INFO] 2025-03-27 14:32:35,353: Back Left Min: 1.17, Back Right Min: 1.35
[rosout][INFO] 2025-03-27 14:32:35,456: Back Left Min: 1.17, Back Right Min: 1.35
[rosout][INFO] 2025-03-27 14:32:35,553: Back Left Min: 1.17, Back Right Min: 1.35
[rosout][INFO] 2025-03-27 14:32:35,656: Back Left Min: 1.17, Back Right Min: 1.35
[rosout][INFO] 2025-03-27 14:32:35,753: Back Left Min: 1.17, Back Right Min: 1.35
[rosout][INFO] 2025-03-27 14:32:35,856: Back Left Min: 1.17, Back Right Min: 1.35
[rosout][INFO] 2025-03-27 14:32:35,953: Back Left Min: 1.17, Back Right Min: 1.35
[rosout][INFO] 2025-03-27 14:32:36,056: Back Left Min: 1.17, Back Right Min: 1.35
[rosout][INFO] 2025-03-27 14:32:36,153: Back Left Min: 1.17, Back Right Min: 1.35
[rosout][INFO] 2025-03-27 14:32:36,256: Back Left Min: 1.17, Back Right Min: 1.35
[rosout][INFO] 2025-03-27 14:32:36,353: Back Left Min: 1.17, Back Right Min: 1.35
[rosout][INFO] 2025-03-27 14:32:36,456: Back Left Min: 1.17, Back Right Min: 1.35
[rosout][INFO] 2025-03-27 14:32:36,553: Back Left Min: 1.17, Back Right Min: 1.35
[rosout][INFO] 2025-03-27 14:32:36,656: Back Left Min: 1.17, Back Right Min: 1.35
[rosout][INFO] 2025-03-27 14:32:36,753: Back Left Min: 1.17, Back Right Min: 1.35
[rosout][INFO] 2025-03-27 14:32:36,856: Back Left Min: 1.17, Back Right Min: 1.35
[rosout][INFO] 2025-03-27 14:32:36,953: Back Left Min: 1.17, Back Right Min: 1.35
[rosout][INFO] 2025-03-27 14:32:37,056: Back Left Min: 1.17, Back Right Min: 1.35
[rosout][INFO] 2025-03-27 14:32:37,153: Back Left Min: 1.17, Back Right Min: 1.35
[rosout][INFO] 2025-03-27 14:32:37,257: Back Left Min: 1.17, Back Right Min: 1.35
[rosout][INFO] 2025-03-27 14:32:37,353: Back Left Min: 1.17, Back Right Min: 1.35
[rosout][INFO] 2025-03-27 14:32:37,457: Back Left Min: 1.17, Back Right Min: 1.35
[rosout][INFO] 2025-03-27 14:32:37,554: Back Left Min: 1.17, Back Right Min: 1.35
[rosout][INFO] 2025-03-27 14:32:37,657: Back Left Min: 1.17, Back Right Min: 1.35
[rosout][INFO] 2025-03-27 14:32:37,754: Back Left Min: 1.17, Back Right Min: 1.35
[rosout][INFO] 2025-03-27 14:32:37,857: Back Left Min: 1.17, Back Right Min: 1.35
[rosout][INFO] 2025-03-27 14:32:37,954: Back Left Min: 1.17, Back Right Min: 1.35
[rosout][INFO] 2025-03-27 14:32:38,057: Back Left Min: 1.17, Back Right Min: 1.35
[rosout][INFO] 2025-03-27 14:32:38,154: Back Left Min: 1.17, Back Right Min: 1.35
[rosout][INFO] 2025-03-27 14:32:38,257: Back Left Min: 1.17, Back Right Min: 1.35
[rosout][INFO] 2025-03-27 14:32:38,354: Back Left Min: 1.17, Back Right Min: 1.35
[rosout][INFO] 2025-03-27 14:32:38,457: Back Left Min: 1.17, Back Right Min: 1.35
[rosout][INFO] 2025-03-27 14:32:38,554: Back Left Min: 1.17, Back Right Min: 1.35
[rosout][INFO] 2025-03-27 14:32:38,657: Back Left Min: 1.17, Back Right Min: 1.35
[rosout][INFO] 2025-03-27 14:32:38,754: Back Left Min: 1.17, Back Right Min: 1.35
[rosout][INFO] 2025-03-27 14:32:38,857: Back Left Min: 1.17, Back Right Min: 1.35
[rosout][INFO] 2025-03-27 14:32:38,954: Back Left Min: 1.17, Back Right Min: 1.35
[rosout][INFO] 2025-03-27 14:32:39,057: Back Left Min: 1.17, Back Right Min: 1.35
[rosout][INFO] 2025-03-27 14:32:39,154: Back Left Min: 1.17, Back Right Min: 1.35
[rosout][INFO] 2025-03-27 14:32:39,257: Back Left Min: 1.17, Back Right Min: 1.35
[rosout][INFO] 2025-03-27 14:32:39,354: Back Left Min: 1.17, Back Right Min: 1.35
[rosout][INFO] 2025-03-27 14:32:39,457: Back Left Min: 1.17, Back Right Min: 1.35
[rosout][INFO] 2025-03-27 14:32:39,554: Back Left Min: 1.17, Back Right Min: 1.35
[rosout][INFO] 2025-03-27 14:32:39,658: Back Left Min: 1.17, Back Right Min: 1.35
[rosout][INFO] 2025-03-27 14:32:39,754: Back Left Min: 1.17, Back Right Min: 1.35
[rosout][INFO] 2025-03-27 14:32:39,858: Back Left Min: 1.17, Back Right Min: 1.35
[rosout][INFO] 2025-03-27 14:32:39,954: Back Left Min: 1.17, Back Right Min: 1.35
[rosout][INFO] 2025-03-27 14:32:40,058: Back Left Min: 1.17, Back Right Min: 1.35
[rosout][INFO] 2025-03-27 14:32:40,155: Back Left Min: 1.17, Back Right Min: 1.35
[rosout][INFO] 2025-03-27 14:32:40,258: Back Left Min: 1.17, Back Right Min: 1.35
[rosout][INFO] 2025-03-27 14:32:40,355: Back Left Min: 1.17, Back Right Min: 1.35
[rosout][INFO] 2025-03-27 14:32:40,458: Back Left Min: 1.17, Back Right Min: 1.35
[rosout][INFO] 2025-03-27 14:32:40,555: Back Left Min: 1.17, Back Right Min: 1.35
[rosout][INFO] 2025-03-27 14:32:40,658: Back Left Min: 1.17, Back Right Min: 1.35
[rosout][INFO] 2025-03-27 14:32:40,755: Back Left Min: 1.17, Back Right Min: 1.35
[rosout][INFO] 2025-03-27 14:32:40,858: Back Left Min: 1.17, Back Right Min: 1.35
[rosout][INFO] 2025-03-27 14:32:40,955: Back Left Min: 1.17, Back Right Min: 1.35
[rosout][INFO] 2025-03-27 14:32:41,058: Back Left Min: 1.17, Back Right Min: 1.35
[rosout][INFO] 2025-03-27 14:32:41,155: Back Left Min: 1.17, Back Right Min: 1.35
[rosout][INFO] 2025-03-27 14:32:41,258: Back Left Min: 1.17, Back Right Min: 1.35
[rosout][INFO] 2025-03-27 14:32:41,355: Back Left Min: 1.17, Back Right Min: 1.35
[rosout][INFO] 2025-03-27 14:32:41,458: Back Left Min: 1.17, Back Right Min: 1.35
[rosout][INFO] 2025-03-27 14:32:41,555: Back Left Min: 1.17, Back Right Min: 1.35
[rosout][INFO] 2025-03-27 14:32:41,658: Back Left Min: 1.17, Back Right Min: 1.35
[rosout][INFO] 2025-03-27 14:32:41,755: Back Left Min: 1.17, Back Right Min: 1.35
[rosout][INFO] 2025-03-27 14:32:41,858: Back Left Min: 1.17, Back Right Min: 1.35
[rosout][INFO] 2025-03-27 14:32:41,955: Back Left Min: 1.17, Back Right Min: 1.35
[rosout][INFO] 2025-03-27 14:32:42,058: Back Left Min: 1.17, Back Right Min: 1.35
[rosout][INFO] 2025-03-27 14:32:42,155: Back Left Min: 1.17, Back Right Min: 1.35
[rosout][INFO] 2025-03-27 14:32:42,259: Back Left Min: 1.17, Back Right Min: 1.35
[rosout][INFO] 2025-03-27 14:32:42,355: Back Left Min: 1.17, Back Right Min: 1.35
[rosout][INFO] 2025-03-27 14:32:42,459: Back Left Min: 1.17, Back Right Min: 1.35
[rosout][INFO] 2025-03-27 14:32:42,556: Back Left Min: 1.17, Back Right Min: 1.35
[rosout][INFO] 2025-03-27 14:32:42,659: Back Left Min: 1.17, Back Right Min: 1.35
[rosout][INFO] 2025-03-27 14:32:42,756: Back Left Min: 1.17, Back Right Min: 1.35
[rosout][INFO] 2025-03-27 14:32:42,859: Back Left Min: 1.17, Back Right Min: 1.35
[rosout][INFO] 2025-03-27 14:32:42,956: Back Left Min: 1.17, Back Right Min: 1.35
[rosout][INFO] 2025-03-27 14:32:43,059: Back Left Min: 1.17, Back Right Min: 1.35
[rosout][INFO] 2025-03-27 14:32:43,156: Back Left Min: 1.17, Back Right Min: 1.35
[rosout][INFO] 2025-03-27 14:32:43,259: Back Left Min: 1.17, Back Right Min: 1.35
[rosout][INFO] 2025-03-27 14:32:43,356: Back Left Min: 1.17, Back Right Min: 1.35
[rosout][INFO] 2025-03-27 14:32:43,459: Back Left Min: 1.17, Back Right Min: 1.29
[rosout][INFO] 2025-03-27 14:32:43,556: Back Left Min: 1.17, Back Right Min: 1.29
[rosout][INFO] 2025-03-27 14:32:43,659: Back Left Min: 1.17, Back Right Min: 1.29
[rosout][INFO] 2025-03-27 14:32:43,756: Back Left Min: 1.17, Back Right Min: 1.33
[rosout][INFO] 2025-03-27 14:32:43,859: Back Left Min: 1.17, Back Right Min: 1.33
[rosout][INFO] 2025-03-27 14:32:43,956: Back Left Min: 1.17, Back Right Min: 1.33
[rosout][INFO] 2025-03-27 14:32:44,059: Back Left Min: 1.17, Back Right Min: 1.32
[rosout][INFO] 2025-03-27 14:32:44,156: Back Left Min: 1.17, Back Right Min: 1.32
[rosout][INFO] 2025-03-27 14:32:44,259: Back Left Min: 1.17, Back Right Min: 1.32
[rosout][INFO] 2025-03-27 14:32:44,356: Back Left Min: 1.17, Back Right Min: 1.33
[rosout][INFO] 2025-03-27 14:32:44,459: Back Left Min: 1.17, Back Right Min: 1.33
[rosout][INFO] 2025-03-27 14:32:44,556: Back Left Min: 1.17, Back Right Min: 1.33
[rosout][INFO] 2025-03-27 14:32:44,660: Back Left Min: 1.17, Back Right Min: 1.33
[rosout][INFO] 2025-03-27 14:32:44,756: Back Left Min: 1.17, Back Right Min: 1.33
[rosout][INFO] 2025-03-27 14:32:44,859: Back Left Min: 1.17, Back Right Min: 1.33
[rosout][INFO] 2025-03-27 14:32:44,957: Back Left Min: 1.17, Back Right Min: 1.33
[rosout][INFO] 2025-03-27 14:32:45,060: Back Left Min: 1.17, Back Right Min: 1.33
[rosout][INFO] 2025-03-27 14:32:45,157: Back Left Min: 1.17, Back Right Min: 1.33
[rosout][INFO] 2025-03-27 14:32:45,260: Back Left Min: 1.17, Back Right Min: 1.33
[rosout][INFO] 2025-03-27 14:32:45,357: Back Left Min: 1.17, Back Right Min: 1.33
[rosout][INFO] 2025-03-27 14:32:45,460: Back Left Min: 1.17, Back Right Min: 1.33
[rosout][INFO] 2025-03-27 14:32:45,557: Back Left Min: 1.17, Back Right Min: 1.33
[rosout][INFO] 2025-03-27 14:32:45,660: Back Left Min: 1.17, Back Right Min: 1.33
[rosout][INFO] 2025-03-27 14:32:45,757: Back Left Min: 1.17, Back Right Min: 1.33
[rosout][INFO] 2025-03-27 14:32:45,860: Back Left Min: 1.17, Back Right Min: 1.33
[rosout][INFO] 2025-03-27 14:32:45,957: Back Left Min: 1.17, Back Right Min: 1.33
[rosout][INFO] 2025-03-27 14:32:46,060: Back Left Min: 1.17, Back Right Min: 1.33
[rosout][INFO] 2025-03-27 14:32:46,157: Back Left Min: 1.17, Back Right Min: 1.33
[rosout][INFO] 2025-03-27 14:32:46,260: Back Left Min: 1.17, Back Right Min: 1.33
[rosout][INFO] 2025-03-27 14:32:46,357: Back Left Min: 1.17, Back Right Min: 1.33
[rosout][INFO] 2025-03-27 14:32:46,460: Back Left Min: 1.17, Back Right Min: 1.33
[rosout][INFO] 2025-03-27 14:32:46,557: Back Left Min: 1.17, Back Right Min: 1.32
[rosout][INFO] 2025-03-27 14:32:46,660: Back Left Min: 1.17, Back Right Min: 1.32
[rosout][INFO] 2025-03-27 14:32:46,757: Back Left Min: 1.17, Back Right Min: 1.32
[rosout][INFO] 2025-03-27 14:32:46,861: Back Left Min: 1.17, Back Right Min: 1.33
[rosout][INFO] 2025-03-27 14:32:46,958: Back Left Min: 1.17, Back Right Min: 1.33
[rosout][INFO] 2025-03-27 14:32:47,061: Back Left Min: 1.17, Back Right Min: 1.33
[rosout][INFO] 2025-03-27 14:32:47,158: Back Left Min: 1.17, Back Right Min: 1.33
[rosout][INFO] 2025-03-27 14:32:47,261: Back Left Min: 1.17, Back Right Min: 1.33
[rosout][INFO] 2025-03-27 14:32:47,358: Back Left Min: 1.17, Back Right Min: 1.33
[rosout][INFO] 2025-03-27 14:32:47,461: Back Left Min: 1.17, Back Right Min: 1.32
[rosout][INFO] 2025-03-27 14:32:47,558: Back Left Min: 1.17, Back Right Min: 1.32
[rosout][INFO] 2025-03-27 14:32:47,661: Back Left Min: 1.17, Back Right Min: 1.32
[rosout][INFO] 2025-03-27 14:32:47,758: Back Left Min: 1.17, Back Right Min: 1.32
[rosout][INFO] 2025-03-27 14:32:47,861: Back Left Min: 1.17, Back Right Min: 1.32
[rosout][INFO] 2025-03-27 14:32:47,958: Back Left Min: 1.17, Back Right Min: 1.33
[rosout][INFO] 2025-03-27 14:32:48,061: Back Left Min: 1.17, Back Right Min: 1.33
[rosout][INFO] 2025-03-27 14:32:48,158: Back Left Min: 1.17, Back Right Min: 1.33
[rosout][INFO] 2025-03-27 14:32:48,261: Back Left Min: 1.17, Back Right Min: 1.33
[rosout][INFO] 2025-03-27 14:32:48,358: Back Left Min: 1.17, Back Right Min: 1.33
[rosout][INFO] 2025-03-27 14:32:48,461: Back Left Min: 1.17, Back Right Min: 1.33
[rosout][INFO] 2025-03-27 14:32:48,558: Back Left Min: 1.17, Back Right Min: 1.32
[rosout][INFO] 2025-03-27 14:32:48,661: Back Left Min: 1.17, Back Right Min: 1.32
[rosout][INFO] 2025-03-27 14:32:48,757: Back Left Min: 1.17, Back Right Min: 1.32
[rosout][INFO] 2025-03-27 14:32:48,861: Back Left Min: 1.17, Back Right Min: 1.32
[rosout][INFO] 2025-03-27 14:32:48,958: Back Left Min: 1.17, Back Right Min: 1.32
[rosout][INFO] 2025-03-27 14:32:49,061: Back Left Min: 1.17, Back Right Min: 1.32
[rosout][INFO] 2025-03-27 14:32:49,158: Back Left Min: 1.17, Back Right Min: 1.32
[rosout][INFO] 2025-03-27 14:32:49,262: Back Left Min: 1.17, Back Right Min: 1.32
[rosout][INFO] 2025-03-27 14:32:49,358: Back Left Min: 1.17, Back Right Min: 1.32
[rosout][INFO] 2025-03-27 14:32:49,462: Back Left Min: 1.17, Back Right Min: 1.32
[rosout][INFO] 2025-03-27 14:32:49,558: Back Left Min: 1.17, Back Right Min: 1.32
[rosout][INFO] 2025-03-27 14:32:49,662: Back Left Min: 1.17, Back Right Min: 1.33
[rosout][INFO] 2025-03-27 14:32:49,759: Back Left Min: 1.17, Back Right Min: 1.33
[rosout][INFO] 2025-03-27 14:32:49,862: Back Left Min: 1.17, Back Right Min: 1.33
[rosout][INFO] 2025-03-27 14:32:49,959: Back Left Min: 1.17, Back Right Min: 1.33
[rosout][INFO] 2025-03-27 14:32:50,062: Back Left Min: 1.17, Back Right Min: 1.33
[rosout][INFO] 2025-03-27 14:32:50,159: Back Left Min: 1.17, Back Right Min: 1.33
[rosout][INFO] 2025-03-27 14:32:50,262: Back Left Min: 1.17, Back Right Min: 1.33
[rosout][INFO] 2025-03-27 14:32:50,359: Back Left Min: 1.17, Back Right Min: 1.33
[rosout][INFO] 2025-03-27 14:32:50,462: Back Left Min: 1.17, Back Right Min: 1.32
[rosout][INFO] 2025-03-27 14:32:50,559: Back Left Min: 1.17, Back Right Min: 1.32
[rosout][INFO] 2025-03-27 14:32:50,662: Back Left Min: 1.17, Back Right Min: 1.32
[rosout][INFO] 2025-03-27 14:32:50,759: Back Left Min: 1.17, Back Right Min: 1.32
[rosout][INFO] 2025-03-27 14:32:50,862: Back Left Min: 1.17, Back Right Min: 1.32
[rosout][INFO] 2025-03-27 14:32:50,959: Back Left Min: 1.17, Back Right Min: 1.32
[rosout][INFO] 2025-03-27 14:32:51,062: Back Left Min: 1.17, Back Right Min: 1.32
[rosout][INFO] 2025-03-27 14:32:51,159: Back Left Min: 1.17, Back Right Min: 1.32
[rosout][INFO] 2025-03-27 14:32:51,262: Back Left Min: 1.17, Back Right Min: 1.32
[rosout][INFO] 2025-03-27 14:32:51,359: Back Left Min: 1.17, Back Right Min: 1.32
[rosout][INFO] 2025-03-27 14:32:51,462: Back Left Min: 1.17, Back Right Min: 1.32
[rosout][INFO] 2025-03-27 14:32:51,559: Back Left Min: 1.17, Back Right Min: 1.32
[rosout][INFO] 2025-03-27 14:32:51,663: Back Left Min: 1.17, Back Right Min: 1.32
[rosout][INFO] 2025-03-27 14:32:51,759: Back Left Min: 1.17, Back Right Min: 1.32
[rosout][INFO] 2025-03-27 14:32:51,863: Back Left Min: 1.17, Back Right Min: 1.32
[rosout][INFO] 2025-03-27 14:32:51,959: Back Left Min: 1.17, Back Right Min: 1.32
[rosout][INFO] 2025-03-27 14:32:52,063: Back Left Min: 1.17, Back Right Min: 1.32
[rosout][INFO] 2025-03-27 14:32:52,160: Back Left Min: 1.17, Back Right Min: 1.33
[rosout][INFO] 2025-03-27 14:32:52,263: Back Left Min: 1.17, Back Right Min: 1.33
[rosout][INFO] 2025-03-27 14:32:52,360: Back Left Min: 1.17, Back Right Min: 1.33
[rosout][INFO] 2025-03-27 14:32:52,463: Back Left Min: 1.17, Back Right Min: 1.28
[rosout][INFO] 2025-03-27 14:32:52,560: Back Left Min: 1.17, Back Right Min: 1.28
[rosout][INFO] 2025-03-27 14:32:52,663: Back Left Min: 1.17, Back Right Min: 1.28
[rosout][INFO] 2025-03-27 14:32:52,760: Back Left Min: 1.17, Back Right Min: 1.27
[rosout][INFO] 2025-03-27 14:32:52,863: Back Left Min: 1.17, Back Right Min: 1.27
[rosout][INFO] 2025-03-27 14:32:52,960: Back Left Min: 1.17, Back Right Min: 1.27
[rosout][INFO] 2025-03-27 14:32:53,063: Back Left Min: 1.17, Back Right Min: 1.27
[rosout][INFO] 2025-03-27 14:32:53,160: Back Left Min: 1.17, Back Right Min: 1.27
[rosout][INFO] 2025-03-27 14:32:53,263: Back Left Min: 1.17, Back Right Min: 1.33
[rosout][INFO] 2025-03-27 14:32:53,360: Back Left Min: 1.17, Back Right Min: 1.33
[rosout][INFO] 2025-03-27 14:32:53,463: Back Left Min: 1.17, Back Right Min: 1.33
[rosout][INFO] 2025-03-27 14:32:53,560: Back Left Min: 1.17, Back Right Min: 1.25
[rosout][INFO] 2025-03-27 14:32:53,663: Back Left Min: 1.17, Back Right Min: 1.25
[rosout][INFO] 2025-03-27 14:32:53,760: Back Left Min: 1.17, Back Right Min: 1.25
[rosout][INFO] 2025-03-27 14:32:53,863: Back Left Min: 1.17, Back Right Min: 1.32
[rosout][INFO] 2025-03-27 14:32:53,960: Back Left Min: 1.17, Back Right Min: 1.32
[rosout][INFO] 2025-03-27 14:32:54,063: Back Left Min: 1.17, Back Right Min: 1.32
[rosout][INFO] 2025-03-27 14:32:54,160: Back Left Min: 1.17, Back Right Min: 1.33
[rosout][INFO] 2025-03-27 14:32:54,264: Back Left Min: 1.17, Back Right Min: 1.33
[rosout][INFO] 2025-03-27 14:32:54,361: Back Left Min: 1.17, Back Right Min: 1.33
[rosout][INFO] 2025-03-27 14:32:54,464: Back Left Min: 1.17, Back Right Min: 1.35
[rosout][INFO] 2025-03-27 14:32:54,561: Back Left Min: 1.17, Back Right Min: 1.35
[rosout][INFO] 2025-03-27 14:32:54,664: Back Left Min: 1.17, Back Right Min: 1.28
[rosout][INFO] 2025-03-27 14:32:54,761: Back Left Min: 1.17, Back Right Min: 1.28
[rosout][INFO] 2025-03-27 14:32:54,864: Back Left Min: 1.17, Back Right Min: 1.28
[rosout][INFO] 2025-03-27 14:32:54,961: Back Left Min: 1.17, Back Right Min: 1.25
[rosout][INFO] 2025-03-27 14:32:55,064: Back Left Min: 1.17, Back Right Min: 1.25
[rosout][INFO] 2025-03-27 14:32:55,161: Back Left Min: 1.17, Back Right Min: 1.25
[rosout][INFO] 2025-03-27 14:32:55,264: Back Left Min: 1.17, Back Right Min: 1.30
[rosout][INFO] 2025-03-27 14:32:55,361: Back Left Min: 1.17, Back Right Min: 1.30
[rosout][INFO] 2025-03-27 14:32:55,464: Back Left Min: 1.17, Back Right Min: 1.30
[rosout][INFO] 2025-03-27 14:32:55,561: Back Left Min: 1.17, Back Right Min: 1.30
[rosout][INFO] 2025-03-27 14:32:55,664: Back Left Min: 1.17, Back Right Min: 1.30
[rosout][INFO] 2025-03-27 14:32:55,761: Back Left Min: 1.17, Back Right Min: 1.30
[rosout][INFO] 2025-03-27 14:32:55,864: Back Left Min: 1.17, Back Right Min: 1.31
[rosout][INFO] 2025-03-27 14:32:55,961: Back Left Min: 1.17, Back Right Min: 1.31
[rosout][INFO] 2025-03-27 14:32:56,064: Back Left Min: 1.17, Back Right Min: 1.32
[rosout][INFO] 2025-03-27 14:32:56,161: Back Left Min: 1.17, Back Right Min: 1.32
[rosout][INFO] 2025-03-27 14:32:56,264: Back Left Min: 1.17, Back Right Min: 1.32
[rosout][INFO] 2025-03-27 14:32:56,361: Back Left Min: 1.17, Back Right Min: 1.32
[rosout][INFO] 2025-03-27 14:32:56,464: Back Left Min: 1.17, Back Right Min: 1.32
[rosout][INFO] 2025-03-27 14:32:56,561: Back Left Min: 1.17, Back Right Min: 1.32
[rosout][INFO] 2025-03-27 14:32:56,665: Back Left Min: 1.17, Back Right Min: 1.30
[rosout][INFO] 2025-03-27 14:32:56,761: Back Left Min: 1.17, Back Right Min: 1.30
[rosout][INFO] 2025-03-27 14:32:56,865: Back Left Min: 1.17, Back Right Min: 1.30
[rosout][INFO] 2025-03-27 14:32:56,962: Back Left Min: 1.17, Back Right Min: 1.32
[rosout][INFO] 2025-03-27 14:32:57,065: Back Left Min: 1.17, Back Right Min: 1.32
[rosout][INFO] 2025-03-27 14:32:57,162: Back Left Min: 1.17, Back Right Min: 1.32
[rosout][INFO] 2025-03-27 14:32:57,265: Back Left Min: 1.17, Back Right Min: 1.34
[rosout][INFO] 2025-03-27 14:32:57,362: Back Left Min: 1.17, Back Right Min: 1.34
[rosout][INFO] 2025-03-27 14:32:57,465: Back Left Min: 1.17, Back Right Min: 1.34
[rosout][INFO] 2025-03-27 14:32:57,562: Back Left Min: 1.17, Back Right Min: 1.34
[rosout][INFO] 2025-03-27 14:32:57,665: Back Left Min: 1.17, Back Right Min: 1.34
[rosout][INFO] 2025-03-27 14:32:57,762: Back Left Min: 1.17, Back Right Min: 1.35
[rosout][INFO] 2025-03-27 14:32:57,865: Back Left Min: 1.17, Back Right Min: 1.35
[rosout][INFO] 2025-03-27 14:32:57,962: Back Left Min: 1.17, Back Right Min: 1.35
[rosout][INFO] 2025-03-27 14:32:58,065: Back Left Min: 1.17, Back Right Min: 1.35
[rosout][INFO] 2025-03-27 14:32:58,162: Back Left Min: 1.17, Back Right Min: 1.35
[rosout][INFO] 2025-03-27 14:32:58,265: Back Left Min: 1.17, Back Right Min: 1.35
[rosout][INFO] 2025-03-27 14:32:58,362: Back Left Min: 1.17, Back Right Min: 1.35
[rosout][INFO] 2025-03-27 14:32:58,465: Back Left Min: 1.17, Back Right Min: 1.35
[rosout][INFO] 2025-03-27 14:32:58,562: Back Left Min: 1.17, Back Right Min: 1.35
[rosout][INFO] 2025-03-27 14:32:58,665: Back Left Min: 1.17, Back Right Min: 1.35
[rosout][INFO] 2025-03-27 14:32:58,762: Back Left Min: 1.17, Back Right Min: 1.35
[rosout][INFO] 2025-03-27 14:32:58,865: Back Left Min: 1.17, Back Right Min: 1.35
[rosout][INFO] 2025-03-27 14:32:58,962: Back Left Min: 1.17, Back Right Min: 1.35
[rosout][INFO] 2025-03-27 14:32:59,066: Back Left Min: 1.17, Back Right Min: 1.35
[rosout][INFO] 2025-03-27 14:32:59,162: Back Left Min: 1.17, Back Right Min: 1.35
[rosout][INFO] 2025-03-27 14:32:59,266: Back Left Min: 1.17, Back Right Min: 1.35
[rosout][INFO] 2025-03-27 14:32:59,363: Back Left Min: 1.17, Back Right Min: 1.35
[rosout][INFO] 2025-03-27 14:32:59,466: Back Left Min: 1.17, Back Right Min: 1.35
[rosout][INFO] 2025-03-27 14:32:59,563: Back Left Min: 1.17, Back Right Min: 1.35
[rosout][INFO] 2025-03-27 14:32:59,666: Back Left Min: 1.17, Back Right Min: 1.35
[rosout][INFO] 2025-03-27 14:32:59,763: Back Left Min: 1.17, Back Right Min: 1.35
[rosout][INFO] 2025-03-27 14:32:59,866: Back Left Min: 1.17, Back Right Min: 1.35
[rosout][INFO] 2025-03-27 14:32:59,963: Back Left Min: 1.17, Back Right Min: 1.35
[rosout][INFO] 2025-03-27 14:33:00,066: Back Left Min: 1.17, Back Right Min: 1.35
[rosout][INFO] 2025-03-27 14:33:00,163: Back Left Min: 1.17, Back Right Min: 1.35
[rosout][INFO] 2025-03-27 14:33:00,266: Back Left Min: 1.17, Back Right Min: 1.35
[rosout][INFO] 2025-03-27 14:33:00,363: Back Left Min: 1.17, Back Right Min: 1.35
[rosout][INFO] 2025-03-27 14:33:00,466: Back Left Min: 1.17, Back Right Min: 1.35
[rosout][INFO] 2025-03-27 14:33:00,563: Back Left Min: 1.17, Back Right Min: 1.35
[rosout][INFO] 2025-03-27 14:33:00,666: Back Left Min: 1.17, Back Right Min: 1.35
[rosout][INFO] 2025-03-27 14:33:00,763: Back Left Min: 1.17, Back Right Min: 1.35
[rosout][INFO] 2025-03-27 14:33:00,866: Back Left Min: 1.17, Back Right Min: 1.35
[rosout][INFO] 2025-03-27 14:33:00,963: Back Left Min: 1.17, Back Right Min: 1.35
[rosout][INFO] 2025-03-27 14:33:01,066: Back Left Min: 1.17, Back Right Min: 1.35
[rosout][INFO] 2025-03-27 14:33:01,163: Back Left Min: 1.17, Back Right Min: 1.35
[rosout][INFO] 2025-03-27 14:33:01,266: Back Left Min: 1.17, Back Right Min: 1.35
[rosout][INFO] 2025-03-27 14:33:01,363: Back Left Min: 1.17, Back Right Min: 1.35
[rosout][INFO] 2025-03-27 14:33:01,466: Back Left Min: 1.17, Back Right Min: 1.35
[rosout][INFO] 2025-03-27 14:33:01,563: Back Left Min: 1.17, Back Right Min: 1.35
[rosout][INFO] 2025-03-27 14:33:01,667: Back Left Min: 1.17, Back Right Min: 1.35
[rosout][INFO] 2025-03-27 14:33:01,763: Back Left Min: 1.17, Back Right Min: 1.35
[rosout][INFO] 2025-03-27 14:33:01,867: Back Left Min: 1.17, Back Right Min: 1.35
[rosout][INFO] 2025-03-27 14:33:01,963: Back Left Min: 1.17, Back Right Min: 1.35
[rosout][INFO] 2025-03-27 14:33:02,067: Back Left Min: 1.17, Back Right Min: 1.35
[rosout][INFO] 2025-03-27 14:33:02,164: Back Left Min: 1.17, Back Right Min: 1.35
[rosout][INFO] 2025-03-27 14:33:02,267: Back Left Min: 1.17, Back Right Min: 1.35
[rosout][INFO] 2025-03-27 14:33:02,364: Back Left Min: 1.17, Back Right Min: 1.35
[rosout][INFO] 2025-03-27 14:33:02,467: Back Left Min: 1.17, Back Right Min: 1.35
[rosout][INFO] 2025-03-27 14:33:02,564: Back Left Min: 1.17, Back Right Min: 1.35
[rosout][INFO] 2025-03-27 14:33:02,667: Back Left Min: 1.17, Back Right Min: 1.35
[rosout][INFO] 2025-03-27 14:33:02,764: Back Left Min: 1.17, Back Right Min: 1.35
[rosout][INFO] 2025-03-27 14:33:02,867: Back Left Min: 1.17, Back Right Min: 1.35
[rosout][INFO] 2025-03-27 14:33:02,964: Back Left Min: 1.17, Back Right Min: 1.35
[rosout][INFO] 2025-03-27 14:33:03,067: Back Left Min: 1.17, Back Right Min: 1.35
[rosout][INFO] 2025-03-27 14:33:03,164: Back Left Min: 1.17, Back Right Min: 1.35
[rosout][INFO] 2025-03-27 14:33:03,267: Back Left Min: 1.17, Back Right Min: 1.35
[rosout][INFO] 2025-03-27 14:33:03,364: Back Left Min: 1.17, Back Right Min: 1.35
[rosout][INFO] 2025-03-27 14:33:03,467: Back Left Min: 1.17, Back Right Min: 1.35
[rosout][INFO] 2025-03-27 14:33:03,564: Back Left Min: 1.17, Back Right Min: 1.35
[rosout][INFO] 2025-03-27 14:33:03,667: Back Left Min: 1.17, Back Right Min: 1.35
[rosout][INFO] 2025-03-27 14:33:03,764: Back Left Min: 1.17, Back Right Min: 1.35
[rosout][INFO] 2025-03-27 14:33:03,867: Back Left Min: 1.17, Back Right Min: 1.35
[rosout][INFO] 2025-03-27 14:33:03,964: Back Left Min: 1.17, Back Right Min: 1.35
[rosout][INFO] 2025-03-27 14:33:04,068: Back Left Min: 1.17, Back Right Min: 1.35
[rosout][INFO] 2025-03-27 14:33:04,164: Back Left Min: 1.17, Back Right Min: 1.35
[rosout][INFO] 2025-03-27 14:33:04,268: Back Left Min: 1.17, Back Right Min: 1.35
[rosout][INFO] 2025-03-27 14:33:04,364: Back Left Min: 1.17, Back Right Min: 1.35
[rosout][INFO] 2025-03-27 14:33:04,468: Back Left Min: 1.17, Back Right Min: 1.35
[rosout][INFO] 2025-03-27 14:33:04,565: Back Left Min: 1.17, Back Right Min: 1.35
[rosout][INFO] 2025-03-27 14:33:04,668: Back Left Min: 1.17, Back Right Min: 1.35
[rosout][INFO] 2025-03-27 14:33:04,765: Back Left Min: 1.17, Back Right Min: 1.35
[rosout][INFO] 2025-03-27 14:33:04,868: Back Left Min: 1.17, Back Right Min: 1.35
[rosout][INFO] 2025-03-27 14:33:04,965: Back Left Min: 1.17, Back Right Min: 1.35
[rosout][INFO] 2025-03-27 14:33:05,068: Back Left Min: 1.17, Back Right Min: 1.35
[rosout][INFO] 2025-03-27 14:33:05,165: Back Left Min: 1.17, Back Right Min: 1.35
[rosout][INFO] 2025-03-27 14:33:05,268: Back Left Min: 1.17, Back Right Min: 1.35
[rosout][INFO] 2025-03-27 14:33:05,365: Back Left Min: 1.17, Back Right Min: 1.35
[rosout][INFO] 2025-03-27 14:33:05,468: Back Left Min: 1.17, Back Right Min: 1.35
[rosout][INFO] 2025-03-27 14:33:05,565: Back Left Min: 1.17, Back Right Min: 1.35
[rosout][INFO] 2025-03-27 14:33:05,668: Back Left Min: 1.17, Back Right Min: 1.35
[rosout][INFO] 2025-03-27 14:33:05,765: Back Left Min: 1.17, Back Right Min: 1.35
[rosout][INFO] 2025-03-27 14:33:05,868: Back Left Min: 1.17, Back Right Min: 1.35
[rosout][INFO] 2025-03-27 14:33:05,965: Back Left Min: 1.17, Back Right Min: 1.35
[rosout][INFO] 2025-03-27 14:33:06,068: Back Left Min: 1.17, Back Right Min: 1.35
[rosout][INFO] 2025-03-27 14:33:06,165: Back Left Min: 1.17, Back Right Min: 1.35
[rosout][INFO] 2025-03-27 14:33:06,268: Back Left Min: 1.17, Back Right Min: 1.35
[rosout][INFO] 2025-03-27 14:33:06,365: Back Left Min: 1.17, Back Right Min: 1.35
[rosout][INFO] 2025-03-27 14:33:06,468: Back Left Min: 1.17, Back Right Min: 1.34
[rosout][INFO] 2025-03-27 14:33:06,566: Back Left Min: 1.17, Back Right Min: 1.34
[rosout][INFO] 2025-03-27 14:33:06,669: Back Left Min: 1.17, Back Right Min: 1.34
[rosout][INFO] 2025-03-27 14:33:06,765: Back Left Min: 1.17, Back Right Min: 1.34
[rosout][INFO] 2025-03-27 14:33:06,869: Back Left Min: 1.17, Back Right Min: 1.34
[rosout][INFO] 2025-03-27 14:33:06,965: Back Left Min: 1.17, Back Right Min: 1.34
[rosout][INFO] 2025-03-27 14:33:07,069: Back Left Min: 1.17, Back Right Min: 1.34
[rosout][INFO] 2025-03-27 14:33:07,166: Back Left Min: 1.17, Back Right Min: 1.34
[rosout][INFO] 2025-03-27 14:33:07,269: Back Left Min: 1.17, Back Right Min: 1.35
[rosout][INFO] 2025-03-27 14:33:07,366: Back Left Min: 1.17, Back Right Min: 1.35
[rosout][INFO] 2025-03-27 14:33:07,469: Back Left Min: 1.17, Back Right Min: 1.35
[rosout][INFO] 2025-03-27 14:33:07,566: Back Left Min: 1.17, Back Right Min: 1.33
[rosout][INFO] 2025-03-27 14:33:07,669: Back Left Min: 1.17, Back Right Min: 1.33
[rosout][INFO] 2025-03-27 14:33:07,766: Back Left Min: 1.17, Back Right Min: 1.33
[rosout][INFO] 2025-03-27 14:33:07,869: Back Left Min: 1.17, Back Right Min: 1.33
[rosout][INFO] 2025-03-27 14:33:07,966: Back Left Min: 1.17, Back Right Min: 1.33
[rosout][INFO] 2025-03-27 14:33:08,069: Back Left Min: 1.17, Back Right Min: 1.33
[rosout][INFO] 2025-03-27 14:33:08,166: Back Left Min: 1.17, Back Right Min: 1.33
[rosout][INFO] 2025-03-27 14:33:08,269: Back Left Min: 1.17, Back Right Min: 1.33
[rosout][INFO] 2025-03-27 14:33:08,366: Back Left Min: 1.17, Back Right Min: 1.33
[rosout][INFO] 2025-03-27 14:33:08,469: Back Left Min: 1.17, Back Right Min: 1.33
[rosout][INFO] 2025-03-27 14:33:08,566: Back Left Min: 1.17, Back Right Min: 1.33
[rosout][INFO] 2025-03-27 14:33:08,669: Back Left Min: 1.17, Back Right Min: 1.34
[rosout][INFO] 2025-03-27 14:33:08,766: Back Left Min: 1.17, Back Right Min: 1.34
[rosout][INFO] 2025-03-27 14:33:08,869: Back Left Min: 1.17, Back Right Min: 1.34
[rosout][INFO] 2025-03-27 14:33:08,966: Back Left Min: 1.17, Back Right Min: 1.33
[rosout][INFO] 2025-03-27 14:33:09,070: Back Left Min: 1.17, Back Right Min: 1.33
[rosout][INFO] 2025-03-27 14:33:09,166: Back Left Min: 1.17, Back Right Min: 1.33
[rosout][INFO] 2025-03-27 14:33:09,270: Back Left Min: 1.17, Back Right Min: 1.33
[rosout][INFO] 2025-03-27 14:33:09,366: Back Left Min: 1.17, Back Right Min: 1.33
[rosout][INFO] 2025-03-27 14:33:09,470: Back Left Min: 1.17, Back Right Min: 1.33
[rosout][INFO] 2025-03-27 14:33:09,567: Back Left Min: 1.17, Back Right Min: 1.35
[rosout][INFO] 2025-03-27 14:33:09,670: Back Left Min: 1.17, Back Right Min: 1.35
[rosout][INFO] 2025-03-27 14:33:09,767: Back Left Min: 1.17, Back Right Min: 1.35
[rosout][INFO] 2025-03-27 14:33:09,870: Back Left Min: 1.17, Back Right Min: 1.33
[rosout][INFO] 2025-03-27 14:33:09,967: Back Left Min: 1.17, Back Right Min: 1.33
[rosout][INFO] 2025-03-27 14:33:10,070: Back Left Min: 1.17, Back Right Min: 1.33
[rosout][INFO] 2025-03-27 14:33:10,167: Back Left Min: 1.17, Back Right Min: 1.33
[rosout][INFO] 2025-03-27 14:33:10,270: Back Left Min: 1.17, Back Right Min: 1.33
[rosout][INFO] 2025-03-27 14:33:10,367: Back Left Min: 1.17, Back Right Min: 1.33
[rospy.core][INFO] 2025-03-27 14:33:10,374: signal_shutdown [signal-2]
[rospy.internal][INFO] 2025-03-27 14:33:10,382: topic[/rosout] removing connection to /rosout
[rospy.internal][INFO] 2025-03-27 14:33:10,383: topic[/RosAria/sonar] removing connection to http://localhost:37299/
[rospy.impl.masterslave][INFO] 2025-03-27 14:33:10,384: signal-2
[rospy.core][INFO] 2025-03-27 14:33:10,500: signal_shutdown [atexit]
