[rospy.client][INFO] 2025-03-27 14:37:18,702: init_node, name[/sonar_processor_5586_1743061038690], pid[5586]
[xmlrpc][INFO] 2025-03-27 14:37:18,702: XML-RPC server binding to 127.0.0.1:0
[xmlrpc][INFO] 2025-03-27 14:37:18,702: Started XML-RPC server [http://localhost:46433/]
[rospy.init][INFO] 2025-03-27 14:37:18,703: ROS Slave URI: [http://localhost:46433/]
[rospy.impl.masterslave][INFO] 2025-03-27 14:37:18,703: _ready: http://localhost:46433/
[rospy.registration][INFO] 2025-03-27 14:37:18,703: Registering with master node http://localhost:11311
[xmlrpc][INFO] 2025-03-27 14:37:18,703: xml rpc node: starting XML-RPC server
[rospy.init][INFO] 2025-03-27 14:37:18,803: registered with master
[rospy.rosout][INFO] 2025-03-27 14:37:18,803: initializing /rosout core topic
[rospy.rosout][INFO] 2025-03-27 14:37:18,809: connected to core topic /rosout
[rospy.simtime][INFO] 2025-03-27 14:37:18,812: /use_sim_time is not set, will not subscribe to simulated time [/clock] topic
[rosout][INFO] 2025-03-27 14:37:18,825: Sonar processor initialized
[rospy.internal][INFO] 2025-03-27 14:37:18,870: topic[/RosAria/sonar] adding connection to [http://localhost:37299/], count 0
[rosout][INFO] 2025-03-27 14:37:18,971: Back Left Min: 1.17, Back Right Min: 1.02
[rospy.internal][INFO] 2025-03-27 14:37:19,047: topic[/rosout] adding connection to [/rosout], count 0
[rosout][INFO] 2025-03-27 14:37:19,068: Back Left Min: 1.17, Back Right Min: 0.95
[rosout][INFO] 2025-03-27 14:37:19,171: Back Left Min: 1.17, Back Right Min: 0.95
[rosout][INFO] 2025-03-27 14:37:19,268: Back Left Min: 1.17, Back Right Min: 0.95
[rosout][INFO] 2025-03-27 14:37:19,371: Back Left Min: 1.17, Back Right Min: 1.00
[rosout][INFO] 2025-03-27 14:37:19,468: Back Left Min: 1.17, Back Right Min: 1.00
[rosout][INFO] 2025-03-27 14:37:19,571: Back Left Min: 1.17, Back Right Min: 0.98
[rosout][INFO] 2025-03-27 14:37:19,668: Back Left Min: 1.17, Back Right Min: 0.98
[rosout][INFO] 2025-03-27 14:37:19,771: Back Left Min: 1.17, Back Right Min: 0.98
[rosout][INFO] 2025-03-27 14:37:19,868: Back Left Min: 1.17, Back Right Min: 1.35
[rosout][INFO] 2025-03-27 14:37:19,971: Back Left Min: 1.17, Back Right Min: 1.08
[rosout][INFO] 2025-03-27 14:37:20,069: Back Left Min: 1.17, Back Right Min: 1.08
[rosout][INFO] 2025-03-27 14:37:20,172: Back Left Min: 1.17, Back Right Min: 0.98
[rosout][INFO] 2025-03-27 14:37:20,268: Back Left Min: 1.17, Back Right Min: 0.98
[rosout][INFO] 2025-03-27 14:37:20,372: Back Left Min: 1.17, Back Right Min: 0.98
[rosout][INFO] 2025-03-27 14:37:20,469: Back Left Min: 1.17, Back Right Min: 1.14
[rosout][INFO] 2025-03-27 14:37:20,572: Back Left Min: 1.17, Back Right Min: 1.14
[rosout][INFO] 2025-03-27 14:37:20,669: Back Left Min: 1.17, Back Right Min: 1.15
[rosout][INFO] 2025-03-27 14:37:20,772: Back Left Min: 1.17, Back Right Min: 1.15
[rosout][INFO] 2025-03-27 14:37:20,869: Back Left Min: 1.17, Back Right Min: 1.15
[rosout][INFO] 2025-03-27 14:37:20,972: Back Left Min: 1.17, Back Right Min: 1.18
[rosout][INFO] 2025-03-27 14:37:21,069: Back Left Min: 1.17, Back Right Min: 1.18
[rosout][INFO] 2025-03-27 14:37:21,172: Back Left Min: 1.17, Back Right Min: 1.18
[rosout][INFO] 2025-03-27 14:37:21,269: Back Left Min: 1.17, Back Right Min: 1.14
[rosout][INFO] 2025-03-27 14:37:21,372: Back Left Min: 1.17, Back Right Min: 1.14
[rosout][INFO] 2025-03-27 14:37:21,469: Back Left Min: 1.17, Back Right Min: 1.14
[rosout][INFO] 2025-03-27 14:37:21,572: Back Left Min: 1.17, Back Right Min: 1.16
[rosout][INFO] 2025-03-27 14:37:21,669: Back Left Min: 1.17, Back Right Min: 1.16
[rosout][INFO] 2025-03-27 14:37:21,772: Back Left Min: 1.17, Back Right Min: 1.16
[rosout][INFO] 2025-03-27 14:37:21,869: Back Left Min: 1.17, Back Right Min: 1.16
[rosout][INFO] 2025-03-27 14:37:21,972: Back Left Min: 1.17, Back Right Min: 1.16
[rosout][INFO] 2025-03-27 14:37:22,069: Back Left Min: 1.17, Back Right Min: 1.14
[rosout][INFO] 2025-03-27 14:37:22,172: Back Left Min: 1.17, Back Right Min: 1.14
[rosout][INFO] 2025-03-27 14:37:22,269: Back Left Min: 1.17, Back Right Min: 1.14
[rosout][INFO] 2025-03-27 14:37:22,372: Back Left Min: 1.17, Back Right Min: 1.15
[rosout][INFO] 2025-03-27 14:37:22,469: Back Left Min: 1.17, Back Right Min: 1.15
[rosout][INFO] 2025-03-27 14:37:22,572: Back Left Min: 1.17, Back Right Min: 1.15
[rosout][INFO] 2025-03-27 14:37:22,669: Back Left Min: 1.17, Back Right Min: 1.09
[rosout][INFO] 2025-03-27 14:37:22,773: Back Left Min: 1.17, Back Right Min: 1.09
[rosout][INFO] 2025-03-27 14:37:22,869: Back Left Min: 1.17, Back Right Min: 1.09
[rosout][INFO] 2025-03-27 14:37:22,973: Back Left Min: 1.17, Back Right Min: 1.04
[rosout][INFO] 2025-03-27 14:37:23,069: Back Left Min: 1.17, Back Right Min: 1.04
[rosout][INFO] 2025-03-27 14:37:23,173: Back Left Min: 1.17, Back Right Min: 1.07
[rosout][INFO] 2025-03-27 14:37:23,270: Back Left Min: 1.17, Back Right Min: 1.05
[rosout][INFO] 2025-03-27 14:37:23,373: Back Left Min: 1.17, Back Right Min: 1.05
[rosout][INFO] 2025-03-27 14:37:23,470: Back Left Min: 1.17, Back Right Min: 1.05
[rosout][INFO] 2025-03-27 14:37:23,572: Back Left Min: 1.17, Back Right Min: 1.05
[rosout][INFO] 2025-03-27 14:37:23,669: Back Left Min: 1.17, Back Right Min: 1.05
[rosout][INFO] 2025-03-27 14:37:23,773: Back Left Min: 1.17, Back Right Min: 1.02
[rosout][INFO] 2025-03-27 14:37:23,870: Back Left Min: 1.17, Back Right Min: 1.02
[rosout][INFO] 2025-03-27 14:37:23,973: Back Left Min: 1.17, Back Right Min: 1.02
[rosout][INFO] 2025-03-27 14:37:24,070: Back Left Min: 1.17, Back Right Min: 1.31
[rosout][INFO] 2025-03-27 14:37:24,173: Back Left Min: 1.17, Back Right Min: 1.31
[rosout][INFO] 2025-03-27 14:37:24,270: Back Left Min: 1.17, Back Right Min: 1.31
[rosout][INFO] 2025-03-27 14:37:24,373: Back Left Min: 1.17, Back Right Min: 1.06
[rosout][INFO] 2025-03-27 14:37:24,470: Back Left Min: 1.17, Back Right Min: 1.06
[rosout][INFO] 2025-03-27 14:37:24,573: Back Left Min: 1.17, Back Right Min: 1.06
[rosout][INFO] 2025-03-27 14:37:24,670: Back Left Min: 1.17, Back Right Min: 1.04
[rosout][INFO] 2025-03-27 14:37:24,773: Back Left Min: 1.17, Back Right Min: 1.04
[rosout][INFO] 2025-03-27 14:37:24,870: Back Left Min: 1.17, Back Right Min: 1.04
[rosout][INFO] 2025-03-27 14:37:24,973: Back Left Min: 1.17, Back Right Min: 1.04
[rosout][INFO] 2025-03-27 14:37:25,070: Back Left Min: 1.17, Back Right Min: 1.04
[rosout][INFO] 2025-03-27 14:37:25,174: Back Left Min: 1.17, Back Right Min: 1.04
[rosout][INFO] 2025-03-27 14:37:25,270: Back Left Min: 1.17, Back Right Min: 1.05
[rosout][INFO] 2025-03-27 14:37:25,374: Back Left Min: 1.17, Back Right Min: 1.05
[rosout][INFO] 2025-03-27 14:37:25,470: Back Left Min: 1.17, Back Right Min: 1.05
[rosout][INFO] 2025-03-27 14:37:25,574: Back Left Min: 1.17, Back Right Min: 1.04
[rosout][INFO] 2025-03-27 14:37:25,671: Back Left Min: 1.17, Back Right Min: 1.04
[rosout][INFO] 2025-03-27 14:37:25,774: Back Left Min: 1.17, Back Right Min: 0.95
[rosout][INFO] 2025-03-27 14:37:25,871: Back Left Min: 1.17, Back Right Min: 0.95
[rosout][INFO] 2025-03-27 14:37:25,974: Back Left Min: 1.17, Back Right Min: 0.95
[rosout][INFO] 2025-03-27 14:37:26,071: Back Left Min: 1.17, Back Right Min: 1.12
[rosout][INFO] 2025-03-27 14:37:26,174: Back Left Min: 1.17, Back Right Min: 1.12
[rosout][INFO] 2025-03-27 14:37:26,271: Back Left Min: 1.17, Back Right Min: 1.12
[rosout][INFO] 2025-03-27 14:37:26,374: Back Left Min: 1.17, Back Right Min: 1.03
[rosout][INFO] 2025-03-27 14:37:26,471: Back Left Min: 1.17, Back Right Min: 1.03
[rosout][INFO] 2025-03-27 14:37:26,574: Back Left Min: 1.17, Back Right Min: 1.03
[rosout][INFO] 2025-03-27 14:37:26,671: Back Left Min: 1.17, Back Right Min: 1.06
[rosout][INFO] 2025-03-27 14:37:26,774: Back Left Min: 1.17, Back Right Min: 1.06
[rosout][INFO] 2025-03-27 14:37:26,871: Back Left Min: 1.17, Back Right Min: 1.06
[rosout][INFO] 2025-03-27 14:37:26,974: Back Left Min: 1.17, Back Right Min: 1.04
[rosout][INFO] 2025-03-27 14:37:27,071: Back Left Min: 1.17, Back Right Min: 1.04
[rosout][INFO] 2025-03-27 14:37:27,174: Back Left Min: 1.17, Back Right Min: 1.04
[rosout][INFO] 2025-03-27 14:37:27,271: Back Left Min: 1.17, Back Right Min: 1.04
[rosout][INFO] 2025-03-27 14:37:27,375: Back Left Min: 1.17, Back Right Min: 1.04
[rosout][INFO] 2025-03-27 14:37:27,471: Back Left Min: 1.17, Back Right Min: 1.04
[rosout][INFO] 2025-03-27 14:37:27,575: Back Left Min: 1.17, Back Right Min: 1.04
[rosout][INFO] 2025-03-27 14:37:27,671: Back Left Min: 1.17, Back Right Min: 1.04
[rosout][INFO] 2025-03-27 14:37:27,775: Back Left Min: 1.17, Back Right Min: 1.04
[rosout][INFO] 2025-03-27 14:37:27,872: Back Left Min: 1.17, Back Right Min: 1.04
[rosout][INFO] 2025-03-27 14:37:27,975: Back Left Min: 1.17, Back Right Min: 1.04
[rosout][INFO] 2025-03-27 14:37:28,072: Back Left Min: 1.17, Back Right Min: 1.04
[rosout][INFO] 2025-03-27 14:37:28,175: Back Left Min: 1.17, Back Right Min: 1.04
[rosout][INFO] 2025-03-27 14:37:28,272: Back Left Min: 1.17, Back Right Min: 1.04
[rosout][INFO] 2025-03-27 14:37:28,375: Back Left Min: 1.17, Back Right Min: 1.06
[rosout][INFO] 2025-03-27 14:37:28,472: Back Left Min: 1.17, Back Right Min: 1.06
[rosout][INFO] 2025-03-27 14:37:28,575: Back Left Min: 1.17, Back Right Min: 1.04
[rosout][INFO] 2025-03-27 14:37:28,672: Back Left Min: 1.17, Back Right Min: 1.04
[rosout][INFO] 2025-03-27 14:37:28,775: Back Left Min: 1.17, Back Right Min: 1.04
[rosout][INFO] 2025-03-27 14:37:28,872: Back Left Min: 1.17, Back Right Min: 1.05
[rosout][INFO] 2025-03-27 14:37:28,975: Back Left Min: 1.17, Back Right Min: 1.05
[rosout][INFO] 2025-03-27 14:37:29,072: Back Left Min: 1.17, Back Right Min: 1.05
[rosout][INFO] 2025-03-27 14:37:29,175: Back Left Min: 1.17, Back Right Min: 1.03
[rosout][INFO] 2025-03-27 14:37:29,272: Back Left Min: 1.17, Back Right Min: 1.03
[rosout][INFO] 2025-03-27 14:37:29,376: Back Left Min: 1.17, Back Right Min: 1.03
[rosout][INFO] 2025-03-27 14:37:29,472: Back Left Min: 1.17, Back Right Min: 1.03
[rosout][INFO] 2025-03-27 14:37:29,575: Back Left Min: 1.17, Back Right Min: 1.03
[rosout][INFO] 2025-03-27 14:37:29,672: Back Left Min: 1.17, Back Right Min: 1.03
[rosout][INFO] 2025-03-27 14:37:29,775: Back Left Min: 1.17, Back Right Min: 1.03
[rosout][INFO] 2025-03-27 14:37:29,872: Back Left Min: 1.17, Back Right Min: 1.03
[rosout][INFO] 2025-03-27 14:37:29,976: Back Left Min: 1.17, Back Right Min: 1.03
[rosout][INFO] 2025-03-27 14:37:30,072: Back Left Min: 1.17, Back Right Min: 1.03
[rosout][INFO] 2025-03-27 14:37:30,176: Back Left Min: 1.17, Back Right Min: 1.03
[rosout][INFO] 2025-03-27 14:37:30,272: Back Left Min: 1.17, Back Right Min: 1.03
[rosout][INFO] 2025-03-27 14:37:30,376: Back Left Min: 1.17, Back Right Min: 1.03
[rosout][INFO] 2025-03-27 14:37:30,472: Back Left Min: 1.17, Back Right Min: 1.03
[rosout][INFO] 2025-03-27 14:37:30,576: Back Left Min: 1.17, Back Right Min: 1.03
[rosout][INFO] 2025-03-27 14:37:30,673: Back Left Min: 1.17, Back Right Min: 1.03
[rosout][INFO] 2025-03-27 14:37:30,776: Back Left Min: 1.17, Back Right Min: 1.03
[rosout][INFO] 2025-03-27 14:37:30,873: Back Left Min: 1.17, Back Right Min: 1.03
[rosout][INFO] 2025-03-27 14:37:30,976: Back Left Min: 1.17, Back Right Min: 1.03
[rosout][INFO] 2025-03-27 14:37:31,073: Back Left Min: 1.17, Back Right Min: 1.03
[rosout][INFO] 2025-03-27 14:37:31,176: Back Left Min: 1.17, Back Right Min: 1.03
[rosout][INFO] 2025-03-27 14:37:31,273: Back Left Min: 1.17, Back Right Min: 1.03
[rosout][INFO] 2025-03-27 14:37:31,376: Back Left Min: 1.17, Back Right Min: 1.03
[rosout][INFO] 2025-03-27 14:37:31,473: Back Left Min: 1.17, Back Right Min: 1.03
[rosout][INFO] 2025-03-27 14:37:31,576: Back Left Min: 1.17, Back Right Min: 1.03
[rosout][INFO] 2025-03-27 14:37:31,673: Back Left Min: 1.17, Back Right Min: 1.04
[rosout][INFO] 2025-03-27 14:37:31,777: Back Left Min: 1.17, Back Right Min: 1.04
[rosout][INFO] 2025-03-27 14:37:31,873: Back Left Min: 1.17, Back Right Min: 1.04
[rosout][INFO] 2025-03-27 14:37:31,976: Back Left Min: 1.17, Back Right Min: 1.03
[rosout][INFO] 2025-03-27 14:37:32,073: Back Left Min: 1.17, Back Right Min: 1.03
[rosout][INFO] 2025-03-27 14:37:32,176: Back Left Min: 1.17, Back Right Min: 1.03
[rosout][INFO] 2025-03-27 14:37:32,273: Back Left Min: 1.17, Back Right Min: 1.03
[rosout][INFO] 2025-03-27 14:37:32,377: Back Left Min: 1.17, Back Right Min: 1.03
[rosout][INFO] 2025-03-27 14:37:32,473: Back Left Min: 1.17, Back Right Min: 1.03
[rosout][INFO] 2025-03-27 14:37:32,577: Back Left Min: 1.17, Back Right Min: 1.03
[rosout][INFO] 2025-03-27 14:37:32,674: Back Left Min: 1.17, Back Right Min: 1.03
[rosout][INFO] 2025-03-27 14:37:32,777: Back Left Min: 1.17, Back Right Min: 1.03
[rosout][INFO] 2025-03-27 14:37:32,874: Back Left Min: 1.17, Back Right Min: 1.03
[rosout][INFO] 2025-03-27 14:37:32,977: Back Left Min: 1.17, Back Right Min: 1.03
[rosout][INFO] 2025-03-27 14:37:33,074: Back Left Min: 1.17, Back Right Min: 1.03
[rosout][INFO] 2025-03-27 14:37:33,177: Back Left Min: 1.17, Back Right Min: 1.03
[rosout][INFO] 2025-03-27 14:37:33,274: Back Left Min: 1.17, Back Right Min: 1.03
[rosout][INFO] 2025-03-27 14:37:33,377: Back Left Min: 1.17, Back Right Min: 1.04
[rosout][INFO] 2025-03-27 14:37:33,474: Back Left Min: 1.17, Back Right Min: 1.04
[rosout][INFO] 2025-03-27 14:37:33,577: Back Left Min: 1.17, Back Right Min: 1.04
[rosout][INFO] 2025-03-27 14:37:33,674: Back Left Min: 1.17, Back Right Min: 1.04
[rosout][INFO] 2025-03-27 14:37:33,777: Back Left Min: 1.17, Back Right Min: 1.04
[rosout][INFO] 2025-03-27 14:37:33,874: Back Left Min: 1.17, Back Right Min: 1.04
[rosout][INFO] 2025-03-27 14:37:33,977: Back Left Min: 1.17, Back Right Min: 1.03
[rosout][INFO] 2025-03-27 14:37:34,074: Back Left Min: 1.17, Back Right Min: 1.03
[rosout][INFO] 2025-03-27 14:37:34,177: Back Left Min: 1.17, Back Right Min: 1.04
[rosout][INFO] 2025-03-27 14:37:34,274: Back Left Min: 1.17, Back Right Min: 1.04
[rosout][INFO] 2025-03-27 14:37:34,377: Back Left Min: 1.17, Back Right Min: 1.04
[rosout][INFO] 2025-03-27 14:37:34,474: Back Left Min: 1.17, Back Right Min: 1.04
[rosout][INFO] 2025-03-27 14:37:34,578: Back Left Min: 1.17, Back Right Min: 1.04
[rosout][INFO] 2025-03-27 14:37:34,674: Back Left Min: 1.17, Back Right Min: 1.04
[rosout][INFO] 2025-03-27 14:37:34,778: Back Left Min: 1.17, Back Right Min: 1.04
[rosout][INFO] 2025-03-27 14:37:34,874: Back Left Min: 1.17, Back Right Min: 1.04
[rosout][INFO] 2025-03-27 14:37:34,978: Back Left Min: 1.17, Back Right Min: 1.04
[rosout][INFO] 2025-03-27 14:37:35,074: Back Left Min: 1.17, Back Right Min: 1.03
[rosout][INFO] 2025-03-27 14:37:35,178: Back Left Min: 1.17, Back Right Min: 1.03
[rosout][INFO] 2025-03-27 14:37:35,275: Back Left Min: 1.17, Back Right Min: 1.03
[rosout][INFO] 2025-03-27 14:37:35,378: Back Left Min: 1.17, Back Right Min: 1.04
[rosout][INFO] 2025-03-27 14:37:35,475: Back Left Min: 1.17, Back Right Min: 1.04
[rosout][INFO] 2025-03-27 14:37:35,578: Back Left Min: 1.17, Back Right Min: 1.04
[rosout][INFO] 2025-03-27 14:37:35,675: Back Left Min: 1.17, Back Right Min: 1.04
[rosout][INFO] 2025-03-27 14:37:35,778: Back Left Min: 1.17, Back Right Min: 1.04
[rosout][INFO] 2025-03-27 14:37:35,875: Back Left Min: 1.17, Back Right Min: 1.04
[rosout][INFO] 2025-03-27 14:37:35,978: Back Left Min: 1.17, Back Right Min: 1.04
[rosout][INFO] 2025-03-27 14:37:36,075: Back Left Min: 1.17, Back Right Min: 1.04
[rosout][INFO] 2025-03-27 14:37:36,178: Back Left Min: 1.17, Back Right Min: 1.04
[rosout][INFO] 2025-03-27 14:37:36,275: Back Left Min: 1.17, Back Right Min: 1.04
[rosout][INFO] 2025-03-27 14:37:36,378: Back Left Min: 1.17, Back Right Min: 1.04
[rosout][INFO] 2025-03-27 14:37:36,475: Back Left Min: 1.17, Back Right Min: 1.04
[rosout][INFO] 2025-03-27 14:37:36,578: Back Left Min: 1.17, Back Right Min: 1.04
[rosout][INFO] 2025-03-27 14:37:36,675: Back Left Min: 1.17, Back Right Min: 1.04
[rosout][INFO] 2025-03-27 14:37:36,777: Back Left Min: 1.17, Back Right Min: 1.03
[rosout][INFO] 2025-03-27 14:37:36,874: Back Left Min: 1.17, Back Right Min: 1.03
[rosout][INFO] 2025-03-27 14:37:36,979: Back Left Min: 1.17, Back Right Min: 1.04
[rosout][INFO] 2025-03-27 14:37:37,075: Back Left Min: 1.17, Back Right Min: 1.04
[rosout][INFO] 2025-03-27 14:37:37,178: Back Left Min: 1.17, Back Right Min: 1.04
[rosout][INFO] 2025-03-27 14:37:37,275: Back Left Min: 1.17, Back Right Min: 1.04
[rosout][INFO] 2025-03-27 14:37:37,379: Back Left Min: 1.17, Back Right Min: 1.04
[rosout][INFO] 2025-03-27 14:37:37,475: Back Left Min: 1.17, Back Right Min: 1.04
[rosout][INFO] 2025-03-27 14:37:37,579: Back Left Min: 1.17, Back Right Min: 1.04
[rosout][INFO] 2025-03-27 14:37:37,676: Back Left Min: 1.17, Back Right Min: 1.04
[rosout][INFO] 2025-03-27 14:37:37,779: Back Left Min: 1.17, Back Right Min: 1.04
[rosout][INFO] 2025-03-27 14:37:37,876: Back Left Min: 1.17, Back Right Min: 1.04
[rosout][INFO] 2025-03-27 14:37:37,979: Back Left Min: 1.17, Back Right Min: 1.04
[rosout][INFO] 2025-03-27 14:37:38,075: Back Left Min: 1.17, Back Right Min: 1.04
[rosout][INFO] 2025-03-27 14:37:38,178: Back Left Min: 1.17, Back Right Min: 1.04
[rosout][INFO] 2025-03-27 14:37:38,276: Back Left Min: 1.17, Back Right Min: 1.04
[rospy.internal][INFO] 2025-03-27 14:37:38,344: topic[/sonar_min] adding connection to [/rostopic_5617_1743061058156], count 0
[rosout][INFO] 2025-03-27 14:37:38,379: Back Left Min: 1.17, Back Right Min: 0.98
[rosout][INFO] 2025-03-27 14:37:38,476: Back Left Min: 1.17, Back Right Min: 0.98
[rosout][INFO] 2025-03-27 14:37:38,579: Back Left Min: 1.17, Back Right Min: 0.98
[rosout][INFO] 2025-03-27 14:37:38,676: Back Left Min: 1.17, Back Right Min: 1.04
[rosout][INFO] 2025-03-27 14:37:38,779: Back Left Min: 1.17, Back Right Min: 1.04
[rosout][INFO] 2025-03-27 14:37:38,876: Back Left Min: 1.17, Back Right Min: 1.04
[rosout][INFO] 2025-03-27 14:37:38,980: Back Left Min: 1.17, Back Right Min: 1.35
[rosout][INFO] 2025-03-27 14:37:39,076: Back Left Min: 1.17, Back Right Min: 1.35
[rosout][INFO] 2025-03-27 14:37:39,179: Back Left Min: 1.17, Back Right Min: 1.35
[rosout][INFO] 2025-03-27 14:37:39,276: Back Left Min: 1.17, Back Right Min: 1.35
[rosout][INFO] 2025-03-27 14:37:39,380: Back Left Min: 1.17, Back Right Min: 1.35
[rosout][INFO] 2025-03-27 14:37:39,476: Back Left Min: 1.17, Back Right Min: 1.35
[rosout][INFO] 2025-03-27 14:37:39,580: Back Left Min: 1.17, Back Right Min: 1.35
[rosout][INFO] 2025-03-27 14:37:39,677: Back Left Min: 1.17, Back Right Min: 1.35
[rosout][INFO] 2025-03-27 14:37:39,780: Back Left Min: 1.17, Back Right Min: 1.04
[rosout][INFO] 2025-03-27 14:37:39,877: Back Left Min: 1.17, Back Right Min: 1.04
[rosout][INFO] 2025-03-27 14:37:39,980: Back Left Min: 1.17, Back Right Min: 1.04
[rosout][INFO] 2025-03-27 14:37:40,077: Back Left Min: 1.17, Back Right Min: 1.04
[rosout][INFO] 2025-03-27 14:37:40,180: Back Left Min: 1.17, Back Right Min: 1.04
[rosout][INFO] 2025-03-27 14:37:40,277: Back Left Min: 1.17, Back Right Min: 1.04
[rosout][INFO] 2025-03-27 14:37:40,380: Back Left Min: 1.17, Back Right Min: 1.05
[rosout][INFO] 2025-03-27 14:37:40,476: Back Left Min: 1.17, Back Right Min: 1.05
[rosout][INFO] 2025-03-27 14:37:40,580: Back Left Min: 1.17, Back Right Min: 1.05
[rosout][INFO] 2025-03-27 14:37:40,677: Back Left Min: 1.17, Back Right Min: 1.08
[rosout][INFO] 2025-03-27 14:37:40,780: Back Left Min: 1.17, Back Right Min: 1.08
[rosout][INFO] 2025-03-27 14:37:40,877: Back Left Min: 1.17, Back Right Min: 1.08
[rosout][INFO] 2025-03-27 14:37:40,980: Back Left Min: 1.17, Back Right Min: 1.05
[rosout][INFO] 2025-03-27 14:37:41,077: Back Left Min: 1.17, Back Right Min: 1.05
[rosout][INFO] 2025-03-27 14:37:41,181: Back Left Min: 1.17, Back Right Min: 1.06
[rosout][INFO] 2025-03-27 14:37:41,277: Back Left Min: 1.17, Back Right Min: 1.06
[rosout][INFO] 2025-03-27 14:37:41,380: Back Left Min: 1.17, Back Right Min: 1.06
[rosout][INFO] 2025-03-27 14:37:41,477: Back Left Min: 1.17, Back Right Min: 1.07
[rosout][INFO] 2025-03-27 14:37:41,581: Back Left Min: 1.17, Back Right Min: 1.07
[rosout][INFO] 2025-03-27 14:37:41,677: Back Left Min: 1.17, Back Right Min: 1.07
[rosout][INFO] 2025-03-27 14:37:41,781: Back Left Min: 1.17, Back Right Min: 1.07
[rosout][INFO] 2025-03-27 14:37:41,877: Back Left Min: 1.17, Back Right Min: 1.07
[rosout][INFO] 2025-03-27 14:37:41,981: Back Left Min: 1.17, Back Right Min: 1.07
[rosout][INFO] 2025-03-27 14:37:42,078: Back Left Min: 1.17, Back Right Min: 1.06
[rosout][INFO] 2025-03-27 14:37:42,181: Back Left Min: 1.17, Back Right Min: 1.06
[rosout][INFO] 2025-03-27 14:37:42,278: Back Left Min: 1.17, Back Right Min: 1.06
[rosout][INFO] 2025-03-27 14:37:42,381: Back Left Min: 1.17, Back Right Min: 1.06
[rosout][INFO] 2025-03-27 14:37:42,478: Back Left Min: 1.17, Back Right Min: 1.06
[rosout][INFO] 2025-03-27 14:37:42,581: Back Left Min: 1.17, Back Right Min: 1.04
[rosout][INFO] 2025-03-27 14:37:42,678: Back Left Min: 1.17, Back Right Min: 1.04
[rosout][INFO] 2025-03-27 14:37:42,781: Back Left Min: 1.17, Back Right Min: 1.04
[rosout][INFO] 2025-03-27 14:37:42,878: Back Left Min: 1.17, Back Right Min: 1.06
[rosout][INFO] 2025-03-27 14:37:42,981: Back Left Min: 1.17, Back Right Min: 1.06
[rosout][INFO] 2025-03-27 14:37:43,078: Back Left Min: 1.17, Back Right Min: 1.06
[rosout][INFO] 2025-03-27 14:37:43,181: Back Left Min: 1.17, Back Right Min: 1.06
[rosout][INFO] 2025-03-27 14:37:43,278: Back Left Min: 1.17, Back Right Min: 1.06
[rosout][INFO] 2025-03-27 14:37:43,381: Back Left Min: 1.17, Back Right Min: 1.06
[rosout][INFO] 2025-03-27 14:37:43,478: Back Left Min: 1.17, Back Right Min: 1.06
[rosout][INFO] 2025-03-27 14:37:43,581: Back Left Min: 1.17, Back Right Min: 1.06
[rosout][INFO] 2025-03-27 14:37:43,678: Back Left Min: 1.17, Back Right Min: 1.06
[rosout][INFO] 2025-03-27 14:37:43,781: Back Left Min: 1.17, Back Right Min: 1.05
[rosout][INFO] 2025-03-27 14:37:43,878: Back Left Min: 1.17, Back Right Min: 1.05
[rosout][INFO] 2025-03-27 14:37:43,981: Back Left Min: 1.17, Back Right Min: 1.06
[rosout][INFO] 2025-03-27 14:37:44,078: Back Left Min: 1.17, Back Right Min: 1.06
[rosout][INFO] 2025-03-27 14:37:44,182: Back Left Min: 1.17, Back Right Min: 1.06
[rosout][INFO] 2025-03-27 14:37:44,278: Back Left Min: 1.17, Back Right Min: 1.06
[rosout][INFO] 2025-03-27 14:37:44,382: Back Left Min: 1.17, Back Right Min: 1.06
[rosout][INFO] 2025-03-27 14:37:44,479: Back Left Min: 1.17, Back Right Min: 1.06
[rosout][INFO] 2025-03-27 14:37:44,582: Back Left Min: 1.17, Back Right Min: 1.05
[rosout][INFO] 2025-03-27 14:37:44,679: Back Left Min: 1.17, Back Right Min: 1.05
[rosout][INFO] 2025-03-27 14:37:44,782: Back Left Min: 1.17, Back Right Min: 1.05
[rosout][INFO] 2025-03-27 14:37:44,879: Back Left Min: 1.17, Back Right Min: 1.05
[rosout][INFO] 2025-03-27 14:37:44,982: Back Left Min: 1.17, Back Right Min: 1.05
[rosout][INFO] 2025-03-27 14:37:45,079: Back Left Min: 1.17, Back Right Min: 1.05
[rosout][INFO] 2025-03-27 14:37:45,182: Back Left Min: 1.17, Back Right Min: 1.06
[rosout][INFO] 2025-03-27 14:37:45,279: Back Left Min: 1.17, Back Right Min: 1.06
[rosout][INFO] 2025-03-27 14:37:45,382: Back Left Min: 1.17, Back Right Min: 1.06
[rosout][INFO] 2025-03-27 14:37:45,479: Back Left Min: 1.17, Back Right Min: 1.06
[rosout][INFO] 2025-03-27 14:37:45,582: Back Left Min: 1.17, Back Right Min: 1.06
[rosout][INFO] 2025-03-27 14:37:45,679: Back Left Min: 1.17, Back Right Min: 1.06
[rosout][INFO] 2025-03-27 14:37:45,782: Back Left Min: 1.17, Back Right Min: 1.06
[rosout][INFO] 2025-03-27 14:37:45,879: Back Left Min: 1.17, Back Right Min: 1.06
[rosout][INFO] 2025-03-27 14:37:45,982: Back Left Min: 1.17, Back Right Min: 1.24
[rosout][INFO] 2025-03-27 14:37:46,079: Back Left Min: 1.17, Back Right Min: 1.24
[rosout][INFO] 2025-03-27 14:37:46,182: Back Left Min: 1.17, Back Right Min: 1.33
[rosout][INFO] 2025-03-27 14:37:46,279: Back Left Min: 1.17, Back Right Min: 1.33
[rosout][INFO] 2025-03-27 14:37:46,382: Back Left Min: 1.17, Back Right Min: 1.33
[rosout][INFO] 2025-03-27 14:37:46,479: Back Left Min: 1.17, Back Right Min: 1.22
[rosout][INFO] 2025-03-27 14:37:46,583: Back Left Min: 1.17, Back Right Min: 1.22
[rosout][INFO] 2025-03-27 14:37:46,679: Back Left Min: 1.17, Back Right Min: 1.22
[rosout][INFO] 2025-03-27 14:37:46,783: Back Left Min: 1.17, Back Right Min: 1.23
[rosout][INFO] 2025-03-27 14:37:46,879: Back Left Min: 1.17, Back Right Min: 1.23
[rosout][INFO] 2025-03-27 14:37:46,983: Back Left Min: 1.17, Back Right Min: 1.23
[rosout][INFO] 2025-03-27 14:37:47,080: Back Left Min: 1.17, Back Right Min: 1.21
[rosout][INFO] 2025-03-27 14:37:47,183: Back Left Min: 1.17, Back Right Min: 1.21
[rosout][INFO] 2025-03-27 14:37:47,280: Back Left Min: 1.17, Back Right Min: 1.21
[rosout][INFO] 2025-03-27 14:37:47,383: Back Left Min: 1.17, Back Right Min: 1.26
[rosout][INFO] 2025-03-27 14:37:47,480: Back Left Min: 1.17, Back Right Min: 1.26
[rosout][INFO] 2025-03-27 14:37:47,583: Back Left Min: 1.17, Back Right Min: 1.21
[rosout][INFO] 2025-03-27 14:37:47,680: Back Left Min: 1.17, Back Right Min: 1.21
[rosout][INFO] 2025-03-27 14:37:47,783: Back Left Min: 1.17, Back Right Min: 1.21
[rosout][INFO] 2025-03-27 14:37:47,880: Back Left Min: 1.17, Back Right Min: 1.22
[rosout][INFO] 2025-03-27 14:37:47,983: Back Left Min: 1.17, Back Right Min: 1.22
[rosout][INFO] 2025-03-27 14:37:48,080: Back Left Min: 1.17, Back Right Min: 1.22
[rosout][INFO] 2025-03-27 14:37:48,183: Back Left Min: 1.17, Back Right Min: 1.21
[rosout][INFO] 2025-03-27 14:37:48,280: Back Left Min: 1.17, Back Right Min: 1.21
[rosout][INFO] 2025-03-27 14:37:48,383: Back Left Min: 1.17, Back Right Min: 1.21
[rosout][INFO] 2025-03-27 14:37:48,480: Back Left Min: 1.17, Back Right Min: 1.20
[rosout][INFO] 2025-03-27 14:37:48,583: Back Left Min: 1.17, Back Right Min: 1.20
[rosout][INFO] 2025-03-27 14:37:48,680: Back Left Min: 1.17, Back Right Min: 1.20
[rosout][INFO] 2025-03-27 14:37:48,783: Back Left Min: 1.17, Back Right Min: 1.21
[rosout][INFO] 2025-03-27 14:37:48,880: Back Left Min: 1.17, Back Right Min: 1.21
[rosout][INFO] 2025-03-27 14:37:48,984: Back Left Min: 1.17, Back Right Min: 1.21
[rosout][INFO] 2025-03-27 14:37:49,080: Back Left Min: 1.17, Back Right Min: 1.21
[rosout][INFO] 2025-03-27 14:37:49,184: Back Left Min: 1.17, Back Right Min: 1.21
[rosout][INFO] 2025-03-27 14:37:49,280: Back Left Min: 1.17, Back Right Min: 1.21
[rosout][INFO] 2025-03-27 14:37:49,384: Back Left Min: 1.17, Back Right Min: 1.21
[rosout][INFO] 2025-03-27 14:37:49,481: Back Left Min: 1.17, Back Right Min: 1.21
[rosout][INFO] 2025-03-27 14:37:49,584: Back Left Min: 1.17, Back Right Min: 1.21
[rosout][INFO] 2025-03-27 14:37:49,681: Back Left Min: 1.17, Back Right Min: 1.21
[rosout][INFO] 2025-03-27 14:37:49,784: Back Left Min: 1.17, Back Right Min: 1.21
[rosout][INFO] 2025-03-27 14:37:49,881: Back Left Min: 1.17, Back Right Min: 1.24
[rosout][INFO] 2025-03-27 14:37:49,983: Back Left Min: 1.17, Back Right Min: 1.24
[rosout][INFO] 2025-03-27 14:37:50,081: Back Left Min: 1.17, Back Right Min: 1.24
[rosout][INFO] 2025-03-27 14:37:50,184: Back Left Min: 1.17, Back Right Min: 1.22
[rosout][INFO] 2025-03-27 14:37:50,281: Back Left Min: 1.17, Back Right Min: 1.22
[rosout][INFO] 2025-03-27 14:37:50,384: Back Left Min: 1.17, Back Right Min: 1.20
[rosout][INFO] 2025-03-27 14:37:50,481: Back Left Min: 1.17, Back Right Min: 1.20
[rosout][INFO] 2025-03-27 14:37:50,584: Back Left Min: 1.17, Back Right Min: 1.20
[rosout][INFO] 2025-03-27 14:37:50,681: Back Left Min: 1.17, Back Right Min: 1.23
[rosout][INFO] 2025-03-27 14:37:50,784: Back Left Min: 1.17, Back Right Min: 1.23
[rosout][INFO] 2025-03-27 14:37:50,881: Back Left Min: 1.17, Back Right Min: 1.23
[rosout][INFO] 2025-03-27 14:37:50,984: Back Left Min: 1.17, Back Right Min: 1.24
[rosout][INFO] 2025-03-27 14:37:51,081: Back Left Min: 1.17, Back Right Min: 1.24
[rosout][INFO] 2025-03-27 14:37:51,184: Back Left Min: 1.17, Back Right Min: 1.24
[rosout][INFO] 2025-03-27 14:37:51,281: Back Left Min: 1.17, Back Right Min: 1.23
[rosout][INFO] 2025-03-27 14:37:51,385: Back Left Min: 1.17, Back Right Min: 1.23
[rosout][INFO] 2025-03-27 14:37:51,481: Back Left Min: 1.17, Back Right Min: 1.23
[rosout][INFO] 2025-03-27 14:37:51,585: Back Left Min: 1.17, Back Right Min: 1.23
[rosout][INFO] 2025-03-27 14:37:51,681: Back Left Min: 1.17, Back Right Min: 1.23
[rosout][INFO] 2025-03-27 14:37:51,785: Back Left Min: 1.17, Back Right Min: 1.23
[rosout][INFO] 2025-03-27 14:37:51,882: Back Left Min: 1.17, Back Right Min: 1.23
[rosout][INFO] 2025-03-27 14:37:51,985: Back Left Min: 1.17, Back Right Min: 1.23
[rosout][INFO] 2025-03-27 14:37:52,082: Back Left Min: 1.17, Back Right Min: 1.20
[rosout][INFO] 2025-03-27 14:37:52,185: Back Left Min: 1.17, Back Right Min: 1.20
[rosout][INFO] 2025-03-27 14:37:52,282: Back Left Min: 1.17, Back Right Min: 1.20
[rosout][INFO] 2025-03-27 14:37:52,385: Back Left Min: 1.17, Back Right Min: 1.20
[rosout][INFO] 2025-03-27 14:37:52,482: Back Left Min: 1.17, Back Right Min: 1.20
[rosout][INFO] 2025-03-27 14:37:52,585: Back Left Min: 1.17, Back Right Min: 1.20
[rosout][INFO] 2025-03-27 14:37:52,682: Back Left Min: 1.17, Back Right Min: 1.24
[rosout][INFO] 2025-03-27 14:37:52,785: Back Left Min: 1.17, Back Right Min: 1.24
[rosout][INFO] 2025-03-27 14:37:52,882: Back Left Min: 1.17, Back Right Min: 1.24
[rosout][INFO] 2025-03-27 14:37:52,985: Back Left Min: 1.17, Back Right Min: 1.25
[rosout][INFO] 2025-03-27 14:37:53,082: Back Left Min: 1.17, Back Right Min: 1.25
[rosout][INFO] 2025-03-27 14:37:53,185: Back Left Min: 1.17, Back Right Min: 1.26
[rosout][INFO] 2025-03-27 14:37:53,282: Back Left Min: 1.17, Back Right Min: 1.26
[rosout][INFO] 2025-03-27 14:37:53,385: Back Left Min: 1.17, Back Right Min: 1.26
[rosout][INFO] 2025-03-27 14:37:53,482: Back Left Min: 1.17, Back Right Min: 1.24
[rosout][INFO] 2025-03-27 14:37:53,585: Back Left Min: 1.17, Back Right Min: 1.24
[rosout][INFO] 2025-03-27 14:37:53,682: Back Left Min: 1.17, Back Right Min: 1.24
[rosout][INFO] 2025-03-27 14:37:53,786: Back Left Min: 1.17, Back Right Min: 1.20
[rosout][INFO] 2025-03-27 14:37:53,882: Back Left Min: 1.17, Back Right Min: 1.20
[rosout][INFO] 2025-03-27 14:37:53,986: Back Left Min: 1.17, Back Right Min: 1.20
[rosout][INFO] 2025-03-27 14:37:54,083: Back Left Min: 1.17, Back Right Min: 1.25
[rosout][INFO] 2025-03-27 14:37:54,186: Back Left Min: 1.17, Back Right Min: 1.25
[rosout][INFO] 2025-03-27 14:37:54,283: Back Left Min: 1.17, Back Right Min: 1.25
[rosout][INFO] 2025-03-27 14:37:54,386: Back Left Min: 1.17, Back Right Min: 1.20
[rosout][INFO] 2025-03-27 14:37:54,483: Back Left Min: 1.17, Back Right Min: 1.20
[rosout][INFO] 2025-03-27 14:37:54,586: Back Left Min: 1.17, Back Right Min: 1.20
[rosout][INFO] 2025-03-27 14:37:54,683: Back Left Min: 1.17, Back Right Min: 1.20
[rosout][INFO] 2025-03-27 14:37:54,786: Back Left Min: 1.17, Back Right Min: 1.20
[rosout][INFO] 2025-03-27 14:37:54,883: Back Left Min: 1.17, Back Right Min: 1.20
[rosout][INFO] 2025-03-27 14:37:54,986: Back Left Min: 1.17, Back Right Min: 1.20
[rosout][INFO] 2025-03-27 14:37:55,083: Back Left Min: 1.17, Back Right Min: 1.20
[rosout][INFO] 2025-03-27 14:37:55,186: Back Left Min: 1.17, Back Right Min: 0.93
[rosout][INFO] 2025-03-27 14:37:55,283: Back Left Min: 1.17, Back Right Min: 0.93
[rosout][INFO] 2025-03-27 14:37:55,386: Back Left Min: 1.17, Back Right Min: 0.93
[rosout][INFO] 2025-03-27 14:37:55,483: Back Left Min: 1.17, Back Right Min: 1.19
[rosout][INFO] 2025-03-27 14:37:55,586: Back Left Min: 1.17, Back Right Min: 1.19
[rosout][INFO] 2025-03-27 14:37:55,683: Back Left Min: 1.17, Back Right Min: 1.17
[rosout][INFO] 2025-03-27 14:37:55,786: Back Left Min: 1.17, Back Right Min: 1.05
[rosout][INFO] 2025-03-27 14:37:55,883: Back Left Min: 1.17, Back Right Min: 1.05
[rospy.internal][INFO] 2025-03-27 14:37:55,885: topic[/sonar_min] removing connection to /rostopic_5617_1743061058156
[rosout][WARNING] 2025-03-27 14:37:55,917: Inbound TCP/IP connection failed: connection from sender terminated before handshake header received. 0 bytes were received. Please check sender for additional details.
[rospy.internal][ERROR] 2025-03-27 14:37:55,932: Inbound TCP/IP connection failed:
Traceback (most recent call last):
  File "/opt/ros/kinetic/lib/python2.7/dist-packages/rospy/impl/tcpros_base.py", line 322, in _tcp_server_callback
    header = read_ros_handshake_header(sock, StringIO(), buff_size)
  File "/opt/ros/kinetic/lib/python2.7/dist-packages/rosgraph/network.py", line 364, in read_ros_handshake_header
    raise ROSHandshakeException("connection from sender terminated before handshake header received. %s bytes were received. Please check sender for additional details."%b.tell())
ROSHandshakeException: connection from sender terminated before handshake header received. 0 bytes were received. Please check sender for additional details.

[rosout][INFO] 2025-03-27 14:37:55,986: Back Left Min: 1.17, Back Right Min: 1.05
[rosout][INFO] 2025-03-27 14:37:56,083: Back Left Min: 1.17, Back Right Min: 1.16
[rosout][INFO] 2025-03-27 14:37:56,186: Back Left Min: 1.17, Back Right Min: 1.16
[rosout][INFO] 2025-03-27 14:37:56,283: Back Left Min: 1.17, Back Right Min: 1.17
[rosout][INFO] 2025-03-27 14:37:56,386: Back Left Min: 1.17, Back Right Min: 1.17
[rosout][INFO] 2025-03-27 14:37:56,483: Back Left Min: 1.17, Back Right Min: 1.17
[rosout][INFO] 2025-03-27 14:37:56,586: Back Left Min: 1.17, Back Right Min: 1.16
[rosout][INFO] 2025-03-27 14:37:56,683: Back Left Min: 1.17, Back Right Min: 1.16
[rosout][INFO] 2025-03-27 14:37:56,787: Back Left Min: 1.17, Back Right Min: 1.17
[rosout][INFO] 2025-03-27 14:37:56,883: Back Left Min: 1.17, Back Right Min: 1.17
[rosout][INFO] 2025-03-27 14:37:56,987: Back Left Min: 1.17, Back Right Min: 1.17
[rosout][INFO] 2025-03-27 14:37:57,083: Back Left Min: 1.17, Back Right Min: 1.17
[rosout][INFO] 2025-03-27 14:37:57,187: Back Left Min: 1.17, Back Right Min: 1.14
[rosout][INFO] 2025-03-27 14:37:57,284: Back Left Min: 1.17, Back Right Min: 1.14
[rosout][INFO] 2025-03-27 14:37:57,387: Back Left Min: 1.17, Back Right Min: 1.17
[rosout][INFO] 2025-03-27 14:37:57,484: Back Left Min: 1.17, Back Right Min: 1.17
[rosout][INFO] 2025-03-27 14:37:57,587: Back Left Min: 1.17, Back Right Min: 1.17
[rosout][INFO] 2025-03-27 14:37:57,684: Back Left Min: 1.17, Back Right Min: 1.17
[rosout][INFO] 2025-03-27 14:37:57,787: Back Left Min: 1.17, Back Right Min: 1.17
[rosout][INFO] 2025-03-27 14:37:57,884: Back Left Min: 1.17, Back Right Min: 1.17
[rosout][INFO] 2025-03-27 14:37:57,987: Back Left Min: 1.17, Back Right Min: 1.16
[rosout][INFO] 2025-03-27 14:37:58,084: Back Left Min: 1.17, Back Right Min: 1.16
[rosout][INFO] 2025-03-27 14:37:58,187: Back Left Min: 1.17, Back Right Min: 1.17
[rosout][INFO] 2025-03-27 14:37:58,284: Back Left Min: 1.17, Back Right Min: 1.08
[rosout][INFO] 2025-03-27 14:37:58,387: Back Left Min: 1.17, Back Right Min: 1.08
[rosout][INFO] 2025-03-27 14:37:58,484: Back Left Min: 1.17, Back Right Min: 1.08
[rosout][INFO] 2025-03-27 14:37:58,587: Back Left Min: 1.17, Back Right Min: 0.95
[rosout][INFO] 2025-03-27 14:37:58,684: Back Left Min: 1.17, Back Right Min: 0.95
[rosout][INFO] 2025-03-27 14:37:58,787: Back Left Min: 1.17, Back Right Min: 0.97
[rosout][INFO] 2025-03-27 14:37:58,884: Back Left Min: 1.17, Back Right Min: 0.97
[rosout][INFO] 2025-03-27 14:37:58,987: Back Left Min: 1.17, Back Right Min: 0.97
[rosout][INFO] 2025-03-27 14:37:59,084: Back Left Min: 1.17, Back Right Min: 1.32
[rosout][INFO] 2025-03-27 14:37:59,187: Back Left Min: 1.17, Back Right Min: 1.32
[rosout][INFO] 2025-03-27 14:37:59,284: Back Left Min: 1.17, Back Right Min: 1.32
[rosout][INFO] 2025-03-27 14:37:59,388: Back Left Min: 1.17, Back Right Min: 1.28
[rosout][INFO] 2025-03-27 14:37:59,484: Back Left Min: 1.17, Back Right Min: 1.28
[rosout][INFO] 2025-03-27 14:37:59,588: Back Left Min: 1.17, Back Right Min: 1.28
[rosout][INFO] 2025-03-27 14:37:59,685: Back Left Min: 1.17, Back Right Min: 1.28
[rosout][INFO] 2025-03-27 14:37:59,788: Back Left Min: 1.17, Back Right Min: 1.28
[rosout][INFO] 2025-03-27 14:37:59,884: Back Left Min: 1.17, Back Right Min: 1.28
[rosout][INFO] 2025-03-27 14:37:59,988: Back Left Min: 1.17, Back Right Min: 1.27
[rosout][INFO] 2025-03-27 14:38:00,085: Back Left Min: 1.17, Back Right Min: 1.27
[rosout][INFO] 2025-03-27 14:38:00,188: Back Left Min: 1.17, Back Right Min: 1.28
[rosout][INFO] 2025-03-27 14:38:00,285: Back Left Min: 1.17, Back Right Min: 1.28
[rosout][INFO] 2025-03-27 14:38:00,388: Back Left Min: 1.17, Back Right Min: 1.28
[rosout][INFO] 2025-03-27 14:38:00,485: Back Left Min: 1.17, Back Right Min: 1.27
[rosout][INFO] 2025-03-27 14:38:00,588: Back Left Min: 1.17, Back Right Min: 1.27
[rosout][INFO] 2025-03-27 14:38:00,685: Back Left Min: 1.17, Back Right Min: 1.27
[rosout][INFO] 2025-03-27 14:38:00,788: Back Left Min: 1.17, Back Right Min: 1.28
[rosout][INFO] 2025-03-27 14:38:00,885: Back Left Min: 1.17, Back Right Min: 1.28
[rosout][INFO] 2025-03-27 14:38:00,988: Back Left Min: 1.17, Back Right Min: 1.28
[rosout][INFO] 2025-03-27 14:38:01,085: Back Left Min: 1.17, Back Right Min: 1.29
[rosout][INFO] 2025-03-27 14:38:01,188: Back Left Min: 1.17, Back Right Min: 1.29
[rosout][INFO] 2025-03-27 14:38:01,285: Back Left Min: 1.17, Back Right Min: 1.29
[rosout][INFO] 2025-03-27 14:38:01,388: Back Left Min: 1.17, Back Right Min: 1.29
[rosout][INFO] 2025-03-27 14:38:01,485: Back Left Min: 1.17, Back Right Min: 1.29
[rosout][INFO] 2025-03-27 14:38:01,588: Back Left Min: 1.17, Back Right Min: 1.28
[rosout][INFO] 2025-03-27 14:38:01,685: Back Left Min: 1.17, Back Right Min: 1.28
[rosout][INFO] 2025-03-27 14:38:01,789: Back Left Min: 1.17, Back Right Min: 1.28
[rosout][INFO] 2025-03-27 14:38:01,885: Back Left Min: 1.17, Back Right Min: 1.27
[rosout][INFO] 2025-03-27 14:38:01,989: Back Left Min: 1.17, Back Right Min: 1.27
[rosout][INFO] 2025-03-27 14:38:02,086: Back Left Min: 1.17, Back Right Min: 1.27
[rosout][INFO] 2025-03-27 14:38:02,189: Back Left Min: 1.17, Back Right Min: 1.06
[rosout][INFO] 2025-03-27 14:38:02,286: Back Left Min: 1.17, Back Right Min: 1.06
[rosout][INFO] 2025-03-27 14:38:02,389: Back Left Min: 1.17, Back Right Min: 1.24
[rosout][INFO] 2025-03-27 14:38:02,486: Back Left Min: 1.17, Back Right Min: 1.29
[rosout][INFO] 2025-03-27 14:38:02,589: Back Left Min: 1.17, Back Right Min: 1.29
[rosout][INFO] 2025-03-27 14:38:02,686: Back Left Min: 1.17, Back Right Min: 1.29
[rosout][INFO] 2025-03-27 14:38:02,789: Back Left Min: 1.17, Back Right Min: 1.27
[rosout][INFO] 2025-03-27 14:38:02,886: Back Left Min: 1.17, Back Right Min: 1.27
[rosout][INFO] 2025-03-27 14:38:02,989: Back Left Min: 1.17, Back Right Min: 1.26
[rosout][INFO] 2025-03-27 14:38:03,086: Back Left Min: 1.17, Back Right Min: 1.26
[rosout][INFO] 2025-03-27 14:38:03,189: Back Left Min: 1.17, Back Right Min: 1.26
[rosout][INFO] 2025-03-27 14:38:03,286: Back Left Min: 1.17, Back Right Min: 1.07
[rosout][INFO] 2025-03-27 14:38:03,389: Back Left Min: 1.17, Back Right Min: 1.07
[rosout][INFO] 2025-03-27 14:38:03,486: Back Left Min: 1.17, Back Right Min: 1.07
[rosout][INFO] 2025-03-27 14:38:03,589: Back Left Min: 1.17, Back Right Min: 1.24
[rosout][INFO] 2025-03-27 14:38:03,686: Back Left Min: 1.17, Back Right Min: 1.24
[rosout][INFO] 2025-03-27 14:38:03,789: Back Left Min: 1.17, Back Right Min: 1.05
[rosout][INFO] 2025-03-27 14:38:03,886: Back Left Min: 1.17, Back Right Min: 1.05
[rosout][INFO] 2025-03-27 14:38:03,989: Back Left Min: 1.17, Back Right Min: 1.05
[rosout][INFO] 2025-03-27 14:38:04,086: Back Left Min: 1.17, Back Right Min: 1.26
[rosout][INFO] 2025-03-27 14:38:04,190: Back Left Min: 1.17, Back Right Min: 1.26
[rosout][INFO] 2025-03-27 14:38:04,286: Back Left Min: 1.17, Back Right Min: 1.26
[rosout][INFO] 2025-03-27 14:38:04,390: Back Left Min: 1.17, Back Right Min: 1.33
[rosout][INFO] 2025-03-27 14:38:04,487: Back Left Min: 1.17, Back Right Min: 1.00
[rosout][INFO] 2025-03-27 14:38:04,590: Back Left Min: 1.17, Back Right Min: 1.00
[rosout][INFO] 2025-03-27 14:38:04,687: Back Left Min: 1.17, Back Right Min: 1.00
[rosout][INFO] 2025-03-27 14:38:04,790: Back Left Min: 1.17, Back Right Min: 1.02
[rosout][INFO] 2025-03-27 14:38:04,887: Back Left Min: 1.17, Back Right Min: 1.02
[rosout][INFO] 2025-03-27 14:38:04,990: Back Left Min: 1.17, Back Right Min: 0.99
[rosout][INFO] 2025-03-27 14:38:05,087: Back Left Min: 1.17, Back Right Min: 0.99
[rosout][INFO] 2025-03-27 14:38:05,190: Back Left Min: 1.17, Back Right Min: 0.99
[rosout][INFO] 2025-03-27 14:38:05,287: Back Left Min: 1.17, Back Right Min: 1.01
[rosout][INFO] 2025-03-27 14:38:05,390: Back Left Min: 1.17, Back Right Min: 1.01
[rosout][INFO] 2025-03-27 14:38:05,487: Back Left Min: 1.17, Back Right Min: 1.01
[rosout][INFO] 2025-03-27 14:38:05,590: Back Left Min: 1.17, Back Right Min: 1.02
[rosout][INFO] 2025-03-27 14:38:05,687: Back Left Min: 1.17, Back Right Min: 1.02
[rosout][INFO] 2025-03-27 14:38:05,790: Back Left Min: 1.17, Back Right Min: 1.02
[rosout][INFO] 2025-03-27 14:38:05,887: Back Left Min: 1.17, Back Right Min: 1.00
[rosout][INFO] 2025-03-27 14:38:05,990: Back Left Min: 1.17, Back Right Min: 1.00
[rosout][INFO] 2025-03-27 14:38:06,087: Back Left Min: 1.17, Back Right Min: 0.99
[rosout][INFO] 2025-03-27 14:38:06,190: Back Left Min: 1.17, Back Right Min: 0.99
[rosout][INFO] 2025-03-27 14:38:06,287: Back Left Min: 1.17, Back Right Min: 0.99
[rosout][INFO] 2025-03-27 14:38:06,390: Back Left Min: 1.17, Back Right Min: 1.01
[rosout][INFO] 2025-03-27 14:38:06,487: Back Left Min: 1.17, Back Right Min: 1.01
[rosout][INFO] 2025-03-27 14:38:06,591: Back Left Min: 1.17, Back Right Min: 1.01
[rosout][INFO] 2025-03-27 14:38:06,687: Back Left Min: 1.17, Back Right Min: 1.00
[rosout][INFO] 2025-03-27 14:38:06,791: Back Left Min: 1.17, Back Right Min: 1.00
[rosout][INFO] 2025-03-27 14:38:06,888: Back Left Min: 1.17, Back Right Min: 1.00
[rosout][INFO] 2025-03-27 14:38:06,991: Back Left Min: 1.17, Back Right Min: 1.00
[rosout][INFO] 2025-03-27 14:38:07,088: Back Left Min: 1.17, Back Right Min: 1.00
[rosout][INFO] 2025-03-27 14:38:07,191: Back Left Min: 1.17, Back Right Min: 1.00
[rosout][INFO] 2025-03-27 14:38:07,288: Back Left Min: 1.17, Back Right Min: 1.01
[rosout][INFO] 2025-03-27 14:38:07,391: Back Left Min: 1.17, Back Right Min: 1.01
[rosout][INFO] 2025-03-27 14:38:07,488: Back Left Min: 1.17, Back Right Min: 1.01
[rosout][INFO] 2025-03-27 14:38:07,591: Back Left Min: 1.17, Back Right Min: 0.99
[rosout][INFO] 2025-03-27 14:38:07,688: Back Left Min: 1.17, Back Right Min: 0.99
[rosout][INFO] 2025-03-27 14:38:07,791: Back Left Min: 1.17, Back Right Min: 0.98
[rosout][INFO] 2025-03-27 14:38:07,888: Back Left Min: 1.17, Back Right Min: 0.98
[rosout][INFO] 2025-03-27 14:38:07,991: Back Left Min: 1.17, Back Right Min: 0.98
[rosout][INFO] 2025-03-27 14:38:08,088: Back Left Min: 1.17, Back Right Min: 0.97
[rosout][INFO] 2025-03-27 14:38:08,191: Back Left Min: 1.17, Back Right Min: 0.97
[rosout][INFO] 2025-03-27 14:38:08,288: Back Left Min: 1.17, Back Right Min: 0.97
[rosout][INFO] 2025-03-27 14:38:08,391: Back Left Min: 1.17, Back Right Min: 1.04
[rosout][INFO] 2025-03-27 14:38:08,488: Back Left Min: 1.17, Back Right Min: 1.04
[rosout][INFO] 2025-03-27 14:38:08,591: Back Left Min: 1.17, Back Right Min: 1.04
[rosout][INFO] 2025-03-27 14:38:08,688: Back Left Min: 1.17, Back Right Min: 1.04
[rosout][INFO] 2025-03-27 14:38:08,791: Back Left Min: 1.17, Back Right Min: 1.04
[rosout][INFO] 2025-03-27 14:38:08,888: Back Left Min: 1.17, Back Right Min: 1.04
[rosout][INFO] 2025-03-27 14:38:08,992: Back Left Min: 1.17, Back Right Min: 1.04
[rosout][INFO] 2025-03-27 14:38:09,088: Back Left Min: 1.17, Back Right Min: 1.04
[rosout][INFO] 2025-03-27 14:38:09,192: Back Left Min: 1.17, Back Right Min: 1.04
[rosout][INFO] 2025-03-27 14:38:09,288: Back Left Min: 1.17, Back Right Min: 1.04
[rosout][INFO] 2025-03-27 14:38:09,392: Back Left Min: 1.17, Back Right Min: 1.04
[rosout][INFO] 2025-03-27 14:38:09,489: Back Left Min: 1.17, Back Right Min: 1.04
[rosout][INFO] 2025-03-27 14:38:09,592: Back Left Min: 1.17, Back Right Min: 1.04
[rosout][INFO] 2025-03-27 14:38:09,689: Back Left Min: 1.17, Back Right Min: 1.04
[rosout][INFO] 2025-03-27 14:38:09,792: Back Left Min: 1.17, Back Right Min: 1.04
[rosout][INFO] 2025-03-27 14:38:09,889: Back Left Min: 1.17, Back Right Min: 1.04
[rosout][INFO] 2025-03-27 14:38:09,992: Back Left Min: 1.17, Back Right Min: 1.04
[rosout][INFO] 2025-03-27 14:38:10,089: Back Left Min: 1.17, Back Right Min: 1.04
[rosout][INFO] 2025-03-27 14:38:10,192: Back Left Min: 1.17, Back Right Min: 1.04
[rosout][INFO] 2025-03-27 14:38:10,289: Back Left Min: 1.17, Back Right Min: 1.04
[rosout][INFO] 2025-03-27 14:38:10,392: Back Left Min: 1.17, Back Right Min: 1.04
[rosout][INFO] 2025-03-27 14:38:10,489: Back Left Min: 1.17, Back Right Min: 1.04
[rosout][INFO] 2025-03-27 14:38:10,592: Back Left Min: 1.17, Back Right Min: 1.04
[rosout][INFO] 2025-03-27 14:38:10,689: Back Left Min: 1.17, Back Right Min: 1.04
[rosout][INFO] 2025-03-27 14:38:10,792: Back Left Min: 1.17, Back Right Min: 1.04
[rosout][INFO] 2025-03-27 14:38:10,889: Back Left Min: 1.17, Back Right Min: 1.04
[rosout][INFO] 2025-03-27 14:38:10,992: Back Left Min: 1.17, Back Right Min: 1.04
[rosout][INFO] 2025-03-27 14:38:11,089: Back Left Min: 1.17, Back Right Min: 1.04
[rosout][INFO] 2025-03-27 14:38:11,192: Back Left Min: 1.17, Back Right Min: 1.04
[rosout][INFO] 2025-03-27 14:38:11,289: Back Left Min: 1.17, Back Right Min: 1.04
[rosout][INFO] 2025-03-27 14:38:11,393: Back Left Min: 1.17, Back Right Min: 1.04
[rosout][INFO] 2025-03-27 14:38:11,489: Back Left Min: 1.17, Back Right Min: 1.04
[rosout][INFO] 2025-03-27 14:38:11,593: Back Left Min: 1.17, Back Right Min: 1.04
[rosout][INFO] 2025-03-27 14:38:11,689: Back Left Min: 1.17, Back Right Min: 1.04
[rosout][INFO] 2025-03-27 14:38:11,793: Back Left Min: 1.17, Back Right Min: 1.04
[rosout][INFO] 2025-03-27 14:38:11,889: Back Left Min: 1.17, Back Right Min: 1.04
[rosout][INFO] 2025-03-27 14:38:11,993: Back Left Min: 1.17, Back Right Min: 1.04
[rosout][INFO] 2025-03-27 14:38:12,090: Back Left Min: 1.17, Back Right Min: 1.04
[rosout][INFO] 2025-03-27 14:38:12,193: Back Left Min: 1.17, Back Right Min: 1.04
[rosout][INFO] 2025-03-27 14:38:12,290: Back Left Min: 1.17, Back Right Min: 1.04
[rosout][INFO] 2025-03-27 14:38:12,393: Back Left Min: 1.17, Back Right Min: 1.04
[rosout][INFO] 2025-03-27 14:38:12,490: Back Left Min: 1.17, Back Right Min: 1.04
[rosout][INFO] 2025-03-27 14:38:12,593: Back Left Min: 1.17, Back Right Min: 0.94
[rosout][INFO] 2025-03-27 14:38:12,690: Back Left Min: 1.17, Back Right Min: 0.94
[rosout][INFO] 2025-03-27 14:38:12,793: Back Left Min: 1.17, Back Right Min: 0.94
[rosout][INFO] 2025-03-27 14:38:12,890: Back Left Min: 1.17, Back Right Min: 0.98
[rosout][INFO] 2025-03-27 14:38:12,993: Back Left Min: 1.17, Back Right Min: 0.98
[rosout][INFO] 2025-03-27 14:38:13,090: Back Left Min: 1.17, Back Right Min: 1.14
[rosout][INFO] 2025-03-27 14:38:13,193: Back Left Min: 1.17, Back Right Min: 1.14
[rosout][INFO] 2025-03-27 14:38:13,290: Back Left Min: 1.17, Back Right Min: 1.14
[rosout][INFO] 2025-03-27 14:38:13,393: Back Left Min: 1.17, Back Right Min: 1.12
[rosout][INFO] 2025-03-27 14:38:13,490: Back Left Min: 1.17, Back Right Min: 1.12
[rosout][INFO] 2025-03-27 14:38:13,593: Back Left Min: 1.17, Back Right Min: 1.14
[rosout][INFO] 2025-03-27 14:38:13,690: Back Left Min: 1.17, Back Right Min: 1.14
[rosout][INFO] 2025-03-27 14:38:13,794: Back Left Min: 1.17, Back Right Min: 1.14
[rosout][INFO] 2025-03-27 14:38:13,890: Back Left Min: 1.17, Back Right Min: 1.14
[rosout][INFO] 2025-03-27 14:38:13,994: Back Left Min: 1.17, Back Right Min: 1.14
[rosout][INFO] 2025-03-27 14:38:14,090: Back Left Min: 1.17, Back Right Min: 1.14
[rosout][INFO] 2025-03-27 14:38:14,194: Back Left Min: 1.17, Back Right Min: 1.15
[rosout][INFO] 2025-03-27 14:38:14,291: Back Left Min: 1.17, Back Right Min: 1.15
[rosout][INFO] 2025-03-27 14:38:14,394: Back Left Min: 1.17, Back Right Min: 1.15
[rosout][INFO] 2025-03-27 14:38:14,491: Back Left Min: 1.17, Back Right Min: 1.15
[rosout][INFO] 2025-03-27 14:38:14,594: Back Left Min: 1.17, Back Right Min: 1.15
[rosout][INFO] 2025-03-27 14:38:14,691: Back Left Min: 1.17, Back Right Min: 1.15
[rosout][INFO] 2025-03-27 14:38:14,794: Back Left Min: 1.17, Back Right Min: 1.15
[rosout][INFO] 2025-03-27 14:38:14,891: Back Left Min: 1.17, Back Right Min: 1.15
[rosout][INFO] 2025-03-27 14:38:14,994: Back Left Min: 1.17, Back Right Min: 1.15
[rosout][INFO] 2025-03-27 14:38:15,091: Back Left Min: 1.17, Back Right Min: 1.15
[rosout][INFO] 2025-03-27 14:38:15,194: Back Left Min: 1.17, Back Right Min: 1.15
[rosout][INFO] 2025-03-27 14:38:15,291: Back Left Min: 1.17, Back Right Min: 1.15
[rosout][INFO] 2025-03-27 14:38:15,394: Back Left Min: 1.17, Back Right Min: 1.15
[rosout][INFO] 2025-03-27 14:38:15,491: Back Left Min: 1.17, Back Right Min: 1.15
[rosout][INFO] 2025-03-27 14:38:15,594: Back Left Min: 1.17, Back Right Min: 1.15
[rosout][INFO] 2025-03-27 14:38:15,691: Back Left Min: 1.17, Back Right Min: 1.15
[rosout][INFO] 2025-03-27 14:38:15,794: Back Left Min: 1.17, Back Right Min: 1.15
[rosout][INFO] 2025-03-27 14:38:15,891: Back Left Min: 1.17, Back Right Min: 1.15
[rosout][INFO] 2025-03-27 14:38:15,994: Back Left Min: 1.17, Back Right Min: 1.15
[rosout][INFO] 2025-03-27 14:38:16,091: Back Left Min: 1.17, Back Right Min: 1.15
[rosout][INFO] 2025-03-27 14:38:16,195: Back Left Min: 1.17, Back Right Min: 1.15
[rosout][INFO] 2025-03-27 14:38:16,291: Back Left Min: 1.17, Back Right Min: 1.15
[rosout][INFO] 2025-03-27 14:38:16,395: Back Left Min: 1.17, Back Right Min: 1.14
[rosout][INFO] 2025-03-27 14:38:16,491: Back Left Min: 1.17, Back Right Min: 1.14
[rosout][INFO] 2025-03-27 14:38:16,595: Back Left Min: 1.17, Back Right Min: 1.14
[rosout][INFO] 2025-03-27 14:38:16,692: Back Left Min: 1.17, Back Right Min: 1.14
[rosout][INFO] 2025-03-27 14:38:16,795: Back Left Min: 1.17, Back Right Min: 1.14
[rosout][INFO] 2025-03-27 14:38:16,892: Back Left Min: 1.17, Back Right Min: 1.14
[rosout][INFO] 2025-03-27 14:38:16,995: Back Left Min: 1.17, Back Right Min: 1.15
[rosout][INFO] 2025-03-27 14:38:17,092: Back Left Min: 1.17, Back Right Min: 1.15
[rosout][INFO] 2025-03-27 14:38:17,195: Back Left Min: 1.17, Back Right Min: 1.15
[rosout][INFO] 2025-03-27 14:38:17,292: Back Left Min: 1.17, Back Right Min: 1.15
[rosout][INFO] 2025-03-27 14:38:17,395: Back Left Min: 1.17, Back Right Min: 1.15
[rosout][INFO] 2025-03-27 14:38:17,492: Back Left Min: 1.17, Back Right Min: 1.15
[rosout][INFO] 2025-03-27 14:38:17,595: Back Left Min: 1.17, Back Right Min: 1.18
[rosout][INFO] 2025-03-27 14:38:17,692: Back Left Min: 1.17, Back Right Min: 1.18
[rosout][INFO] 2025-03-27 14:38:17,795: Back Left Min: 1.17, Back Right Min: 1.17
[rosout][INFO] 2025-03-27 14:38:17,892: Back Left Min: 1.17, Back Right Min: 1.17
[rosout][INFO] 2025-03-27 14:38:17,995: Back Left Min: 1.17, Back Right Min: 1.17
[rosout][INFO] 2025-03-27 14:38:18,092: Back Left Min: 1.17, Back Right Min: 1.18
[rosout][INFO] 2025-03-27 14:38:18,195: Back Left Min: 1.17, Back Right Min: 1.18
[rosout][INFO] 2025-03-27 14:38:18,292: Back Left Min: 1.17, Back Right Min: 1.18
[rosout][INFO] 2025-03-27 14:38:18,395: Back Left Min: 1.17, Back Right Min: 1.14
[rosout][INFO] 2025-03-27 14:38:18,492: Back Left Min: 1.17, Back Right Min: 1.14
[rosout][INFO] 2025-03-27 14:38:18,596: Back Left Min: 1.17, Back Right Min: 1.14
[rosout][INFO] 2025-03-27 14:38:18,692: Back Left Min: 1.17, Back Right Min: 1.14
[rosout][INFO] 2025-03-27 14:38:18,796: Back Left Min: 1.17, Back Right Min: 1.14
[rospy.core][INFO] 2025-03-27 14:38:18,856: signal_shutdown [signal-2]
[rospy.internal][INFO] 2025-03-27 14:38:18,864: topic[/rosout] removing connection to /rosout
[rospy.internal][INFO] 2025-03-27 14:38:18,864: topic[/RosAria/sonar] removing connection to http://localhost:37299/
[rospy.impl.masterslave][INFO] 2025-03-27 14:38:18,865: signal-2
[rospy.internal][WARNING] 2025-03-27 14:38:18,866: Unknown error initiating TCP/IP socket to localhost:60417 (http://localhost:37299/): Traceback (most recent call last):
  File "/opt/ros/kinetic/lib/python2.7/dist-packages/rospy/impl/tcpros_base.py", line 558, in connect
    self.read_header()
  File "/opt/ros/kinetic/lib/python2.7/dist-packages/rospy/impl/tcpros_base.py", line 651, in read_header
    self._validate_header(read_ros_handshake_header(sock, self.read_buff, self.protocol.buff_size))
AttributeError: 'NoneType' object has no attribute 'buff_size'

[rospy.core][INFO] 2025-03-27 14:38:18,968: signal_shutdown [atexit]
