[rospy.client][INFO] 2025-03-27 15:07:54,959: init_node, name[/sonar_processor_13377_1743062874946], pid[13377]
[xmlrpc][INFO] 2025-03-27 15:07:54,960: XML-RPC server binding to 127.0.0.1:0
[xmlrpc][INFO] 2025-03-27 15:07:54,960: Started XML-RPC server [http://localhost:36133/]
[rospy.init][INFO] 2025-03-27 15:07:54,960: ROS Slave URI: [http://localhost:36133/]
[rospy.impl.masterslave][INFO] 2025-03-27 15:07:54,960: _ready: http://localhost:36133/
[rospy.registration][INFO] 2025-03-27 15:07:54,960: Registering with master node http://localhost:11311
[xmlrpc][INFO] 2025-03-27 15:07:54,960: xml rpc node: starting XML-RPC server
[rospy.init][INFO] 2025-03-27 15:07:55,060: registered with master
[rospy.rosout][INFO] 2025-03-27 15:07:55,061: initializing /rosout core topic
[rospy.rosout][INFO] 2025-03-27 15:07:55,067: connected to core topic /rosout
[rospy.simtime][INFO] 2025-03-27 15:07:55,070: /use_sim_time is not set, will not subscribe to simulated time [/clock] topic
[rosout][INFO] 2025-03-27 15:07:55,084: Sonar processor initialized
[rospy.internal][INFO] 2025-03-27 15:07:55,128: topic[/RosAria/sonar] adding connection to [http://localhost:40669/], count 0
[rosout][INFO] 2025-03-27 15:07:55,208: Back Left Min: 0.00, Back Right Min: 0.00
[rosout][INFO] 2025-03-27 15:07:55,306: Back Left Min: 0.00, Back Right Min: 0.00
[rospy.internal][INFO] 2025-03-27 15:07:55,350: topic[/rosout] adding connection to [/rosout], count 0
[rosout][INFO] 2025-03-27 15:07:55,410: Back Left Min: 1.17, Back Right Min: 1.35
[rosout][INFO] 2025-03-27 15:07:55,506: Back Left Min: 0.72, Back Right Min: 1.35
[rosout][INFO] 2025-03-27 15:07:55,609: Back Left Min: 0.72, Back Right Min: 1.35
[rosout][INFO] 2025-03-27 15:07:55,707: Back Left Min: 0.72, Back Right Min: 1.35
[rosout][INFO] 2025-03-27 15:07:55,809: Back Left Min: 1.17, Back Right Min: 1.35
[rosout][INFO] 2025-03-27 15:07:55,906: Back Left Min: 1.17, Back Right Min: 1.35
[rosout][INFO] 2025-03-27 15:07:56,009: Back Left Min: 1.17, Back Right Min: 1.35
[rosout][INFO] 2025-03-27 15:07:56,106: Back Left Min: 1.17, Back Right Min: 1.35
[rosout][INFO] 2025-03-27 15:07:56,209: Back Left Min: 1.17, Back Right Min: 1.35
[rosout][INFO] 2025-03-27 15:07:56,306: Back Left Min: 1.17, Back Right Min: 1.35
[rosout][INFO] 2025-03-27 15:07:56,409: Back Left Min: 1.17, Back Right Min: 1.35
[rosout][INFO] 2025-03-27 15:07:56,506: Back Left Min: 1.17, Back Right Min: 1.35
[rosout][INFO] 2025-03-27 15:07:56,609: Back Left Min: 1.17, Back Right Min: 1.35
[rosout][INFO] 2025-03-27 15:07:56,706: Back Left Min: 1.17, Back Right Min: 1.35
[rosout][INFO] 2025-03-27 15:07:56,809: Back Left Min: 1.17, Back Right Min: 1.35
[rosout][INFO] 2025-03-27 15:07:56,906: Back Left Min: 1.17, Back Right Min: 1.35
[rosout][INFO] 2025-03-27 15:07:57,009: Back Left Min: 1.17, Back Right Min: 1.35
[rosout][INFO] 2025-03-27 15:07:57,106: Back Left Min: 1.17, Back Right Min: 1.35
[rosout][INFO] 2025-03-27 15:07:57,209: Back Left Min: 1.17, Back Right Min: 1.35
[rosout][INFO] 2025-03-27 15:07:57,306: Back Left Min: 1.17, Back Right Min: 1.35
[rosout][INFO] 2025-03-27 15:07:57,409: Back Left Min: 1.17, Back Right Min: 1.35
[rosout][INFO] 2025-03-27 15:07:57,506: Back Left Min: 1.17, Back Right Min: 1.35
[rosout][INFO] 2025-03-27 15:07:57,610: Back Left Min: 1.17, Back Right Min: 1.35
[rosout][INFO] 2025-03-27 15:07:57,706: Back Left Min: 1.17, Back Right Min: 1.35
[rosout][INFO] 2025-03-27 15:07:57,810: Back Left Min: 1.17, Back Right Min: 1.35
[rosout][INFO] 2025-03-27 15:07:57,907: Back Left Min: 1.17, Back Right Min: 1.35
[rosout][INFO] 2025-03-27 15:07:58,010: Back Left Min: 1.17, Back Right Min: 1.35
[rosout][INFO] 2025-03-27 15:07:58,107: Back Left Min: 1.17, Back Right Min: 1.35
[rosout][INFO] 2025-03-27 15:07:58,210: Back Left Min: 1.17, Back Right Min: 1.35
[rosout][INFO] 2025-03-27 15:07:58,307: Back Left Min: 1.17, Back Right Min: 1.35
[rosout][INFO] 2025-03-27 15:07:58,410: Back Left Min: 1.17, Back Right Min: 1.35
[rosout][INFO] 2025-03-27 15:07:58,507: Back Left Min: 1.17, Back Right Min: 1.35
[rosout][INFO] 2025-03-27 15:07:58,610: Back Left Min: 1.17, Back Right Min: 1.35
[rosout][INFO] 2025-03-27 15:07:58,707: Back Left Min: 1.17, Back Right Min: 1.35
[rosout][INFO] 2025-03-27 15:07:58,810: Back Left Min: 1.17, Back Right Min: 1.35
[rosout][INFO] 2025-03-27 15:07:58,907: Back Left Min: 1.17, Back Right Min: 1.35
[rosout][INFO] 2025-03-27 15:07:59,010: Back Left Min: 1.17, Back Right Min: 1.35
[rosout][INFO] 2025-03-27 15:07:59,107: Back Left Min: 1.17, Back Right Min: 1.35
[rosout][INFO] 2025-03-27 15:07:59,210: Back Left Min: 1.17, Back Right Min: 1.35
[rosout][INFO] 2025-03-27 15:07:59,307: Back Left Min: 1.17, Back Right Min: 1.35
[rosout][INFO] 2025-03-27 15:07:59,410: Back Left Min: 1.17, Back Right Min: 1.35
[rosout][INFO] 2025-03-27 15:07:59,507: Back Left Min: 1.17, Back Right Min: 1.35
[rosout][INFO] 2025-03-27 15:07:59,610: Back Left Min: 1.17, Back Right Min: 1.35
[rosout][INFO] 2025-03-27 15:07:59,707: Back Left Min: 1.17, Back Right Min: 1.35
[rosout][INFO] 2025-03-27 15:07:59,811: Back Left Min: 1.17, Back Right Min: 1.35
[rosout][INFO] 2025-03-27 15:07:59,907: Back Left Min: 1.17, Back Right Min: 1.35
[rosout][INFO] 2025-03-27 15:08:00,011: Back Left Min: 1.17, Back Right Min: 1.35
[rosout][INFO] 2025-03-27 15:08:00,108: Back Left Min: 1.17, Back Right Min: 1.35
[rosout][INFO] 2025-03-27 15:08:00,211: Back Left Min: 1.17, Back Right Min: 1.35
[rosout][INFO] 2025-03-27 15:08:00,308: Back Left Min: 1.17, Back Right Min: 1.35
[rosout][INFO] 2025-03-27 15:08:00,411: Back Left Min: 1.17, Back Right Min: 1.35
[rosout][INFO] 2025-03-27 15:08:00,508: Back Left Min: 1.17, Back Right Min: 1.35
[rosout][INFO] 2025-03-27 15:08:00,611: Back Left Min: 1.17, Back Right Min: 1.35
[rosout][INFO] 2025-03-27 15:08:00,708: Back Left Min: 1.17, Back Right Min: 1.35
[rosout][INFO] 2025-03-27 15:08:00,811: Back Left Min: 1.17, Back Right Min: 1.35
[rosout][INFO] 2025-03-27 15:08:00,908: Back Left Min: 1.17, Back Right Min: 1.35
[rosout][INFO] 2025-03-27 15:08:01,011: Back Left Min: 1.17, Back Right Min: 1.35
[rosout][INFO] 2025-03-27 15:08:01,108: Back Left Min: 1.17, Back Right Min: 1.35
[rosout][INFO] 2025-03-27 15:08:01,211: Back Left Min: 1.17, Back Right Min: 1.35
[rosout][INFO] 2025-03-27 15:08:01,308: Back Left Min: 1.17, Back Right Min: 1.35
[rosout][INFO] 2025-03-27 15:08:01,411: Back Left Min: 1.17, Back Right Min: 1.35
[rosout][INFO] 2025-03-27 15:08:01,508: Back Left Min: 1.17, Back Right Min: 1.35
[rosout][INFO] 2025-03-27 15:08:01,611: Back Left Min: 1.17, Back Right Min: 1.35
[rosout][INFO] 2025-03-27 15:08:01,708: Back Left Min: 1.17, Back Right Min: 1.35
[rosout][INFO] 2025-03-27 15:08:01,811: Back Left Min: 1.17, Back Right Min: 1.35
[rosout][INFO] 2025-03-27 15:08:01,908: Back Left Min: 1.17, Back Right Min: 1.35
[rosout][INFO] 2025-03-27 15:08:02,011: Back Left Min: 1.17, Back Right Min: 1.35
[rosout][INFO] 2025-03-27 15:08:02,108: Back Left Min: 1.17, Back Right Min: 1.35
[rosout][INFO] 2025-03-27 15:08:02,212: Back Left Min: 1.17, Back Right Min: 1.35
[rosout][INFO] 2025-03-27 15:08:02,308: Back Left Min: 1.17, Back Right Min: 1.35
[rosout][INFO] 2025-03-27 15:08:02,412: Back Left Min: 1.17, Back Right Min: 1.35
[rosout][INFO] 2025-03-27 15:08:02,508: Back Left Min: 1.17, Back Right Min: 1.35
[rosout][INFO] 2025-03-27 15:08:02,612: Back Left Min: 1.17, Back Right Min: 1.35
[rosout][INFO] 2025-03-27 15:08:02,709: Back Left Min: 1.17, Back Right Min: 1.35
[rosout][INFO] 2025-03-27 15:08:02,812: Back Left Min: 1.17, Back Right Min: 1.35
[rosout][INFO] 2025-03-27 15:08:02,909: Back Left Min: 1.17, Back Right Min: 1.35
[rosout][INFO] 2025-03-27 15:08:03,012: Back Left Min: 1.17, Back Right Min: 1.35
[rosout][INFO] 2025-03-27 15:08:03,109: Back Left Min: 1.17, Back Right Min: 1.35
[rosout][INFO] 2025-03-27 15:08:03,212: Back Left Min: 1.17, Back Right Min: 1.35
[rosout][INFO] 2025-03-27 15:08:03,309: Back Left Min: 1.17, Back Right Min: 1.35
[rosout][INFO] 2025-03-27 15:08:03,412: Back Left Min: 1.17, Back Right Min: 1.35
[rosout][INFO] 2025-03-27 15:08:03,509: Back Left Min: 1.17, Back Right Min: 1.35
[rosout][INFO] 2025-03-27 15:08:03,612: Back Left Min: 1.17, Back Right Min: 1.35
[rosout][INFO] 2025-03-27 15:08:03,709: Back Left Min: 1.17, Back Right Min: 1.35
[rosout][INFO] 2025-03-27 15:08:03,812: Back Left Min: 1.17, Back Right Min: 1.35
[rosout][INFO] 2025-03-27 15:08:03,909: Back Left Min: 1.17, Back Right Min: 1.35
[rosout][INFO] 2025-03-27 15:08:04,012: Back Left Min: 1.17, Back Right Min: 1.35
[rosout][INFO] 2025-03-27 15:08:04,109: Back Left Min: 1.17, Back Right Min: 1.35
[rosout][INFO] 2025-03-27 15:08:04,212: Back Left Min: 1.17, Back Right Min: 1.35
[rosout][INFO] 2025-03-27 15:08:04,309: Back Left Min: 1.17, Back Right Min: 1.35
[rosout][INFO] 2025-03-27 15:08:04,412: Back Left Min: 1.17, Back Right Min: 1.35
[rosout][INFO] 2025-03-27 15:08:04,509: Back Left Min: 1.17, Back Right Min: 1.35
[rosout][INFO] 2025-03-27 15:08:04,612: Back Left Min: 1.17, Back Right Min: 1.35
[rosout][INFO] 2025-03-27 15:08:04,709: Back Left Min: 1.17, Back Right Min: 1.35
[rosout][INFO] 2025-03-27 15:08:04,813: Back Left Min: 1.17, Back Right Min: 1.35
[rosout][INFO] 2025-03-27 15:08:04,910: Back Left Min: 1.17, Back Right Min: 1.35
[rosout][INFO] 2025-03-27 15:08:05,013: Back Left Min: 1.17, Back Right Min: 1.35
[rosout][INFO] 2025-03-27 15:08:05,110: Back Left Min: 1.17, Back Right Min: 1.35
[rosout][INFO] 2025-03-27 15:08:05,213: Back Left Min: 1.17, Back Right Min: 1.35
[rosout][INFO] 2025-03-27 15:08:05,310: Back Left Min: 1.17, Back Right Min: 1.35
[rosout][INFO] 2025-03-27 15:08:05,413: Back Left Min: 1.17, Back Right Min: 1.35
[rosout][INFO] 2025-03-27 15:08:05,510: Back Left Min: 1.17, Back Right Min: 1.35
[rosout][INFO] 2025-03-27 15:08:05,613: Back Left Min: 1.17, Back Right Min: 1.35
[rosout][INFO] 2025-03-27 15:08:05,710: Back Left Min: 1.17, Back Right Min: 1.35
[rosout][INFO] 2025-03-27 15:08:05,813: Back Left Min: 1.17, Back Right Min: 1.35
[rosout][INFO] 2025-03-27 15:08:05,910: Back Left Min: 1.17, Back Right Min: 1.35
[rosout][INFO] 2025-03-27 15:08:06,013: Back Left Min: 1.17, Back Right Min: 1.35
[rosout][INFO] 2025-03-27 15:08:06,110: Back Left Min: 1.17, Back Right Min: 1.35
[rosout][INFO] 2025-03-27 15:08:06,213: Back Left Min: 1.17, Back Right Min: 1.35
[rosout][INFO] 2025-03-27 15:08:06,310: Back Left Min: 1.17, Back Right Min: 1.35
[rosout][INFO] 2025-03-27 15:08:06,413: Back Left Min: 1.17, Back Right Min: 1.35
[rosout][INFO] 2025-03-27 15:08:06,510: Back Left Min: 1.17, Back Right Min: 1.35
[rosout][INFO] 2025-03-27 15:08:06,613: Back Left Min: 1.17, Back Right Min: 1.35
[rosout][INFO] 2025-03-27 15:08:06,710: Back Left Min: 1.17, Back Right Min: 1.35
[rosout][INFO] 2025-03-27 15:08:06,813: Back Left Min: 1.17, Back Right Min: 1.35
[rosout][INFO] 2025-03-27 15:08:06,910: Back Left Min: 1.17, Back Right Min: 1.35
[rosout][INFO] 2025-03-27 15:08:07,013: Back Left Min: 1.17, Back Right Min: 1.35
[rosout][INFO] 2025-03-27 15:08:07,110: Back Left Min: 1.17, Back Right Min: 1.35
[rosout][INFO] 2025-03-27 15:08:07,214: Back Left Min: 1.17, Back Right Min: 1.35
[rosout][INFO] 2025-03-27 15:08:07,310: Back Left Min: 1.17, Back Right Min: 1.35
[rosout][INFO] 2025-03-27 15:08:07,414: Back Left Min: 1.17, Back Right Min: 1.35
[rosout][INFO] 2025-03-27 15:08:07,511: Back Left Min: 1.17, Back Right Min: 1.35
[rosout][INFO] 2025-03-27 15:08:07,614: Back Left Min: 1.17, Back Right Min: 1.35
[rosout][INFO] 2025-03-27 15:08:07,711: Back Left Min: 1.17, Back Right Min: 1.35
[rosout][INFO] 2025-03-27 15:08:07,814: Back Left Min: 1.17, Back Right Min: 1.35
[rosout][INFO] 2025-03-27 15:08:07,911: Back Left Min: 1.17, Back Right Min: 1.35
[rosout][INFO] 2025-03-27 15:08:08,014: Back Left Min: 1.17, Back Right Min: 1.35
[rosout][INFO] 2025-03-27 15:08:08,111: Back Left Min: 1.17, Back Right Min: 1.35
[rosout][INFO] 2025-03-27 15:08:08,214: Back Left Min: 1.17, Back Right Min: 1.35
[rosout][INFO] 2025-03-27 15:08:08,311: Back Left Min: 1.17, Back Right Min: 1.35
[rosout][INFO] 2025-03-27 15:08:08,414: Back Left Min: 1.17, Back Right Min: 1.35
[rosout][INFO] 2025-03-27 15:08:08,511: Back Left Min: 1.17, Back Right Min: 1.35
[rosout][INFO] 2025-03-27 15:08:08,614: Back Left Min: 1.17, Back Right Min: 1.35
[rosout][INFO] 2025-03-27 15:08:08,711: Back Left Min: 1.17, Back Right Min: 1.35
[rosout][INFO] 2025-03-27 15:08:08,814: Back Left Min: 1.17, Back Right Min: 1.35
[rosout][INFO] 2025-03-27 15:08:08,911: Back Left Min: 1.17, Back Right Min: 1.35
[rosout][INFO] 2025-03-27 15:08:09,014: Back Left Min: 1.17, Back Right Min: 1.35
[rosout][INFO] 2025-03-27 15:08:09,111: Back Left Min: 1.17, Back Right Min: 1.35
[rosout][INFO] 2025-03-27 15:08:09,214: Back Left Min: 1.17, Back Right Min: 1.35
[rosout][INFO] 2025-03-27 15:08:09,311: Back Left Min: 1.17, Back Right Min: 1.35
[rosout][INFO] 2025-03-27 15:08:09,414: Back Left Min: 1.17, Back Right Min: 1.35
[rosout][INFO] 2025-03-27 15:08:09,511: Back Left Min: 1.17, Back Right Min: 1.35
[rosout][INFO] 2025-03-27 15:08:09,615: Back Left Min: 1.17, Back Right Min: 1.35
[rosout][INFO] 2025-03-27 15:08:09,711: Back Left Min: 1.17, Back Right Min: 1.35
[rosout][INFO] 2025-03-27 15:08:09,815: Back Left Min: 1.17, Back Right Min: 1.35
[rosout][INFO] 2025-03-27 15:08:09,912: Back Left Min: 1.17, Back Right Min: 1.35
[rosout][INFO] 2025-03-27 15:08:10,015: Back Left Min: 1.17, Back Right Min: 1.35
[rosout][INFO] 2025-03-27 15:08:10,112: Back Left Min: 1.17, Back Right Min: 1.35
[rosout][INFO] 2025-03-27 15:08:10,215: Back Left Min: 1.17, Back Right Min: 1.35
[rosout][INFO] 2025-03-27 15:08:10,312: Back Left Min: 1.17, Back Right Min: 1.35
[rosout][INFO] 2025-03-27 15:08:10,415: Back Left Min: 1.17, Back Right Min: 1.35
[rosout][INFO] 2025-03-27 15:08:10,512: Back Left Min: 1.17, Back Right Min: 1.35
[rosout][INFO] 2025-03-27 15:08:10,615: Back Left Min: 1.17, Back Right Min: 1.35
[rosout][INFO] 2025-03-27 15:08:10,712: Back Left Min: 1.17, Back Right Min: 1.35
[rosout][INFO] 2025-03-27 15:08:10,815: Back Left Min: 1.17, Back Right Min: 1.35
[rosout][INFO] 2025-03-27 15:08:10,912: Back Left Min: 1.17, Back Right Min: 1.35
[rosout][INFO] 2025-03-27 15:08:11,015: Back Left Min: 1.17, Back Right Min: 1.35
[rosout][INFO] 2025-03-27 15:08:11,112: Back Left Min: 1.17, Back Right Min: 1.35
[rosout][INFO] 2025-03-27 15:08:11,215: Back Left Min: 1.17, Back Right Min: 1.35
[rosout][INFO] 2025-03-27 15:08:11,312: Back Left Min: 1.17, Back Right Min: 1.35
[rosout][INFO] 2025-03-27 15:08:11,415: Back Left Min: 1.17, Back Right Min: 1.35
[rosout][INFO] 2025-03-27 15:08:11,512: Back Left Min: 1.17, Back Right Min: 1.35
[rosout][INFO] 2025-03-27 15:08:11,615: Back Left Min: 1.17, Back Right Min: 1.35
[rosout][INFO] 2025-03-27 15:08:11,712: Back Left Min: 1.17, Back Right Min: 1.35
[rosout][INFO] 2025-03-27 15:08:11,815: Back Left Min: 1.17, Back Right Min: 1.35
[rosout][INFO] 2025-03-27 15:08:11,912: Back Left Min: 1.17, Back Right Min: 1.35
[rosout][INFO] 2025-03-27 15:08:12,016: Back Left Min: 1.17, Back Right Min: 1.35
[rosout][INFO] 2025-03-27 15:08:12,113: Back Left Min: 1.17, Back Right Min: 1.35
[rosout][INFO] 2025-03-27 15:08:12,216: Back Left Min: 1.17, Back Right Min: 1.35
[rosout][INFO] 2025-03-27 15:08:12,313: Back Left Min: 1.17, Back Right Min: 1.35
[rosout][INFO] 2025-03-27 15:08:12,416: Back Left Min: 1.17, Back Right Min: 1.35
[rosout][INFO] 2025-03-27 15:08:12,513: Back Left Min: 1.17, Back Right Min: 1.35
[rosout][INFO] 2025-03-27 15:08:12,616: Back Left Min: 1.17, Back Right Min: 1.35
[rosout][INFO] 2025-03-27 15:08:12,713: Back Left Min: 1.17, Back Right Min: 1.35
[rosout][INFO] 2025-03-27 15:08:12,816: Back Left Min: 1.17, Back Right Min: 1.35
[rosout][INFO] 2025-03-27 15:08:12,913: Back Left Min: 1.17, Back Right Min: 1.35
[rosout][INFO] 2025-03-27 15:08:13,016: Back Left Min: 1.17, Back Right Min: 1.35
[rosout][INFO] 2025-03-27 15:08:13,113: Back Left Min: 1.17, Back Right Min: 1.35
[rosout][INFO] 2025-03-27 15:08:13,216: Back Left Min: 1.17, Back Right Min: 1.35
[rosout][INFO] 2025-03-27 15:08:13,313: Back Left Min: 1.17, Back Right Min: 1.35
[rosout][INFO] 2025-03-27 15:08:13,416: Back Left Min: 1.17, Back Right Min: 1.35
[rosout][INFO] 2025-03-27 15:08:13,513: Back Left Min: 1.17, Back Right Min: 1.35
[rosout][INFO] 2025-03-27 15:08:13,616: Back Left Min: 1.17, Back Right Min: 1.35
[rosout][INFO] 2025-03-27 15:08:13,713: Back Left Min: 1.17, Back Right Min: 1.35
[rosout][INFO] 2025-03-27 15:08:13,817: Back Left Min: 1.17, Back Right Min: 1.35
[rosout][INFO] 2025-03-27 15:08:13,913: Back Left Min: 1.17, Back Right Min: 1.35
[rosout][INFO] 2025-03-27 15:08:14,017: Back Left Min: 1.17, Back Right Min: 1.35
[rosout][INFO] 2025-03-27 15:08:14,113: Back Left Min: 1.17, Back Right Min: 1.35
[rosout][INFO] 2025-03-27 15:08:14,217: Back Left Min: 1.17, Back Right Min: 1.35
[rosout][INFO] 2025-03-27 15:08:14,313: Back Left Min: 1.17, Back Right Min: 1.35
[rosout][INFO] 2025-03-27 15:08:14,417: Back Left Min: 1.17, Back Right Min: 1.35
[rosout][INFO] 2025-03-27 15:08:14,513: Back Left Min: 1.17, Back Right Min: 1.35
[rosout][INFO] 2025-03-27 15:08:14,617: Back Left Min: 1.17, Back Right Min: 1.35
[rosout][INFO] 2025-03-27 15:08:14,714: Back Left Min: 1.17, Back Right Min: 1.35
[rosout][INFO] 2025-03-27 15:08:14,817: Back Left Min: 1.17, Back Right Min: 1.35
[rosout][INFO] 2025-03-27 15:08:14,914: Back Left Min: 1.17, Back Right Min: 1.35
[rosout][INFO] 2025-03-27 15:08:15,017: Back Left Min: 1.17, Back Right Min: 1.35
[rosout][INFO] 2025-03-27 15:08:15,114: Back Left Min: 1.17, Back Right Min: 1.35
[rosout][INFO] 2025-03-27 15:08:15,217: Back Left Min: 1.17, Back Right Min: 1.35
[rosout][INFO] 2025-03-27 15:08:15,314: Back Left Min: 1.17, Back Right Min: 1.35
[rosout][INFO] 2025-03-27 15:08:15,417: Back Left Min: 1.17, Back Right Min: 1.35
[rosout][INFO] 2025-03-27 15:08:15,514: Back Left Min: 1.17, Back Right Min: 1.35
[rosout][INFO] 2025-03-27 15:08:15,617: Back Left Min: 1.17, Back Right Min: 1.35
[rosout][INFO] 2025-03-27 15:08:15,714: Back Left Min: 1.17, Back Right Min: 1.35
[rosout][INFO] 2025-03-27 15:08:15,817: Back Left Min: 1.17, Back Right Min: 1.35
[rosout][INFO] 2025-03-27 15:08:15,914: Back Left Min: 1.17, Back Right Min: 1.35
[rosout][INFO] 2025-03-27 15:08:16,017: Back Left Min: 1.17, Back Right Min: 1.35
[rosout][INFO] 2025-03-27 15:08:16,114: Back Left Min: 1.17, Back Right Min: 1.35
[rosout][INFO] 2025-03-27 15:08:16,217: Back Left Min: 1.17, Back Right Min: 1.35
[rosout][INFO] 2025-03-27 15:08:16,314: Back Left Min: 1.17, Back Right Min: 1.35
[rosout][INFO] 2025-03-27 15:08:16,417: Back Left Min: 1.17, Back Right Min: 1.35
[rosout][INFO] 2025-03-27 15:08:16,514: Back Left Min: 1.17, Back Right Min: 1.35
[rosout][INFO] 2025-03-27 15:08:16,617: Back Left Min: 1.17, Back Right Min: 1.35
[rosout][INFO] 2025-03-27 15:08:16,714: Back Left Min: 1.17, Back Right Min: 1.35
[rosout][INFO] 2025-03-27 15:08:16,818: Back Left Min: 1.17, Back Right Min: 1.35
[rosout][INFO] 2025-03-27 15:08:16,914: Back Left Min: 1.17, Back Right Min: 1.35
[rosout][INFO] 2025-03-27 15:08:17,018: Back Left Min: 1.17, Back Right Min: 1.35
[rosout][INFO] 2025-03-27 15:08:17,115: Back Left Min: 1.17, Back Right Min: 1.35
[rosout][INFO] 2025-03-27 15:08:17,218: Back Left Min: 1.17, Back Right Min: 1.35
[rosout][INFO] 2025-03-27 15:08:17,315: Back Left Min: 1.17, Back Right Min: 1.35
[rosout][INFO] 2025-03-27 15:08:17,418: Back Left Min: 1.17, Back Right Min: 1.35
[rosout][INFO] 2025-03-27 15:08:17,515: Back Left Min: 1.17, Back Right Min: 1.35
[rosout][INFO] 2025-03-27 15:08:17,618: Back Left Min: 1.17, Back Right Min: 1.35
[rosout][INFO] 2025-03-27 15:08:17,715: Back Left Min: 1.17, Back Right Min: 1.35
[rosout][INFO] 2025-03-27 15:08:17,818: Back Left Min: 1.17, Back Right Min: 1.35
[rosout][INFO] 2025-03-27 15:08:17,915: Back Left Min: 1.17, Back Right Min: 1.35
[rosout][INFO] 2025-03-27 15:08:18,018: Back Left Min: 1.17, Back Right Min: 1.35
[rosout][INFO] 2025-03-27 15:08:18,115: Back Left Min: 1.17, Back Right Min: 1.35
[rosout][INFO] 2025-03-27 15:08:18,218: Back Left Min: 1.17, Back Right Min: 1.35
[rosout][INFO] 2025-03-27 15:08:18,315: Back Left Min: 1.17, Back Right Min: 1.35
[rosout][INFO] 2025-03-27 15:08:18,418: Back Left Min: 1.17, Back Right Min: 1.35
[rosout][INFO] 2025-03-27 15:08:18,515: Back Left Min: 1.17, Back Right Min: 1.35
[rosout][INFO] 2025-03-27 15:08:18,618: Back Left Min: 1.17, Back Right Min: 1.35
[rosout][INFO] 2025-03-27 15:08:18,715: Back Left Min: 1.17, Back Right Min: 1.35
[rosout][INFO] 2025-03-27 15:08:18,818: Back Left Min: 1.17, Back Right Min: 1.35
[rosout][INFO] 2025-03-27 15:08:18,915: Back Left Min: 1.17, Back Right Min: 1.35
[rosout][INFO] 2025-03-27 15:08:19,018: Back Left Min: 1.17, Back Right Min: 1.35
[rosout][INFO] 2025-03-27 15:08:19,115: Back Left Min: 1.17, Back Right Min: 1.35
[rosout][INFO] 2025-03-27 15:08:19,219: Back Left Min: 1.17, Back Right Min: 1.35
[rosout][INFO] 2025-03-27 15:08:19,315: Back Left Min: 1.17, Back Right Min: 1.35
[rosout][INFO] 2025-03-27 15:08:19,419: Back Left Min: 1.17, Back Right Min: 1.35
[rosout][INFO] 2025-03-27 15:08:19,516: Back Left Min: 1.17, Back Right Min: 1.35
[rosout][INFO] 2025-03-27 15:08:19,619: Back Left Min: 1.17, Back Right Min: 1.35
[rosout][INFO] 2025-03-27 15:08:19,716: Back Left Min: 1.17, Back Right Min: 1.35
[rosout][INFO] 2025-03-27 15:08:19,819: Back Left Min: 1.17, Back Right Min: 1.35
[rosout][INFO] 2025-03-27 15:08:19,916: Back Left Min: 1.17, Back Right Min: 1.35
[rosout][INFO] 2025-03-27 15:08:20,019: Back Left Min: 1.17, Back Right Min: 1.35
[rosout][INFO] 2025-03-27 15:08:20,116: Back Left Min: 1.17, Back Right Min: 1.35
[rosout][INFO] 2025-03-27 15:08:20,219: Back Left Min: 1.17, Back Right Min: 1.35
[rosout][INFO] 2025-03-27 15:08:20,316: Back Left Min: 1.17, Back Right Min: 1.35
[rosout][INFO] 2025-03-27 15:08:20,419: Back Left Min: 1.17, Back Right Min: 1.35
[rosout][INFO] 2025-03-27 15:08:20,516: Back Left Min: 1.17, Back Right Min: 1.35
[rosout][INFO] 2025-03-27 15:08:20,619: Back Left Min: 1.17, Back Right Min: 1.35
[rosout][INFO] 2025-03-27 15:08:20,716: Back Left Min: 1.17, Back Right Min: 1.35
[rosout][INFO] 2025-03-27 15:08:20,819: Back Left Min: 1.17, Back Right Min: 1.35
[rosout][INFO] 2025-03-27 15:08:20,916: Back Left Min: 1.17, Back Right Min: 1.35
[rosout][INFO] 2025-03-27 15:08:21,019: Back Left Min: 1.17, Back Right Min: 1.35
[rosout][INFO] 2025-03-27 15:08:21,116: Back Left Min: 1.17, Back Right Min: 1.35
[rosout][INFO] 2025-03-27 15:08:21,220: Back Left Min: 1.17, Back Right Min: 1.35
[rosout][INFO] 2025-03-27 15:08:21,316: Back Left Min: 1.17, Back Right Min: 1.35
[rosout][INFO] 2025-03-27 15:08:21,420: Back Left Min: 1.17, Back Right Min: 1.35
[rosout][INFO] 2025-03-27 15:08:21,516: Back Left Min: 1.17, Back Right Min: 1.35
[rosout][INFO] 2025-03-27 15:08:21,620: Back Left Min: 1.17, Back Right Min: 1.35
[rosout][INFO] 2025-03-27 15:08:21,716: Back Left Min: 1.17, Back Right Min: 1.35
[rosout][INFO] 2025-03-27 15:08:21,820: Back Left Min: 1.17, Back Right Min: 1.35
[rosout][INFO] 2025-03-27 15:08:21,916: Back Left Min: 1.17, Back Right Min: 1.35
[rospy.internal][INFO] 2025-03-27 15:08:21,985: topic[/sonar_min] adding connection to [/rostopic_14070_1743062901856], count 0
[rosout][INFO] 2025-03-27 15:08:22,020: Back Left Min: 1.17, Back Right Min: 1.35
[rosout][INFO] 2025-03-27 15:08:22,117: Back Left Min: 1.17, Back Right Min: 1.35
[rosout][INFO] 2025-03-27 15:08:22,220: Back Left Min: 1.17, Back Right Min: 1.35
[rosout][INFO] 2025-03-27 15:08:22,317: Back Left Min: 1.17, Back Right Min: 1.35
[rosout][INFO] 2025-03-27 15:08:22,420: Back Left Min: 1.17, Back Right Min: 1.35
[rosout][INFO] 2025-03-27 15:08:22,517: Back Left Min: 1.17, Back Right Min: 1.35
[rosout][INFO] 2025-03-27 15:08:22,620: Back Left Min: 1.17, Back Right Min: 1.35
[rosout][INFO] 2025-03-27 15:08:22,717: Back Left Min: 1.17, Back Right Min: 1.35
[rosout][INFO] 2025-03-27 15:08:22,820: Back Left Min: 1.17, Back Right Min: 1.35
[rosout][INFO] 2025-03-27 15:08:22,917: Back Left Min: 1.17, Back Right Min: 1.35
[rosout][INFO] 2025-03-27 15:08:23,020: Back Left Min: 1.17, Back Right Min: 1.35
[rosout][INFO] 2025-03-27 15:08:23,117: Back Left Min: 1.17, Back Right Min: 1.35
[rosout][INFO] 2025-03-27 15:08:23,220: Back Left Min: 1.17, Back Right Min: 1.35
[rosout][INFO] 2025-03-27 15:08:23,317: Back Left Min: 1.17, Back Right Min: 1.35
[rosout][INFO] 2025-03-27 15:08:23,420: Back Left Min: 1.17, Back Right Min: 1.35
[rosout][INFO] 2025-03-27 15:08:23,517: Back Left Min: 1.17, Back Right Min: 1.35
[rosout][INFO] 2025-03-27 15:08:23,621: Back Left Min: 1.17, Back Right Min: 1.35
[rosout][INFO] 2025-03-27 15:08:23,717: Back Left Min: 1.17, Back Right Min: 1.35
[rosout][INFO] 2025-03-27 15:08:23,820: Back Left Min: 1.17, Back Right Min: 1.35
[rosout][INFO] 2025-03-27 15:08:23,917: Back Left Min: 1.17, Back Right Min: 1.35
[rosout][INFO] 2025-03-27 15:08:24,021: Back Left Min: 1.17, Back Right Min: 1.35
[rosout][INFO] 2025-03-27 15:08:24,117: Back Left Min: 1.17, Back Right Min: 1.35
[rosout][INFO] 2025-03-27 15:08:24,221: Back Left Min: 1.17, Back Right Min: 1.35
[rosout][INFO] 2025-03-27 15:08:24,318: Back Left Min: 1.17, Back Right Min: 1.35
[rosout][INFO] 2025-03-27 15:08:24,421: Back Left Min: 1.17, Back Right Min: 1.35
[rosout][INFO] 2025-03-27 15:08:24,518: Back Left Min: 1.17, Back Right Min: 1.35
[rosout][INFO] 2025-03-27 15:08:24,621: Back Left Min: 1.17, Back Right Min: 1.34
[rosout][INFO] 2025-03-27 15:08:24,718: Back Left Min: 1.17, Back Right Min: 1.34
[rosout][INFO] 2025-03-27 15:08:24,821: Back Left Min: 1.17, Back Right Min: 1.34
[rosout][INFO] 2025-03-27 15:08:24,918: Back Left Min: 1.17, Back Right Min: 1.35
[rosout][INFO] 2025-03-27 15:08:25,021: Back Left Min: 1.17, Back Right Min: 1.35
[rosout][INFO] 2025-03-27 15:08:25,118: Back Left Min: 1.17, Back Right Min: 1.35
[rosout][INFO] 2025-03-27 15:08:25,221: Back Left Min: 1.17, Back Right Min: 1.35
[rosout][INFO] 2025-03-27 15:08:25,318: Back Left Min: 1.17, Back Right Min: 1.35
[rosout][INFO] 2025-03-27 15:08:25,421: Back Left Min: 1.17, Back Right Min: 1.35
[rosout][INFO] 2025-03-27 15:08:25,518: Back Left Min: 1.17, Back Right Min: 1.20
[rosout][INFO] 2025-03-27 15:08:25,621: Back Left Min: 1.17, Back Right Min: 1.20
[rosout][INFO] 2025-03-27 15:08:25,718: Back Left Min: 1.17, Back Right Min: 1.20
[rosout][INFO] 2025-03-27 15:08:25,821: Back Left Min: 1.17, Back Right Min: 1.07
[rosout][INFO] 2025-03-27 15:08:25,918: Back Left Min: 1.17, Back Right Min: 1.07
[rosout][INFO] 2025-03-27 15:08:26,021: Back Left Min: 1.17, Back Right Min: 0.85
[rosout][INFO] 2025-03-27 15:08:26,118: Back Left Min: 1.17, Back Right Min: 0.85
[rosout][INFO] 2025-03-27 15:08:26,222: Back Left Min: 1.17, Back Right Min: 0.85
[rosout][INFO] 2025-03-27 15:08:26,318: Back Left Min: 1.17, Back Right Min: 0.99
[rosout][INFO] 2025-03-27 15:08:26,422: Back Left Min: 1.17, Back Right Min: 1.18
[rosout][INFO] 2025-03-27 15:08:26,519: Back Left Min: 1.17, Back Right Min: 1.18
[rosout][INFO] 2025-03-27 15:08:26,622: Back Left Min: 1.17, Back Right Min: 0.88
[rosout][INFO] 2025-03-27 15:08:26,719: Back Left Min: 1.17, Back Right Min: 0.88
[rosout][INFO] 2025-03-27 15:08:26,822: Back Left Min: 1.17, Back Right Min: 0.88
[rosout][INFO] 2025-03-27 15:08:26,919: Back Left Min: 1.17, Back Right Min: 0.91
[rosout][INFO] 2025-03-27 15:08:27,022: Back Left Min: 1.17, Back Right Min: 0.91
[rosout][INFO] 2025-03-27 15:08:27,119: Back Left Min: 1.17, Back Right Min: 0.91
[rosout][INFO] 2025-03-27 15:08:27,222: Back Left Min: 1.17, Back Right Min: 0.93
[rosout][INFO] 2025-03-27 15:08:27,319: Back Left Min: 1.17, Back Right Min: 0.93
[rosout][INFO] 2025-03-27 15:08:27,422: Back Left Min: 1.17, Back Right Min: 0.93
[rosout][INFO] 2025-03-27 15:08:27,519: Back Left Min: 1.17, Back Right Min: 0.98
[rosout][INFO] 2025-03-27 15:08:27,622: Back Left Min: 1.17, Back Right Min: 0.98
[rosout][INFO] 2025-03-27 15:08:27,719: Back Left Min: 1.17, Back Right Min: 0.98
[rosout][INFO] 2025-03-27 15:08:27,822: Back Left Min: 1.17, Back Right Min: 0.96
[rosout][INFO] 2025-03-27 15:08:27,919: Back Left Min: 1.17, Back Right Min: 0.96
[rosout][INFO] 2025-03-27 15:08:28,022: Back Left Min: 1.17, Back Right Min: 0.96
[rosout][INFO] 2025-03-27 15:08:28,119: Back Left Min: 1.17, Back Right Min: 0.97
[rosout][INFO] 2025-03-27 15:08:28,222: Back Left Min: 1.17, Back Right Min: 0.97
[rosout][INFO] 2025-03-27 15:08:28,319: Back Left Min: 1.17, Back Right Min: 0.97
[rosout][INFO] 2025-03-27 15:08:28,422: Back Left Min: 1.17, Back Right Min: 1.35
[rosout][INFO] 2025-03-27 15:08:28,519: Back Left Min: 1.17, Back Right Min: 1.35
[rosout][INFO] 2025-03-27 15:08:28,622: Back Left Min: 1.17, Back Right Min: 1.01
[rosout][INFO] 2025-03-27 15:08:28,719: Back Left Min: 1.17, Back Right Min: 1.01
[rosout][INFO] 2025-03-27 15:08:28,823: Back Left Min: 1.17, Back Right Min: 1.01
[rosout][INFO] 2025-03-27 15:08:28,919: Back Left Min: 1.17, Back Right Min: 1.10
[rosout][INFO] 2025-03-27 15:08:29,023: Back Left Min: 1.17, Back Right Min: 1.10
[rosout][INFO] 2025-03-27 15:08:29,120: Back Left Min: 1.17, Back Right Min: 1.10
[rosout][INFO] 2025-03-27 15:08:29,223: Back Left Min: 1.17, Back Right Min: 0.96
[rosout][INFO] 2025-03-27 15:08:29,320: Back Left Min: 1.17, Back Right Min: 0.96
[rosout][INFO] 2025-03-27 15:08:29,423: Back Left Min: 1.17, Back Right Min: 0.96
[rosout][INFO] 2025-03-27 15:08:29,520: Back Left Min: 1.17, Back Right Min: 0.96
[rosout][INFO] 2025-03-27 15:08:29,623: Back Left Min: 1.17, Back Right Min: 0.96
[rosout][INFO] 2025-03-27 15:08:29,720: Back Left Min: 1.17, Back Right Min: 0.96
[rosout][INFO] 2025-03-27 15:08:29,823: Back Left Min: 1.17, Back Right Min: 0.93
[rosout][INFO] 2025-03-27 15:08:29,920: Back Left Min: 1.17, Back Right Min: 0.93
[rosout][INFO] 2025-03-27 15:08:30,023: Back Left Min: 1.17, Back Right Min: 0.92
[rosout][INFO] 2025-03-27 15:08:30,120: Back Left Min: 1.17, Back Right Min: 0.89
[rosout][INFO] 2025-03-27 15:08:30,223: Back Left Min: 1.17, Back Right Min: 0.89
[rosout][INFO] 2025-03-27 15:08:30,320: Back Left Min: 1.17, Back Right Min: 0.89
[rosout][INFO] 2025-03-27 15:08:30,423: Back Left Min: 1.17, Back Right Min: 0.85
[rosout][INFO] 2025-03-27 15:08:30,520: Back Left Min: 1.17, Back Right Min: 0.85
[rosout][INFO] 2025-03-27 15:08:30,623: Back Left Min: 1.17, Back Right Min: 0.85
[rosout][INFO] 2025-03-27 15:08:30,720: Back Left Min: 1.17, Back Right Min: 0.84
[rosout][INFO] 2025-03-27 15:08:30,824: Back Left Min: 1.17, Back Right Min: 0.84
[rosout][INFO] 2025-03-27 15:08:30,920: Back Left Min: 1.17, Back Right Min: 0.84
[rosout][INFO] 2025-03-27 15:08:31,024: Back Left Min: 1.17, Back Right Min: 0.84
[rosout][INFO] 2025-03-27 15:08:31,120: Back Left Min: 1.17, Back Right Min: 0.84
[rosout][INFO] 2025-03-27 15:08:31,224: Back Left Min: 1.17, Back Right Min: 0.84
[rosout][INFO] 2025-03-27 15:08:31,320: Back Left Min: 1.17, Back Right Min: 0.84
[rosout][INFO] 2025-03-27 15:08:31,424: Back Left Min: 1.17, Back Right Min: 0.84
[rosout][INFO] 2025-03-27 15:08:31,521: Back Left Min: 1.17, Back Right Min: 0.84
[rosout][INFO] 2025-03-27 15:08:31,624: Back Left Min: 1.17, Back Right Min: 0.79
[rosout][INFO] 2025-03-27 15:08:31,721: Back Left Min: 1.17, Back Right Min: 0.79
[rosout][INFO] 2025-03-27 15:08:31,824: Back Left Min: 1.17, Back Right Min: 0.74
[rosout][INFO] 2025-03-27 15:08:31,921: Back Left Min: 1.17, Back Right Min: 0.74
[rosout][INFO] 2025-03-27 15:08:32,024: Back Left Min: 1.17, Back Right Min: 0.74
[rosout][INFO] 2025-03-27 15:08:32,121: Back Left Min: 1.17, Back Right Min: 0.74
[rosout][INFO] 2025-03-27 15:08:32,224: Back Left Min: 1.17, Back Right Min: 0.74
[rosout][INFO] 2025-03-27 15:08:32,321: Back Left Min: 1.17, Back Right Min: 0.74
[rosout][INFO] 2025-03-27 15:08:32,424: Back Left Min: 1.17, Back Right Min: 0.72
[rosout][INFO] 2025-03-27 15:08:32,521: Back Left Min: 1.17, Back Right Min: 0.72
[rosout][INFO] 2025-03-27 15:08:32,624: Back Left Min: 1.17, Back Right Min: 0.72
[rosout][INFO] 2025-03-27 15:08:32,721: Back Left Min: 1.17, Back Right Min: 0.71
[rosout][INFO] 2025-03-27 15:08:32,824: Back Left Min: 1.17, Back Right Min: 0.71
[rosout][INFO] 2025-03-27 15:08:32,921: Back Left Min: 1.17, Back Right Min: 0.71
[rosout][INFO] 2025-03-27 15:08:33,024: Back Left Min: 1.17, Back Right Min: 0.74
[rosout][INFO] 2025-03-27 15:08:33,121: Back Left Min: 1.17, Back Right Min: 0.74
[rosout][INFO] 2025-03-27 15:08:33,225: Back Left Min: 1.17, Back Right Min: 0.71
[rosout][INFO] 2025-03-27 15:08:33,321: Back Left Min: 1.17, Back Right Min: 0.71
[rosout][INFO] 2025-03-27 15:08:33,425: Back Left Min: 1.17, Back Right Min: 0.71
[rosout][INFO] 2025-03-27 15:08:33,521: Back Left Min: 1.17, Back Right Min: 0.72
[rosout][INFO] 2025-03-27 15:08:33,625: Back Left Min: 1.17, Back Right Min: 0.72
[rosout][INFO] 2025-03-27 15:08:33,721: Back Left Min: 1.17, Back Right Min: 0.72
[rosout][INFO] 2025-03-27 15:08:33,825: Back Left Min: 1.17, Back Right Min: 0.72
[rosout][INFO] 2025-03-27 15:08:33,922: Back Left Min: 1.17, Back Right Min: 0.72
[rosout][INFO] 2025-03-27 15:08:34,025: Back Left Min: 1.17, Back Right Min: 0.72
[rosout][INFO] 2025-03-27 15:08:34,122: Back Left Min: 1.17, Back Right Min: 0.71
[rosout][INFO] 2025-03-27 15:08:34,225: Back Left Min: 1.17, Back Right Min: 0.71
[rosout][INFO] 2025-03-27 15:08:34,322: Back Left Min: 1.17, Back Right Min: 0.71
[rosout][INFO] 2025-03-27 15:08:34,425: Back Left Min: 1.17, Back Right Min: 0.71
[rosout][INFO] 2025-03-27 15:08:34,522: Back Left Min: 1.17, Back Right Min: 0.71
[rosout][INFO] 2025-03-27 15:08:34,625: Back Left Min: 1.17, Back Right Min: 0.71
[rosout][INFO] 2025-03-27 15:08:34,722: Back Left Min: 1.17, Back Right Min: 0.71
[rosout][INFO] 2025-03-27 15:08:34,825: Back Left Min: 1.17, Back Right Min: 0.71
[rosout][INFO] 2025-03-27 15:08:34,922: Back Left Min: 1.17, Back Right Min: 0.70
[rosout][INFO] 2025-03-27 15:08:35,025: Back Left Min: 1.17, Back Right Min: 0.70
[rosout][INFO] 2025-03-27 15:08:35,122: Back Left Min: 1.17, Back Right Min: 0.70
[rosout][INFO] 2025-03-27 15:08:35,225: Back Left Min: 1.17, Back Right Min: 0.70
[rosout][INFO] 2025-03-27 15:08:35,322: Back Left Min: 1.17, Back Right Min: 0.70
[rosout][INFO] 2025-03-27 15:08:35,425: Back Left Min: 1.17, Back Right Min: 0.70
[rosout][INFO] 2025-03-27 15:08:35,522: Back Left Min: 1.17, Back Right Min: 0.69
[rosout][INFO] 2025-03-27 15:08:35,625: Back Left Min: 1.17, Back Right Min: 0.69
[rosout][INFO] 2025-03-27 15:08:35,722: Back Left Min: 1.17, Back Right Min: 0.69
[rosout][INFO] 2025-03-27 15:08:35,825: Back Left Min: 0.72, Back Right Min: 0.69
[rosout][INFO] 2025-03-27 15:08:35,922: Back Left Min: 0.72, Back Right Min: 0.69
[rosout][INFO] 2025-03-27 15:08:36,026: Back Left Min: 0.72, Back Right Min: 0.68
[rosout][INFO] 2025-03-27 15:08:36,122: Back Left Min: 0.69, Back Right Min: 0.68
[rosout][INFO] 2025-03-27 15:08:36,226: Back Left Min: 0.69, Back Right Min: 0.68
[rosout][INFO] 2025-03-27 15:08:36,323: Back Left Min: 0.69, Back Right Min: 0.67
[rosout][INFO] 2025-03-27 15:08:36,426: Back Left Min: 0.69, Back Right Min: 0.67
[rosout][INFO] 2025-03-27 15:08:36,523: Back Left Min: 0.69, Back Right Min: 0.67
[rosout][INFO] 2025-03-27 15:08:36,626: Back Left Min: 0.68, Back Right Min: 0.67
[rosout][INFO] 2025-03-27 15:08:36,723: Back Left Min: 0.68, Back Right Min: 0.67
[rosout][INFO] 2025-03-27 15:08:36,826: Back Left Min: 0.68, Back Right Min: 0.67
[rosout][INFO] 2025-03-27 15:08:36,923: Back Left Min: 0.70, Back Right Min: 0.67
[rosout][INFO] 2025-03-27 15:08:37,026: Back Left Min: 0.70, Back Right Min: 0.67
[rosout][INFO] 2025-03-27 15:08:37,123: Back Left Min: 0.70, Back Right Min: 0.67
[rosout][INFO] 2025-03-27 15:08:37,226: Back Left Min: 0.72, Back Right Min: 0.68
[rosout][INFO] 2025-03-27 15:08:37,323: Back Left Min: 0.72, Back Right Min: 0.68
[rosout][INFO] 2025-03-27 15:08:37,426: Back Left Min: 0.72, Back Right Min: 0.69
[rosout][INFO] 2025-03-27 15:08:37,523: Back Left Min: 1.17, Back Right Min: 0.69
[rosout][INFO] 2025-03-27 15:08:37,626: Back Left Min: 1.17, Back Right Min: 0.69
[rosout][INFO] 2025-03-27 15:08:37,723: Back Left Min: 1.17, Back Right Min: 0.70
[rosout][INFO] 2025-03-27 15:08:37,826: Back Left Min: 0.71, Back Right Min: 0.70
[rosout][INFO] 2025-03-27 15:08:37,923: Back Left Min: 0.71, Back Right Min: 0.70
[rosout][INFO] 2025-03-27 15:08:38,026: Back Left Min: 0.79, Back Right Min: 1.00
[rosout][INFO] 2025-03-27 15:08:38,123: Back Left Min: 0.79, Back Right Min: 1.00
[rosout][INFO] 2025-03-27 15:08:38,226: Back Left Min: 0.79, Back Right Min: 1.00
[rosout][INFO] 2025-03-27 15:08:38,323: Back Left Min: 0.78, Back Right Min: 1.40
[rosout][INFO] 2025-03-27 15:08:38,427: Back Left Min: 0.78, Back Right Min: 1.40
[rosout][INFO] 2025-03-27 15:08:38,523: Back Left Min: 0.78, Back Right Min: 1.40
[rosout][INFO] 2025-03-27 15:08:38,627: Back Left Min: 0.70, Back Right Min: 1.35
[rosout][INFO] 2025-03-27 15:08:38,724: Back Left Min: 0.70, Back Right Min: 1.35
[rosout][INFO] 2025-03-27 15:08:38,827: Back Left Min: 0.70, Back Right Min: 1.35
[rosout][INFO] 2025-03-27 15:08:38,924: Back Left Min: 0.71, Back Right Min: 1.35
[rosout][INFO] 2025-03-27 15:08:39,027: Back Left Min: 0.71, Back Right Min: 1.35
[rosout][INFO] 2025-03-27 15:08:39,124: Back Left Min: 0.71, Back Right Min: 1.35
[rosout][INFO] 2025-03-27 15:08:39,227: Back Left Min: 0.77, Back Right Min: 1.35
[rosout][INFO] 2025-03-27 15:08:39,324: Back Left Min: 0.77, Back Right Min: 1.35
[rosout][INFO] 2025-03-27 15:08:39,427: Back Left Min: 0.77, Back Right Min: 1.35
[rosout][INFO] 2025-03-27 15:08:39,524: Back Left Min: 0.77, Back Right Min: 1.35
[rosout][INFO] 2025-03-27 15:08:39,627: Back Left Min: 0.77, Back Right Min: 1.35
[rosout][INFO] 2025-03-27 15:08:39,724: Back Left Min: 0.72, Back Right Min: 1.35
[rosout][INFO] 2025-03-27 15:08:39,827: Back Left Min: 0.72, Back Right Min: 1.35
[rosout][INFO] 2025-03-27 15:08:39,924: Back Left Min: 0.72, Back Right Min: 1.35
[rosout][INFO] 2025-03-27 15:08:40,027: Back Left Min: 0.81, Back Right Min: 1.35
[rosout][INFO] 2025-03-27 15:08:40,124: Back Left Min: 0.81, Back Right Min: 1.35
[rosout][INFO] 2025-03-27 15:08:40,227: Back Left Min: 0.81, Back Right Min: 1.35
[rosout][INFO] 2025-03-27 15:08:40,324: Back Left Min: 0.82, Back Right Min: 1.35
[rosout][INFO] 2025-03-27 15:08:40,427: Back Left Min: 0.82, Back Right Min: 1.35
[rosout][INFO] 2025-03-27 15:08:40,524: Back Left Min: 0.82, Back Right Min: 1.35
[rosout][INFO] 2025-03-27 15:08:40,628: Back Left Min: 0.81, Back Right Min: 1.35
[rosout][INFO] 2025-03-27 15:08:40,724: Back Left Min: 0.81, Back Right Min: 1.35
[rosout][INFO] 2025-03-27 15:08:40,828: Back Left Min: 0.81, Back Right Min: 1.35
[rosout][INFO] 2025-03-27 15:08:40,924: Back Left Min: 0.81, Back Right Min: 1.35
[rosout][INFO] 2025-03-27 15:08:41,028: Back Left Min: 0.81, Back Right Min: 1.35
[rosout][INFO] 2025-03-27 15:08:41,125: Back Left Min: 0.81, Back Right Min: 1.35
[rosout][INFO] 2025-03-27 15:08:41,228: Back Left Min: 0.81, Back Right Min: 1.35
[rosout][INFO] 2025-03-27 15:08:41,325: Back Left Min: 0.81, Back Right Min: 1.35
[rosout][INFO] 2025-03-27 15:08:41,428: Back Left Min: 0.82, Back Right Min: 1.35
[rosout][INFO] 2025-03-27 15:08:41,525: Back Left Min: 0.82, Back Right Min: 1.35
[rosout][INFO] 2025-03-27 15:08:41,628: Back Left Min: 0.82, Back Right Min: 1.35
[rosout][INFO] 2025-03-27 15:08:41,725: Back Left Min: 0.82, Back Right Min: 1.35
[rosout][INFO] 2025-03-27 15:08:41,828: Back Left Min: 0.82, Back Right Min: 1.35
[rosout][INFO] 2025-03-27 15:08:41,925: Back Left Min: 0.82, Back Right Min: 1.35
[rosout][INFO] 2025-03-27 15:08:42,028: Back Left Min: 0.82, Back Right Min: 1.35
[rosout][INFO] 2025-03-27 15:08:42,125: Back Left Min: 0.82, Back Right Min: 1.35
[rosout][INFO] 2025-03-27 15:08:42,228: Back Left Min: 0.82, Back Right Min: 1.35
[rosout][INFO] 2025-03-27 15:08:42,325: Back Left Min: 0.82, Back Right Min: 1.35
[rosout][INFO] 2025-03-27 15:08:42,428: Back Left Min: 0.82, Back Right Min: 1.35
[rosout][INFO] 2025-03-27 15:08:42,525: Back Left Min: 0.82, Back Right Min: 1.35
[rosout][INFO] 2025-03-27 15:08:42,628: Back Left Min: 0.82, Back Right Min: 1.35
[rosout][INFO] 2025-03-27 15:08:42,725: Back Left Min: 0.82, Back Right Min: 1.35
[rosout][INFO] 2025-03-27 15:08:42,828: Back Left Min: 0.82, Back Right Min: 1.35
[rosout][INFO] 2025-03-27 15:08:42,925: Back Left Min: 0.82, Back Right Min: 1.35
[rosout][INFO] 2025-03-27 15:08:43,029: Back Left Min: 0.82, Back Right Min: 1.35
[rosout][INFO] 2025-03-27 15:08:43,125: Back Left Min: 0.82, Back Right Min: 1.35
[rosout][INFO] 2025-03-27 15:08:43,229: Back Left Min: 0.82, Back Right Min: 1.35
[rosout][INFO] 2025-03-27 15:08:43,326: Back Left Min: 0.82, Back Right Min: 1.35
[rosout][INFO] 2025-03-27 15:08:43,429: Back Left Min: 0.82, Back Right Min: 1.35
[rosout][INFO] 2025-03-27 15:08:43,526: Back Left Min: 0.82, Back Right Min: 1.35
[rosout][INFO] 2025-03-27 15:08:43,629: Back Left Min: 0.82, Back Right Min: 1.35
[rosout][INFO] 2025-03-27 15:08:43,726: Back Left Min: 0.82, Back Right Min: 1.35
[rosout][INFO] 2025-03-27 15:08:43,829: Back Left Min: 0.82, Back Right Min: 1.35
[rosout][INFO] 2025-03-27 15:08:43,926: Back Left Min: 0.82, Back Right Min: 1.35
[rosout][INFO] 2025-03-27 15:08:44,029: Back Left Min: 0.82, Back Right Min: 1.35
[rosout][INFO] 2025-03-27 15:08:44,126: Back Left Min: 0.82, Back Right Min: 1.35
[rosout][INFO] 2025-03-27 15:08:44,229: Back Left Min: 0.82, Back Right Min: 1.35
[rosout][INFO] 2025-03-27 15:08:44,326: Back Left Min: 0.82, Back Right Min: 1.35
[rosout][INFO] 2025-03-27 15:08:44,429: Back Left Min: 0.82, Back Right Min: 1.35
[rosout][INFO] 2025-03-27 15:08:44,526: Back Left Min: 0.83, Back Right Min: 1.35
[rosout][INFO] 2025-03-27 15:08:44,629: Back Left Min: 0.83, Back Right Min: 1.35
[rosout][INFO] 2025-03-27 15:08:44,726: Back Left Min: 0.83, Back Right Min: 1.35
[rosout][INFO] 2025-03-27 15:08:44,829: Back Left Min: 0.85, Back Right Min: 1.35
[rosout][INFO] 2025-03-27 15:08:44,926: Back Left Min: 0.85, Back Right Min: 1.35
[rosout][INFO] 2025-03-27 15:08:45,029: Back Left Min: 0.85, Back Right Min: 1.35
[rosout][INFO] 2025-03-27 15:08:45,126: Back Left Min: 0.89, Back Right Min: 1.35
[rosout][INFO] 2025-03-27 15:08:45,229: Back Left Min: 0.89, Back Right Min: 1.35
[rosout][INFO] 2025-03-27 15:08:45,326: Back Left Min: 0.89, Back Right Min: 1.35
[rosout][INFO] 2025-03-27 15:08:45,429: Back Left Min: 0.92, Back Right Min: 1.35
[rosout][INFO] 2025-03-27 15:08:45,526: Back Left Min: 0.92, Back Right Min: 1.35
[rosout][INFO] 2025-03-27 15:08:45,630: Back Left Min: 0.92, Back Right Min: 1.35
[rosout][INFO] 2025-03-27 15:08:45,727: Back Left Min: 0.97, Back Right Min: 1.35
[rosout][INFO] 2025-03-27 15:08:45,830: Back Left Min: 0.97, Back Right Min: 1.35
[rosout][INFO] 2025-03-27 15:08:45,927: Back Left Min: 0.97, Back Right Min: 1.35
[rosout][INFO] 2025-03-27 15:08:46,030: Back Left Min: 1.00, Back Right Min: 1.35
[rosout][INFO] 2025-03-27 15:08:46,127: Back Left Min: 1.00, Back Right Min: 1.35
[rosout][INFO] 2025-03-27 15:08:46,230: Back Left Min: 0.99, Back Right Min: 1.35
[rosout][INFO] 2025-03-27 15:08:46,327: Back Left Min: 0.99, Back Right Min: 1.35
[rosout][INFO] 2025-03-27 15:08:46,430: Back Left Min: 0.99, Back Right Min: 1.35
[rosout][INFO] 2025-03-27 15:08:46,527: Back Left Min: 0.99, Back Right Min: 1.35
[rosout][INFO] 2025-03-27 15:08:46,630: Back Left Min: 0.99, Back Right Min: 1.35
[rosout][INFO] 2025-03-27 15:08:46,727: Back Left Min: 0.99, Back Right Min: 1.35
[rosout][INFO] 2025-03-27 15:08:46,830: Back Left Min: 0.98, Back Right Min: 1.35
[rosout][INFO] 2025-03-27 15:08:46,927: Back Left Min: 0.98, Back Right Min: 1.35
[rosout][INFO] 2025-03-27 15:08:47,030: Back Left Min: 0.98, Back Right Min: 1.35
[rosout][INFO] 2025-03-27 15:08:47,127: Back Left Min: 0.99, Back Right Min: 1.35
[rosout][INFO] 2025-03-27 15:08:47,230: Back Left Min: 0.99, Back Right Min: 1.35
[rosout][INFO] 2025-03-27 15:08:47,327: Back Left Min: 0.99, Back Right Min: 1.35
[rosout][INFO] 2025-03-27 15:08:47,430: Back Left Min: 1.02, Back Right Min: 1.35
[rosout][INFO] 2025-03-27 15:08:47,527: Back Left Min: 1.02, Back Right Min: 1.35
[rosout][INFO] 2025-03-27 15:08:47,630: Back Left Min: 1.05, Back Right Min: 1.35
[rosout][INFO] 2025-03-27 15:08:47,727: Back Left Min: 1.05, Back Right Min: 1.35
[rosout][INFO] 2025-03-27 15:08:47,830: Back Left Min: 1.05, Back Right Min: 1.35
[rosout][INFO] 2025-03-27 15:08:47,927: Back Left Min: 1.05, Back Right Min: 1.35
[rosout][INFO] 2025-03-27 15:08:48,030: Back Left Min: 1.05, Back Right Min: 1.35
[rosout][INFO] 2025-03-27 15:08:48,127: Back Left Min: 1.05, Back Right Min: 1.35
[rosout][INFO] 2025-03-27 15:08:48,231: Back Left Min: 1.12, Back Right Min: 1.35
[rosout][INFO] 2025-03-27 15:08:48,327: Back Left Min: 1.12, Back Right Min: 1.35
[rosout][INFO] 2025-03-27 15:08:48,431: Back Left Min: 1.12, Back Right Min: 1.35
[rosout][INFO] 2025-03-27 15:08:48,528: Back Left Min: 1.14, Back Right Min: 1.35
[rosout][INFO] 2025-03-27 15:08:48,631: Back Left Min: 1.14, Back Right Min: 1.35
[rosout][INFO] 2025-03-27 15:08:48,728: Back Left Min: 1.14, Back Right Min: 1.35
[rosout][INFO] 2025-03-27 15:08:48,831: Back Left Min: 1.15, Back Right Min: 1.35
[rosout][INFO] 2025-03-27 15:08:48,928: Back Left Min: 1.15, Back Right Min: 1.35
[rosout][INFO] 2025-03-27 15:08:49,031: Back Left Min: 1.15, Back Right Min: 1.35
[rosout][INFO] 2025-03-27 15:08:49,128: Back Left Min: 1.17, Back Right Min: 1.35
[rosout][INFO] 2025-03-27 15:08:49,231: Back Left Min: 1.17, Back Right Min: 1.35
[rosout][INFO] 2025-03-27 15:08:49,328: Back Left Min: 1.17, Back Right Min: 1.35
[rosout][INFO] 2025-03-27 15:08:49,431: Back Left Min: 1.17, Back Right Min: 1.35
[rosout][INFO] 2025-03-27 15:08:49,528: Back Left Min: 1.17, Back Right Min: 1.35
[rosout][INFO] 2025-03-27 15:08:49,631: Back Left Min: 1.17, Back Right Min: 1.35
[rosout][INFO] 2025-03-27 15:08:49,728: Back Left Min: 1.17, Back Right Min: 1.35
[rosout][INFO] 2025-03-27 15:08:49,831: Back Left Min: 1.17, Back Right Min: 1.35
[rosout][INFO] 2025-03-27 15:08:49,928: Back Left Min: 1.17, Back Right Min: 1.35
[rosout][INFO] 2025-03-27 15:08:50,031: Back Left Min: 1.17, Back Right Min: 1.35
[rosout][INFO] 2025-03-27 15:08:50,128: Back Left Min: 1.17, Back Right Min: 1.35
[rosout][INFO] 2025-03-27 15:08:50,231: Back Left Min: 1.17, Back Right Min: 1.35
[rosout][INFO] 2025-03-27 15:08:50,328: Back Left Min: 1.17, Back Right Min: 1.35
[rosout][INFO] 2025-03-27 15:08:50,432: Back Left Min: 1.17, Back Right Min: 1.35
[rosout][INFO] 2025-03-27 15:08:50,528: Back Left Min: 1.15, Back Right Min: 1.35
[rosout][INFO] 2025-03-27 15:08:50,632: Back Left Min: 1.15, Back Right Min: 1.35
[rosout][INFO] 2025-03-27 15:08:50,728: Back Left Min: 1.15, Back Right Min: 1.35
[rosout][INFO] 2025-03-27 15:08:50,832: Back Left Min: 1.15, Back Right Min: 1.35
[rosout][INFO] 2025-03-27 15:08:50,929: Back Left Min: 1.15, Back Right Min: 1.35
[rosout][INFO] 2025-03-27 15:08:51,032: Back Left Min: 1.15, Back Right Min: 1.35
[rosout][INFO] 2025-03-27 15:08:51,129: Back Left Min: 1.15, Back Right Min: 1.35
[rosout][INFO] 2025-03-27 15:08:51,232: Back Left Min: 1.15, Back Right Min: 1.35
[rosout][INFO] 2025-03-27 15:08:51,329: Back Left Min: 1.15, Back Right Min: 1.35
[rosout][INFO] 2025-03-27 15:08:51,432: Back Left Min: 1.15, Back Right Min: 1.35
[rosout][INFO] 2025-03-27 15:08:51,529: Back Left Min: 1.15, Back Right Min: 1.35
[rosout][INFO] 2025-03-27 15:08:51,632: Back Left Min: 1.15, Back Right Min: 1.35
[rosout][INFO] 2025-03-27 15:08:51,729: Back Left Min: 1.15, Back Right Min: 1.35
[rosout][INFO] 2025-03-27 15:08:51,832: Back Left Min: 1.15, Back Right Min: 1.35
[rosout][INFO] 2025-03-27 15:08:51,929: Back Left Min: 1.14, Back Right Min: 1.35
[rosout][INFO] 2025-03-27 15:08:52,032: Back Left Min: 1.14, Back Right Min: 1.35
[rosout][INFO] 2025-03-27 15:08:52,129: Back Left Min: 1.14, Back Right Min: 1.35
[rosout][INFO] 2025-03-27 15:08:52,232: Back Left Min: 1.16, Back Right Min: 1.35
[rosout][INFO] 2025-03-27 15:08:52,329: Back Left Min: 1.16, Back Right Min: 1.35
[rosout][INFO] 2025-03-27 15:08:52,432: Back Left Min: 1.15, Back Right Min: 1.35
[rosout][INFO] 2025-03-27 15:08:52,529: Back Left Min: 1.15, Back Right Min: 1.35
[rosout][INFO] 2025-03-27 15:08:52,632: Back Left Min: 1.15, Back Right Min: 1.35
[rosout][INFO] 2025-03-27 15:08:52,729: Back Left Min: 1.15, Back Right Min: 1.35
[rosout][INFO] 2025-03-27 15:08:52,832: Back Left Min: 1.15, Back Right Min: 1.35
[rosout][INFO] 2025-03-27 15:08:52,929: Back Left Min: 1.15, Back Right Min: 1.35
[rosout][INFO] 2025-03-27 15:08:53,033: Back Left Min: 1.14, Back Right Min: 1.35
[rosout][INFO] 2025-03-27 15:08:53,129: Back Left Min: 1.14, Back Right Min: 1.35
[rosout][INFO] 2025-03-27 15:08:53,233: Back Left Min: 1.14, Back Right Min: 1.35
[rosout][INFO] 2025-03-27 15:08:53,330: Back Left Min: 1.13, Back Right Min: 1.35
[rosout][INFO] 2025-03-27 15:08:53,433: Back Left Min: 1.13, Back Right Min: 1.35
[rosout][INFO] 2025-03-27 15:08:53,530: Back Left Min: 1.13, Back Right Min: 1.35
[rosout][INFO] 2025-03-27 15:08:53,633: Back Left Min: 1.13, Back Right Min: 1.35
[rosout][INFO] 2025-03-27 15:08:53,730: Back Left Min: 1.13, Back Right Min: 1.35
[rosout][INFO] 2025-03-27 15:08:53,833: Back Left Min: 1.13, Back Right Min: 1.35
[rosout][INFO] 2025-03-27 15:08:53,930: Back Left Min: 1.13, Back Right Min: 1.35
[rosout][INFO] 2025-03-27 15:08:54,033: Back Left Min: 1.13, Back Right Min: 1.35
[rosout][INFO] 2025-03-27 15:08:54,130: Back Left Min: 1.13, Back Right Min: 1.35
[rosout][INFO] 2025-03-27 15:08:54,233: Back Left Min: 1.13, Back Right Min: 1.35
[rosout][INFO] 2025-03-27 15:08:54,330: Back Left Min: 1.13, Back Right Min: 1.35
[rosout][INFO] 2025-03-27 15:08:54,433: Back Left Min: 1.13, Back Right Min: 1.35
[rosout][INFO] 2025-03-27 15:08:54,530: Back Left Min: 1.13, Back Right Min: 1.35
[rosout][INFO] 2025-03-27 15:08:54,633: Back Left Min: 1.13, Back Right Min: 1.35
[rosout][INFO] 2025-03-27 15:08:54,730: Back Left Min: 1.13, Back Right Min: 1.35
[rosout][INFO] 2025-03-27 15:08:54,833: Back Left Min: 1.13, Back Right Min: 1.35
[rosout][INFO] 2025-03-27 15:08:54,930: Back Left Min: 1.13, Back Right Min: 1.35
[rosout][INFO] 2025-03-27 15:08:55,033: Back Left Min: 1.13, Back Right Min: 1.35
[rosout][INFO] 2025-03-27 15:08:55,130: Back Left Min: 1.13, Back Right Min: 1.35
[rosout][INFO] 2025-03-27 15:08:55,233: Back Left Min: 1.13, Back Right Min: 1.35
[rosout][INFO] 2025-03-27 15:08:55,330: Back Left Min: 1.13, Back Right Min: 1.35
[rosout][INFO] 2025-03-27 15:08:55,434: Back Left Min: 1.13, Back Right Min: 1.35
[rosout][INFO] 2025-03-27 15:08:55,531: Back Left Min: 1.13, Back Right Min: 1.35
[rosout][INFO] 2025-03-27 15:08:55,634: Back Left Min: 1.13, Back Right Min: 1.35
[rosout][INFO] 2025-03-27 15:08:55,731: Back Left Min: 1.13, Back Right Min: 1.35
[rosout][INFO] 2025-03-27 15:08:55,834: Back Left Min: 1.13, Back Right Min: 1.35
[rosout][INFO] 2025-03-27 15:08:55,931: Back Left Min: 1.13, Back Right Min: 1.35
[rosout][INFO] 2025-03-27 15:08:56,034: Back Left Min: 1.13, Back Right Min: 1.35
[rosout][INFO] 2025-03-27 15:08:56,131: Back Left Min: 1.13, Back Right Min: 1.35
[rosout][INFO] 2025-03-27 15:08:56,234: Back Left Min: 1.13, Back Right Min: 1.35
[rosout][INFO] 2025-03-27 15:08:56,331: Back Left Min: 1.13, Back Right Min: 1.35
[rosout][INFO] 2025-03-27 15:08:56,434: Back Left Min: 1.13, Back Right Min: 1.35
[rosout][INFO] 2025-03-27 15:08:56,531: Back Left Min: 1.13, Back Right Min: 1.35
[rosout][INFO] 2025-03-27 15:08:56,634: Back Left Min: 1.13, Back Right Min: 1.35
[rosout][INFO] 2025-03-27 15:08:56,731: Back Left Min: 1.13, Back Right Min: 1.35
[rosout][INFO] 2025-03-27 15:08:56,834: Back Left Min: 1.13, Back Right Min: 1.35
[rosout][INFO] 2025-03-27 15:08:56,931: Back Left Min: 1.13, Back Right Min: 1.35
[rosout][INFO] 2025-03-27 15:08:57,034: Back Left Min: 1.13, Back Right Min: 1.35
[rosout][INFO] 2025-03-27 15:08:57,131: Back Left Min: 1.13, Back Right Min: 1.35
[rosout][INFO] 2025-03-27 15:08:57,234: Back Left Min: 1.13, Back Right Min: 1.35
[rosout][INFO] 2025-03-27 15:08:57,331: Back Left Min: 1.13, Back Right Min: 1.35
[rosout][INFO] 2025-03-27 15:08:57,434: Back Left Min: 1.13, Back Right Min: 1.35
[rosout][INFO] 2025-03-27 15:08:57,531: Back Left Min: 1.13, Back Right Min: 1.35
[rosout][INFO] 2025-03-27 15:08:57,635: Back Left Min: 1.13, Back Right Min: 1.35
[rosout][INFO] 2025-03-27 15:08:57,731: Back Left Min: 1.13, Back Right Min: 1.35
[rosout][INFO] 2025-03-27 15:08:57,835: Back Left Min: 1.13, Back Right Min: 1.35
[rosout][INFO] 2025-03-27 15:08:57,932: Back Left Min: 1.13, Back Right Min: 1.35
[rosout][INFO] 2025-03-27 15:08:58,035: Back Left Min: 1.13, Back Right Min: 1.35
[rosout][INFO] 2025-03-27 15:08:58,132: Back Left Min: 1.13, Back Right Min: 1.35
[rosout][INFO] 2025-03-27 15:08:58,235: Back Left Min: 1.13, Back Right Min: 1.35
[rosout][INFO] 2025-03-27 15:08:58,332: Back Left Min: 1.13, Back Right Min: 1.35
[rosout][INFO] 2025-03-27 15:08:58,435: Back Left Min: 1.13, Back Right Min: 1.35
[rosout][INFO] 2025-03-27 15:08:58,532: Back Left Min: 1.13, Back Right Min: 1.35
[rosout][INFO] 2025-03-27 15:08:58,635: Back Left Min: 1.13, Back Right Min: 1.35
[rosout][INFO] 2025-03-27 15:08:58,732: Back Left Min: 1.13, Back Right Min: 1.35
[rosout][INFO] 2025-03-27 15:08:58,835: Back Left Min: 1.13, Back Right Min: 1.35
[rosout][INFO] 2025-03-27 15:08:58,932: Back Left Min: 1.13, Back Right Min: 1.35
[rosout][INFO] 2025-03-27 15:08:59,035: Back Left Min: 1.13, Back Right Min: 1.35
[rosout][INFO] 2025-03-27 15:08:59,132: Back Left Min: 1.13, Back Right Min: 1.35
[rosout][INFO] 2025-03-27 15:08:59,235: Back Left Min: 1.13, Back Right Min: 1.35
[rosout][INFO] 2025-03-27 15:08:59,332: Back Left Min: 1.13, Back Right Min: 1.35
[rosout][INFO] 2025-03-27 15:08:59,435: Back Left Min: 1.13, Back Right Min: 1.35
[rosout][INFO] 2025-03-27 15:08:59,532: Back Left Min: 1.13, Back Right Min: 1.35
[rosout][INFO] 2025-03-27 15:08:59,635: Back Left Min: 1.13, Back Right Min: 1.35
[rosout][INFO] 2025-03-27 15:08:59,732: Back Left Min: 1.13, Back Right Min: 1.35
[rosout][INFO] 2025-03-27 15:08:59,835: Back Left Min: 1.13, Back Right Min: 1.35
[rosout][INFO] 2025-03-27 15:08:59,932: Back Left Min: 1.13, Back Right Min: 1.35
[rosout][INFO] 2025-03-27 15:09:00,035: Back Left Min: 1.13, Back Right Min: 1.35
[rosout][INFO] 2025-03-27 15:09:00,132: Back Left Min: 1.13, Back Right Min: 1.35
[rosout][INFO] 2025-03-27 15:09:00,236: Back Left Min: 1.13, Back Right Min: 1.35
[rosout][INFO] 2025-03-27 15:09:00,332: Back Left Min: 1.13, Back Right Min: 1.35
[rosout][INFO] 2025-03-27 15:09:00,436: Back Left Min: 1.13, Back Right Min: 1.35
[rosout][INFO] 2025-03-27 15:09:00,533: Back Left Min: 1.13, Back Right Min: 1.35
[rosout][INFO] 2025-03-27 15:09:00,636: Back Left Min: 1.13, Back Right Min: 1.35
[rosout][INFO] 2025-03-27 15:09:00,733: Back Left Min: 1.13, Back Right Min: 1.35
[rosout][INFO] 2025-03-27 15:09:00,836: Back Left Min: 1.13, Back Right Min: 1.35
[rosout][INFO] 2025-03-27 15:09:00,933: Back Left Min: 1.13, Back Right Min: 1.35
[rosout][INFO] 2025-03-27 15:09:01,036: Back Left Min: 1.13, Back Right Min: 1.35
[rosout][INFO] 2025-03-27 15:09:01,133: Back Left Min: 1.13, Back Right Min: 1.35
[rosout][INFO] 2025-03-27 15:09:01,236: Back Left Min: 1.13, Back Right Min: 1.35
[rosout][INFO] 2025-03-27 15:09:01,333: Back Left Min: 1.13, Back Right Min: 1.35
[rosout][INFO] 2025-03-27 15:09:01,436: Back Left Min: 1.13, Back Right Min: 1.35
[rosout][INFO] 2025-03-27 15:09:01,533: Back Left Min: 1.13, Back Right Min: 1.35
[rosout][INFO] 2025-03-27 15:09:01,636: Back Left Min: 1.13, Back Right Min: 1.35
[rosout][INFO] 2025-03-27 15:09:01,733: Back Left Min: 1.13, Back Right Min: 1.35
[rosout][INFO] 2025-03-27 15:09:01,836: Back Left Min: 1.13, Back Right Min: 1.35
[rosout][INFO] 2025-03-27 15:09:01,933: Back Left Min: 1.13, Back Right Min: 1.35
[rosout][INFO] 2025-03-27 15:09:02,036: Back Left Min: 1.13, Back Right Min: 1.35
[rosout][INFO] 2025-03-27 15:09:02,133: Back Left Min: 1.13, Back Right Min: 1.35
[rosout][INFO] 2025-03-27 15:09:02,236: Back Left Min: 1.13, Back Right Min: 1.35
[rosout][INFO] 2025-03-27 15:09:02,333: Back Left Min: 1.13, Back Right Min: 1.35
[rosout][INFO] 2025-03-27 15:09:02,436: Back Left Min: 1.13, Back Right Min: 1.35
[rosout][INFO] 2025-03-27 15:09:02,533: Back Left Min: 1.13, Back Right Min: 1.35
[rosout][INFO] 2025-03-27 15:09:02,637: Back Left Min: 1.13, Back Right Min: 1.35
[rosout][INFO] 2025-03-27 15:09:02,734: Back Left Min: 1.13, Back Right Min: 1.35
[rosout][INFO] 2025-03-27 15:09:02,837: Back Left Min: 1.12, Back Right Min: 1.35
[rosout][INFO] 2025-03-27 15:09:02,934: Back Left Min: 1.12, Back Right Min: 1.35
[rosout][INFO] 2025-03-27 15:09:03,037: Back Left Min: 1.12, Back Right Min: 1.35
[rosout][INFO] 2025-03-27 15:09:03,134: Back Left Min: 1.12, Back Right Min: 1.35
[rosout][INFO] 2025-03-27 15:09:03,237: Back Left Min: 1.12, Back Right Min: 1.35
[rosout][INFO] 2025-03-27 15:09:03,334: Back Left Min: 1.12, Back Right Min: 1.35
[rosout][INFO] 2025-03-27 15:09:03,437: Back Left Min: 1.12, Back Right Min: 1.35
[rosout][INFO] 2025-03-27 15:09:03,534: Back Left Min: 1.12, Back Right Min: 1.35
[rosout][INFO] 2025-03-27 15:09:03,637: Back Left Min: 1.12, Back Right Min: 1.35
[rosout][INFO] 2025-03-27 15:09:03,734: Back Left Min: 1.12, Back Right Min: 1.35
[rosout][INFO] 2025-03-27 15:09:03,837: Back Left Min: 1.12, Back Right Min: 1.35
[rosout][INFO] 2025-03-27 15:09:03,934: Back Left Min: 1.12, Back Right Min: 1.35
[rosout][INFO] 2025-03-27 15:09:04,037: Back Left Min: 1.12, Back Right Min: 1.35
[rosout][INFO] 2025-03-27 15:09:04,134: Back Left Min: 1.12, Back Right Min: 1.35
[rosout][INFO] 2025-03-27 15:09:04,237: Back Left Min: 1.13, Back Right Min: 1.35
[rosout][INFO] 2025-03-27 15:09:04,334: Back Left Min: 1.13, Back Right Min: 1.35
[rosout][INFO] 2025-03-27 15:09:04,437: Back Left Min: 1.13, Back Right Min: 1.35
[rosout][INFO] 2025-03-27 15:09:04,534: Back Left Min: 1.13, Back Right Min: 1.35
[rosout][INFO] 2025-03-27 15:09:04,637: Back Left Min: 1.13, Back Right Min: 1.35
[rosout][INFO] 2025-03-27 15:09:04,734: Back Left Min: 1.13, Back Right Min: 1.35
[rosout][INFO] 2025-03-27 15:09:04,837: Back Left Min: 1.13, Back Right Min: 1.35
[rosout][INFO] 2025-03-27 15:09:04,934: Back Left Min: 1.13, Back Right Min: 1.35
[rosout][INFO] 2025-03-27 15:09:05,038: Back Left Min: 1.12, Back Right Min: 1.35
[rosout][INFO] 2025-03-27 15:09:05,134: Back Left Min: 1.12, Back Right Min: 1.35
[rosout][INFO] 2025-03-27 15:09:05,238: Back Left Min: 1.12, Back Right Min: 1.35
[rosout][INFO] 2025-03-27 15:09:05,335: Back Left Min: 1.12, Back Right Min: 1.35
[rosout][INFO] 2025-03-27 15:09:05,438: Back Left Min: 1.12, Back Right Min: 1.35
[rosout][INFO] 2025-03-27 15:09:05,535: Back Left Min: 1.12, Back Right Min: 1.35
[rosout][INFO] 2025-03-27 15:09:05,638: Back Left Min: 1.12, Back Right Min: 1.35
[rosout][INFO] 2025-03-27 15:09:05,735: Back Left Min: 1.12, Back Right Min: 1.35
[rosout][INFO] 2025-03-27 15:09:05,838: Back Left Min: 1.12, Back Right Min: 1.35
[rosout][INFO] 2025-03-27 15:09:05,935: Back Left Min: 1.12, Back Right Min: 1.35
[rosout][INFO] 2025-03-27 15:09:06,038: Back Left Min: 1.12, Back Right Min: 1.35
[rosout][INFO] 2025-03-27 15:09:06,135: Back Left Min: 1.12, Back Right Min: 1.35
[rosout][INFO] 2025-03-27 15:09:06,238: Back Left Min: 1.13, Back Right Min: 1.35
[rosout][INFO] 2025-03-27 15:09:06,335: Back Left Min: 1.13, Back Right Min: 1.35
[rosout][INFO] 2025-03-27 15:09:06,438: Back Left Min: 1.13, Back Right Min: 1.35
[rosout][INFO] 2025-03-27 15:09:06,535: Back Left Min: 1.13, Back Right Min: 1.35
[rosout][INFO] 2025-03-27 15:09:06,638: Back Left Min: 1.13, Back Right Min: 1.35
[rosout][INFO] 2025-03-27 15:09:06,735: Back Left Min: 1.13, Back Right Min: 1.35
[rosout][INFO] 2025-03-27 15:09:06,838: Back Left Min: 1.13, Back Right Min: 1.35
[rosout][INFO] 2025-03-27 15:09:06,935: Back Left Min: 1.13, Back Right Min: 1.35
[rosout][INFO] 2025-03-27 15:09:07,038: Back Left Min: 1.13, Back Right Min: 1.35
[rosout][INFO] 2025-03-27 15:09:07,135: Back Left Min: 1.13, Back Right Min: 1.35
[rosout][INFO] 2025-03-27 15:09:07,239: Back Left Min: 1.13, Back Right Min: 1.35
[rosout][INFO] 2025-03-27 15:09:07,335: Back Left Min: 1.15, Back Right Min: 1.35
[rosout][INFO] 2025-03-27 15:09:07,438: Back Left Min: 1.15, Back Right Min: 1.35
[rosout][INFO] 2025-03-27 15:09:07,535: Back Left Min: 1.15, Back Right Min: 1.35
[rosout][INFO] 2025-03-27 15:09:07,639: Back Left Min: 1.17, Back Right Min: 1.35
[rosout][INFO] 2025-03-27 15:09:07,736: Back Left Min: 1.17, Back Right Min: 1.35
[rosout][INFO] 2025-03-27 15:09:07,839: Back Left Min: 1.17, Back Right Min: 1.35
[rosout][INFO] 2025-03-27 15:09:07,936: Back Left Min: 1.17, Back Right Min: 1.35
[rosout][INFO] 2025-03-27 15:09:08,039: Back Left Min: 1.17, Back Right Min: 1.35
[rosout][INFO] 2025-03-27 15:09:08,136: Back Left Min: 1.17, Back Right Min: 1.35
[rosout][INFO] 2025-03-27 15:09:08,239: Back Left Min: 1.17, Back Right Min: 1.35
[rosout][INFO] 2025-03-27 15:09:08,336: Back Left Min: 1.17, Back Right Min: 1.35
[rosout][INFO] 2025-03-27 15:09:08,439: Back Left Min: 1.17, Back Right Min: 1.35
[rosout][INFO] 2025-03-27 15:09:08,536: Back Left Min: 1.17, Back Right Min: 1.35
[rosout][INFO] 2025-03-27 15:09:08,639: Back Left Min: 1.17, Back Right Min: 1.35
[rosout][INFO] 2025-03-27 15:09:08,736: Back Left Min: 1.17, Back Right Min: 1.35
[rosout][INFO] 2025-03-27 15:09:08,839: Back Left Min: 1.17, Back Right Min: 1.35
[rosout][INFO] 2025-03-27 15:09:08,936: Back Left Min: 1.17, Back Right Min: 1.35
[rosout][INFO] 2025-03-27 15:09:09,039: Back Left Min: 1.17, Back Right Min: 1.35
[rosout][INFO] 2025-03-27 15:09:09,136: Back Left Min: 1.17, Back Right Min: 1.35
[rosout][INFO] 2025-03-27 15:09:09,239: Back Left Min: 1.17, Back Right Min: 1.35
[rosout][INFO] 2025-03-27 15:09:09,336: Back Left Min: 1.17, Back Right Min: 1.35
[rosout][INFO] 2025-03-27 15:09:09,439: Back Left Min: 1.17, Back Right Min: 1.35
[rosout][INFO] 2025-03-27 15:09:09,536: Back Left Min: 1.17, Back Right Min: 1.35
[rosout][INFO] 2025-03-27 15:09:09,640: Back Left Min: 1.17, Back Right Min: 1.35
[rosout][INFO] 2025-03-27 15:09:09,737: Back Left Min: 1.17, Back Right Min: 1.35
[rosout][INFO] 2025-03-27 15:09:09,840: Back Left Min: 1.17, Back Right Min: 1.35
[rosout][INFO] 2025-03-27 15:09:09,936: Back Left Min: 1.17, Back Right Min: 1.35
[rosout][INFO] 2025-03-27 15:09:10,040: Back Left Min: 1.17, Back Right Min: 1.35
[rosout][INFO] 2025-03-27 15:09:10,137: Back Left Min: 1.17, Back Right Min: 1.35
[rosout][INFO] 2025-03-27 15:09:10,240: Back Left Min: 1.17, Back Right Min: 1.35
[rosout][INFO] 2025-03-27 15:09:10,337: Back Left Min: 1.17, Back Right Min: 1.35
[rosout][INFO] 2025-03-27 15:09:10,440: Back Left Min: 1.17, Back Right Min: 1.35
[rosout][INFO] 2025-03-27 15:09:10,537: Back Left Min: 1.17, Back Right Min: 1.35
[rosout][INFO] 2025-03-27 15:09:10,640: Back Left Min: 1.16, Back Right Min: 1.35
[rosout][INFO] 2025-03-27 15:09:10,737: Back Left Min: 1.16, Back Right Min: 1.35
[rosout][INFO] 2025-03-27 15:09:10,840: Back Left Min: 1.16, Back Right Min: 1.35
[rosout][INFO] 2025-03-27 15:09:10,937: Back Left Min: 1.15, Back Right Min: 1.35
[rosout][INFO] 2025-03-27 15:09:11,040: Back Left Min: 1.15, Back Right Min: 1.35
[rosout][INFO] 2025-03-27 15:09:11,137: Back Left Min: 1.15, Back Right Min: 1.35
[rosout][INFO] 2025-03-27 15:09:11,240: Back Left Min: 1.16, Back Right Min: 1.35
[rosout][INFO] 2025-03-27 15:09:11,337: Back Left Min: 1.16, Back Right Min: 1.35
[rosout][INFO] 2025-03-27 15:09:11,440: Back Left Min: 1.16, Back Right Min: 1.35
[rosout][INFO] 2025-03-27 15:09:11,537: Back Left Min: 1.16, Back Right Min: 1.35
[rosout][INFO] 2025-03-27 15:09:11,641: Back Left Min: 1.16, Back Right Min: 1.35
[rosout][INFO] 2025-03-27 15:09:11,737: Back Left Min: 1.16, Back Right Min: 1.35
[rosout][INFO] 2025-03-27 15:09:11,840: Back Left Min: 1.14, Back Right Min: 1.35
[rosout][INFO] 2025-03-27 15:09:11,937: Back Left Min: 1.14, Back Right Min: 1.35
[rosout][INFO] 2025-03-27 15:09:12,040: Back Left Min: 1.14, Back Right Min: 1.35
[rosout][INFO] 2025-03-27 15:09:12,137: Back Left Min: 1.14, Back Right Min: 1.35
[rosout][INFO] 2025-03-27 15:09:12,241: Back Left Min: 1.14, Back Right Min: 1.35
[rosout][INFO] 2025-03-27 15:09:12,337: Back Left Min: 1.13, Back Right Min: 1.35
[rosout][INFO] 2025-03-27 15:09:12,441: Back Left Min: 1.13, Back Right Min: 1.35
[rosout][INFO] 2025-03-27 15:09:12,537: Back Left Min: 1.13, Back Right Min: 1.35
[rosout][INFO] 2025-03-27 15:09:12,641: Back Left Min: 1.13, Back Right Min: 1.35
[rosout][INFO] 2025-03-27 15:09:12,738: Back Left Min: 1.13, Back Right Min: 1.35
[rosout][INFO] 2025-03-27 15:09:12,841: Back Left Min: 1.13, Back Right Min: 1.35
[rosout][INFO] 2025-03-27 15:09:12,938: Back Left Min: 1.13, Back Right Min: 1.35
[rosout][INFO] 2025-03-27 15:09:13,041: Back Left Min: 1.13, Back Right Min: 1.35
[rosout][INFO] 2025-03-27 15:09:13,138: Back Left Min: 1.13, Back Right Min: 1.35
[rosout][INFO] 2025-03-27 15:09:13,241: Back Left Min: 1.13, Back Right Min: 1.35
[rosout][INFO] 2025-03-27 15:09:13,338: Back Left Min: 1.13, Back Right Min: 1.35
[rosout][INFO] 2025-03-27 15:09:13,441: Back Left Min: 1.13, Back Right Min: 1.35
[rosout][INFO] 2025-03-27 15:09:13,538: Back Left Min: 1.13, Back Right Min: 1.35
[rosout][INFO] 2025-03-27 15:09:13,641: Back Left Min: 1.13, Back Right Min: 1.35
[rosout][INFO] 2025-03-27 15:09:13,738: Back Left Min: 1.13, Back Right Min: 1.35
[rosout][INFO] 2025-03-27 15:09:13,841: Back Left Min: 1.13, Back Right Min: 1.35
[rosout][INFO] 2025-03-27 15:09:13,938: Back Left Min: 1.13, Back Right Min: 1.35
[rosout][INFO] 2025-03-27 15:09:14,041: Back Left Min: 1.13, Back Right Min: 1.35
[rosout][INFO] 2025-03-27 15:09:14,138: Back Left Min: 1.13, Back Right Min: 1.35
[rosout][INFO] 2025-03-27 15:09:14,241: Back Left Min: 1.13, Back Right Min: 1.35
[rosout][INFO] 2025-03-27 15:09:14,338: Back Left Min: 1.13, Back Right Min: 1.35
[rosout][INFO] 2025-03-27 15:09:14,441: Back Left Min: 1.13, Back Right Min: 1.35
[rosout][INFO] 2025-03-27 15:09:14,538: Back Left Min: 1.13, Back Right Min: 1.35
[rosout][INFO] 2025-03-27 15:09:14,641: Back Left Min: 1.13, Back Right Min: 1.35
[rosout][INFO] 2025-03-27 15:09:14,738: Back Left Min: 1.13, Back Right Min: 1.35
[rosout][INFO] 2025-03-27 15:09:14,842: Back Left Min: 1.14, Back Right Min: 1.35
[rosout][INFO] 2025-03-27 15:09:14,938: Back Left Min: 1.14, Back Right Min: 1.35
[rosout][INFO] 2025-03-27 15:09:15,042: Back Left Min: 1.14, Back Right Min: 1.35
[rosout][INFO] 2025-03-27 15:09:15,139: Back Left Min: 1.13, Back Right Min: 1.35
[rosout][INFO] 2025-03-27 15:09:15,242: Back Left Min: 1.13, Back Right Min: 1.35
[rosout][INFO] 2025-03-27 15:09:15,339: Back Left Min: 1.13, Back Right Min: 1.35
[rosout][INFO] 2025-03-27 15:09:15,442: Back Left Min: 1.13, Back Right Min: 1.35
[rosout][INFO] 2025-03-27 15:09:15,539: Back Left Min: 1.13, Back Right Min: 1.35
[rosout][INFO] 2025-03-27 15:09:15,642: Back Left Min: 1.13, Back Right Min: 1.35
[rosout][INFO] 2025-03-27 15:09:15,739: Back Left Min: 1.14, Back Right Min: 1.35
[rosout][INFO] 2025-03-27 15:09:15,842: Back Left Min: 1.14, Back Right Min: 1.35
[rosout][INFO] 2025-03-27 15:09:15,939: Back Left Min: 1.14, Back Right Min: 1.35
[rosout][INFO] 2025-03-27 15:09:16,042: Back Left Min: 1.14, Back Right Min: 1.35
[rosout][INFO] 2025-03-27 15:09:16,139: Back Left Min: 1.14, Back Right Min: 1.35
[rosout][INFO] 2025-03-27 15:09:16,242: Back Left Min: 1.13, Back Right Min: 1.35
[rosout][INFO] 2025-03-27 15:09:16,339: Back Left Min: 1.13, Back Right Min: 1.35
[rosout][INFO] 2025-03-27 15:09:16,442: Back Left Min: 1.13, Back Right Min: 1.35
[rosout][INFO] 2025-03-27 15:09:16,539: Back Left Min: 1.17, Back Right Min: 1.35
[rosout][INFO] 2025-03-27 15:09:16,642: Back Left Min: 1.17, Back Right Min: 1.35
[rosout][INFO] 2025-03-27 15:09:16,739: Back Left Min: 1.17, Back Right Min: 1.35
[rosout][INFO] 2025-03-27 15:09:16,842: Back Left Min: 1.16, Back Right Min: 1.35
[rosout][INFO] 2025-03-27 15:09:16,939: Back Left Min: 1.16, Back Right Min: 1.35
[rosout][INFO] 2025-03-27 15:09:17,043: Back Left Min: 1.16, Back Right Min: 1.35
[rosout][INFO] 2025-03-27 15:09:17,140: Back Left Min: 1.13, Back Right Min: 1.35
[rosout][INFO] 2025-03-27 15:09:17,243: Back Left Min: 1.13, Back Right Min: 1.35
[rosout][INFO] 2025-03-27 15:09:17,339: Back Left Min: 1.13, Back Right Min: 1.35
[rosout][INFO] 2025-03-27 15:09:17,443: Back Left Min: 1.14, Back Right Min: 1.35
[rosout][INFO] 2025-03-27 15:09:17,540: Back Left Min: 1.14, Back Right Min: 1.35
[rosout][INFO] 2025-03-27 15:09:17,643: Back Left Min: 1.13, Back Right Min: 1.35
[rosout][INFO] 2025-03-27 15:09:17,740: Back Left Min: 1.13, Back Right Min: 1.35
[rosout][INFO] 2025-03-27 15:09:17,843: Back Left Min: 1.13, Back Right Min: 1.35
[rosout][INFO] 2025-03-27 15:09:17,940: Back Left Min: 1.13, Back Right Min: 1.35
[rosout][INFO] 2025-03-27 15:09:18,043: Back Left Min: 1.13, Back Right Min: 1.35
[rosout][INFO] 2025-03-27 15:09:18,140: Back Left Min: 1.13, Back Right Min: 1.35
[rosout][INFO] 2025-03-27 15:09:18,243: Back Left Min: 1.13, Back Right Min: 1.35
[rosout][INFO] 2025-03-27 15:09:18,340: Back Left Min: 1.13, Back Right Min: 1.35
[rosout][INFO] 2025-03-27 15:09:18,443: Back Left Min: 1.13, Back Right Min: 1.35
[rosout][INFO] 2025-03-27 15:09:18,540: Back Left Min: 1.13, Back Right Min: 1.35
[rosout][INFO] 2025-03-27 15:09:18,643: Back Left Min: 1.13, Back Right Min: 1.35
[rosout][INFO] 2025-03-27 15:09:18,740: Back Left Min: 1.13, Back Right Min: 1.35
[rosout][INFO] 2025-03-27 15:09:18,843: Back Left Min: 1.13, Back Right Min: 1.35
[rosout][INFO] 2025-03-27 15:09:18,940: Back Left Min: 1.13, Back Right Min: 1.35
[rosout][INFO] 2025-03-27 15:09:19,043: Back Left Min: 1.13, Back Right Min: 1.35
[rosout][INFO] 2025-03-27 15:09:19,140: Back Left Min: 1.13, Back Right Min: 1.35
[rosout][INFO] 2025-03-27 15:09:19,243: Back Left Min: 1.13, Back Right Min: 1.35
[rosout][INFO] 2025-03-27 15:09:19,340: Back Left Min: 1.13, Back Right Min: 1.35
[rosout][INFO] 2025-03-27 15:09:19,443: Back Left Min: 1.13, Back Right Min: 1.35
[rosout][INFO] 2025-03-27 15:09:19,540: Back Left Min: 1.13, Back Right Min: 1.35
[rosout][INFO] 2025-03-27 15:09:19,644: Back Left Min: 1.13, Back Right Min: 1.35
[rosout][INFO] 2025-03-27 15:09:19,740: Back Left Min: 1.13, Back Right Min: 1.35
[rosout][INFO] 2025-03-27 15:09:19,844: Back Left Min: 1.13, Back Right Min: 1.35
[rosout][INFO] 2025-03-27 15:09:19,941: Back Left Min: 1.14, Back Right Min: 1.35
[rosout][INFO] 2025-03-27 15:09:20,044: Back Left Min: 1.14, Back Right Min: 1.35
[rosout][INFO] 2025-03-27 15:09:20,141: Back Left Min: 1.14, Back Right Min: 1.35
[rosout][INFO] 2025-03-27 15:09:20,244: Back Left Min: 1.14, Back Right Min: 1.35
[rosout][INFO] 2025-03-27 15:09:20,341: Back Left Min: 1.14, Back Right Min: 1.35
[rosout][INFO] 2025-03-27 15:09:20,444: Back Left Min: 1.14, Back Right Min: 1.35
[rosout][INFO] 2025-03-27 15:09:20,541: Back Left Min: 1.14, Back Right Min: 1.35
[rosout][INFO] 2025-03-27 15:09:20,644: Back Left Min: 1.14, Back Right Min: 1.35
[rosout][INFO] 2025-03-27 15:09:20,741: Back Left Min: 1.14, Back Right Min: 1.35
[rosout][INFO] 2025-03-27 15:09:20,844: Back Left Min: 1.14, Back Right Min: 1.35
[rosout][INFO] 2025-03-27 15:09:20,941: Back Left Min: 1.14, Back Right Min: 1.35
[rosout][INFO] 2025-03-27 15:09:21,044: Back Left Min: 1.14, Back Right Min: 1.35
[rosout][INFO] 2025-03-27 15:09:21,141: Back Left Min: 1.14, Back Right Min: 1.35
[rosout][INFO] 2025-03-27 15:09:21,244: Back Left Min: 1.14, Back Right Min: 1.35
[rosout][INFO] 2025-03-27 15:09:21,341: Back Left Min: 1.14, Back Right Min: 1.35
[rosout][INFO] 2025-03-27 15:09:21,444: Back Left Min: 1.14, Back Right Min: 1.35
[rosout][INFO] 2025-03-27 15:09:21,541: Back Left Min: 1.14, Back Right Min: 1.35
[rosout][INFO] 2025-03-27 15:09:21,644: Back Left Min: 1.14, Back Right Min: 1.35
[rosout][INFO] 2025-03-27 15:09:21,741: Back Left Min: 1.14, Back Right Min: 1.35
[rosout][INFO] 2025-03-27 15:09:21,845: Back Left Min: 1.13, Back Right Min: 1.35
[rosout][INFO] 2025-03-27 15:09:21,941: Back Left Min: 1.13, Back Right Min: 1.35
[rosout][INFO] 2025-03-27 15:09:22,045: Back Left Min: 1.13, Back Right Min: 1.35
[rosout][INFO] 2025-03-27 15:09:22,142: Back Left Min: 1.12, Back Right Min: 1.35
[rosout][INFO] 2025-03-27 15:09:22,245: Back Left Min: 1.12, Back Right Min: 1.35
[rosout][INFO] 2025-03-27 15:09:22,342: Back Left Min: 1.12, Back Right Min: 1.35
[rosout][INFO] 2025-03-27 15:09:22,445: Back Left Min: 1.12, Back Right Min: 1.35
[rosout][INFO] 2025-03-27 15:09:22,542: Back Left Min: 1.12, Back Right Min: 1.35
[rosout][INFO] 2025-03-27 15:09:22,645: Back Left Min: 1.12, Back Right Min: 1.35
[rosout][INFO] 2025-03-27 15:09:22,742: Back Left Min: 1.12, Back Right Min: 1.35
[rosout][INFO] 2025-03-27 15:09:22,845: Back Left Min: 1.12, Back Right Min: 1.35
[rosout][INFO] 2025-03-27 15:09:22,942: Back Left Min: 1.12, Back Right Min: 1.35
[rosout][INFO] 2025-03-27 15:09:23,045: Back Left Min: 1.11, Back Right Min: 1.35
[rosout][INFO] 2025-03-27 15:09:23,142: Back Left Min: 1.11, Back Right Min: 1.35
[rosout][INFO] 2025-03-27 15:09:23,245: Back Left Min: 1.10, Back Right Min: 1.35
[rosout][INFO] 2025-03-27 15:09:23,342: Back Left Min: 1.10, Back Right Min: 1.35
[rosout][INFO] 2025-03-27 15:09:23,445: Back Left Min: 1.10, Back Right Min: 1.35
[rosout][INFO] 2025-03-27 15:09:23,542: Back Left Min: 1.09, Back Right Min: 1.35
[rosout][INFO] 2025-03-27 15:09:23,645: Back Left Min: 1.09, Back Right Min: 1.35
[rosout][INFO] 2025-03-27 15:09:23,742: Back Left Min: 1.09, Back Right Min: 1.35
[rosout][INFO] 2025-03-27 15:09:23,845: Back Left Min: 1.10, Back Right Min: 1.35
[rosout][INFO] 2025-03-27 15:09:23,942: Back Left Min: 1.10, Back Right Min: 1.35
[rosout][INFO] 2025-03-27 15:09:24,045: Back Left Min: 1.10, Back Right Min: 1.35
[rosout][INFO] 2025-03-27 15:09:24,142: Back Left Min: 1.09, Back Right Min: 1.35
[rosout][INFO] 2025-03-27 15:09:24,246: Back Left Min: 1.09, Back Right Min: 1.35
[rosout][INFO] 2025-03-27 15:09:24,342: Back Left Min: 1.09, Back Right Min: 1.35
[rosout][INFO] 2025-03-27 15:09:24,446: Back Left Min: 1.09, Back Right Min: 1.35
[rosout][INFO] 2025-03-27 15:09:24,543: Back Left Min: 1.09, Back Right Min: 1.35
[rosout][INFO] 2025-03-27 15:09:24,646: Back Left Min: 1.09, Back Right Min: 1.35
[rosout][INFO] 2025-03-27 15:09:24,743: Back Left Min: 1.10, Back Right Min: 1.35
[rosout][INFO] 2025-03-27 15:09:24,846: Back Left Min: 1.10, Back Right Min: 1.35
[rosout][INFO] 2025-03-27 15:09:24,943: Back Left Min: 1.07, Back Right Min: 1.35
[rosout][INFO] 2025-03-27 15:09:25,046: Back Left Min: 1.07, Back Right Min: 1.35
[rosout][INFO] 2025-03-27 15:09:25,143: Back Left Min: 1.07, Back Right Min: 1.35
[rosout][INFO] 2025-03-27 15:09:25,246: Back Left Min: 1.02, Back Right Min: 1.35
[rosout][INFO] 2025-03-27 15:09:25,343: Back Left Min: 1.02, Back Right Min: 1.35
[rosout][INFO] 2025-03-27 15:09:25,446: Back Left Min: 1.02, Back Right Min: 1.35
[rosout][INFO] 2025-03-27 15:09:25,543: Back Left Min: 0.92, Back Right Min: 1.35
[rosout][INFO] 2025-03-27 15:09:25,646: Back Left Min: 0.92, Back Right Min: 1.35
[rosout][INFO] 2025-03-27 15:09:25,743: Back Left Min: 0.92, Back Right Min: 1.35
[rosout][INFO] 2025-03-27 15:09:25,846: Back Left Min: 0.88, Back Right Min: 1.35
[rosout][INFO] 2025-03-27 15:09:25,943: Back Left Min: 0.88, Back Right Min: 1.35
[rosout][INFO] 2025-03-27 15:09:26,046: Back Left Min: 0.88, Back Right Min: 1.35
[rosout][INFO] 2025-03-27 15:09:26,143: Back Left Min: 0.86, Back Right Min: 1.35
[rosout][INFO] 2025-03-27 15:09:26,246: Back Left Min: 0.86, Back Right Min: 1.35
[rosout][INFO] 2025-03-27 15:09:26,344: Back Left Min: 0.86, Back Right Min: 1.35
[rosout][INFO] 2025-03-27 15:09:26,446: Back Left Min: 0.84, Back Right Min: 1.35
[rosout][INFO] 2025-03-27 15:09:26,543: Back Left Min: 0.84, Back Right Min: 1.35
[rosout][INFO] 2025-03-27 15:09:26,646: Back Left Min: 1.17, Back Right Min: 1.35
[rosout][INFO] 2025-03-27 15:09:26,743: Back Left Min: 0.96, Back Right Min: 1.35
[rosout][INFO] 2025-03-27 15:09:26,847: Back Left Min: 0.96, Back Right Min: 1.35
[rosout][INFO] 2025-03-27 15:09:26,943: Back Left Min: 0.96, Back Right Min: 1.35
[rosout][INFO] 2025-03-27 15:09:27,047: Back Left Min: 1.17, Back Right Min: 1.35
[rosout][INFO] 2025-03-27 15:09:27,143: Back Left Min: 1.17, Back Right Min: 1.35
[rosout][INFO] 2025-03-27 15:09:27,247: Back Left Min: 0.78, Back Right Min: 1.35
[rosout][INFO] 2025-03-27 15:09:27,344: Back Left Min: 0.78, Back Right Min: 1.35
[rosout][INFO] 2025-03-27 15:09:27,447: Back Left Min: 0.78, Back Right Min: 1.35
[rosout][INFO] 2025-03-27 15:09:27,544: Back Left Min: 0.78, Back Right Min: 1.35
[rosout][INFO] 2025-03-27 15:09:27,647: Back Left Min: 0.78, Back Right Min: 1.35
[rosout][INFO] 2025-03-27 15:09:27,744: Back Left Min: 0.78, Back Right Min: 1.35
[rosout][INFO] 2025-03-27 15:09:27,847: Back Left Min: 0.79, Back Right Min: 1.35
[rosout][INFO] 2025-03-27 15:09:27,944: Back Left Min: 0.79, Back Right Min: 1.35
[rosout][INFO] 2025-03-27 15:09:28,047: Back Left Min: 0.79, Back Right Min: 1.35
[rosout][INFO] 2025-03-27 15:09:28,144: Back Left Min: 0.81, Back Right Min: 1.35
[rosout][INFO] 2025-03-27 15:09:28,247: Back Left Min: 0.81, Back Right Min: 1.35
[rosout][INFO] 2025-03-27 15:09:28,344: Back Left Min: 0.81, Back Right Min: 1.35
[rosout][INFO] 2025-03-27 15:09:28,447: Back Left Min: 0.83, Back Right Min: 1.35
[rosout][INFO] 2025-03-27 15:09:28,544: Back Left Min: 0.83, Back Right Min: 1.35
[rosout][INFO] 2025-03-27 15:09:28,647: Back Left Min: 0.87, Back Right Min: 1.35
[rosout][INFO] 2025-03-27 15:09:28,744: Back Left Min: 0.87, Back Right Min: 1.35
[rosout][INFO] 2025-03-27 15:09:28,847: Back Left Min: 0.87, Back Right Min: 1.35
[rosout][INFO] 2025-03-27 15:09:28,944: Back Left Min: 0.92, Back Right Min: 1.35
[rosout][INFO] 2025-03-27 15:09:29,047: Back Left Min: 0.92, Back Right Min: 1.35
[rosout][INFO] 2025-03-27 15:09:29,144: Back Left Min: 0.92, Back Right Min: 1.35
[rosout][INFO] 2025-03-27 15:09:29,247: Back Left Min: 0.90, Back Right Min: 1.35
[rosout][INFO] 2025-03-27 15:09:29,344: Back Left Min: 0.90, Back Right Min: 1.35
[rosout][INFO] 2025-03-27 15:09:29,448: Back Left Min: 0.87, Back Right Min: 1.35
[rosout][INFO] 2025-03-27 15:09:29,544: Back Left Min: 0.87, Back Right Min: 1.35
[rosout][INFO] 2025-03-27 15:09:29,648: Back Left Min: 0.87, Back Right Min: 1.35
[rosout][INFO] 2025-03-27 15:09:29,745: Back Left Min: 0.87, Back Right Min: 1.35
[rosout][INFO] 2025-03-27 15:09:29,848: Back Left Min: 0.87, Back Right Min: 1.35
[rosout][INFO] 2025-03-27 15:09:29,945: Back Left Min: 0.87, Back Right Min: 1.35
[rosout][INFO] 2025-03-27 15:09:30,048: Back Left Min: 0.88, Back Right Min: 1.35
[rosout][INFO] 2025-03-27 15:09:30,145: Back Left Min: 0.88, Back Right Min: 1.35
[rosout][INFO] 2025-03-27 15:09:30,248: Back Left Min: 0.88, Back Right Min: 1.35
[rosout][INFO] 2025-03-27 15:09:30,345: Back Left Min: 0.88, Back Right Min: 1.35
[rosout][INFO] 2025-03-27 15:09:30,448: Back Left Min: 0.88, Back Right Min: 1.35
[rosout][INFO] 2025-03-27 15:09:30,545: Back Left Min: 0.88, Back Right Min: 1.35
[rosout][INFO] 2025-03-27 15:09:30,648: Back Left Min: 0.86, Back Right Min: 1.35
[rosout][INFO] 2025-03-27 15:09:30,745: Back Left Min: 0.86, Back Right Min: 1.35
[rosout][INFO] 2025-03-27 15:09:30,848: Back Left Min: 0.87, Back Right Min: 1.35
[rosout][INFO] 2025-03-27 15:09:30,945: Back Left Min: 0.87, Back Right Min: 1.35
[rosout][INFO] 2025-03-27 15:09:31,048: Back Left Min: 0.87, Back Right Min: 1.35
[rosout][INFO] 2025-03-27 15:09:31,145: Back Left Min: 0.86, Back Right Min: 1.35
[rosout][INFO] 2025-03-27 15:09:31,248: Back Left Min: 0.86, Back Right Min: 1.35
[rosout][INFO] 2025-03-27 15:09:31,345: Back Left Min: 0.86, Back Right Min: 1.35
[rosout][INFO] 2025-03-27 15:09:31,448: Back Left Min: 0.86, Back Right Min: 1.35
[rosout][INFO] 2025-03-27 15:09:31,545: Back Left Min: 0.86, Back Right Min: 1.35
[rosout][INFO] 2025-03-27 15:09:31,649: Back Left Min: 0.86, Back Right Min: 1.35
[rosout][INFO] 2025-03-27 15:09:31,746: Back Left Min: 0.86, Back Right Min: 1.35
[rosout][INFO] 2025-03-27 15:09:31,849: Back Left Min: 0.86, Back Right Min: 1.35
[rosout][INFO] 2025-03-27 15:09:31,946: Back Left Min: 0.86, Back Right Min: 1.35
[rosout][INFO] 2025-03-27 15:09:32,049: Back Left Min: 0.86, Back Right Min: 1.35
[rosout][INFO] 2025-03-27 15:09:32,146: Back Left Min: 0.86, Back Right Min: 1.35
[rosout][INFO] 2025-03-27 15:09:32,249: Back Left Min: 0.86, Back Right Min: 1.35
[rosout][INFO] 2025-03-27 15:09:32,346: Back Left Min: 0.86, Back Right Min: 1.35
[rosout][INFO] 2025-03-27 15:09:32,449: Back Left Min: 0.86, Back Right Min: 1.35
[rosout][INFO] 2025-03-27 15:09:32,546: Back Left Min: 0.86, Back Right Min: 1.35
[rosout][INFO] 2025-03-27 15:09:32,649: Back Left Min: 0.86, Back Right Min: 1.35
[rosout][INFO] 2025-03-27 15:09:32,746: Back Left Min: 0.86, Back Right Min: 1.35
[rosout][INFO] 2025-03-27 15:09:32,849: Back Left Min: 0.86, Back Right Min: 1.35
[rosout][INFO] 2025-03-27 15:09:32,946: Back Left Min: 0.86, Back Right Min: 1.35
[rosout][INFO] 2025-03-27 15:09:33,049: Back Left Min: 0.86, Back Right Min: 1.35
[rosout][INFO] 2025-03-27 15:09:33,146: Back Left Min: 0.86, Back Right Min: 1.35
[rosout][INFO] 2025-03-27 15:09:33,249: Back Left Min: 0.86, Back Right Min: 1.35
[rosout][INFO] 2025-03-27 15:09:33,346: Back Left Min: 0.86, Back Right Min: 1.35
[rosout][INFO] 2025-03-27 15:09:33,449: Back Left Min: 0.86, Back Right Min: 1.35
[rosout][INFO] 2025-03-27 15:09:33,546: Back Left Min: 0.86, Back Right Min: 1.35
[rosout][INFO] 2025-03-27 15:09:33,649: Back Left Min: 0.86, Back Right Min: 1.35
[rosout][INFO] 2025-03-27 15:09:33,746: Back Left Min: 0.86, Back Right Min: 1.35
[rosout][INFO] 2025-03-27 15:09:33,849: Back Left Min: 0.86, Back Right Min: 1.35
[rosout][INFO] 2025-03-27 15:09:33,946: Back Left Min: 0.86, Back Right Min: 1.35
[rosout][INFO] 2025-03-27 15:09:34,050: Back Left Min: 0.86, Back Right Min: 1.35
[rosout][INFO] 2025-03-27 15:09:34,146: Back Left Min: 0.86, Back Right Min: 1.35
[rosout][INFO] 2025-03-27 15:09:34,250: Back Left Min: 0.87, Back Right Min: 1.35
[rosout][INFO] 2025-03-27 15:09:34,346: Back Left Min: 0.87, Back Right Min: 1.35
[rosout][INFO] 2025-03-27 15:09:34,450: Back Left Min: 0.87, Back Right Min: 1.35
