[rospy.client][INFO] 2025-03-21 14:44:33,104: init_node, name[/sonar_distance_monitor_3035_1742543073092], pid[3035]
[xmlrpc][INFO] 2025-03-21 14:44:33,104: XML-RPC server binding to 127.0.0.1:0
[xmlrpc][INFO] 2025-03-21 14:44:33,104: Started XML-RPC server [http://localhost:38823/]
[rospy.init][INFO] 2025-03-21 14:44:33,104: ROS Slave URI: [http://localhost:38823/]
[rospy.impl.masterslave][INFO] 2025-03-21 14:44:33,104: _ready: http://localhost:38823/
[rospy.registration][INFO] 2025-03-21 14:44:33,105: Registering with master node http://localhost:11311
[xmlrpc][INFO] 2025-03-21 14:44:33,105: xml rpc node: starting XML-RPC server
[rospy.init][INFO] 2025-03-21 14:44:33,205: registered with master
[rospy.rosout][INFO] 2025-03-21 14:44:33,205: initializing /rosout core topic
[rospy.rosout][INFO] 2025-03-21 14:44:33,211: connected to core topic /rosout
[rospy.simtime][INFO] 2025-03-21 14:44:33,214: /use_sim_time is not set, will not subscribe to simulated time [/clock] topic
[rosout][INFO] 2025-03-21 14:44:33,231: Sonar distance monitor initialized
[rosout][INFO] 2025-03-21 14:44:33,232: Monitoring for the 5 closest sonar readings
[rosout][INFO] 2025-03-21 14:44:33,233: Sonar distance monitor running. Press Ctrl+C to stop.
[rospy.internal][INFO] 2025-03-21 14:44:33,272: topic[/RosAria/sonar] adding connection to [http://localhost:39253/], count 0
[rospy.internal][INFO] 2025-03-21 14:44:33,416: topic[/rosout] adding connection to [/rosout], count 0
[rosout][INFO] 2025-03-21 14:44:33,734: 
--- 5 Closest Sonar Readings ---
[rosout][INFO] 2025-03-21 14:44:33,735: Rank | Sensor ID | Distance (m) | Angle (deg) | Position (x,y)
[rosout][INFO] 2025-03-21 14:44:33,736: -------------------------------------------------
[rospy.core][INFO] 2025-03-21 14:44:37,938: signal_shutdown [signal-2]
[rospy.internal][INFO] 2025-03-21 14:44:37,946: topic[/rosout] removing connection to /rosout
[rospy.internal][INFO] 2025-03-21 14:44:37,946: topic[/RosAria/sonar] removing connection to http://localhost:39253/
[rospy.impl.masterslave][INFO] 2025-03-21 14:44:37,947: signal-2
[rospy.core][INFO] 2025-03-21 14:44:38,112: signal_shutdown [atexit]
