[rospy.client][INFO] 2025-03-27 14:26:38,411: init_node, name[/sonar_processor_5181_1743060398399], pid[5181]
[xmlrpc][INFO] 2025-03-27 14:26:38,411: XML-RPC server binding to 127.0.0.1:0
[xmlrpc][INFO] 2025-03-27 14:26:38,411: Started XML-RPC server [http://localhost:40623/]
[rospy.init][INFO] 2025-03-27 14:26:38,412: ROS Slave URI: [http://localhost:40623/]
[rospy.impl.masterslave][INFO] 2025-03-27 14:26:38,412: _ready: http://localhost:40623/
[rospy.registration][INFO] 2025-03-27 14:26:38,413: Registering with master node http://localhost:11311
[xmlrpc][INFO] 2025-03-27 14:26:38,413: xml rpc node: starting XML-RPC server
[rospy.init][INFO] 2025-03-27 14:26:38,512: registered with master
[rospy.rosout][INFO] 2025-03-27 14:26:38,512: initializing /rosout core topic
[rospy.rosout][INFO] 2025-03-27 14:26:38,519: connected to core topic /rosout
[rospy.simtime][INFO] 2025-03-27 14:26:38,522: /use_sim_time is not set, will not subscribe to simulated time [/clock] topic
[rosout][INFO] 2025-03-27 14:26:38,535: Sonar processor initialized
[rospy.internal][INFO] 2025-03-27 14:26:38,580: topic[/RosAria/sonar] adding connection to [http://localhost:37299/], count 0
[rosout][ERROR] 2025-03-27 14:26:38,607: bad callback: <bound method SonarProcessor.sonar_callback of <__main__.SonarProcessor instance at 0x7f599bb031b8>>
Traceback (most recent call last):
  File "/opt/ros/kinetic/lib/python2.7/dist-packages/rospy/topics.py", line 750, in _invoke_callback
    cb(msg)
  File "sonar_get_min_dist.py", line 28, in sonar_callback
    self.back_left_min, self.back_right_min = self.process_sonar_data(data)
  File "sonar_get_min_dist.py", line 57, in process_sonar_data
    self.pub_dists(min_dist)
  File "sonar_get_min_dist.py", line 73, in pub_dists
    pub.publish(min_distances)
  File "/opt/ros/kinetic/lib/python2.7/dist-packages/rospy/topics.py", line 879, in publish
    data = args_kwds_to_message(self.data_class, args, kwds)
  File "/opt/ros/kinetic/lib/python2.7/dist-packages/rospy/msg.py", line 122, in args_kwds_to_message
    return data_class(*args)
  File "/opt/ros/kinetic/lib/python2.7/dist-packages/std_msgs/msg/_Float32MultiArray.py", line 74, in __init__
    super(Float32MultiArray, self).__init__(*args, **kwds)
  File "/opt/ros/kinetic/lib/python2.7/dist-packages/genpy/message.py", line 344, in __init__
    raise TypeError('Invalid number of arguments, args should be %s' % str(self.__slots__) + ' args are' + str(args))
TypeError: Invalid number of arguments, args should be ['layout', 'data'] args are((1.1676664285684515, 1.243097113575243),)

[rosout][ERROR] 2025-03-27 14:26:38,712: bad callback: <bound method SonarProcessor.sonar_callback of <__main__.SonarProcessor instance at 0x7f599bb031b8>>
Traceback (most recent call last):
  File "/opt/ros/kinetic/lib/python2.7/dist-packages/rospy/topics.py", line 750, in _invoke_callback
    cb(msg)
  File "sonar_get_min_dist.py", line 28, in sonar_callback
    self.back_left_min, self.back_right_min = self.process_sonar_data(data)
  File "sonar_get_min_dist.py", line 57, in process_sonar_data
    self.pub_dists(min_dist)
  File "sonar_get_min_dist.py", line 73, in pub_dists
    pub.publish(min_distances)
  File "/opt/ros/kinetic/lib/python2.7/dist-packages/rospy/topics.py", line 879, in publish
    data = args_kwds_to_message(self.data_class, args, kwds)
  File "/opt/ros/kinetic/lib/python2.7/dist-packages/rospy/msg.py", line 122, in args_kwds_to_message
    return data_class(*args)
  File "/opt/ros/kinetic/lib/python2.7/dist-packages/std_msgs/msg/_Float32MultiArray.py", line 74, in __init__
    super(Float32MultiArray, self).__init__(*args, **kwds)
  File "/opt/ros/kinetic/lib/python2.7/dist-packages/genpy/message.py", line 344, in __init__
    raise TypeError('Invalid number of arguments, args should be %s' % str(self.__slots__) + ' args are' + str(args))
TypeError: Invalid number of arguments, args should be ['layout', 'data'] args are((1.1676664285684515, 1.2727091041233196),)

[rospy.internal][INFO] 2025-03-27 14:26:38,763: topic[/rosout] adding connection to [/rosout], count 0
[rosout][ERROR] 2025-03-27 14:26:38,809: bad callback: <bound method SonarProcessor.sonar_callback of <__main__.SonarProcessor instance at 0x7f599bb031b8>>
Traceback (most recent call last):
  File "/opt/ros/kinetic/lib/python2.7/dist-packages/rospy/topics.py", line 750, in _invoke_callback
    cb(msg)
  File "sonar_get_min_dist.py", line 28, in sonar_callback
    self.back_left_min, self.back_right_min = self.process_sonar_data(data)
  File "sonar_get_min_dist.py", line 57, in process_sonar_data
    self.pub_dists(min_dist)
  File "sonar_get_min_dist.py", line 73, in pub_dists
    pub.publish(min_distances)
  File "/opt/ros/kinetic/lib/python2.7/dist-packages/rospy/topics.py", line 879, in publish
    data = args_kwds_to_message(self.data_class, args, kwds)
  File "/opt/ros/kinetic/lib/python2.7/dist-packages/rospy/msg.py", line 122, in args_kwds_to_message
    return data_class(*args)
  File "/opt/ros/kinetic/lib/python2.7/dist-packages/std_msgs/msg/_Float32MultiArray.py", line 74, in __init__
    super(Float32MultiArray, self).__init__(*args, **kwds)
  File "/opt/ros/kinetic/lib/python2.7/dist-packages/genpy/message.py", line 344, in __init__
    raise TypeError('Invalid number of arguments, args should be %s' % str(self.__slots__) + ' args are' + str(args))
TypeError: Invalid number of arguments, args should be ['layout', 'data'] args are((1.1676664285684515, 1.2727091041233196),)

[rosout][ERROR] 2025-03-27 14:26:38,912: bad callback: <bound method SonarProcessor.sonar_callback of <__main__.SonarProcessor instance at 0x7f599bb031b8>>
Traceback (most recent call last):
  File "/opt/ros/kinetic/lib/python2.7/dist-packages/rospy/topics.py", line 750, in _invoke_callback
    cb(msg)
  File "sonar_get_min_dist.py", line 28, in sonar_callback
    self.back_left_min, self.back_right_min = self.process_sonar_data(data)
  File "sonar_get_min_dist.py", line 57, in process_sonar_data
    self.pub_dists(min_dist)
  File "sonar_get_min_dist.py", line 73, in pub_dists
    pub.publish(min_distances)
  File "/opt/ros/kinetic/lib/python2.7/dist-packages/rospy/topics.py", line 879, in publish
    data = args_kwds_to_message(self.data_class, args, kwds)
  File "/opt/ros/kinetic/lib/python2.7/dist-packages/rospy/msg.py", line 122, in args_kwds_to_message
    return data_class(*args)
  File "/opt/ros/kinetic/lib/python2.7/dist-packages/std_msgs/msg/_Float32MultiArray.py", line 74, in __init__
    super(Float32MultiArray, self).__init__(*args, **kwds)
  File "/opt/ros/kinetic/lib/python2.7/dist-packages/genpy/message.py", line 344, in __init__
    raise TypeError('Invalid number of arguments, args should be %s' % str(self.__slots__) + ' args are' + str(args))
TypeError: Invalid number of arguments, args should be ['layout', 'data'] args are((0.7231105591153124, 1.2727091041233196),)

[rosout][ERROR] 2025-03-27 14:26:39,009: bad callback: <bound method SonarProcessor.sonar_callback of <__main__.SonarProcessor instance at 0x7f599bb031b8>>
Traceback (most recent call last):
  File "/opt/ros/kinetic/lib/python2.7/dist-packages/rospy/topics.py", line 750, in _invoke_callback
    cb(msg)
  File "sonar_get_min_dist.py", line 28, in sonar_callback
    self.back_left_min, self.back_right_min = self.process_sonar_data(data)
  File "sonar_get_min_dist.py", line 57, in process_sonar_data
    self.pub_dists(min_dist)
  File "sonar_get_min_dist.py", line 73, in pub_dists
    pub.publish(min_distances)
  File "/opt/ros/kinetic/lib/python2.7/dist-packages/rospy/topics.py", line 879, in publish
    data = args_kwds_to_message(self.data_class, args, kwds)
  File "/opt/ros/kinetic/lib/python2.7/dist-packages/rospy/msg.py", line 122, in args_kwds_to_message
    return data_class(*args)
  File "/opt/ros/kinetic/lib/python2.7/dist-packages/std_msgs/msg/_Float32MultiArray.py", line 74, in __init__
    super(Float32MultiArray, self).__init__(*args, **kwds)
  File "/opt/ros/kinetic/lib/python2.7/dist-packages/genpy/message.py", line 344, in __init__
    raise TypeError('Invalid number of arguments, args should be %s' % str(self.__slots__) + ' args are' + str(args))
TypeError: Invalid number of arguments, args should be ['layout', 'data'] args are((0.7231105591153124, 1.2756712971443969),)

[rosout][ERROR] 2025-03-27 14:26:39,112: bad callback: <bound method SonarProcessor.sonar_callback of <__main__.SonarProcessor instance at 0x7f599bb031b8>>
Traceback (most recent call last):
  File "/opt/ros/kinetic/lib/python2.7/dist-packages/rospy/topics.py", line 750, in _invoke_callback
    cb(msg)
  File "sonar_get_min_dist.py", line 28, in sonar_callback
    self.back_left_min, self.back_right_min = self.process_sonar_data(data)
  File "sonar_get_min_dist.py", line 57, in process_sonar_data
    self.pub_dists(min_dist)
  File "sonar_get_min_dist.py", line 73, in pub_dists
    pub.publish(min_distances)
  File "/opt/ros/kinetic/lib/python2.7/dist-packages/rospy/topics.py", line 879, in publish
    data = args_kwds_to_message(self.data_class, args, kwds)
  File "/opt/ros/kinetic/lib/python2.7/dist-packages/rospy/msg.py", line 122, in args_kwds_to_message
    return data_class(*args)
  File "/opt/ros/kinetic/lib/python2.7/dist-packages/std_msgs/msg/_Float32MultiArray.py", line 74, in __init__
    super(Float32MultiArray, self).__init__(*args, **kwds)
  File "/opt/ros/kinetic/lib/python2.7/dist-packages/genpy/message.py", line 344, in __init__
    raise TypeError('Invalid number of arguments, args should be %s' % str(self.__slots__) + ' args are' + str(args))
TypeError: Invalid number of arguments, args should be ['layout', 'data'] args are((0.7231105591153124, 1.2756712971443969),)

[rosout][ERROR] 2025-03-27 14:26:39,209: bad callback: <bound method SonarProcessor.sonar_callback of <__main__.SonarProcessor instance at 0x7f599bb031b8>>
Traceback (most recent call last):
  File "/opt/ros/kinetic/lib/python2.7/dist-packages/rospy/topics.py", line 750, in _invoke_callback
    cb(msg)
  File "sonar_get_min_dist.py", line 28, in sonar_callback
    self.back_left_min, self.back_right_min = self.process_sonar_data(data)
  File "sonar_get_min_dist.py", line 57, in process_sonar_data
    self.pub_dists(min_dist)
  File "sonar_get_min_dist.py", line 73, in pub_dists
    pub.publish(min_distances)
  File "/opt/ros/kinetic/lib/python2.7/dist-packages/rospy/topics.py", line 879, in publish
    data = args_kwds_to_message(self.data_class, args, kwds)
  File "/opt/ros/kinetic/lib/python2.7/dist-packages/rospy/msg.py", line 122, in args_kwds_to_message
    return data_class(*args)
  File "/opt/ros/kinetic/lib/python2.7/dist-packages/std_msgs/msg/_Float32MultiArray.py", line 74, in __init__
    super(Float32MultiArray, self).__init__(*args, **kwds)
  File "/opt/ros/kinetic/lib/python2.7/dist-packages/genpy/message.py", line 344, in __init__
    raise TypeError('Invalid number of arguments, args should be %s' % str(self.__slots__) + ' args are' + str(args))
TypeError: Invalid number of arguments, args should be ['layout', 'data'] args are((1.1676664285684515, 1.2756712971443969),)

[rosout][ERROR] 2025-03-27 14:26:39,312: bad callback: <bound method SonarProcessor.sonar_callback of <__main__.SonarProcessor instance at 0x7f599bb031b8>>
Traceback (most recent call last):
  File "/opt/ros/kinetic/lib/python2.7/dist-packages/rospy/topics.py", line 750, in _invoke_callback
    cb(msg)
  File "sonar_get_min_dist.py", line 28, in sonar_callback
    self.back_left_min, self.back_right_min = self.process_sonar_data(data)
  File "sonar_get_min_dist.py", line 57, in process_sonar_data
    self.pub_dists(min_dist)
  File "sonar_get_min_dist.py", line 73, in pub_dists
    pub.publish(min_distances)
  File "/opt/ros/kinetic/lib/python2.7/dist-packages/rospy/topics.py", line 879, in publish
    data = args_kwds_to_message(self.data_class, args, kwds)
  File "/opt/ros/kinetic/lib/python2.7/dist-packages/rospy/msg.py", line 122, in args_kwds_to_message
    return data_class(*args)
  File "/opt/ros/kinetic/lib/python2.7/dist-packages/std_msgs/msg/_Float32MultiArray.py", line 74, in __init__
    super(Float32MultiArray, self).__init__(*args, **kwds)
  File "/opt/ros/kinetic/lib/python2.7/dist-packages/genpy/message.py", line 344, in __init__
    raise TypeError('Invalid number of arguments, args should be %s' % str(self.__slots__) + ' args are' + str(args))
TypeError: Invalid number of arguments, args should be ['layout', 'data'] args are((1.1676664285684515, 1.2756712971443969),)

[rosout][ERROR] 2025-03-27 14:26:39,409: bad callback: <bound method SonarProcessor.sonar_callback of <__main__.SonarProcessor instance at 0x7f599bb031b8>>
Traceback (most recent call last):
  File "/opt/ros/kinetic/lib/python2.7/dist-packages/rospy/topics.py", line 750, in _invoke_callback
    cb(msg)
  File "sonar_get_min_dist.py", line 28, in sonar_callback
    self.back_left_min, self.back_right_min = self.process_sonar_data(data)
  File "sonar_get_min_dist.py", line 57, in process_sonar_data
    self.pub_dists(min_dist)
  File "sonar_get_min_dist.py", line 73, in pub_dists
    pub.publish(min_distances)
  File "/opt/ros/kinetic/lib/python2.7/dist-packages/rospy/topics.py", line 879, in publish
    data = args_kwds_to_message(self.data_class, args, kwds)
  File "/opt/ros/kinetic/lib/python2.7/dist-packages/rospy/msg.py", line 122, in args_kwds_to_message
    return data_class(*args)
  File "/opt/ros/kinetic/lib/python2.7/dist-packages/std_msgs/msg/_Float32MultiArray.py", line 74, in __init__
    super(Float32MultiArray, self).__init__(*args, **kwds)
  File "/opt/ros/kinetic/lib/python2.7/dist-packages/genpy/message.py", line 344, in __init__
    raise TypeError('Invalid number of arguments, args should be %s' % str(self.__slots__) + ' args are' + str(args))
TypeError: Invalid number of arguments, args should be ['layout', 'data'] args are((1.1676664285684515, 1.2756712971443969),)

[rosout][ERROR] 2025-03-27 14:26:39,512: bad callback: <bound method SonarProcessor.sonar_callback of <__main__.SonarProcessor instance at 0x7f599bb031b8>>
Traceback (most recent call last):
  File "/opt/ros/kinetic/lib/python2.7/dist-packages/rospy/topics.py", line 750, in _invoke_callback
    cb(msg)
  File "sonar_get_min_dist.py", line 28, in sonar_callback
    self.back_left_min, self.back_right_min = self.process_sonar_data(data)
  File "sonar_get_min_dist.py", line 57, in process_sonar_data
    self.pub_dists(min_dist)
  File "sonar_get_min_dist.py", line 73, in pub_dists
    pub.publish(min_distances)
  File "/opt/ros/kinetic/lib/python2.7/dist-packages/rospy/topics.py", line 879, in publish
    data = args_kwds_to_message(self.data_class, args, kwds)
  File "/opt/ros/kinetic/lib/python2.7/dist-packages/rospy/msg.py", line 122, in args_kwds_to_message
    return data_class(*args)
  File "/opt/ros/kinetic/lib/python2.7/dist-packages/std_msgs/msg/_Float32MultiArray.py", line 74, in __init__
    super(Float32MultiArray, self).__init__(*args, **kwds)
  File "/opt/ros/kinetic/lib/python2.7/dist-packages/genpy/message.py", line 344, in __init__
    raise TypeError('Invalid number of arguments, args should be %s' % str(self.__slots__) + ' args are' + str(args))
TypeError: Invalid number of arguments, args should be ['layout', 'data'] args are((1.1676664285684515, 1.2796210848960652),)

[rosout][ERROR] 2025-03-27 14:26:39,609: bad callback: <bound method SonarProcessor.sonar_callback of <__main__.SonarProcessor instance at 0x7f599bb031b8>>
Traceback (most recent call last):
  File "/opt/ros/kinetic/lib/python2.7/dist-packages/rospy/topics.py", line 750, in _invoke_callback
    cb(msg)
  File "sonar_get_min_dist.py", line 28, in sonar_callback
    self.back_left_min, self.back_right_min = self.process_sonar_data(data)
  File "sonar_get_min_dist.py", line 57, in process_sonar_data
    self.pub_dists(min_dist)
  File "sonar_get_min_dist.py", line 73, in pub_dists
    pub.publish(min_distances)
  File "/opt/ros/kinetic/lib/python2.7/dist-packages/rospy/topics.py", line 879, in publish
    data = args_kwds_to_message(self.data_class, args, kwds)
  File "/opt/ros/kinetic/lib/python2.7/dist-packages/rospy/msg.py", line 122, in args_kwds_to_message
    return data_class(*args)
  File "/opt/ros/kinetic/lib/python2.7/dist-packages/std_msgs/msg/_Float32MultiArray.py", line 74, in __init__
    super(Float32MultiArray, self).__init__(*args, **kwds)
  File "/opt/ros/kinetic/lib/python2.7/dist-packages/genpy/message.py", line 344, in __init__
    raise TypeError('Invalid number of arguments, args should be %s' % str(self.__slots__) + ' args are' + str(args))
TypeError: Invalid number of arguments, args should be ['layout', 'data'] args are((1.1676664285684515, 1.2796210848960652),)

[rosout][ERROR] 2025-03-27 14:26:39,712: bad callback: <bound method SonarProcessor.sonar_callback of <__main__.SonarProcessor instance at 0x7f599bb031b8>>
Traceback (most recent call last):
  File "/opt/ros/kinetic/lib/python2.7/dist-packages/rospy/topics.py", line 750, in _invoke_callback
    cb(msg)
  File "sonar_get_min_dist.py", line 28, in sonar_callback
    self.back_left_min, self.back_right_min = self.process_sonar_data(data)
  File "sonar_get_min_dist.py", line 57, in process_sonar_data
    self.pub_dists(min_dist)
  File "sonar_get_min_dist.py", line 73, in pub_dists
    pub.publish(min_distances)
  File "/opt/ros/kinetic/lib/python2.7/dist-packages/rospy/topics.py", line 879, in publish
    data = args_kwds_to_message(self.data_class, args, kwds)
  File "/opt/ros/kinetic/lib/python2.7/dist-packages/rospy/msg.py", line 122, in args_kwds_to_message
    return data_class(*args)
  File "/opt/ros/kinetic/lib/python2.7/dist-packages/std_msgs/msg/_Float32MultiArray.py", line 74, in __init__
    super(Float32MultiArray, self).__init__(*args, **kwds)
  File "/opt/ros/kinetic/lib/python2.7/dist-packages/genpy/message.py", line 344, in __init__
    raise TypeError('Invalid number of arguments, args should be %s' % str(self.__slots__) + ' args are' + str(args))
TypeError: Invalid number of arguments, args should be ['layout', 'data'] args are((1.1676664285684515, 1.2796210848960652),)

[rosout][ERROR] 2025-03-27 14:26:39,809: bad callback: <bound method SonarProcessor.sonar_callback of <__main__.SonarProcessor instance at 0x7f599bb031b8>>
Traceback (most recent call last):
  File "/opt/ros/kinetic/lib/python2.7/dist-packages/rospy/topics.py", line 750, in _invoke_callback
    cb(msg)
  File "sonar_get_min_dist.py", line 28, in sonar_callback
    self.back_left_min, self.back_right_min = self.process_sonar_data(data)
  File "sonar_get_min_dist.py", line 57, in process_sonar_data
    self.pub_dists(min_dist)
  File "sonar_get_min_dist.py", line 73, in pub_dists
    pub.publish(min_distances)
  File "/opt/ros/kinetic/lib/python2.7/dist-packages/rospy/topics.py", line 879, in publish
    data = args_kwds_to_message(self.data_class, args, kwds)
  File "/opt/ros/kinetic/lib/python2.7/dist-packages/rospy/msg.py", line 122, in args_kwds_to_message
    return data_class(*args)
  File "/opt/ros/kinetic/lib/python2.7/dist-packages/std_msgs/msg/_Float32MultiArray.py", line 74, in __init__
    super(Float32MultiArray, self).__init__(*args, **kwds)
  File "/opt/ros/kinetic/lib/python2.7/dist-packages/genpy/message.py", line 344, in __init__
    raise TypeError('Invalid number of arguments, args should be %s' % str(self.__slots__) + ' args are' + str(args))
TypeError: Invalid number of arguments, args should be ['layout', 'data'] args are((1.1676664285684515, 1.286534148748765),)

[rosout][ERROR] 2025-03-27 14:26:39,912: bad callback: <bound method SonarProcessor.sonar_callback of <__main__.SonarProcessor instance at 0x7f599bb031b8>>
Traceback (most recent call last):
  File "/opt/ros/kinetic/lib/python2.7/dist-packages/rospy/topics.py", line 750, in _invoke_callback
    cb(msg)
  File "sonar_get_min_dist.py", line 28, in sonar_callback
    self.back_left_min, self.back_right_min = self.process_sonar_data(data)
  File "sonar_get_min_dist.py", line 57, in process_sonar_data
    self.pub_dists(min_dist)
  File "sonar_get_min_dist.py", line 73, in pub_dists
    pub.publish(min_distances)
  File "/opt/ros/kinetic/lib/python2.7/dist-packages/rospy/topics.py", line 879, in publish
    data = args_kwds_to_message(self.data_class, args, kwds)
  File "/opt/ros/kinetic/lib/python2.7/dist-packages/rospy/msg.py", line 122, in args_kwds_to_message
    return data_class(*args)
  File "/opt/ros/kinetic/lib/python2.7/dist-packages/std_msgs/msg/_Float32MultiArray.py", line 74, in __init__
    super(Float32MultiArray, self).__init__(*args, **kwds)
  File "/opt/ros/kinetic/lib/python2.7/dist-packages/genpy/message.py", line 344, in __init__
    raise TypeError('Invalid number of arguments, args should be %s' % str(self.__slots__) + ' args are' + str(args))
TypeError: Invalid number of arguments, args should be ['layout', 'data'] args are((1.1676664285684515, 1.286534148748765),)

[rosout][ERROR] 2025-03-27 14:26:40,009: bad callback: <bound method SonarProcessor.sonar_callback of <__main__.SonarProcessor instance at 0x7f599bb031b8>>
Traceback (most recent call last):
  File "/opt/ros/kinetic/lib/python2.7/dist-packages/rospy/topics.py", line 750, in _invoke_callback
    cb(msg)
  File "sonar_get_min_dist.py", line 28, in sonar_callback
    self.back_left_min, self.back_right_min = self.process_sonar_data(data)
  File "sonar_get_min_dist.py", line 57, in process_sonar_data
    self.pub_dists(min_dist)
  File "sonar_get_min_dist.py", line 73, in pub_dists
    pub.publish(min_distances)
  File "/opt/ros/kinetic/lib/python2.7/dist-packages/rospy/topics.py", line 879, in publish
    data = args_kwds_to_message(self.data_class, args, kwds)
  File "/opt/ros/kinetic/lib/python2.7/dist-packages/rospy/msg.py", line 122, in args_kwds_to_message
    return data_class(*args)
  File "/opt/ros/kinetic/lib/python2.7/dist-packages/std_msgs/msg/_Float32MultiArray.py", line 74, in __init__
    super(Float32MultiArray, self).__init__(*args, **kwds)
  File "/opt/ros/kinetic/lib/python2.7/dist-packages/genpy/message.py", line 344, in __init__
    raise TypeError('Invalid number of arguments, args should be %s' % str(self.__slots__) + ' args are' + str(args))
TypeError: Invalid number of arguments, args should be ['layout', 'data'] args are((1.1676664285684515, 1.286534148748765),)

[rosout][ERROR] 2025-03-27 14:26:40,112: bad callback: <bound method SonarProcessor.sonar_callback of <__main__.SonarProcessor instance at 0x7f599bb031b8>>
Traceback (most recent call last):
  File "/opt/ros/kinetic/lib/python2.7/dist-packages/rospy/topics.py", line 750, in _invoke_callback
    cb(msg)
  File "sonar_get_min_dist.py", line 28, in sonar_callback
    self.back_left_min, self.back_right_min = self.process_sonar_data(data)
  File "sonar_get_min_dist.py", line 57, in process_sonar_data
    self.pub_dists(min_dist)
  File "sonar_get_min_dist.py", line 73, in pub_dists
    pub.publish(min_distances)
  File "/opt/ros/kinetic/lib/python2.7/dist-packages/rospy/topics.py", line 879, in publish
    data = args_kwds_to_message(self.data_class, args, kwds)
  File "/opt/ros/kinetic/lib/python2.7/dist-packages/rospy/msg.py", line 122, in args_kwds_to_message
    return data_class(*args)
  File "/opt/ros/kinetic/lib/python2.7/dist-packages/std_msgs/msg/_Float32MultiArray.py", line 74, in __init__
    super(Float32MultiArray, self).__init__(*args, **kwds)
  File "/opt/ros/kinetic/lib/python2.7/dist-packages/genpy/message.py", line 344, in __init__
    raise TypeError('Invalid number of arguments, args should be %s' % str(self.__slots__) + ' args are' + str(args))
TypeError: Invalid number of arguments, args should be ['layout', 'data'] args are((1.1676664285684515, 1.2667852184360537),)

[rosout][ERROR] 2025-03-27 14:26:40,209: bad callback: <bound method SonarProcessor.sonar_callback of <__main__.SonarProcessor instance at 0x7f599bb031b8>>
Traceback (most recent call last):
  File "/opt/ros/kinetic/lib/python2.7/dist-packages/rospy/topics.py", line 750, in _invoke_callback
    cb(msg)
  File "sonar_get_min_dist.py", line 28, in sonar_callback
    self.back_left_min, self.back_right_min = self.process_sonar_data(data)
  File "sonar_get_min_dist.py", line 57, in process_sonar_data
    self.pub_dists(min_dist)
  File "sonar_get_min_dist.py", line 73, in pub_dists
    pub.publish(min_distances)
  File "/opt/ros/kinetic/lib/python2.7/dist-packages/rospy/topics.py", line 879, in publish
    data = args_kwds_to_message(self.data_class, args, kwds)
  File "/opt/ros/kinetic/lib/python2.7/dist-packages/rospy/msg.py", line 122, in args_kwds_to_message
    return data_class(*args)
  File "/opt/ros/kinetic/lib/python2.7/dist-packages/std_msgs/msg/_Float32MultiArray.py", line 74, in __init__
    super(Float32MultiArray, self).__init__(*args, **kwds)
  File "/opt/ros/kinetic/lib/python2.7/dist-packages/genpy/message.py", line 344, in __init__
    raise TypeError('Invalid number of arguments, args should be %s' % str(self.__slots__) + ' args are' + str(args))
TypeError: Invalid number of arguments, args should be ['layout', 'data'] args are((1.1676664285684515, 1.2667852184360537),)

[rosout][ERROR] 2025-03-27 14:26:40,312: bad callback: <bound method SonarProcessor.sonar_callback of <__main__.SonarProcessor instance at 0x7f599bb031b8>>
Traceback (most recent call last):
  File "/opt/ros/kinetic/lib/python2.7/dist-packages/rospy/topics.py", line 750, in _invoke_callback
    cb(msg)
  File "sonar_get_min_dist.py", line 28, in sonar_callback
    self.back_left_min, self.back_right_min = self.process_sonar_data(data)
  File "sonar_get_min_dist.py", line 57, in process_sonar_data
    self.pub_dists(min_dist)
  File "sonar_get_min_dist.py", line 73, in pub_dists
    pub.publish(min_distances)
  File "/opt/ros/kinetic/lib/python2.7/dist-packages/rospy/topics.py", line 879, in publish
    data = args_kwds_to_message(self.data_class, args, kwds)
  File "/opt/ros/kinetic/lib/python2.7/dist-packages/rospy/msg.py", line 122, in args_kwds_to_message
    return data_class(*args)
  File "/opt/ros/kinetic/lib/python2.7/dist-packages/std_msgs/msg/_Float32MultiArray.py", line 74, in __init__
    super(Float32MultiArray, self).__init__(*args, **kwds)
  File "/opt/ros/kinetic/lib/python2.7/dist-packages/genpy/message.py", line 344, in __init__
    raise TypeError('Invalid number of arguments, args should be %s' % str(self.__slots__) + ' args are' + str(args))
TypeError: Invalid number of arguments, args should be ['layout', 'data'] args are((1.1676664285684515, 1.2667852184360537),)

[rosout][ERROR] 2025-03-27 14:26:40,409: bad callback: <bound method SonarProcessor.sonar_callback of <__main__.SonarProcessor instance at 0x7f599bb031b8>>
Traceback (most recent call last):
  File "/opt/ros/kinetic/lib/python2.7/dist-packages/rospy/topics.py", line 750, in _invoke_callback
    cb(msg)
  File "sonar_get_min_dist.py", line 28, in sonar_callback
    self.back_left_min, self.back_right_min = self.process_sonar_data(data)
  File "sonar_get_min_dist.py", line 57, in process_sonar_data
    self.pub_dists(min_dist)
  File "sonar_get_min_dist.py", line 73, in pub_dists
    pub.publish(min_distances)
  File "/opt/ros/kinetic/lib/python2.7/dist-packages/rospy/topics.py", line 879, in publish
    data = args_kwds_to_message(self.data_class, args, kwds)
  File "/opt/ros/kinetic/lib/python2.7/dist-packages/rospy/msg.py", line 122, in args_kwds_to_message
    return data_class(*args)
  File "/opt/ros/kinetic/lib/python2.7/dist-packages/std_msgs/msg/_Float32MultiArray.py", line 74, in __init__
    super(Float32MultiArray, self).__init__(*args, **kwds)
  File "/opt/ros/kinetic/lib/python2.7/dist-packages/genpy/message.py", line 344, in __init__
    raise TypeError('Invalid number of arguments, args should be %s' % str(self.__slots__) + ' args are' + str(args))
TypeError: Invalid number of arguments, args should be ['layout', 'data'] args are((1.1676664285684515, 1.2006868658587955),)

[rosout][ERROR] 2025-03-27 14:26:40,512: bad callback: <bound method SonarProcessor.sonar_callback of <__main__.SonarProcessor instance at 0x7f599bb031b8>>
Traceback (most recent call last):
  File "/opt/ros/kinetic/lib/python2.7/dist-packages/rospy/topics.py", line 750, in _invoke_callback
    cb(msg)
  File "sonar_get_min_dist.py", line 28, in sonar_callback
    self.back_left_min, self.back_right_min = self.process_sonar_data(data)
  File "sonar_get_min_dist.py", line 57, in process_sonar_data
    self.pub_dists(min_dist)
  File "sonar_get_min_dist.py", line 73, in pub_dists
    pub.publish(min_distances)
  File "/opt/ros/kinetic/lib/python2.7/dist-packages/rospy/topics.py", line 879, in publish
    data = args_kwds_to_message(self.data_class, args, kwds)
  File "/opt/ros/kinetic/lib/python2.7/dist-packages/rospy/msg.py", line 122, in args_kwds_to_message
    return data_class(*args)
  File "/opt/ros/kinetic/lib/python2.7/dist-packages/std_msgs/msg/_Float32MultiArray.py", line 74, in __init__
    super(Float32MultiArray, self).__init__(*args, **kwds)
  File "/opt/ros/kinetic/lib/python2.7/dist-packages/genpy/message.py", line 344, in __init__
    raise TypeError('Invalid number of arguments, args should be %s' % str(self.__slots__) + ' args are' + str(args))
TypeError: Invalid number of arguments, args should be ['layout', 'data'] args are((1.1676664285684515, 1.2006868658587955),)

[rosout][ERROR] 2025-03-27 14:26:40,609: bad callback: <bound method SonarProcessor.sonar_callback of <__main__.SonarProcessor instance at 0x7f599bb031b8>>
Traceback (most recent call last):
  File "/opt/ros/kinetic/lib/python2.7/dist-packages/rospy/topics.py", line 750, in _invoke_callback
    cb(msg)
  File "sonar_get_min_dist.py", line 28, in sonar_callback
    self.back_left_min, self.back_right_min = self.process_sonar_data(data)
  File "sonar_get_min_dist.py", line 57, in process_sonar_data
    self.pub_dists(min_dist)
  File "sonar_get_min_dist.py", line 73, in pub_dists
    pub.publish(min_distances)
  File "/opt/ros/kinetic/lib/python2.7/dist-packages/rospy/topics.py", line 879, in publish
    data = args_kwds_to_message(self.data_class, args, kwds)
  File "/opt/ros/kinetic/lib/python2.7/dist-packages/rospy/msg.py", line 122, in args_kwds_to_message
    return data_class(*args)
  File "/opt/ros/kinetic/lib/python2.7/dist-packages/std_msgs/msg/_Float32MultiArray.py", line 74, in __init__
    super(Float32MultiArray, self).__init__(*args, **kwds)
  File "/opt/ros/kinetic/lib/python2.7/dist-packages/genpy/message.py", line 344, in __init__
    raise TypeError('Invalid number of arguments, args should be %s' % str(self.__slots__) + ' args are' + str(args))
TypeError: Invalid number of arguments, args should be ['layout', 'data'] args are((1.1676664285684515, 1.2006868658587955),)

[rosout][ERROR] 2025-03-27 14:26:40,712: bad callback: <bound method SonarProcessor.sonar_callback of <__main__.SonarProcessor instance at 0x7f599bb031b8>>
Traceback (most recent call last):
  File "/opt/ros/kinetic/lib/python2.7/dist-packages/rospy/topics.py", line 750, in _invoke_callback
    cb(msg)
  File "sonar_get_min_dist.py", line 28, in sonar_callback
    self.back_left_min, self.back_right_min = self.process_sonar_data(data)
  File "sonar_get_min_dist.py", line 57, in process_sonar_data
    self.pub_dists(min_dist)
  File "sonar_get_min_dist.py", line 73, in pub_dists
    pub.publish(min_distances)
  File "/opt/ros/kinetic/lib/python2.7/dist-packages/rospy/topics.py", line 879, in publish
    data = args_kwds_to_message(self.data_class, args, kwds)
  File "/opt/ros/kinetic/lib/python2.7/dist-packages/rospy/msg.py", line 122, in args_kwds_to_message
    return data_class(*args)
  File "/opt/ros/kinetic/lib/python2.7/dist-packages/std_msgs/msg/_Float32MultiArray.py", line 74, in __init__
    super(Float32MultiArray, self).__init__(*args, **kwds)
  File "/opt/ros/kinetic/lib/python2.7/dist-packages/genpy/message.py", line 344, in __init__
    raise TypeError('Invalid number of arguments, args should be %s' % str(self.__slots__) + ' args are' + str(args))
TypeError: Invalid number of arguments, args should be ['layout', 'data'] args are((1.1676664285684515, 1.2569137149676457),)

[rosout][ERROR] 2025-03-27 14:26:40,809: bad callback: <bound method SonarProcessor.sonar_callback of <__main__.SonarProcessor instance at 0x7f599bb031b8>>
Traceback (most recent call last):
  File "/opt/ros/kinetic/lib/python2.7/dist-packages/rospy/topics.py", line 750, in _invoke_callback
    cb(msg)
  File "sonar_get_min_dist.py", line 28, in sonar_callback
    self.back_left_min, self.back_right_min = self.process_sonar_data(data)
  File "sonar_get_min_dist.py", line 57, in process_sonar_data
    self.pub_dists(min_dist)
  File "sonar_get_min_dist.py", line 73, in pub_dists
    pub.publish(min_distances)
  File "/opt/ros/kinetic/lib/python2.7/dist-packages/rospy/topics.py", line 879, in publish
    data = args_kwds_to_message(self.data_class, args, kwds)
  File "/opt/ros/kinetic/lib/python2.7/dist-packages/rospy/msg.py", line 122, in args_kwds_to_message
    return data_class(*args)
  File "/opt/ros/kinetic/lib/python2.7/dist-packages/std_msgs/msg/_Float32MultiArray.py", line 74, in __init__
    super(Float32MultiArray, self).__init__(*args, **kwds)
  File "/opt/ros/kinetic/lib/python2.7/dist-packages/genpy/message.py", line 344, in __init__
    raise TypeError('Invalid number of arguments, args should be %s' % str(self.__slots__) + ' args are' + str(args))
TypeError: Invalid number of arguments, args should be ['layout', 'data'] args are((1.1676664285684515, 1.2569137149676457),)

[rosout][ERROR] 2025-03-27 14:26:40,913: bad callback: <bound method SonarProcessor.sonar_callback of <__main__.SonarProcessor instance at 0x7f599bb031b8>>
Traceback (most recent call last):
  File "/opt/ros/kinetic/lib/python2.7/dist-packages/rospy/topics.py", line 750, in _invoke_callback
    cb(msg)
  File "sonar_get_min_dist.py", line 28, in sonar_callback
    self.back_left_min, self.back_right_min = self.process_sonar_data(data)
  File "sonar_get_min_dist.py", line 57, in process_sonar_data
    self.pub_dists(min_dist)
  File "sonar_get_min_dist.py", line 73, in pub_dists
    pub.publish(min_distances)
  File "/opt/ros/kinetic/lib/python2.7/dist-packages/rospy/topics.py", line 879, in publish
    data = args_kwds_to_message(self.data_class, args, kwds)
  File "/opt/ros/kinetic/lib/python2.7/dist-packages/rospy/msg.py", line 122, in args_kwds_to_message
    return data_class(*args)
  File "/opt/ros/kinetic/lib/python2.7/dist-packages/std_msgs/msg/_Float32MultiArray.py", line 74, in __init__
    super(Float32MultiArray, self).__init__(*args, **kwds)
  File "/opt/ros/kinetic/lib/python2.7/dist-packages/genpy/message.py", line 344, in __init__
    raise TypeError('Invalid number of arguments, args should be %s' % str(self.__slots__) + ' args are' + str(args))
TypeError: Invalid number of arguments, args should be ['layout', 'data'] args are((1.1676664285684515, 1.2085740088438341),)

[rosout][ERROR] 2025-03-27 14:26:41,009: bad callback: <bound method SonarProcessor.sonar_callback of <__main__.SonarProcessor instance at 0x7f599bb031b8>>
Traceback (most recent call last):
  File "/opt/ros/kinetic/lib/python2.7/dist-packages/rospy/topics.py", line 750, in _invoke_callback
    cb(msg)
  File "sonar_get_min_dist.py", line 28, in sonar_callback
    self.back_left_min, self.back_right_min = self.process_sonar_data(data)
  File "sonar_get_min_dist.py", line 57, in process_sonar_data
    self.pub_dists(min_dist)
  File "sonar_get_min_dist.py", line 73, in pub_dists
    pub.publish(min_distances)
  File "/opt/ros/kinetic/lib/python2.7/dist-packages/rospy/topics.py", line 879, in publish
    data = args_kwds_to_message(self.data_class, args, kwds)
  File "/opt/ros/kinetic/lib/python2.7/dist-packages/rospy/msg.py", line 122, in args_kwds_to_message
    return data_class(*args)
  File "/opt/ros/kinetic/lib/python2.7/dist-packages/std_msgs/msg/_Float32MultiArray.py", line 74, in __init__
    super(Float32MultiArray, self).__init__(*args, **kwds)
  File "/opt/ros/kinetic/lib/python2.7/dist-packages/genpy/message.py", line 344, in __init__
    raise TypeError('Invalid number of arguments, args should be %s' % str(self.__slots__) + ' args are' + str(args))
TypeError: Invalid number of arguments, args should be ['layout', 'data'] args are((1.1676664285684515, 1.2085740088438341),)

[rosout][ERROR] 2025-03-27 14:26:41,113: bad callback: <bound method SonarProcessor.sonar_callback of <__main__.SonarProcessor instance at 0x7f599bb031b8>>
Traceback (most recent call last):
  File "/opt/ros/kinetic/lib/python2.7/dist-packages/rospy/topics.py", line 750, in _invoke_callback
    cb(msg)
  File "sonar_get_min_dist.py", line 28, in sonar_callback
    self.back_left_min, self.back_right_min = self.process_sonar_data(data)
  File "sonar_get_min_dist.py", line 57, in process_sonar_data
    self.pub_dists(min_dist)
  File "sonar_get_min_dist.py", line 73, in pub_dists
    pub.publish(min_distances)
  File "/opt/ros/kinetic/lib/python2.7/dist-packages/rospy/topics.py", line 879, in publish
    data = args_kwds_to_message(self.data_class, args, kwds)
  File "/opt/ros/kinetic/lib/python2.7/dist-packages/rospy/msg.py", line 122, in args_kwds_to_message
    return data_class(*args)
  File "/opt/ros/kinetic/lib/python2.7/dist-packages/std_msgs/msg/_Float32MultiArray.py", line 74, in __init__
    super(Float32MultiArray, self).__init__(*args, **kwds)
  File "/opt/ros/kinetic/lib/python2.7/dist-packages/genpy/message.py", line 344, in __init__
    raise TypeError('Invalid number of arguments, args should be %s' % str(self.__slots__) + ' args are' + str(args))
TypeError: Invalid number of arguments, args should be ['layout', 'data'] args are((1.1676664285684515, 1.2085740088438341),)

[rosout][ERROR] 2025-03-27 14:26:41,210: bad callback: <bound method SonarProcessor.sonar_callback of <__main__.SonarProcessor instance at 0x7f599bb031b8>>
Traceback (most recent call last):
  File "/opt/ros/kinetic/lib/python2.7/dist-packages/rospy/topics.py", line 750, in _invoke_callback
    cb(msg)
  File "sonar_get_min_dist.py", line 28, in sonar_callback
    self.back_left_min, self.back_right_min = self.process_sonar_data(data)
  File "sonar_get_min_dist.py", line 57, in process_sonar_data
    self.pub_dists(min_dist)
  File "sonar_get_min_dist.py", line 73, in pub_dists
    pub.publish(min_distances)
  File "/opt/ros/kinetic/lib/python2.7/dist-packages/rospy/topics.py", line 879, in publish
    data = args_kwds_to_message(self.data_class, args, kwds)
  File "/opt/ros/kinetic/lib/python2.7/dist-packages/rospy/msg.py", line 122, in args_kwds_to_message
    return data_class(*args)
  File "/opt/ros/kinetic/lib/python2.7/dist-packages/std_msgs/msg/_Float32MultiArray.py", line 74, in __init__
    super(Float32MultiArray, self).__init__(*args, **kwds)
  File "/opt/ros/kinetic/lib/python2.7/dist-packages/genpy/message.py", line 344, in __init__
    raise TypeError('Invalid number of arguments, args should be %s' % str(self.__slots__) + ' args are' + str(args))
TypeError: Invalid number of arguments, args should be ['layout', 'data'] args are((1.1676664285684515, 1.1898445986430566),)

[rosout][ERROR] 2025-03-27 14:26:41,313: bad callback: <bound method SonarProcessor.sonar_callback of <__main__.SonarProcessor instance at 0x7f599bb031b8>>
Traceback (most recent call last):
  File "/opt/ros/kinetic/lib/python2.7/dist-packages/rospy/topics.py", line 750, in _invoke_callback
    cb(msg)
  File "sonar_get_min_dist.py", line 28, in sonar_callback
    self.back_left_min, self.back_right_min = self.process_sonar_data(data)
  File "sonar_get_min_dist.py", line 57, in process_sonar_data
    self.pub_dists(min_dist)
  File "sonar_get_min_dist.py", line 73, in pub_dists
    pub.publish(min_distances)
  File "/opt/ros/kinetic/lib/python2.7/dist-packages/rospy/topics.py", line 879, in publish
    data = args_kwds_to_message(self.data_class, args, kwds)
  File "/opt/ros/kinetic/lib/python2.7/dist-packages/rospy/msg.py", line 122, in args_kwds_to_message
    return data_class(*args)
  File "/opt/ros/kinetic/lib/python2.7/dist-packages/std_msgs/msg/_Float32MultiArray.py", line 74, in __init__
    super(Float32MultiArray, self).__init__(*args, **kwds)
  File "/opt/ros/kinetic/lib/python2.7/dist-packages/genpy/message.py", line 344, in __init__
    raise TypeError('Invalid number of arguments, args should be %s' % str(self.__slots__) + ' args are' + str(args))
TypeError: Invalid number of arguments, args should be ['layout', 'data'] args are((1.1676664285684515, 1.1898445986430566),)

[rosout][ERROR] 2025-03-27 14:26:41,410: bad callback: <bound method SonarProcessor.sonar_callback of <__main__.SonarProcessor instance at 0x7f599bb031b8>>
Traceback (most recent call last):
  File "/opt/ros/kinetic/lib/python2.7/dist-packages/rospy/topics.py", line 750, in _invoke_callback
    cb(msg)
  File "sonar_get_min_dist.py", line 28, in sonar_callback
    self.back_left_min, self.back_right_min = self.process_sonar_data(data)
  File "sonar_get_min_dist.py", line 57, in process_sonar_data
    self.pub_dists(min_dist)
  File "sonar_get_min_dist.py", line 73, in pub_dists
    pub.publish(min_distances)
  File "/opt/ros/kinetic/lib/python2.7/dist-packages/rospy/topics.py", line 879, in publish
    data = args_kwds_to_message(self.data_class, args, kwds)
  File "/opt/ros/kinetic/lib/python2.7/dist-packages/rospy/msg.py", line 122, in args_kwds_to_message
    return data_class(*args)
  File "/opt/ros/kinetic/lib/python2.7/dist-packages/std_msgs/msg/_Float32MultiArray.py", line 74, in __init__
    super(Float32MultiArray, self).__init__(*args, **kwds)
  File "/opt/ros/kinetic/lib/python2.7/dist-packages/genpy/message.py", line 344, in __init__
    raise TypeError('Invalid number of arguments, args should be %s' % str(self.__slots__) + ' args are' + str(args))
TypeError: Invalid number of arguments, args should be ['layout', 'data'] args are((1.1676664285684515, 1.1898445986430566),)

[rosout][ERROR] 2025-03-27 14:26:41,513: bad callback: <bound method SonarProcessor.sonar_callback of <__main__.SonarProcessor instance at 0x7f599bb031b8>>
Traceback (most recent call last):
  File "/opt/ros/kinetic/lib/python2.7/dist-packages/rospy/topics.py", line 750, in _invoke_callback
    cb(msg)
  File "sonar_get_min_dist.py", line 28, in sonar_callback
    self.back_left_min, self.back_right_min = self.process_sonar_data(data)
  File "sonar_get_min_dist.py", line 57, in process_sonar_data
    self.pub_dists(min_dist)
  File "sonar_get_min_dist.py", line 73, in pub_dists
    pub.publish(min_distances)
  File "/opt/ros/kinetic/lib/python2.7/dist-packages/rospy/topics.py", line 879, in publish
    data = args_kwds_to_message(self.data_class, args, kwds)
  File "/opt/ros/kinetic/lib/python2.7/dist-packages/rospy/msg.py", line 122, in args_kwds_to_message
    return data_class(*args)
  File "/opt/ros/kinetic/lib/python2.7/dist-packages/std_msgs/msg/_Float32MultiArray.py", line 74, in __init__
    super(Float32MultiArray, self).__init__(*args, **kwds)
  File "/opt/ros/kinetic/lib/python2.7/dist-packages/genpy/message.py", line 344, in __init__
    raise TypeError('Invalid number of arguments, args should be %s' % str(self.__slots__) + ' args are' + str(args))
TypeError: Invalid number of arguments, args should be ['layout', 'data'] args are((1.1676664285684515, 1.1839317966337461),)

[rosout][ERROR] 2025-03-27 14:26:41,610: bad callback: <bound method SonarProcessor.sonar_callback of <__main__.SonarProcessor instance at 0x7f599bb031b8>>
Traceback (most recent call last):
  File "/opt/ros/kinetic/lib/python2.7/dist-packages/rospy/topics.py", line 750, in _invoke_callback
    cb(msg)
  File "sonar_get_min_dist.py", line 28, in sonar_callback
    self.back_left_min, self.back_right_min = self.process_sonar_data(data)
  File "sonar_get_min_dist.py", line 57, in process_sonar_data
    self.pub_dists(min_dist)
  File "sonar_get_min_dist.py", line 73, in pub_dists
    pub.publish(min_distances)
  File "/opt/ros/kinetic/lib/python2.7/dist-packages/rospy/topics.py", line 879, in publish
    data = args_kwds_to_message(self.data_class, args, kwds)
  File "/opt/ros/kinetic/lib/python2.7/dist-packages/rospy/msg.py", line 122, in args_kwds_to_message
    return data_class(*args)
  File "/opt/ros/kinetic/lib/python2.7/dist-packages/std_msgs/msg/_Float32MultiArray.py", line 74, in __init__
    super(Float32MultiArray, self).__init__(*args, **kwds)
  File "/opt/ros/kinetic/lib/python2.7/dist-packages/genpy/message.py", line 344, in __init__
    raise TypeError('Invalid number of arguments, args should be %s' % str(self.__slots__) + ' args are' + str(args))
TypeError: Invalid number of arguments, args should be ['layout', 'data'] args are((1.1676664285684515, 1.1839317966337461),)

[rosout][ERROR] 2025-03-27 14:26:41,713: bad callback: <bound method SonarProcessor.sonar_callback of <__main__.SonarProcessor instance at 0x7f599bb031b8>>
Traceback (most recent call last):
  File "/opt/ros/kinetic/lib/python2.7/dist-packages/rospy/topics.py", line 750, in _invoke_callback
    cb(msg)
  File "sonar_get_min_dist.py", line 28, in sonar_callback
    self.back_left_min, self.back_right_min = self.process_sonar_data(data)
  File "sonar_get_min_dist.py", line 57, in process_sonar_data
    self.pub_dists(min_dist)
  File "sonar_get_min_dist.py", line 73, in pub_dists
    pub.publish(min_distances)
  File "/opt/ros/kinetic/lib/python2.7/dist-packages/rospy/topics.py", line 879, in publish
    data = args_kwds_to_message(self.data_class, args, kwds)
  File "/opt/ros/kinetic/lib/python2.7/dist-packages/rospy/msg.py", line 122, in args_kwds_to_message
    return data_class(*args)
  File "/opt/ros/kinetic/lib/python2.7/dist-packages/std_msgs/msg/_Float32MultiArray.py", line 74, in __init__
    super(Float32MultiArray, self).__init__(*args, **kwds)
  File "/opt/ros/kinetic/lib/python2.7/dist-packages/genpy/message.py", line 344, in __init__
    raise TypeError('Invalid number of arguments, args should be %s' % str(self.__slots__) + ' args are' + str(args))
TypeError: Invalid number of arguments, args should be ['layout', 'data'] args are((1.1676664285684515, 1.1839317966337461),)

[rosout][ERROR] 2025-03-27 14:26:41,810: bad callback: <bound method SonarProcessor.sonar_callback of <__main__.SonarProcessor instance at 0x7f599bb031b8>>
Traceback (most recent call last):
  File "/opt/ros/kinetic/lib/python2.7/dist-packages/rospy/topics.py", line 750, in _invoke_callback
    cb(msg)
  File "sonar_get_min_dist.py", line 28, in sonar_callback
    self.back_left_min, self.back_right_min = self.process_sonar_data(data)
  File "sonar_get_min_dist.py", line 57, in process_sonar_data
    self.pub_dists(min_dist)
  File "sonar_get_min_dist.py", line 73, in pub_dists
    pub.publish(min_distances)
  File "/opt/ros/kinetic/lib/python2.7/dist-packages/rospy/topics.py", line 879, in publish
    data = args_kwds_to_message(self.data_class, args, kwds)
  File "/opt/ros/kinetic/lib/python2.7/dist-packages/rospy/msg.py", line 122, in args_kwds_to_message
    return data_class(*args)
  File "/opt/ros/kinetic/lib/python2.7/dist-packages/std_msgs/msg/_Float32MultiArray.py", line 74, in __init__
    super(Float32MultiArray, self).__init__(*args, **kwds)
  File "/opt/ros/kinetic/lib/python2.7/dist-packages/genpy/message.py", line 344, in __init__
    raise TypeError('Invalid number of arguments, args should be %s' % str(self.__slots__) + ' args are' + str(args))
TypeError: Invalid number of arguments, args should be ['layout', 'data'] args are((1.1676664285684515, 1.1849172034309237),)

[rosout][ERROR] 2025-03-27 14:26:41,913: bad callback: <bound method SonarProcessor.sonar_callback of <__main__.SonarProcessor instance at 0x7f599bb031b8>>
Traceback (most recent call last):
  File "/opt/ros/kinetic/lib/python2.7/dist-packages/rospy/topics.py", line 750, in _invoke_callback
    cb(msg)
  File "sonar_get_min_dist.py", line 28, in sonar_callback
    self.back_left_min, self.back_right_min = self.process_sonar_data(data)
  File "sonar_get_min_dist.py", line 57, in process_sonar_data
    self.pub_dists(min_dist)
  File "sonar_get_min_dist.py", line 73, in pub_dists
    pub.publish(min_distances)
  File "/opt/ros/kinetic/lib/python2.7/dist-packages/rospy/topics.py", line 879, in publish
    data = args_kwds_to_message(self.data_class, args, kwds)
  File "/opt/ros/kinetic/lib/python2.7/dist-packages/rospy/msg.py", line 122, in args_kwds_to_message
    return data_class(*args)
  File "/opt/ros/kinetic/lib/python2.7/dist-packages/std_msgs/msg/_Float32MultiArray.py", line 74, in __init__
    super(Float32MultiArray, self).__init__(*args, **kwds)
  File "/opt/ros/kinetic/lib/python2.7/dist-packages/genpy/message.py", line 344, in __init__
    raise TypeError('Invalid number of arguments, args should be %s' % str(self.__slots__) + ' args are' + str(args))
TypeError: Invalid number of arguments, args should be ['layout', 'data'] args are((1.1676664285684515, 1.1849172034309237),)

[rosout][ERROR] 2025-03-27 14:26:42,010: bad callback: <bound method SonarProcessor.sonar_callback of <__main__.SonarProcessor instance at 0x7f599bb031b8>>
Traceback (most recent call last):
  File "/opt/ros/kinetic/lib/python2.7/dist-packages/rospy/topics.py", line 750, in _invoke_callback
    cb(msg)
  File "sonar_get_min_dist.py", line 28, in sonar_callback
    self.back_left_min, self.back_right_min = self.process_sonar_data(data)
  File "sonar_get_min_dist.py", line 57, in process_sonar_data
    self.pub_dists(min_dist)
  File "sonar_get_min_dist.py", line 73, in pub_dists
    pub.publish(min_distances)
  File "/opt/ros/kinetic/lib/python2.7/dist-packages/rospy/topics.py", line 879, in publish
    data = args_kwds_to_message(self.data_class, args, kwds)
  File "/opt/ros/kinetic/lib/python2.7/dist-packages/rospy/msg.py", line 122, in args_kwds_to_message
    return data_class(*args)
  File "/opt/ros/kinetic/lib/python2.7/dist-packages/std_msgs/msg/_Float32MultiArray.py", line 74, in __init__
    super(Float32MultiArray, self).__init__(*args, **kwds)
  File "/opt/ros/kinetic/lib/python2.7/dist-packages/genpy/message.py", line 344, in __init__
    raise TypeError('Invalid number of arguments, args should be %s' % str(self.__slots__) + ' args are' + str(args))
TypeError: Invalid number of arguments, args should be ['layout', 'data'] args are((1.1676664285684515, 1.1849172034309237),)

[rosout][ERROR] 2025-03-27 14:26:42,113: bad callback: <bound method SonarProcessor.sonar_callback of <__main__.SonarProcessor instance at 0x7f599bb031b8>>
Traceback (most recent call last):
  File "/opt/ros/kinetic/lib/python2.7/dist-packages/rospy/topics.py", line 750, in _invoke_callback
    cb(msg)
  File "sonar_get_min_dist.py", line 28, in sonar_callback
    self.back_left_min, self.back_right_min = self.process_sonar_data(data)
  File "sonar_get_min_dist.py", line 57, in process_sonar_data
    self.pub_dists(min_dist)
  File "sonar_get_min_dist.py", line 73, in pub_dists
    pub.publish(min_distances)
  File "/opt/ros/kinetic/lib/python2.7/dist-packages/rospy/topics.py", line 879, in publish
    data = args_kwds_to_message(self.data_class, args, kwds)
  File "/opt/ros/kinetic/lib/python2.7/dist-packages/rospy/msg.py", line 122, in args_kwds_to_message
    return data_class(*args)
  File "/opt/ros/kinetic/lib/python2.7/dist-packages/std_msgs/msg/_Float32MultiArray.py", line 74, in __init__
    super(Float32MultiArray, self).__init__(*args, **kwds)
  File "/opt/ros/kinetic/lib/python2.7/dist-packages/genpy/message.py", line 344, in __init__
    raise TypeError('Invalid number of arguments, args should be %s' % str(self.__slots__) + ' args are' + str(args))
TypeError: Invalid number of arguments, args should be ['layout', 'data'] args are((1.1676664285684515, 1.1839317966337461),)

[rosout][ERROR] 2025-03-27 14:26:42,210: bad callback: <bound method SonarProcessor.sonar_callback of <__main__.SonarProcessor instance at 0x7f599bb031b8>>
Traceback (most recent call last):
  File "/opt/ros/kinetic/lib/python2.7/dist-packages/rospy/topics.py", line 750, in _invoke_callback
    cb(msg)
  File "sonar_get_min_dist.py", line 28, in sonar_callback
    self.back_left_min, self.back_right_min = self.process_sonar_data(data)
  File "sonar_get_min_dist.py", line 57, in process_sonar_data
    self.pub_dists(min_dist)
  File "sonar_get_min_dist.py", line 73, in pub_dists
    pub.publish(min_distances)
  File "/opt/ros/kinetic/lib/python2.7/dist-packages/rospy/topics.py", line 879, in publish
    data = args_kwds_to_message(self.data_class, args, kwds)
  File "/opt/ros/kinetic/lib/python2.7/dist-packages/rospy/msg.py", line 122, in args_kwds_to_message
    return data_class(*args)
  File "/opt/ros/kinetic/lib/python2.7/dist-packages/std_msgs/msg/_Float32MultiArray.py", line 74, in __init__
    super(Float32MultiArray, self).__init__(*args, **kwds)
  File "/opt/ros/kinetic/lib/python2.7/dist-packages/genpy/message.py", line 344, in __init__
    raise TypeError('Invalid number of arguments, args should be %s' % str(self.__slots__) + ' args are' + str(args))
TypeError: Invalid number of arguments, args should be ['layout', 'data'] args are((1.1676664285684515, 1.1839317966337461),)

[rosout][ERROR] 2025-03-27 14:26:42,313: bad callback: <bound method SonarProcessor.sonar_callback of <__main__.SonarProcessor instance at 0x7f599bb031b8>>
Traceback (most recent call last):
  File "/opt/ros/kinetic/lib/python2.7/dist-packages/rospy/topics.py", line 750, in _invoke_callback
    cb(msg)
  File "sonar_get_min_dist.py", line 28, in sonar_callback
    self.back_left_min, self.back_right_min = self.process_sonar_data(data)
  File "sonar_get_min_dist.py", line 57, in process_sonar_data
    self.pub_dists(min_dist)
  File "sonar_get_min_dist.py", line 73, in pub_dists
    pub.publish(min_distances)
  File "/opt/ros/kinetic/lib/python2.7/dist-packages/rospy/topics.py", line 879, in publish
    data = args_kwds_to_message(self.data_class, args, kwds)
  File "/opt/ros/kinetic/lib/python2.7/dist-packages/rospy/msg.py", line 122, in args_kwds_to_message
    return data_class(*args)
  File "/opt/ros/kinetic/lib/python2.7/dist-packages/std_msgs/msg/_Float32MultiArray.py", line 74, in __init__
    super(Float32MultiArray, self).__init__(*args, **kwds)
  File "/opt/ros/kinetic/lib/python2.7/dist-packages/genpy/message.py", line 344, in __init__
    raise TypeError('Invalid number of arguments, args should be %s' % str(self.__slots__) + ' args are' + str(args))
TypeError: Invalid number of arguments, args should be ['layout', 'data'] args are((1.1676664285684515, 1.1819610757155594),)

[rosout][ERROR] 2025-03-27 14:26:42,410: bad callback: <bound method SonarProcessor.sonar_callback of <__main__.SonarProcessor instance at 0x7f599bb031b8>>
Traceback (most recent call last):
  File "/opt/ros/kinetic/lib/python2.7/dist-packages/rospy/topics.py", line 750, in _invoke_callback
    cb(msg)
  File "sonar_get_min_dist.py", line 28, in sonar_callback
    self.back_left_min, self.back_right_min = self.process_sonar_data(data)
  File "sonar_get_min_dist.py", line 57, in process_sonar_data
    self.pub_dists(min_dist)
  File "sonar_get_min_dist.py", line 73, in pub_dists
    pub.publish(min_distances)
  File "/opt/ros/kinetic/lib/python2.7/dist-packages/rospy/topics.py", line 879, in publish
    data = args_kwds_to_message(self.data_class, args, kwds)
  File "/opt/ros/kinetic/lib/python2.7/dist-packages/rospy/msg.py", line 122, in args_kwds_to_message
    return data_class(*args)
  File "/opt/ros/kinetic/lib/python2.7/dist-packages/std_msgs/msg/_Float32MultiArray.py", line 74, in __init__
    super(Float32MultiArray, self).__init__(*args, **kwds)
  File "/opt/ros/kinetic/lib/python2.7/dist-packages/genpy/message.py", line 344, in __init__
    raise TypeError('Invalid number of arguments, args should be %s' % str(self.__slots__) + ' args are' + str(args))
TypeError: Invalid number of arguments, args should be ['layout', 'data'] args are((1.1676664285684515, 1.1819610757155594),)

[rosout][ERROR] 2025-03-27 14:26:42,513: bad callback: <bound method SonarProcessor.sonar_callback of <__main__.SonarProcessor instance at 0x7f599bb031b8>>
Traceback (most recent call last):
  File "/opt/ros/kinetic/lib/python2.7/dist-packages/rospy/topics.py", line 750, in _invoke_callback
    cb(msg)
  File "sonar_get_min_dist.py", line 28, in sonar_callback
    self.back_left_min, self.back_right_min = self.process_sonar_data(data)
  File "sonar_get_min_dist.py", line 57, in process_sonar_data
    self.pub_dists(min_dist)
  File "sonar_get_min_dist.py", line 73, in pub_dists
    pub.publish(min_distances)
  File "/opt/ros/kinetic/lib/python2.7/dist-packages/rospy/topics.py", line 879, in publish
    data = args_kwds_to_message(self.data_class, args, kwds)
  File "/opt/ros/kinetic/lib/python2.7/dist-packages/rospy/msg.py", line 122, in args_kwds_to_message
    return data_class(*args)
  File "/opt/ros/kinetic/lib/python2.7/dist-packages/std_msgs/msg/_Float32MultiArray.py", line 74, in __init__
    super(Float32MultiArray, self).__init__(*args, **kwds)
  File "/opt/ros/kinetic/lib/python2.7/dist-packages/genpy/message.py", line 344, in __init__
    raise TypeError('Invalid number of arguments, args should be %s' % str(self.__slots__) + ' args are' + str(args))
TypeError: Invalid number of arguments, args should be ['layout', 'data'] args are((1.1676664285684515, 1.1819610757155594),)

[rosout][ERROR] 2025-03-27 14:26:42,610: bad callback: <bound method SonarProcessor.sonar_callback of <__main__.SonarProcessor instance at 0x7f599bb031b8>>
Traceback (most recent call last):
  File "/opt/ros/kinetic/lib/python2.7/dist-packages/rospy/topics.py", line 750, in _invoke_callback
    cb(msg)
  File "sonar_get_min_dist.py", line 28, in sonar_callback
    self.back_left_min, self.back_right_min = self.process_sonar_data(data)
  File "sonar_get_min_dist.py", line 57, in process_sonar_data
    self.pub_dists(min_dist)
  File "sonar_get_min_dist.py", line 73, in pub_dists
    pub.publish(min_distances)
  File "/opt/ros/kinetic/lib/python2.7/dist-packages/rospy/topics.py", line 879, in publish
    data = args_kwds_to_message(self.data_class, args, kwds)
  File "/opt/ros/kinetic/lib/python2.7/dist-packages/rospy/msg.py", line 122, in args_kwds_to_message
    return data_class(*args)
  File "/opt/ros/kinetic/lib/python2.7/dist-packages/std_msgs/msg/_Float32MultiArray.py", line 74, in __init__
    super(Float32MultiArray, self).__init__(*args, **kwds)
  File "/opt/ros/kinetic/lib/python2.7/dist-packages/genpy/message.py", line 344, in __init__
    raise TypeError('Invalid number of arguments, args should be %s' % str(self.__slots__) + ' args are' + str(args))
TypeError: Invalid number of arguments, args should be ['layout', 'data'] args are((1.1676664285684515, 1.1849172034309237),)

[rosout][ERROR] 2025-03-27 14:26:42,713: bad callback: <bound method SonarProcessor.sonar_callback of <__main__.SonarProcessor instance at 0x7f599bb031b8>>
Traceback (most recent call last):
  File "/opt/ros/kinetic/lib/python2.7/dist-packages/rospy/topics.py", line 750, in _invoke_callback
    cb(msg)
  File "sonar_get_min_dist.py", line 28, in sonar_callback
    self.back_left_min, self.back_right_min = self.process_sonar_data(data)
  File "sonar_get_min_dist.py", line 57, in process_sonar_data
    self.pub_dists(min_dist)
  File "sonar_get_min_dist.py", line 73, in pub_dists
    pub.publish(min_distances)
  File "/opt/ros/kinetic/lib/python2.7/dist-packages/rospy/topics.py", line 879, in publish
    data = args_kwds_to_message(self.data_class, args, kwds)
  File "/opt/ros/kinetic/lib/python2.7/dist-packages/rospy/msg.py", line 122, in args_kwds_to_message
    return data_class(*args)
  File "/opt/ros/kinetic/lib/python2.7/dist-packages/std_msgs/msg/_Float32MultiArray.py", line 74, in __init__
    super(Float32MultiArray, self).__init__(*args, **kwds)
  File "/opt/ros/kinetic/lib/python2.7/dist-packages/genpy/message.py", line 344, in __init__
    raise TypeError('Invalid number of arguments, args should be %s' % str(self.__slots__) + ' args are' + str(args))
TypeError: Invalid number of arguments, args should be ['layout', 'data'] args are((1.1676664285684515, 1.1849172034309237),)

[rosout][ERROR] 2025-03-27 14:26:42,810: bad callback: <bound method SonarProcessor.sonar_callback of <__main__.SonarProcessor instance at 0x7f599bb031b8>>
Traceback (most recent call last):
  File "/opt/ros/kinetic/lib/python2.7/dist-packages/rospy/topics.py", line 750, in _invoke_callback
    cb(msg)
  File "sonar_get_min_dist.py", line 28, in sonar_callback
    self.back_left_min, self.back_right_min = self.process_sonar_data(data)
  File "sonar_get_min_dist.py", line 57, in process_sonar_data
    self.pub_dists(min_dist)
  File "sonar_get_min_dist.py", line 73, in pub_dists
    pub.publish(min_distances)
  File "/opt/ros/kinetic/lib/python2.7/dist-packages/rospy/topics.py", line 879, in publish
    data = args_kwds_to_message(self.data_class, args, kwds)
  File "/opt/ros/kinetic/lib/python2.7/dist-packages/rospy/msg.py", line 122, in args_kwds_to_message
    return data_class(*args)
  File "/opt/ros/kinetic/lib/python2.7/dist-packages/std_msgs/msg/_Float32MultiArray.py", line 74, in __init__
    super(Float32MultiArray, self).__init__(*args, **kwds)
  File "/opt/ros/kinetic/lib/python2.7/dist-packages/genpy/message.py", line 344, in __init__
    raise TypeError('Invalid number of arguments, args should be %s' % str(self.__slots__) + ' args are' + str(args))
TypeError: Invalid number of arguments, args should be ['layout', 'data'] args are((1.1676664285684515, 1.1849172034309237),)

[rosout][ERROR] 2025-03-27 14:26:42,913: bad callback: <bound method SonarProcessor.sonar_callback of <__main__.SonarProcessor instance at 0x7f599bb031b8>>
Traceback (most recent call last):
  File "/opt/ros/kinetic/lib/python2.7/dist-packages/rospy/topics.py", line 750, in _invoke_callback
    cb(msg)
  File "sonar_get_min_dist.py", line 28, in sonar_callback
    self.back_left_min, self.back_right_min = self.process_sonar_data(data)
  File "sonar_get_min_dist.py", line 57, in process_sonar_data
    self.pub_dists(min_dist)
  File "sonar_get_min_dist.py", line 73, in pub_dists
    pub.publish(min_distances)
  File "/opt/ros/kinetic/lib/python2.7/dist-packages/rospy/topics.py", line 879, in publish
    data = args_kwds_to_message(self.data_class, args, kwds)
  File "/opt/ros/kinetic/lib/python2.7/dist-packages/rospy/msg.py", line 122, in args_kwds_to_message
    return data_class(*args)
  File "/opt/ros/kinetic/lib/python2.7/dist-packages/std_msgs/msg/_Float32MultiArray.py", line 74, in __init__
    super(Float32MultiArray, self).__init__(*args, **kwds)
  File "/opt/ros/kinetic/lib/python2.7/dist-packages/genpy/message.py", line 344, in __init__
    raise TypeError('Invalid number of arguments, args should be %s' % str(self.__slots__) + ' args are' + str(args))
TypeError: Invalid number of arguments, args should be ['layout', 'data'] args are((1.1676664285684515, 1.1819610757155594),)

[rosout][ERROR] 2025-03-27 14:26:43,010: bad callback: <bound method SonarProcessor.sonar_callback of <__main__.SonarProcessor instance at 0x7f599bb031b8>>
Traceback (most recent call last):
  File "/opt/ros/kinetic/lib/python2.7/dist-packages/rospy/topics.py", line 750, in _invoke_callback
    cb(msg)
  File "sonar_get_min_dist.py", line 28, in sonar_callback
    self.back_left_min, self.back_right_min = self.process_sonar_data(data)
  File "sonar_get_min_dist.py", line 57, in process_sonar_data
    self.pub_dists(min_dist)
  File "sonar_get_min_dist.py", line 73, in pub_dists
    pub.publish(min_distances)
  File "/opt/ros/kinetic/lib/python2.7/dist-packages/rospy/topics.py", line 879, in publish
    data = args_kwds_to_message(self.data_class, args, kwds)
  File "/opt/ros/kinetic/lib/python2.7/dist-packages/rospy/msg.py", line 122, in args_kwds_to_message
    return data_class(*args)
  File "/opt/ros/kinetic/lib/python2.7/dist-packages/std_msgs/msg/_Float32MultiArray.py", line 74, in __init__
    super(Float32MultiArray, self).__init__(*args, **kwds)
  File "/opt/ros/kinetic/lib/python2.7/dist-packages/genpy/message.py", line 344, in __init__
    raise TypeError('Invalid number of arguments, args should be %s' % str(self.__slots__) + ' args are' + str(args))
TypeError: Invalid number of arguments, args should be ['layout', 'data'] args are((1.1676664285684515, 1.1819610757155594),)

[rosout][ERROR] 2025-03-27 14:26:43,114: bad callback: <bound method SonarProcessor.sonar_callback of <__main__.SonarProcessor instance at 0x7f599bb031b8>>
Traceback (most recent call last):
  File "/opt/ros/kinetic/lib/python2.7/dist-packages/rospy/topics.py", line 750, in _invoke_callback
    cb(msg)
  File "sonar_get_min_dist.py", line 28, in sonar_callback
    self.back_left_min, self.back_right_min = self.process_sonar_data(data)
  File "sonar_get_min_dist.py", line 57, in process_sonar_data
    self.pub_dists(min_dist)
  File "sonar_get_min_dist.py", line 73, in pub_dists
    pub.publish(min_distances)
  File "/opt/ros/kinetic/lib/python2.7/dist-packages/rospy/topics.py", line 879, in publish
    data = args_kwds_to_message(self.data_class, args, kwds)
  File "/opt/ros/kinetic/lib/python2.7/dist-packages/rospy/msg.py", line 122, in args_kwds_to_message
    return data_class(*args)
  File "/opt/ros/kinetic/lib/python2.7/dist-packages/std_msgs/msg/_Float32MultiArray.py", line 74, in __init__
    super(Float32MultiArray, self).__init__(*args, **kwds)
  File "/opt/ros/kinetic/lib/python2.7/dist-packages/genpy/message.py", line 344, in __init__
    raise TypeError('Invalid number of arguments, args should be %s' % str(self.__slots__) + ' args are' + str(args))
TypeError: Invalid number of arguments, args should be ['layout', 'data'] args are((1.1676664285684515, 1.1819610757155594),)

[rosout][ERROR] 2025-03-27 14:26:43,210: bad callback: <bound method SonarProcessor.sonar_callback of <__main__.SonarProcessor instance at 0x7f599bb031b8>>
Traceback (most recent call last):
  File "/opt/ros/kinetic/lib/python2.7/dist-packages/rospy/topics.py", line 750, in _invoke_callback
    cb(msg)
  File "sonar_get_min_dist.py", line 28, in sonar_callback
    self.back_left_min, self.back_right_min = self.process_sonar_data(data)
  File "sonar_get_min_dist.py", line 57, in process_sonar_data
    self.pub_dists(min_dist)
  File "sonar_get_min_dist.py", line 73, in pub_dists
    pub.publish(min_distances)
  File "/opt/ros/kinetic/lib/python2.7/dist-packages/rospy/topics.py", line 879, in publish
    data = args_kwds_to_message(self.data_class, args, kwds)
  File "/opt/ros/kinetic/lib/python2.7/dist-packages/rospy/msg.py", line 122, in args_kwds_to_message
    return data_class(*args)
  File "/opt/ros/kinetic/lib/python2.7/dist-packages/std_msgs/msg/_Float32MultiArray.py", line 74, in __init__
    super(Float32MultiArray, self).__init__(*args, **kwds)
  File "/opt/ros/kinetic/lib/python2.7/dist-packages/genpy/message.py", line 344, in __init__
    raise TypeError('Invalid number of arguments, args should be %s' % str(self.__slots__) + ' args are' + str(args))
TypeError: Invalid number of arguments, args should be ['layout', 'data'] args are((1.1676664285684515, 1.1819610757155594),)

[rosout][ERROR] 2025-03-27 14:26:43,314: bad callback: <bound method SonarProcessor.sonar_callback of <__main__.SonarProcessor instance at 0x7f599bb031b8>>
Traceback (most recent call last):
  File "/opt/ros/kinetic/lib/python2.7/dist-packages/rospy/topics.py", line 750, in _invoke_callback
    cb(msg)
  File "sonar_get_min_dist.py", line 28, in sonar_callback
    self.back_left_min, self.back_right_min = self.process_sonar_data(data)
  File "sonar_get_min_dist.py", line 57, in process_sonar_data
    self.pub_dists(min_dist)
  File "sonar_get_min_dist.py", line 73, in pub_dists
    pub.publish(min_distances)
  File "/opt/ros/kinetic/lib/python2.7/dist-packages/rospy/topics.py", line 879, in publish
    data = args_kwds_to_message(self.data_class, args, kwds)
  File "/opt/ros/kinetic/lib/python2.7/dist-packages/rospy/msg.py", line 122, in args_kwds_to_message
    return data_class(*args)
  File "/opt/ros/kinetic/lib/python2.7/dist-packages/std_msgs/msg/_Float32MultiArray.py", line 74, in __init__
    super(Float32MultiArray, self).__init__(*args, **kwds)
  File "/opt/ros/kinetic/lib/python2.7/dist-packages/genpy/message.py", line 344, in __init__
    raise TypeError('Invalid number of arguments, args should be %s' % str(self.__slots__) + ' args are' + str(args))
TypeError: Invalid number of arguments, args should be ['layout', 'data'] args are((1.1676664285684515, 1.1819610757155594),)

[rosout][ERROR] 2025-03-27 14:26:43,410: bad callback: <bound method SonarProcessor.sonar_callback of <__main__.SonarProcessor instance at 0x7f599bb031b8>>
Traceback (most recent call last):
  File "/opt/ros/kinetic/lib/python2.7/dist-packages/rospy/topics.py", line 750, in _invoke_callback
    cb(msg)
  File "sonar_get_min_dist.py", line 28, in sonar_callback
    self.back_left_min, self.back_right_min = self.process_sonar_data(data)
  File "sonar_get_min_dist.py", line 57, in process_sonar_data
    self.pub_dists(min_dist)
  File "sonar_get_min_dist.py", line 73, in pub_dists
    pub.publish(min_distances)
  File "/opt/ros/kinetic/lib/python2.7/dist-packages/rospy/topics.py", line 879, in publish
    data = args_kwds_to_message(self.data_class, args, kwds)
  File "/opt/ros/kinetic/lib/python2.7/dist-packages/rospy/msg.py", line 122, in args_kwds_to_message
    return data_class(*args)
  File "/opt/ros/kinetic/lib/python2.7/dist-packages/std_msgs/msg/_Float32MultiArray.py", line 74, in __init__
    super(Float32MultiArray, self).__init__(*args, **kwds)
  File "/opt/ros/kinetic/lib/python2.7/dist-packages/genpy/message.py", line 344, in __init__
    raise TypeError('Invalid number of arguments, args should be %s' % str(self.__slots__) + ' args are' + str(args))
TypeError: Invalid number of arguments, args should be ['layout', 'data'] args are((1.1676664285684515, 1.1819610757155594),)

[rosout][ERROR] 2025-03-27 14:26:43,514: bad callback: <bound method SonarProcessor.sonar_callback of <__main__.SonarProcessor instance at 0x7f599bb031b8>>
Traceback (most recent call last):
  File "/opt/ros/kinetic/lib/python2.7/dist-packages/rospy/topics.py", line 750, in _invoke_callback
    cb(msg)
  File "sonar_get_min_dist.py", line 28, in sonar_callback
    self.back_left_min, self.back_right_min = self.process_sonar_data(data)
  File "sonar_get_min_dist.py", line 57, in process_sonar_data
    self.pub_dists(min_dist)
  File "sonar_get_min_dist.py", line 73, in pub_dists
    pub.publish(min_distances)
  File "/opt/ros/kinetic/lib/python2.7/dist-packages/rospy/topics.py", line 879, in publish
    data = args_kwds_to_message(self.data_class, args, kwds)
  File "/opt/ros/kinetic/lib/python2.7/dist-packages/rospy/msg.py", line 122, in args_kwds_to_message
    return data_class(*args)
  File "/opt/ros/kinetic/lib/python2.7/dist-packages/std_msgs/msg/_Float32MultiArray.py", line 74, in __init__
    super(Float32MultiArray, self).__init__(*args, **kwds)
  File "/opt/ros/kinetic/lib/python2.7/dist-packages/genpy/message.py", line 344, in __init__
    raise TypeError('Invalid number of arguments, args should be %s' % str(self.__slots__) + ' args are' + str(args))
TypeError: Invalid number of arguments, args should be ['layout', 'data'] args are((1.1676664285684515, 1.1819610757155594),)

[rosout][ERROR] 2025-03-27 14:26:43,610: bad callback: <bound method SonarProcessor.sonar_callback of <__main__.SonarProcessor instance at 0x7f599bb031b8>>
Traceback (most recent call last):
  File "/opt/ros/kinetic/lib/python2.7/dist-packages/rospy/topics.py", line 750, in _invoke_callback
    cb(msg)
  File "sonar_get_min_dist.py", line 28, in sonar_callback
    self.back_left_min, self.back_right_min = self.process_sonar_data(data)
  File "sonar_get_min_dist.py", line 57, in process_sonar_data
    self.pub_dists(min_dist)
  File "sonar_get_min_dist.py", line 73, in pub_dists
    pub.publish(min_distances)
  File "/opt/ros/kinetic/lib/python2.7/dist-packages/rospy/topics.py", line 879, in publish
    data = args_kwds_to_message(self.data_class, args, kwds)
  File "/opt/ros/kinetic/lib/python2.7/dist-packages/rospy/msg.py", line 122, in args_kwds_to_message
    return data_class(*args)
  File "/opt/ros/kinetic/lib/python2.7/dist-packages/std_msgs/msg/_Float32MultiArray.py", line 74, in __init__
    super(Float32MultiArray, self).__init__(*args, **kwds)
  File "/opt/ros/kinetic/lib/python2.7/dist-packages/genpy/message.py", line 344, in __init__
    raise TypeError('Invalid number of arguments, args should be %s' % str(self.__slots__) + ' args are' + str(args))
TypeError: Invalid number of arguments, args should be ['layout', 'data'] args are((1.1676664285684515, 1.1819610757155594),)

[rosout][ERROR] 2025-03-27 14:26:43,714: bad callback: <bound method SonarProcessor.sonar_callback of <__main__.SonarProcessor instance at 0x7f599bb031b8>>
Traceback (most recent call last):
  File "/opt/ros/kinetic/lib/python2.7/dist-packages/rospy/topics.py", line 750, in _invoke_callback
    cb(msg)
  File "sonar_get_min_dist.py", line 28, in sonar_callback
    self.back_left_min, self.back_right_min = self.process_sonar_data(data)
  File "sonar_get_min_dist.py", line 57, in process_sonar_data
    self.pub_dists(min_dist)
  File "sonar_get_min_dist.py", line 73, in pub_dists
    pub.publish(min_distances)
  File "/opt/ros/kinetic/lib/python2.7/dist-packages/rospy/topics.py", line 879, in publish
    data = args_kwds_to_message(self.data_class, args, kwds)
  File "/opt/ros/kinetic/lib/python2.7/dist-packages/rospy/msg.py", line 122, in args_kwds_to_message
    return data_class(*args)
  File "/opt/ros/kinetic/lib/python2.7/dist-packages/std_msgs/msg/_Float32MultiArray.py", line 74, in __init__
    super(Float32MultiArray, self).__init__(*args, **kwds)
  File "/opt/ros/kinetic/lib/python2.7/dist-packages/genpy/message.py", line 344, in __init__
    raise TypeError('Invalid number of arguments, args should be %s' % str(self.__slots__) + ' args are' + str(args))
TypeError: Invalid number of arguments, args should be ['layout', 'data'] args are((1.1676664285684515, 1.1819610757155594),)

[rosout][ERROR] 2025-03-27 14:26:43,811: bad callback: <bound method SonarProcessor.sonar_callback of <__main__.SonarProcessor instance at 0x7f599bb031b8>>
Traceback (most recent call last):
  File "/opt/ros/kinetic/lib/python2.7/dist-packages/rospy/topics.py", line 750, in _invoke_callback
    cb(msg)
  File "sonar_get_min_dist.py", line 28, in sonar_callback
    self.back_left_min, self.back_right_min = self.process_sonar_data(data)
  File "sonar_get_min_dist.py", line 57, in process_sonar_data
    self.pub_dists(min_dist)
  File "sonar_get_min_dist.py", line 73, in pub_dists
    pub.publish(min_distances)
  File "/opt/ros/kinetic/lib/python2.7/dist-packages/rospy/topics.py", line 879, in publish
    data = args_kwds_to_message(self.data_class, args, kwds)
  File "/opt/ros/kinetic/lib/python2.7/dist-packages/rospy/msg.py", line 122, in args_kwds_to_message
    return data_class(*args)
  File "/opt/ros/kinetic/lib/python2.7/dist-packages/std_msgs/msg/_Float32MultiArray.py", line 74, in __init__
    super(Float32MultiArray, self).__init__(*args, **kwds)
  File "/opt/ros/kinetic/lib/python2.7/dist-packages/genpy/message.py", line 344, in __init__
    raise TypeError('Invalid number of arguments, args should be %s' % str(self.__slots__) + ' args are' + str(args))
TypeError: Invalid number of arguments, args should be ['layout', 'data'] args are((1.1676664285684515, 1.1819610757155594),)

[rosout][ERROR] 2025-03-27 14:26:43,914: bad callback: <bound method SonarProcessor.sonar_callback of <__main__.SonarProcessor instance at 0x7f599bb031b8>>
Traceback (most recent call last):
  File "/opt/ros/kinetic/lib/python2.7/dist-packages/rospy/topics.py", line 750, in _invoke_callback
    cb(msg)
  File "sonar_get_min_dist.py", line 28, in sonar_callback
    self.back_left_min, self.back_right_min = self.process_sonar_data(data)
  File "sonar_get_min_dist.py", line 57, in process_sonar_data
    self.pub_dists(min_dist)
  File "sonar_get_min_dist.py", line 73, in pub_dists
    pub.publish(min_distances)
  File "/opt/ros/kinetic/lib/python2.7/dist-packages/rospy/topics.py", line 879, in publish
    data = args_kwds_to_message(self.data_class, args, kwds)
  File "/opt/ros/kinetic/lib/python2.7/dist-packages/rospy/msg.py", line 122, in args_kwds_to_message
    return data_class(*args)
  File "/opt/ros/kinetic/lib/python2.7/dist-packages/std_msgs/msg/_Float32MultiArray.py", line 74, in __init__
    super(Float32MultiArray, self).__init__(*args, **kwds)
  File "/opt/ros/kinetic/lib/python2.7/dist-packages/genpy/message.py", line 344, in __init__
    raise TypeError('Invalid number of arguments, args should be %s' % str(self.__slots__) + ' args are' + str(args))
TypeError: Invalid number of arguments, args should be ['layout', 'data'] args are((1.1676664285684515, 1.1819610757155594),)

[rosout][ERROR] 2025-03-27 14:26:44,011: bad callback: <bound method SonarProcessor.sonar_callback of <__main__.SonarProcessor instance at 0x7f599bb031b8>>
Traceback (most recent call last):
  File "/opt/ros/kinetic/lib/python2.7/dist-packages/rospy/topics.py", line 750, in _invoke_callback
    cb(msg)
  File "sonar_get_min_dist.py", line 28, in sonar_callback
    self.back_left_min, self.back_right_min = self.process_sonar_data(data)
  File "sonar_get_min_dist.py", line 57, in process_sonar_data
    self.pub_dists(min_dist)
  File "sonar_get_min_dist.py", line 73, in pub_dists
    pub.publish(min_distances)
  File "/opt/ros/kinetic/lib/python2.7/dist-packages/rospy/topics.py", line 879, in publish
    data = args_kwds_to_message(self.data_class, args, kwds)
  File "/opt/ros/kinetic/lib/python2.7/dist-packages/rospy/msg.py", line 122, in args_kwds_to_message
    return data_class(*args)
  File "/opt/ros/kinetic/lib/python2.7/dist-packages/std_msgs/msg/_Float32MultiArray.py", line 74, in __init__
    super(Float32MultiArray, self).__init__(*args, **kwds)
  File "/opt/ros/kinetic/lib/python2.7/dist-packages/genpy/message.py", line 344, in __init__
    raise TypeError('Invalid number of arguments, args should be %s' % str(self.__slots__) + ' args are' + str(args))
TypeError: Invalid number of arguments, args should be ['layout', 'data'] args are((1.1676664285684515, 1.263823561721258),)

[rosout][ERROR] 2025-03-27 14:26:44,114: bad callback: <bound method SonarProcessor.sonar_callback of <__main__.SonarProcessor instance at 0x7f599bb031b8>>
Traceback (most recent call last):
  File "/opt/ros/kinetic/lib/python2.7/dist-packages/rospy/topics.py", line 750, in _invoke_callback
    cb(msg)
  File "sonar_get_min_dist.py", line 28, in sonar_callback
    self.back_left_min, self.back_right_min = self.process_sonar_data(data)
  File "sonar_get_min_dist.py", line 57, in process_sonar_data
    self.pub_dists(min_dist)
  File "sonar_get_min_dist.py", line 73, in pub_dists
    pub.publish(min_distances)
  File "/opt/ros/kinetic/lib/python2.7/dist-packages/rospy/topics.py", line 879, in publish
    data = args_kwds_to_message(self.data_class, args, kwds)
  File "/opt/ros/kinetic/lib/python2.7/dist-packages/rospy/msg.py", line 122, in args_kwds_to_message
    return data_class(*args)
  File "/opt/ros/kinetic/lib/python2.7/dist-packages/std_msgs/msg/_Float32MultiArray.py", line 74, in __init__
    super(Float32MultiArray, self).__init__(*args, **kwds)
  File "/opt/ros/kinetic/lib/python2.7/dist-packages/genpy/message.py", line 344, in __init__
    raise TypeError('Invalid number of arguments, args should be %s' % str(self.__slots__) + ' args are' + str(args))
TypeError: Invalid number of arguments, args should be ['layout', 'data'] args are((1.1676664285684515, 0.9913393313065145),)

[rosout][ERROR] 2025-03-27 14:26:44,211: bad callback: <bound method SonarProcessor.sonar_callback of <__main__.SonarProcessor instance at 0x7f599bb031b8>>
Traceback (most recent call last):
  File "/opt/ros/kinetic/lib/python2.7/dist-packages/rospy/topics.py", line 750, in _invoke_callback
    cb(msg)
  File "sonar_get_min_dist.py", line 28, in sonar_callback
    self.back_left_min, self.back_right_min = self.process_sonar_data(data)
  File "sonar_get_min_dist.py", line 57, in process_sonar_data
    self.pub_dists(min_dist)
  File "sonar_get_min_dist.py", line 73, in pub_dists
    pub.publish(min_distances)
  File "/opt/ros/kinetic/lib/python2.7/dist-packages/rospy/topics.py", line 879, in publish
    data = args_kwds_to_message(self.data_class, args, kwds)
  File "/opt/ros/kinetic/lib/python2.7/dist-packages/rospy/msg.py", line 122, in args_kwds_to_message
    return data_class(*args)
  File "/opt/ros/kinetic/lib/python2.7/dist-packages/std_msgs/msg/_Float32MultiArray.py", line 74, in __init__
    super(Float32MultiArray, self).__init__(*args, **kwds)
  File "/opt/ros/kinetic/lib/python2.7/dist-packages/genpy/message.py", line 344, in __init__
    raise TypeError('Invalid number of arguments, args should be %s' % str(self.__slots__) + ' args are' + str(args))
TypeError: Invalid number of arguments, args should be ['layout', 'data'] args are((1.1676664285684515, 0.9913393313065145),)

[rosout][ERROR] 2025-03-27 14:26:44,314: bad callback: <bound method SonarProcessor.sonar_callback of <__main__.SonarProcessor instance at 0x7f599bb031b8>>
Traceback (most recent call last):
  File "/opt/ros/kinetic/lib/python2.7/dist-packages/rospy/topics.py", line 750, in _invoke_callback
    cb(msg)
  File "sonar_get_min_dist.py", line 28, in sonar_callback
    self.back_left_min, self.back_right_min = self.process_sonar_data(data)
  File "sonar_get_min_dist.py", line 57, in process_sonar_data
    self.pub_dists(min_dist)
  File "sonar_get_min_dist.py", line 73, in pub_dists
    pub.publish(min_distances)
  File "/opt/ros/kinetic/lib/python2.7/dist-packages/rospy/topics.py", line 879, in publish
    data = args_kwds_to_message(self.data_class, args, kwds)
  File "/opt/ros/kinetic/lib/python2.7/dist-packages/rospy/msg.py", line 122, in args_kwds_to_message
    return data_class(*args)
  File "/opt/ros/kinetic/lib/python2.7/dist-packages/std_msgs/msg/_Float32MultiArray.py", line 74, in __init__
    super(Float32MultiArray, self).__init__(*args, **kwds)
  File "/opt/ros/kinetic/lib/python2.7/dist-packages/genpy/message.py", line 344, in __init__
    raise TypeError('Invalid number of arguments, args should be %s' % str(self.__slots__) + ' args are' + str(args))
TypeError: Invalid number of arguments, args should be ['layout', 'data'] args are((1.1676664285684515, 1.2796210848960652),)

[rosout][ERROR] 2025-03-27 14:26:44,411: bad callback: <bound method SonarProcessor.sonar_callback of <__main__.SonarProcessor instance at 0x7f599bb031b8>>
Traceback (most recent call last):
  File "/opt/ros/kinetic/lib/python2.7/dist-packages/rospy/topics.py", line 750, in _invoke_callback
    cb(msg)
  File "sonar_get_min_dist.py", line 28, in sonar_callback
    self.back_left_min, self.back_right_min = self.process_sonar_data(data)
  File "sonar_get_min_dist.py", line 57, in process_sonar_data
    self.pub_dists(min_dist)
  File "sonar_get_min_dist.py", line 73, in pub_dists
    pub.publish(min_distances)
  File "/opt/ros/kinetic/lib/python2.7/dist-packages/rospy/topics.py", line 879, in publish
    data = args_kwds_to_message(self.data_class, args, kwds)
  File "/opt/ros/kinetic/lib/python2.7/dist-packages/rospy/msg.py", line 122, in args_kwds_to_message
    return data_class(*args)
  File "/opt/ros/kinetic/lib/python2.7/dist-packages/std_msgs/msg/_Float32MultiArray.py", line 74, in __init__
    super(Float32MultiArray, self).__init__(*args, **kwds)
  File "/opt/ros/kinetic/lib/python2.7/dist-packages/genpy/message.py", line 344, in __init__
    raise TypeError('Invalid number of arguments, args should be %s' % str(self.__slots__) + ' args are' + str(args))
TypeError: Invalid number of arguments, args should be ['layout', 'data'] args are((1.1676664285684515, 1.2796210848960652),)

[rosout][ERROR] 2025-03-27 14:26:44,514: bad callback: <bound method SonarProcessor.sonar_callback of <__main__.SonarProcessor instance at 0x7f599bb031b8>>
Traceback (most recent call last):
  File "/opt/ros/kinetic/lib/python2.7/dist-packages/rospy/topics.py", line 750, in _invoke_callback
    cb(msg)
  File "sonar_get_min_dist.py", line 28, in sonar_callback
    self.back_left_min, self.back_right_min = self.process_sonar_data(data)
  File "sonar_get_min_dist.py", line 57, in process_sonar_data
    self.pub_dists(min_dist)
  File "sonar_get_min_dist.py", line 73, in pub_dists
    pub.publish(min_distances)
  File "/opt/ros/kinetic/lib/python2.7/dist-packages/rospy/topics.py", line 879, in publish
    data = args_kwds_to_message(self.data_class, args, kwds)
  File "/opt/ros/kinetic/lib/python2.7/dist-packages/rospy/msg.py", line 122, in args_kwds_to_message
    return data_class(*args)
  File "/opt/ros/kinetic/lib/python2.7/dist-packages/std_msgs/msg/_Float32MultiArray.py", line 74, in __init__
    super(Float32MultiArray, self).__init__(*args, **kwds)
  File "/opt/ros/kinetic/lib/python2.7/dist-packages/genpy/message.py", line 344, in __init__
    raise TypeError('Invalid number of arguments, args should be %s' % str(self.__slots__) + ' args are' + str(args))
TypeError: Invalid number of arguments, args should be ['layout', 'data'] args are((1.1676664285684515, 1.2796210848960652),)

[rosout][ERROR] 2025-03-27 14:26:44,611: bad callback: <bound method SonarProcessor.sonar_callback of <__main__.SonarProcessor instance at 0x7f599bb031b8>>
Traceback (most recent call last):
  File "/opt/ros/kinetic/lib/python2.7/dist-packages/rospy/topics.py", line 750, in _invoke_callback
    cb(msg)
  File "sonar_get_min_dist.py", line 28, in sonar_callback
    self.back_left_min, self.back_right_min = self.process_sonar_data(data)
  File "sonar_get_min_dist.py", line 57, in process_sonar_data
    self.pub_dists(min_dist)
  File "sonar_get_min_dist.py", line 73, in pub_dists
    pub.publish(min_distances)
  File "/opt/ros/kinetic/lib/python2.7/dist-packages/rospy/topics.py", line 879, in publish
    data = args_kwds_to_message(self.data_class, args, kwds)
  File "/opt/ros/kinetic/lib/python2.7/dist-packages/rospy/msg.py", line 122, in args_kwds_to_message
    return data_class(*args)
  File "/opt/ros/kinetic/lib/python2.7/dist-packages/std_msgs/msg/_Float32MultiArray.py", line 74, in __init__
    super(Float32MultiArray, self).__init__(*args, **kwds)
  File "/opt/ros/kinetic/lib/python2.7/dist-packages/genpy/message.py", line 344, in __init__
    raise TypeError('Invalid number of arguments, args should be %s' % str(self.__slots__) + ' args are' + str(args))
TypeError: Invalid number of arguments, args should be ['layout', 'data'] args are((1.1676664285684515, 1.2440839008594449),)

[rosout][ERROR] 2025-03-27 14:26:44,714: bad callback: <bound method SonarProcessor.sonar_callback of <__main__.SonarProcessor instance at 0x7f599bb031b8>>
Traceback (most recent call last):
  File "/opt/ros/kinetic/lib/python2.7/dist-packages/rospy/topics.py", line 750, in _invoke_callback
    cb(msg)
  File "sonar_get_min_dist.py", line 28, in sonar_callback
    self.back_left_min, self.back_right_min = self.process_sonar_data(data)
  File "sonar_get_min_dist.py", line 57, in process_sonar_data
    self.pub_dists(min_dist)
  File "sonar_get_min_dist.py", line 73, in pub_dists
    pub.publish(min_distances)
  File "/opt/ros/kinetic/lib/python2.7/dist-packages/rospy/topics.py", line 879, in publish
    data = args_kwds_to_message(self.data_class, args, kwds)
  File "/opt/ros/kinetic/lib/python2.7/dist-packages/rospy/msg.py", line 122, in args_kwds_to_message
    return data_class(*args)
  File "/opt/ros/kinetic/lib/python2.7/dist-packages/std_msgs/msg/_Float32MultiArray.py", line 74, in __init__
    super(Float32MultiArray, self).__init__(*args, **kwds)
  File "/opt/ros/kinetic/lib/python2.7/dist-packages/genpy/message.py", line 344, in __init__
    raise TypeError('Invalid number of arguments, args should be %s' % str(self.__slots__) + ' args are' + str(args))
TypeError: Invalid number of arguments, args should be ['layout', 'data'] args are((1.1676664285684515, 1.2440839008594449),)

[rosout][ERROR] 2025-03-27 14:26:44,811: bad callback: <bound method SonarProcessor.sonar_callback of <__main__.SonarProcessor instance at 0x7f599bb031b8>>
Traceback (most recent call last):
  File "/opt/ros/kinetic/lib/python2.7/dist-packages/rospy/topics.py", line 750, in _invoke_callback
    cb(msg)
  File "sonar_get_min_dist.py", line 28, in sonar_callback
    self.back_left_min, self.back_right_min = self.process_sonar_data(data)
  File "sonar_get_min_dist.py", line 57, in process_sonar_data
    self.pub_dists(min_dist)
  File "sonar_get_min_dist.py", line 73, in pub_dists
    pub.publish(min_distances)
  File "/opt/ros/kinetic/lib/python2.7/dist-packages/rospy/topics.py", line 879, in publish
    data = args_kwds_to_message(self.data_class, args, kwds)
  File "/opt/ros/kinetic/lib/python2.7/dist-packages/rospy/msg.py", line 122, in args_kwds_to_message
    return data_class(*args)
  File "/opt/ros/kinetic/lib/python2.7/dist-packages/std_msgs/msg/_Float32MultiArray.py", line 74, in __init__
    super(Float32MultiArray, self).__init__(*args, **kwds)
  File "/opt/ros/kinetic/lib/python2.7/dist-packages/genpy/message.py", line 344, in __init__
    raise TypeError('Invalid number of arguments, args should be %s' % str(self.__slots__) + ' args are' + str(args))
TypeError: Invalid number of arguments, args should be ['layout', 'data'] args are((1.1676664285684515, 1.2440839008594449),)

[rosout][ERROR] 2025-03-27 14:26:44,914: bad callback: <bound method SonarProcessor.sonar_callback of <__main__.SonarProcessor instance at 0x7f599bb031b8>>
Traceback (most recent call last):
  File "/opt/ros/kinetic/lib/python2.7/dist-packages/rospy/topics.py", line 750, in _invoke_callback
    cb(msg)
  File "sonar_get_min_dist.py", line 28, in sonar_callback
    self.back_left_min, self.back_right_min = self.process_sonar_data(data)
  File "sonar_get_min_dist.py", line 57, in process_sonar_data
    self.pub_dists(min_dist)
  File "sonar_get_min_dist.py", line 73, in pub_dists
    pub.publish(min_distances)
  File "/opt/ros/kinetic/lib/python2.7/dist-packages/rospy/topics.py", line 879, in publish
    data = args_kwds_to_message(self.data_class, args, kwds)
  File "/opt/ros/kinetic/lib/python2.7/dist-packages/rospy/msg.py", line 122, in args_kwds_to_message
    return data_class(*args)
  File "/opt/ros/kinetic/lib/python2.7/dist-packages/std_msgs/msg/_Float32MultiArray.py", line 74, in __init__
    super(Float32MultiArray, self).__init__(*args, **kwds)
  File "/opt/ros/kinetic/lib/python2.7/dist-packages/genpy/message.py", line 344, in __init__
    raise TypeError('Invalid number of arguments, args should be %s' % str(self.__slots__) + ' args are' + str(args))
TypeError: Invalid number of arguments, args should be ['layout', 'data'] args are((1.1676664285684515, 1.2539526675898578),)

[rosout][ERROR] 2025-03-27 14:26:45,011: bad callback: <bound method SonarProcessor.sonar_callback of <__main__.SonarProcessor instance at 0x7f599bb031b8>>
Traceback (most recent call last):
  File "/opt/ros/kinetic/lib/python2.7/dist-packages/rospy/topics.py", line 750, in _invoke_callback
    cb(msg)
  File "sonar_get_min_dist.py", line 28, in sonar_callback
    self.back_left_min, self.back_right_min = self.process_sonar_data(data)
  File "sonar_get_min_dist.py", line 57, in process_sonar_data
    self.pub_dists(min_dist)
  File "sonar_get_min_dist.py", line 73, in pub_dists
    pub.publish(min_distances)
  File "/opt/ros/kinetic/lib/python2.7/dist-packages/rospy/topics.py", line 879, in publish
    data = args_kwds_to_message(self.data_class, args, kwds)
  File "/opt/ros/kinetic/lib/python2.7/dist-packages/rospy/msg.py", line 122, in args_kwds_to_message
    return data_class(*args)
  File "/opt/ros/kinetic/lib/python2.7/dist-packages/std_msgs/msg/_Float32MultiArray.py", line 74, in __init__
    super(Float32MultiArray, self).__init__(*args, **kwds)
  File "/opt/ros/kinetic/lib/python2.7/dist-packages/genpy/message.py", line 344, in __init__
    raise TypeError('Invalid number of arguments, args should be %s' % str(self.__slots__) + ' args are' + str(args))
TypeError: Invalid number of arguments, args should be ['layout', 'data'] args are((1.1676664285684515, 1.2539526675898578),)

[rosout][ERROR] 2025-03-27 14:26:45,114: bad callback: <bound method SonarProcessor.sonar_callback of <__main__.SonarProcessor instance at 0x7f599bb031b8>>
Traceback (most recent call last):
  File "/opt/ros/kinetic/lib/python2.7/dist-packages/rospy/topics.py", line 750, in _invoke_callback
    cb(msg)
  File "sonar_get_min_dist.py", line 28, in sonar_callback
    self.back_left_min, self.back_right_min = self.process_sonar_data(data)
  File "sonar_get_min_dist.py", line 57, in process_sonar_data
    self.pub_dists(min_dist)
  File "sonar_get_min_dist.py", line 73, in pub_dists
    pub.publish(min_distances)
  File "/opt/ros/kinetic/lib/python2.7/dist-packages/rospy/topics.py", line 879, in publish
    data = args_kwds_to_message(self.data_class, args, kwds)
  File "/opt/ros/kinetic/lib/python2.7/dist-packages/rospy/msg.py", line 122, in args_kwds_to_message
    return data_class(*args)
  File "/opt/ros/kinetic/lib/python2.7/dist-packages/std_msgs/msg/_Float32MultiArray.py", line 74, in __init__
    super(Float32MultiArray, self).__init__(*args, **kwds)
  File "/opt/ros/kinetic/lib/python2.7/dist-packages/genpy/message.py", line 344, in __init__
    raise TypeError('Invalid number of arguments, args should be %s' % str(self.__slots__) + ' args are' + str(args))
TypeError: Invalid number of arguments, args should be ['layout', 'data'] args are((1.1676664285684515, 1.262836361335916),)

[rospy.core][INFO] 2025-03-27 14:26:45,180: signal_shutdown [signal-2]
[rospy.internal][INFO] 2025-03-27 14:26:45,188: topic[/rosout] removing connection to /rosout
[rospy.internal][INFO] 2025-03-27 14:26:45,188: topic[/RosAria/sonar] removing connection to http://localhost:37299/
[rospy.impl.masterslave][INFO] 2025-03-27 14:26:45,189: signal-2
[rospy.core][INFO] 2025-03-27 14:26:45,297: signal_shutdown [atexit]
