[rospy.client][INFO] 2025-03-27 15:25:18,689: init_node, name[/sonar_processor_5940_1743063918673], pid[5940]
[xmlrpc][INFO] 2025-03-27 15:25:18,689: XML-RPC server binding to 127.0.0.1:0
[xmlrpc][INFO] 2025-03-27 15:25:18,689: Started XML-RPC server [http://localhost:42799/]
[rospy.init][INFO] 2025-03-27 15:25:18,689: ROS Slave URI: [http://localhost:42799/]
[rospy.impl.masterslave][INFO] 2025-03-27 15:25:18,689: _ready: http://localhost:42799/
[rospy.registration][INFO] 2025-03-27 15:25:18,690: Registering with master node http://localhost:11311
[xmlrpc][INFO] 2025-03-27 15:25:18,690: xml rpc node: starting XML-RPC server
[rospy.init][INFO] 2025-03-27 15:25:18,790: registered with master
[rospy.rosout][INFO] 2025-03-27 15:25:18,790: initializing /rosout core topic
[rospy.rosout][INFO] 2025-03-27 15:25:18,791: connected to core topic /rosout
[rospy.simtime][INFO] 2025-03-27 15:25:18,792: /use_sim_time is not set, will not subscribe to simulated time [/clock] topic
[rosout][INFO] 2025-03-27 15:25:18,795: Sonar processor initialized
[rospy.internal][INFO] 2025-03-27 15:25:18,804: topic[/RosAria/sonar] adding connection to [http://localhost:40669/], count 0
[rosout][INFO] 2025-03-27 15:25:18,830: Back Left Min: 1.24, Back Right Min: 0.98
[rospy.internal][INFO] 2025-03-27 15:25:18,873: topic[/sonar_min] adding connection to [/controller_joystick], count 0
[rosout][INFO] 2025-03-27 15:25:18,936: Back Left Min: 1.24, Back Right Min: 0.98
[rosout][INFO] 2025-03-27 15:25:19,039: Back Left Min: 1.24, Back Right Min: 0.98
[rospy.internal][INFO] 2025-03-27 15:25:19,061: topic[/rosout] adding connection to [/rosout], count 0
[rosout][INFO] 2025-03-27 15:25:19,137: Back Left Min: 1.24, Back Right Min: 0.98
[rosout][INFO] 2025-03-27 15:25:19,239: Back Left Min: 1.24, Back Right Min: 0.98
[rosout][INFO] 2025-03-27 15:25:19,336: Back Left Min: 1.24, Back Right Min: 0.98
[rosout][INFO] 2025-03-27 15:25:19,439: Back Left Min: 1.24, Back Right Min: 0.96
[rosout][INFO] 2025-03-27 15:25:19,536: Back Left Min: 1.24, Back Right Min: 0.96
[rosout][INFO] 2025-03-27 15:25:19,640: Back Left Min: 1.24, Back Right Min: 0.96
[rosout][INFO] 2025-03-27 15:25:19,736: Back Left Min: 1.24, Back Right Min: 0.96
[rosout][INFO] 2025-03-27 15:25:19,840: Back Left Min: 1.24, Back Right Min: 0.96
[rosout][INFO] 2025-03-27 15:25:19,936: Back Left Min: 1.24, Back Right Min: 0.96
[rosout][INFO] 2025-03-27 15:25:20,040: Back Left Min: 1.24, Back Right Min: 0.96
[rosout][INFO] 2025-03-27 15:25:20,136: Back Left Min: 1.24, Back Right Min: 0.96
[rosout][INFO] 2025-03-27 15:25:20,240: Back Left Min: 1.24, Back Right Min: 0.94
[rosout][INFO] 2025-03-27 15:25:20,337: Back Left Min: 1.24, Back Right Min: 0.94
[rosout][INFO] 2025-03-27 15:25:20,440: Back Left Min: 1.24, Back Right Min: 0.94
[rosout][INFO] 2025-03-27 15:25:20,537: Back Left Min: 1.24, Back Right Min: 0.94
[rosout][INFO] 2025-03-27 15:25:20,640: Back Left Min: 1.24, Back Right Min: 0.94
[rosout][INFO] 2025-03-27 15:25:20,737: Back Left Min: 1.24, Back Right Min: 0.94
[rosout][INFO] 2025-03-27 15:25:20,840: Back Left Min: 1.24, Back Right Min: 0.94
[rosout][INFO] 2025-03-27 15:25:20,937: Back Left Min: 1.24, Back Right Min: 0.94
[rosout][INFO] 2025-03-27 15:25:21,040: Back Left Min: 1.24, Back Right Min: 0.94
[rosout][INFO] 2025-03-27 15:25:21,137: Back Left Min: 1.24, Back Right Min: 0.95
[rosout][INFO] 2025-03-27 15:25:21,240: Back Left Min: 1.24, Back Right Min: 0.95
[rosout][INFO] 2025-03-27 15:25:21,337: Back Left Min: 1.24, Back Right Min: 0.95
[rosout][INFO] 2025-03-27 15:25:21,440: Back Left Min: 1.24, Back Right Min: 0.96
[rosout][INFO] 2025-03-27 15:25:21,537: Back Left Min: 1.24, Back Right Min: 0.96
[rosout][INFO] 2025-03-27 15:25:21,640: Back Left Min: 1.24, Back Right Min: 0.96
[rosout][INFO] 2025-03-27 15:25:21,737: Back Left Min: 1.24, Back Right Min: 0.96
[rosout][INFO] 2025-03-27 15:25:21,840: Back Left Min: 1.24, Back Right Min: 0.96
[rosout][INFO] 2025-03-27 15:25:21,937: Back Left Min: 1.24, Back Right Min: 0.96
[rosout][INFO] 2025-03-27 15:25:22,040: Back Left Min: 1.24, Back Right Min: 0.96
[rosout][INFO] 2025-03-27 15:25:22,137: Back Left Min: 1.24, Back Right Min: 0.96
[rosout][INFO] 2025-03-27 15:25:22,241: Back Left Min: 1.24, Back Right Min: 0.96
[rosout][INFO] 2025-03-27 15:25:22,337: Back Left Min: 1.24, Back Right Min: 0.96
[rosout][INFO] 2025-03-27 15:25:22,441: Back Left Min: 1.24, Back Right Min: 0.96
[rosout][INFO] 2025-03-27 15:25:22,537: Back Left Min: 1.24, Back Right Min: 0.96
[rosout][INFO] 2025-03-27 15:25:22,641: Back Left Min: 1.24, Back Right Min: 0.96
[rosout][INFO] 2025-03-27 15:25:22,738: Back Left Min: 1.24, Back Right Min: 0.96
[rosout][INFO] 2025-03-27 15:25:22,841: Back Left Min: 1.24, Back Right Min: 0.96
[rosout][INFO] 2025-03-27 15:25:22,938: Back Left Min: 1.24, Back Right Min: 0.96
[rosout][INFO] 2025-03-27 15:25:23,041: Back Left Min: 1.24, Back Right Min: 0.96
[rosout][INFO] 2025-03-27 15:25:23,138: Back Left Min: 1.24, Back Right Min: 0.96
[rosout][INFO] 2025-03-27 15:25:23,241: Back Left Min: 1.24, Back Right Min: 0.96
[rosout][INFO] 2025-03-27 15:25:23,338: Back Left Min: 1.24, Back Right Min: 0.96
[rosout][INFO] 2025-03-27 15:25:23,441: Back Left Min: 1.24, Back Right Min: 0.96
[rosout][INFO] 2025-03-27 15:25:23,538: Back Left Min: 1.24, Back Right Min: 0.96
[rosout][INFO] 2025-03-27 15:25:23,641: Back Left Min: 1.24, Back Right Min: 0.96
[rosout][INFO] 2025-03-27 15:25:23,738: Back Left Min: 1.24, Back Right Min: 0.96
[rosout][INFO] 2025-03-27 15:25:23,841: Back Left Min: 1.24, Back Right Min: 0.96
[rosout][INFO] 2025-03-27 15:25:23,938: Back Left Min: 1.24, Back Right Min: 0.96
[rosout][INFO] 2025-03-27 15:25:24,041: Back Left Min: 1.24, Back Right Min: 0.96
[rosout][INFO] 2025-03-27 15:25:24,138: Back Left Min: 1.24, Back Right Min: 0.96
[rosout][INFO] 2025-03-27 15:25:24,241: Back Left Min: 1.24, Back Right Min: 0.96
[rosout][INFO] 2025-03-27 15:25:24,338: Back Left Min: 1.24, Back Right Min: 0.96
[rosout][INFO] 2025-03-27 15:25:24,441: Back Left Min: 1.24, Back Right Min: 0.96
[rosout][INFO] 2025-03-27 15:25:24,538: Back Left Min: 1.24, Back Right Min: 0.96
[rosout][INFO] 2025-03-27 15:25:24,641: Back Left Min: 1.24, Back Right Min: 0.96
[rosout][INFO] 2025-03-27 15:25:24,738: Back Left Min: 1.24, Back Right Min: 0.96
[rosout][INFO] 2025-03-27 15:25:24,842: Back Left Min: 1.24, Back Right Min: 0.96
[rosout][INFO] 2025-03-27 15:25:24,938: Back Left Min: 1.24, Back Right Min: 0.96
[rosout][INFO] 2025-03-27 15:25:25,042: Back Left Min: 1.24, Back Right Min: 0.96
[rosout][INFO] 2025-03-27 15:25:25,139: Back Left Min: 1.24, Back Right Min: 0.96
[rosout][INFO] 2025-03-27 15:25:25,242: Back Left Min: 1.24, Back Right Min: 0.96
[rosout][INFO] 2025-03-27 15:25:25,339: Back Left Min: 1.24, Back Right Min: 0.96
[rosout][INFO] 2025-03-27 15:25:25,442: Back Left Min: 1.24, Back Right Min: 0.96
[rosout][INFO] 2025-03-27 15:25:25,539: Back Left Min: 1.24, Back Right Min: 0.96
[rosout][INFO] 2025-03-27 15:25:25,642: Back Left Min: 1.24, Back Right Min: 0.96
[rosout][INFO] 2025-03-27 15:25:25,739: Back Left Min: 1.24, Back Right Min: 0.96
[rosout][INFO] 2025-03-27 15:25:25,842: Back Left Min: 1.24, Back Right Min: 0.95
[rosout][INFO] 2025-03-27 15:25:25,939: Back Left Min: 1.24, Back Right Min: 0.95
[rosout][INFO] 2025-03-27 15:25:26,042: Back Left Min: 1.24, Back Right Min: 0.95
[rosout][INFO] 2025-03-27 15:25:26,139: Back Left Min: 1.24, Back Right Min: 0.94
[rosout][INFO] 2025-03-27 15:25:26,242: Back Left Min: 1.24, Back Right Min: 0.94
[rosout][INFO] 2025-03-27 15:25:26,339: Back Left Min: 1.24, Back Right Min: 0.94
[rosout][INFO] 2025-03-27 15:25:26,443: Back Left Min: 0.79, Back Right Min: 0.97
[rosout][INFO] 2025-03-27 15:25:26,539: Back Left Min: 0.79, Back Right Min: 0.97
[rosout][INFO] 2025-03-27 15:25:26,643: Back Left Min: 0.79, Back Right Min: 0.97
[rosout][INFO] 2025-03-27 15:25:26,739: Back Left Min: 1.00, Back Right Min: 0.99
[rosout][INFO] 2025-03-27 15:25:26,843: Back Left Min: 0.75, Back Right Min: 0.99
[rosout][INFO] 2025-03-27 15:25:26,939: Back Left Min: 0.75, Back Right Min: 0.99
[rosout][INFO] 2025-03-27 15:25:27,043: Back Left Min: 0.80, Back Right Min: 0.95
[rosout][INFO] 2025-03-27 15:25:27,139: Back Left Min: 0.80, Back Right Min: 0.95
[rosout][INFO] 2025-03-27 15:25:27,243: Back Left Min: 0.80, Back Right Min: 1.08
[rosout][INFO] 2025-03-27 15:25:27,339: Back Left Min: 0.89, Back Right Min: 1.08
[rosout][INFO] 2025-03-27 15:25:27,443: Back Left Min: 0.89, Back Right Min: 1.08
[rosout][INFO] 2025-03-27 15:25:27,540: Back Left Min: 0.89, Back Right Min: 1.08
[rosout][INFO] 2025-03-27 15:25:27,643: Back Left Min: 0.99, Back Right Min: 1.08
[rosout][INFO] 2025-03-27 15:25:27,740: Back Left Min: 0.99, Back Right Min: 1.08
[rosout][INFO] 2025-03-27 15:25:27,843: Back Left Min: 0.99, Back Right Min: 1.08
[rosout][INFO] 2025-03-27 15:25:27,940: Back Left Min: 1.00, Back Right Min: 1.08
[rosout][INFO] 2025-03-27 15:25:28,043: Back Left Min: 1.00, Back Right Min: 1.08
[rosout][INFO] 2025-03-27 15:25:28,140: Back Left Min: 0.99, Back Right Min: 1.08
[rosout][INFO] 2025-03-27 15:25:28,243: Back Left Min: 0.99, Back Right Min: 1.08
[rosout][INFO] 2025-03-27 15:25:28,340: Back Left Min: 0.99, Back Right Min: 1.08
[rosout][INFO] 2025-03-27 15:25:28,443: Back Left Min: 1.02, Back Right Min: 1.08
[rosout][INFO] 2025-03-27 15:25:28,540: Back Left Min: 1.02, Back Right Min: 1.08
[rosout][INFO] 2025-03-27 15:25:28,643: Back Left Min: 1.02, Back Right Min: 1.08
[rosout][INFO] 2025-03-27 15:25:28,740: Back Left Min: 1.02, Back Right Min: 1.08
[rosout][INFO] 2025-03-27 15:25:28,843: Back Left Min: 1.02, Back Right Min: 1.08
[rosout][INFO] 2025-03-27 15:25:28,940: Back Left Min: 1.02, Back Right Min: 1.08
[rosout][INFO] 2025-03-27 15:25:29,043: Back Left Min: 1.03, Back Right Min: 1.08
[rosout][INFO] 2025-03-27 15:25:29,140: Back Left Min: 1.03, Back Right Min: 1.08
[rosout][INFO] 2025-03-27 15:25:29,243: Back Left Min: 1.03, Back Right Min: 1.08
[rosout][INFO] 2025-03-27 15:25:29,340: Back Left Min: 0.81, Back Right Min: 1.08
[rosout][INFO] 2025-03-27 15:25:29,443: Back Left Min: 0.81, Back Right Min: 1.08
[rosout][INFO] 2025-03-27 15:25:29,540: Back Left Min: 0.81, Back Right Min: 1.08
[rosout][INFO] 2025-03-27 15:25:29,644: Back Left Min: 0.81, Back Right Min: 1.08
[rosout][INFO] 2025-03-27 15:25:29,740: Back Left Min: 0.81, Back Right Min: 1.08
[rosout][INFO] 2025-03-27 15:25:29,844: Back Left Min: 0.78, Back Right Min: 1.08
[rosout][INFO] 2025-03-27 15:25:29,940: Back Left Min: 0.78, Back Right Min: 1.08
[rosout][INFO] 2025-03-27 15:25:30,044: Back Left Min: 0.78, Back Right Min: 1.08
[rosout][INFO] 2025-03-27 15:25:30,141: Back Left Min: 0.78, Back Right Min: 1.08
[rosout][INFO] 2025-03-27 15:25:30,244: Back Left Min: 0.78, Back Right Min: 1.08
[rosout][INFO] 2025-03-27 15:25:30,341: Back Left Min: 0.78, Back Right Min: 1.08
[rosout][INFO] 2025-03-27 15:25:30,444: Back Left Min: 0.79, Back Right Min: 1.08
[rosout][INFO] 2025-03-27 15:25:30,541: Back Left Min: 0.79, Back Right Min: 1.08
[rosout][INFO] 2025-03-27 15:25:30,644: Back Left Min: 0.79, Back Right Min: 1.08
[rosout][INFO] 2025-03-27 15:25:30,741: Back Left Min: 0.86, Back Right Min: 1.08
[rosout][INFO] 2025-03-27 15:25:30,844: Back Left Min: 0.70, Back Right Min: 1.08
[rosout][INFO] 2025-03-27 15:25:30,941: Back Left Min: 0.70, Back Right Min: 1.08
[rosout][INFO] 2025-03-27 15:25:31,044: Back Left Min: 0.70, Back Right Min: 1.08
[rosout][INFO] 2025-03-27 15:25:31,141: Back Left Min: 0.63, Back Right Min: 1.08
[rosout][INFO] 2025-03-27 15:25:31,244: Back Left Min: 0.63, Back Right Min: 1.08
[rosout][INFO] 2025-03-27 15:25:31,341: Back Left Min: 0.63, Back Right Min: 1.08
[rosout][INFO] 2025-03-27 15:25:31,444: Back Left Min: 0.56, Back Right Min: 1.08
[rosout][INFO] 2025-03-27 15:25:31,541: Back Left Min: 0.56, Back Right Min: 1.08
[rosout][INFO] 2025-03-27 15:25:31,644: Back Left Min: 0.56, Back Right Min: 1.08
[rosout][INFO] 2025-03-27 15:25:31,741: Back Left Min: 0.55, Back Right Min: 1.08
[rosout][INFO] 2025-03-27 15:25:31,844: Back Left Min: 0.55, Back Right Min: 1.08
[rosout][INFO] 2025-03-27 15:25:31,941: Back Left Min: 0.55, Back Right Min: 1.08
[rosout][INFO] 2025-03-27 15:25:32,044: Back Left Min: 1.25, Back Right Min: 1.08
[rosout][INFO] 2025-03-27 15:25:32,141: Back Left Min: 1.25, Back Right Min: 1.08
[rosout][INFO] 2025-03-27 15:25:32,245: Back Left Min: 1.25, Back Right Min: 1.08
[rosout][INFO] 2025-03-27 15:25:32,341: Back Left Min: 1.24, Back Right Min: 1.08
[rosout][INFO] 2025-03-27 15:25:32,445: Back Left Min: 1.24, Back Right Min: 1.08
[rosout][INFO] 2025-03-27 15:25:32,542: Back Left Min: 1.24, Back Right Min: 1.08
[rosout][INFO] 2025-03-27 15:25:32,645: Back Left Min: 1.24, Back Right Min: 1.08
[rosout][INFO] 2025-03-27 15:25:32,742: Back Left Min: 1.24, Back Right Min: 1.08
[rosout][INFO] 2025-03-27 15:25:32,845: Back Left Min: 1.24, Back Right Min: 1.08
[rosout][INFO] 2025-03-27 15:25:32,942: Back Left Min: 1.24, Back Right Min: 1.08
[rosout][INFO] 2025-03-27 15:25:33,045: Back Left Min: 1.24, Back Right Min: 1.08
[rosout][INFO] 2025-03-27 15:25:33,142: Back Left Min: 1.24, Back Right Min: 1.08
[rosout][INFO] 2025-03-27 15:25:33,245: Back Left Min: 1.24, Back Right Min: 1.08
[rosout][INFO] 2025-03-27 15:25:33,342: Back Left Min: 1.24, Back Right Min: 1.08
[rosout][INFO] 2025-03-27 15:25:33,445: Back Left Min: 1.24, Back Right Min: 1.08
[rosout][INFO] 2025-03-27 15:25:33,542: Back Left Min: 1.24, Back Right Min: 1.08
[rosout][INFO] 2025-03-27 15:25:33,645: Back Left Min: 1.24, Back Right Min: 1.08
[rosout][INFO] 2025-03-27 15:25:33,743: Back Left Min: 1.24, Back Right Min: 1.08
[rosout][INFO] 2025-03-27 15:25:33,845: Back Left Min: 1.24, Back Right Min: 1.08
[rosout][INFO] 2025-03-27 15:25:33,943: Back Left Min: 1.24, Back Right Min: 1.08
[rosout][INFO] 2025-03-27 15:25:34,045: Back Left Min: 1.24, Back Right Min: 1.08
[rosout][INFO] 2025-03-27 15:25:34,143: Back Left Min: 1.24, Back Right Min: 1.08
[rosout][INFO] 2025-03-27 15:25:34,245: Back Left Min: 1.24, Back Right Min: 1.08
[rosout][INFO] 2025-03-27 15:25:34,343: Back Left Min: 1.24, Back Right Min: 1.08
[rosout][INFO] 2025-03-27 15:25:34,445: Back Left Min: 1.24, Back Right Min: 1.08
[rosout][INFO] 2025-03-27 15:25:34,543: Back Left Min: 1.24, Back Right Min: 1.08
[rosout][INFO] 2025-03-27 15:25:34,646: Back Left Min: 1.24, Back Right Min: 1.08
[rosout][INFO] 2025-03-27 15:25:34,743: Back Left Min: 1.24, Back Right Min: 1.08
[rosout][INFO] 2025-03-27 15:25:34,846: Back Left Min: 1.24, Back Right Min: 1.08
[rosout][INFO] 2025-03-27 15:25:34,943: Back Left Min: 1.24, Back Right Min: 1.08
[rosout][INFO] 2025-03-27 15:25:35,046: Back Left Min: 1.24, Back Right Min: 1.08
[rosout][INFO] 2025-03-27 15:25:35,143: Back Left Min: 1.24, Back Right Min: 1.08
[rosout][INFO] 2025-03-27 15:25:35,246: Back Left Min: 1.24, Back Right Min: 1.08
[rosout][INFO] 2025-03-27 15:25:35,343: Back Left Min: 1.24, Back Right Min: 1.08
[rosout][INFO] 2025-03-27 15:25:35,446: Back Left Min: 1.24, Back Right Min: 1.08
[rosout][INFO] 2025-03-27 15:25:35,543: Back Left Min: 1.24, Back Right Min: 1.08
[rosout][INFO] 2025-03-27 15:25:35,646: Back Left Min: 1.24, Back Right Min: 1.08
[rosout][INFO] 2025-03-27 15:25:35,743: Back Left Min: 1.24, Back Right Min: 1.08
[rosout][INFO] 2025-03-27 15:25:35,846: Back Left Min: 1.24, Back Right Min: 1.08
[rosout][INFO] 2025-03-27 15:25:35,943: Back Left Min: 1.24, Back Right Min: 1.08
[rosout][INFO] 2025-03-27 15:25:36,046: Back Left Min: 1.24, Back Right Min: 1.08
[rosout][INFO] 2025-03-27 15:25:36,143: Back Left Min: 1.24, Back Right Min: 1.08
[rosout][INFO] 2025-03-27 15:25:36,246: Back Left Min: 1.24, Back Right Min: 1.08
[rosout][INFO] 2025-03-27 15:25:36,343: Back Left Min: 1.24, Back Right Min: 1.08
[rosout][INFO] 2025-03-27 15:25:36,446: Back Left Min: 1.24, Back Right Min: 1.08
[rosout][INFO] 2025-03-27 15:25:36,543: Back Left Min: 1.24, Back Right Min: 1.08
[rosout][INFO] 2025-03-27 15:25:36,646: Back Left Min: 1.24, Back Right Min: 1.08
[rosout][INFO] 2025-03-27 15:25:36,743: Back Left Min: 1.24, Back Right Min: 1.08
[rosout][INFO] 2025-03-27 15:25:36,847: Back Left Min: 1.24, Back Right Min: 1.08
[rosout][INFO] 2025-03-27 15:25:36,943: Back Left Min: 1.24, Back Right Min: 1.08
[rosout][INFO] 2025-03-27 15:25:37,047: Back Left Min: 1.24, Back Right Min: 1.08
[rosout][INFO] 2025-03-27 15:25:37,143: Back Left Min: 1.24, Back Right Min: 1.08
[rosout][INFO] 2025-03-27 15:25:37,247: Back Left Min: 1.24, Back Right Min: 1.08
[rosout][INFO] 2025-03-27 15:25:37,344: Back Left Min: 1.24, Back Right Min: 1.08
[rosout][INFO] 2025-03-27 15:25:37,447: Back Left Min: 1.24, Back Right Min: 1.08
[rosout][INFO] 2025-03-27 15:25:37,544: Back Left Min: 1.24, Back Right Min: 1.08
[rosout][INFO] 2025-03-27 15:25:37,647: Back Left Min: 1.24, Back Right Min: 1.08
[rosout][INFO] 2025-03-27 15:25:37,744: Back Left Min: 1.24, Back Right Min: 1.08
[rosout][INFO] 2025-03-27 15:25:37,847: Back Left Min: 1.24, Back Right Min: 1.08
[rosout][INFO] 2025-03-27 15:25:37,944: Back Left Min: 1.24, Back Right Min: 1.08
[rosout][INFO] 2025-03-27 15:25:38,047: Back Left Min: 1.24, Back Right Min: 1.08
[rosout][INFO] 2025-03-27 15:25:38,144: Back Left Min: 1.24, Back Right Min: 1.08
[rosout][INFO] 2025-03-27 15:25:38,247: Back Left Min: 1.24, Back Right Min: 1.08
[rosout][INFO] 2025-03-27 15:25:38,344: Back Left Min: 1.24, Back Right Min: 1.08
[rosout][INFO] 2025-03-27 15:25:38,447: Back Left Min: 1.24, Back Right Min: 1.08
[rosout][INFO] 2025-03-27 15:25:38,544: Back Left Min: 1.24, Back Right Min: 1.08
[rosout][INFO] 2025-03-27 15:25:38,647: Back Left Min: 1.24, Back Right Min: 1.08
[rosout][INFO] 2025-03-27 15:25:38,744: Back Left Min: 1.24, Back Right Min: 1.08
[rosout][INFO] 2025-03-27 15:25:38,847: Back Left Min: 1.24, Back Right Min: 1.08
[rosout][INFO] 2025-03-27 15:25:38,944: Back Left Min: 1.24, Back Right Min: 1.08
[rosout][INFO] 2025-03-27 15:25:39,047: Back Left Min: 1.24, Back Right Min: 1.08
[rosout][INFO] 2025-03-27 15:25:39,144: Back Left Min: 1.24, Back Right Min: 1.08
[rosout][INFO] 2025-03-27 15:25:39,247: Back Left Min: 1.24, Back Right Min: 1.08
[rosout][INFO] 2025-03-27 15:25:39,344: Back Left Min: 1.24, Back Right Min: 1.08
[rosout][INFO] 2025-03-27 15:25:39,448: Back Left Min: 1.24, Back Right Min: 1.08
[rosout][INFO] 2025-03-27 15:25:39,544: Back Left Min: 1.24, Back Right Min: 1.08
[rosout][INFO] 2025-03-27 15:25:39,648: Back Left Min: 1.24, Back Right Min: 1.08
[rosout][INFO] 2025-03-27 15:25:39,744: Back Left Min: 1.24, Back Right Min: 1.08
[rosout][INFO] 2025-03-27 15:25:39,848: Back Left Min: 1.24, Back Right Min: 1.08
[rosout][INFO] 2025-03-27 15:25:39,945: Back Left Min: 1.24, Back Right Min: 1.08
[rosout][INFO] 2025-03-27 15:25:40,048: Back Left Min: 1.24, Back Right Min: 1.08
[rosout][INFO] 2025-03-27 15:25:40,145: Back Left Min: 1.24, Back Right Min: 1.08
[rosout][INFO] 2025-03-27 15:25:40,248: Back Left Min: 1.24, Back Right Min: 1.08
[rosout][INFO] 2025-03-27 15:25:40,345: Back Left Min: 1.24, Back Right Min: 1.08
[rosout][INFO] 2025-03-27 15:25:40,448: Back Left Min: 1.24, Back Right Min: 1.08
[rosout][INFO] 2025-03-27 15:25:40,545: Back Left Min: 1.24, Back Right Min: 1.08
[rosout][INFO] 2025-03-27 15:25:40,648: Back Left Min: 1.24, Back Right Min: 1.08
[rosout][INFO] 2025-03-27 15:25:40,745: Back Left Min: 1.24, Back Right Min: 1.08
[rosout][INFO] 2025-03-27 15:25:40,848: Back Left Min: 1.24, Back Right Min: 1.08
[rosout][INFO] 2025-03-27 15:25:40,945: Back Left Min: 1.24, Back Right Min: 1.08
[rosout][INFO] 2025-03-27 15:25:41,048: Back Left Min: 1.24, Back Right Min: 1.08
[rosout][INFO] 2025-03-27 15:25:41,145: Back Left Min: 1.24, Back Right Min: 1.08
[rosout][INFO] 2025-03-27 15:25:41,248: Back Left Min: 1.24, Back Right Min: 1.08
[rosout][INFO] 2025-03-27 15:25:41,345: Back Left Min: 1.24, Back Right Min: 1.08
[rosout][INFO] 2025-03-27 15:25:41,448: Back Left Min: 1.24, Back Right Min: 1.08
[rosout][INFO] 2025-03-27 15:25:41,545: Back Left Min: 1.24, Back Right Min: 1.08
[rosout][INFO] 2025-03-27 15:25:41,648: Back Left Min: 1.24, Back Right Min: 1.08
[rosout][INFO] 2025-03-27 15:25:41,745: Back Left Min: 1.24, Back Right Min: 1.08
[rosout][INFO] 2025-03-27 15:25:41,849: Back Left Min: 1.24, Back Right Min: 1.08
[rosout][INFO] 2025-03-27 15:25:41,945: Back Left Min: 1.24, Back Right Min: 1.08
[rosout][INFO] 2025-03-27 15:25:42,049: Back Left Min: 1.24, Back Right Min: 1.08
[rosout][INFO] 2025-03-27 15:25:42,145: Back Left Min: 1.24, Back Right Min: 1.08
[rosout][INFO] 2025-03-27 15:25:42,249: Back Left Min: 1.24, Back Right Min: 1.08
[rosout][INFO] 2025-03-27 15:25:42,346: Back Left Min: 1.24, Back Right Min: 1.08
[rosout][INFO] 2025-03-27 15:25:42,449: Back Left Min: 1.24, Back Right Min: 1.08
[rosout][INFO] 2025-03-27 15:25:42,546: Back Left Min: 1.24, Back Right Min: 1.08
[rosout][INFO] 2025-03-27 15:25:42,649: Back Left Min: 1.24, Back Right Min: 1.08
[rosout][INFO] 2025-03-27 15:25:42,746: Back Left Min: 1.24, Back Right Min: 1.08
[rosout][INFO] 2025-03-27 15:25:42,849: Back Left Min: 1.24, Back Right Min: 1.08
[rosout][INFO] 2025-03-27 15:25:42,946: Back Left Min: 1.24, Back Right Min: 1.08
[rosout][INFO] 2025-03-27 15:25:43,049: Back Left Min: 1.24, Back Right Min: 1.08
[rosout][INFO] 2025-03-27 15:25:43,146: Back Left Min: 1.24, Back Right Min: 1.08
[rosout][INFO] 2025-03-27 15:25:43,249: Back Left Min: 1.24, Back Right Min: 1.08
[rosout][INFO] 2025-03-27 15:25:43,346: Back Left Min: 1.24, Back Right Min: 1.08
[rosout][INFO] 2025-03-27 15:25:43,449: Back Left Min: 1.24, Back Right Min: 1.08
[rosout][INFO] 2025-03-27 15:25:43,546: Back Left Min: 1.24, Back Right Min: 0.66
[rosout][INFO] 2025-03-27 15:25:43,649: Back Left Min: 1.24, Back Right Min: 0.66
[rosout][INFO] 2025-03-27 15:25:43,746: Back Left Min: 1.24, Back Right Min: 0.66
[rosout][INFO] 2025-03-27 15:25:43,849: Back Left Min: 1.24, Back Right Min: 1.12
[rosout][INFO] 2025-03-27 15:25:43,946: Back Left Min: 1.24, Back Right Min: 1.12
[rosout][INFO] 2025-03-27 15:25:44,049: Back Left Min: 1.24, Back Right Min: 1.12
[rosout][INFO] 2025-03-27 15:25:44,146: Back Left Min: 1.24, Back Right Min: 0.69
[rosout][INFO] 2025-03-27 15:25:44,250: Back Left Min: 1.24, Back Right Min: 0.69
[rosout][INFO] 2025-03-27 15:25:44,346: Back Left Min: 1.24, Back Right Min: 0.69
[rosout][INFO] 2025-03-27 15:25:44,450: Back Left Min: 1.24, Back Right Min: 0.76
[rosout][INFO] 2025-03-27 15:25:44,547: Back Left Min: 1.24, Back Right Min: 0.75
[rosout][INFO] 2025-03-27 15:25:44,650: Back Left Min: 1.24, Back Right Min: 0.75
[rosout][INFO] 2025-03-27 15:25:44,747: Back Left Min: 1.24, Back Right Min: 0.75
[rosout][INFO] 2025-03-27 15:25:44,850: Back Left Min: 1.24, Back Right Min: 0.84
[rosout][INFO] 2025-03-27 15:25:44,947: Back Left Min: 1.24, Back Right Min: 0.84
[rosout][INFO] 2025-03-27 15:25:45,050: Back Left Min: 1.24, Back Right Min: 0.84
[rosout][INFO] 2025-03-27 15:25:45,147: Back Left Min: 1.24, Back Right Min: 0.86
[rosout][INFO] 2025-03-27 15:25:45,250: Back Left Min: 1.24, Back Right Min: 0.86
[rosout][INFO] 2025-03-27 15:25:45,347: Back Left Min: 1.24, Back Right Min: 0.86
[rosout][INFO] 2025-03-27 15:25:45,450: Back Left Min: 1.24, Back Right Min: 0.87
[rosout][INFO] 2025-03-27 15:25:45,547: Back Left Min: 1.05, Back Right Min: 0.87
[rosout][INFO] 2025-03-27 15:25:45,650: Back Left Min: 1.05, Back Right Min: 0.87
[rosout][INFO] 2025-03-27 15:25:45,747: Back Left Min: 1.05, Back Right Min: 0.95
[rosout][INFO] 2025-03-27 15:25:45,850: Back Left Min: 1.05, Back Right Min: 0.95
[rosout][INFO] 2025-03-27 15:25:45,947: Back Left Min: 1.05, Back Right Min: 0.95
[rosout][INFO] 2025-03-27 15:25:46,050: Back Left Min: 1.05, Back Right Min: 0.97
[rosout][INFO] 2025-03-27 15:25:46,147: Back Left Min: 1.05, Back Right Min: 0.97
[rosout][INFO] 2025-03-27 15:25:46,250: Back Left Min: 1.05, Back Right Min: 0.97
[rosout][INFO] 2025-03-27 15:25:46,347: Back Left Min: 1.03, Back Right Min: 0.94
[rosout][INFO] 2025-03-27 15:25:46,450: Back Left Min: 1.03, Back Right Min: 0.94
[rosout][INFO] 2025-03-27 15:25:46,547: Back Left Min: 1.03, Back Right Min: 0.94
[rosout][INFO] 2025-03-27 15:25:46,651: Back Left Min: 1.05, Back Right Min: 0.97
[rosout][INFO] 2025-03-27 15:25:46,747: Back Left Min: 1.05, Back Right Min: 0.97
[rosout][INFO] 2025-03-27 15:25:46,851: Back Left Min: 1.05, Back Right Min: 0.84
[rosout][INFO] 2025-03-27 15:25:46,947: Back Left Min: 1.02, Back Right Min: 0.84
[rosout][INFO] 2025-03-27 15:25:47,051: Back Left Min: 1.02, Back Right Min: 0.84
[rosout][INFO] 2025-03-27 15:25:47,148: Back Left Min: 1.02, Back Right Min: 0.97
[rosout][INFO] 2025-03-27 15:25:47,251: Back Left Min: 1.24, Back Right Min: 0.97
[rosout][INFO] 2025-03-27 15:25:47,348: Back Left Min: 1.24, Back Right Min: 0.97
[rosout][INFO] 2025-03-27 15:25:47,451: Back Left Min: 1.24, Back Right Min: 0.66
[rosout][INFO] 2025-03-27 15:25:47,548: Back Left Min: 1.24, Back Right Min: 0.66
[rosout][INFO] 2025-03-27 15:25:47,651: Back Left Min: 1.24, Back Right Min: 0.99
[rosout][INFO] 2025-03-27 15:25:47,748: Back Left Min: 1.22, Back Right Min: 0.67
[rosout][INFO] 2025-03-27 15:25:47,851: Back Left Min: 1.22, Back Right Min: 0.67
[rosout][INFO] 2025-03-27 15:25:47,948: Back Left Min: 1.22, Back Right Min: 0.67
[rosout][INFO] 2025-03-27 15:25:48,051: Back Left Min: 1.23, Back Right Min: 1.08
[rosout][INFO] 2025-03-27 15:25:48,148: Back Left Min: 1.23, Back Right Min: 1.08
[rosout][INFO] 2025-03-27 15:25:48,251: Back Left Min: 1.24, Back Right Min: 1.08
[rosout][INFO] 2025-03-27 15:25:48,348: Back Left Min: 1.24, Back Right Min: 1.07
[rosout][INFO] 2025-03-27 15:25:48,451: Back Left Min: 1.24, Back Right Min: 1.07
[rosout][INFO] 2025-03-27 15:25:48,548: Back Left Min: 1.24, Back Right Min: 1.07
[rosout][INFO] 2025-03-27 15:25:48,651: Back Left Min: 1.24, Back Right Min: 1.07
[rosout][INFO] 2025-03-27 15:25:48,748: Back Left Min: 1.24, Back Right Min: 1.07
[rosout][INFO] 2025-03-27 15:25:48,851: Back Left Min: 1.24, Back Right Min: 1.07
[rosout][INFO] 2025-03-27 15:25:48,948: Back Left Min: 1.24, Back Right Min: 1.06
[rosout][INFO] 2025-03-27 15:25:49,051: Back Left Min: 1.24, Back Right Min: 1.06
[rosout][INFO] 2025-03-27 15:25:49,148: Back Left Min: 1.24, Back Right Min: 1.06
[rosout][INFO] 2025-03-27 15:25:49,252: Back Left Min: 1.24, Back Right Min: 1.06
[rosout][INFO] 2025-03-27 15:25:49,348: Back Left Min: 1.24, Back Right Min: 1.06
[rosout][INFO] 2025-03-27 15:25:49,452: Back Left Min: 1.25, Back Right Min: 0.99
[rosout][INFO] 2025-03-27 15:25:49,549: Back Left Min: 1.25, Back Right Min: 0.99
[rosout][INFO] 2025-03-27 15:25:49,652: Back Left Min: 1.25, Back Right Min: 0.99
[rosout][INFO] 2025-03-27 15:25:49,749: Back Left Min: 1.25, Back Right Min: 0.97
[rosout][INFO] 2025-03-27 15:25:49,852: Back Left Min: 1.25, Back Right Min: 0.97
[rosout][INFO] 2025-03-27 15:25:49,949: Back Left Min: 1.25, Back Right Min: 0.97
[rosout][INFO] 2025-03-27 15:25:50,052: Back Left Min: 1.25, Back Right Min: 0.96
[rosout][INFO] 2025-03-27 15:25:50,149: Back Left Min: 1.25, Back Right Min: 0.96
[rosout][INFO] 2025-03-27 15:25:50,252: Back Left Min: 1.26, Back Right Min: 0.95
[rosout][INFO] 2025-03-27 15:25:50,349: Back Left Min: 1.26, Back Right Min: 0.95
[rosout][INFO] 2025-03-27 15:25:50,452: Back Left Min: 1.26, Back Right Min: 0.95
[rosout][INFO] 2025-03-27 15:25:50,549: Back Left Min: 1.26, Back Right Min: 0.93
[rosout][INFO] 2025-03-27 15:25:50,652: Back Left Min: 1.26, Back Right Min: 0.93
[rosout][INFO] 2025-03-27 15:25:50,749: Back Left Min: 1.26, Back Right Min: 0.93
[rosout][INFO] 2025-03-27 15:25:50,852: Back Left Min: 1.26, Back Right Min: 0.92
[rosout][INFO] 2025-03-27 15:25:50,949: Back Left Min: 1.26, Back Right Min: 0.92
[rosout][INFO] 2025-03-27 15:25:51,052: Back Left Min: 1.26, Back Right Min: 0.92
[rosout][INFO] 2025-03-27 15:25:51,149: Back Left Min: 1.26, Back Right Min: 0.91
[rosout][INFO] 2025-03-27 15:25:51,252: Back Left Min: 1.26, Back Right Min: 0.91
[rosout][INFO] 2025-03-27 15:25:51,349: Back Left Min: 1.27, Back Right Min: 0.91
[rosout][INFO] 2025-03-27 15:25:51,452: Back Left Min: 1.27, Back Right Min: 0.91
[rosout][INFO] 2025-03-27 15:25:51,550: Back Left Min: 1.27, Back Right Min: 0.91
[rosout][INFO] 2025-03-27 15:25:51,652: Back Left Min: 1.27, Back Right Min: 0.91
[rosout][INFO] 2025-03-27 15:25:51,749: Back Left Min: 1.27, Back Right Min: 0.91
[rosout][INFO] 2025-03-27 15:25:51,853: Back Left Min: 1.27, Back Right Min: 0.91
[rosout][INFO] 2025-03-27 15:25:51,949: Back Left Min: 1.27, Back Right Min: 0.91
[rosout][INFO] 2025-03-27 15:25:52,053: Back Left Min: 1.27, Back Right Min: 0.91
[rosout][INFO] 2025-03-27 15:25:52,150: Back Left Min: 1.27, Back Right Min: 0.91
[rosout][INFO] 2025-03-27 15:25:52,253: Back Left Min: 1.27, Back Right Min: 0.91
[rosout][INFO] 2025-03-27 15:25:52,350: Back Left Min: 1.27, Back Right Min: 0.91
[rosout][INFO] 2025-03-27 15:25:52,453: Back Left Min: 1.27, Back Right Min: 0.67
[rosout][INFO] 2025-03-27 15:25:52,550: Back Left Min: 1.24, Back Right Min: 0.67
[rosout][INFO] 2025-03-27 15:25:52,653: Back Left Min: 1.24, Back Right Min: 0.67
[rosout][INFO] 2025-03-27 15:25:52,750: Back Left Min: 1.24, Back Right Min: 0.67
[rosout][INFO] 2025-03-27 15:25:52,853: Back Left Min: 1.21, Back Right Min: 0.67
[rosout][INFO] 2025-03-27 15:25:52,950: Back Left Min: 1.21, Back Right Min: 0.67
[rosout][INFO] 2025-03-27 15:25:53,053: Back Left Min: 1.17, Back Right Min: 0.65
[rosout][INFO] 2025-03-27 15:25:53,150: Back Left Min: 1.17, Back Right Min: 0.65
[rosout][INFO] 2025-03-27 15:25:53,253: Back Left Min: 1.17, Back Right Min: 0.65
[rosout][INFO] 2025-03-27 15:25:53,350: Back Left Min: 1.14, Back Right Min: 0.65
[rosout][INFO] 2025-03-27 15:25:53,453: Back Left Min: 1.14, Back Right Min: 0.65
[rosout][INFO] 2025-03-27 15:25:53,550: Back Left Min: 1.14, Back Right Min: 0.65
[rosout][INFO] 2025-03-27 15:25:53,654: Back Left Min: 1.11, Back Right Min: 0.65
[rosout][INFO] 2025-03-27 15:25:53,750: Back Left Min: 1.11, Back Right Min: 0.65
[rosout][INFO] 2025-03-27 15:25:53,854: Back Left Min: 1.11, Back Right Min: 0.66
[rosout][INFO] 2025-03-27 15:25:53,950: Back Left Min: 1.07, Back Right Min: 0.66
[rosout][INFO] 2025-03-27 15:25:54,053: Back Left Min: 1.07, Back Right Min: 0.66
[rosout][INFO] 2025-03-27 15:25:54,151: Back Left Min: 1.07, Back Right Min: 0.66
[rosout][INFO] 2025-03-27 15:25:54,254: Back Left Min: 1.04, Back Right Min: 0.66
[rosout][INFO] 2025-03-27 15:25:54,350: Back Left Min: 1.04, Back Right Min: 0.66
[rosout][INFO] 2025-03-27 15:25:54,454: Back Left Min: 1.05, Back Right Min: 1.16
[rosout][INFO] 2025-03-27 15:25:54,551: Back Left Min: 1.05, Back Right Min: 1.16
[rosout][INFO] 2025-03-27 15:25:54,654: Back Left Min: 1.05, Back Right Min: 1.04
[rosout][INFO] 2025-03-27 15:25:54,751: Back Left Min: 1.06, Back Right Min: 1.04
[rosout][INFO] 2025-03-27 15:25:54,854: Back Left Min: 1.06, Back Right Min: 1.04
[rosout][INFO] 2025-03-27 15:25:54,951: Back Left Min: 1.06, Back Right Min: 1.12
[rosout][INFO] 2025-03-27 15:25:55,054: Back Left Min: 1.08, Back Right Min: 0.66
[rosout][INFO] 2025-03-27 15:25:55,151: Back Left Min: 1.08, Back Right Min: 0.66
[rosout][INFO] 2025-03-27 15:25:55,254: Back Left Min: 1.41, Back Right Min: 0.66
[rosout][INFO] 2025-03-27 15:25:55,351: Back Left Min: 1.19, Back Right Min: 0.66
[rosout][INFO] 2025-03-27 15:25:55,454: Back Left Min: 1.19, Back Right Min: 0.66
[rosout][INFO] 2025-03-27 15:25:55,551: Back Left Min: 1.19, Back Right Min: 0.65
[rosout][INFO] 2025-03-27 15:25:55,654: Back Left Min: 1.18, Back Right Min: 0.65
[rosout][INFO] 2025-03-27 15:25:55,751: Back Left Min: 1.18, Back Right Min: 0.65
[rosout][INFO] 2025-03-27 15:25:55,854: Back Left Min: 1.15, Back Right Min: 0.66
[rosout][INFO] 2025-03-27 15:25:55,951: Back Left Min: 1.15, Back Right Min: 0.66
[rosout][INFO] 2025-03-27 15:25:56,054: Back Left Min: 1.15, Back Right Min: 0.66
[rosout][INFO] 2025-03-27 15:25:56,151: Back Left Min: 1.12, Back Right Min: 0.65
[rosout][INFO] 2025-03-27 15:25:56,254: Back Left Min: 1.12, Back Right Min: 0.65
[rosout][INFO] 2025-03-27 15:25:56,351: Back Left Min: 1.12, Back Right Min: 0.65
[rosout][INFO] 2025-03-27 15:25:56,454: Back Left Min: 1.13, Back Right Min: 0.65
[rosout][INFO] 2025-03-27 15:25:56,551: Back Left Min: 1.13, Back Right Min: 0.65
[rosout][INFO] 2025-03-27 15:25:56,655: Back Left Min: 1.13, Back Right Min: 0.67
[rosout][INFO] 2025-03-27 15:25:56,751: Back Left Min: 1.13, Back Right Min: 0.67
[rosout][INFO] 2025-03-27 15:25:56,855: Back Left Min: 1.13, Back Right Min: 0.67
[rosout][INFO] 2025-03-27 15:25:56,952: Back Left Min: 1.01, Back Right Min: 0.65
[rosout][INFO] 2025-03-27 15:25:57,055: Back Left Min: 1.01, Back Right Min: 0.65
[rosout][INFO] 2025-03-27 15:25:57,152: Back Left Min: 1.01, Back Right Min: 0.65
[rosout][INFO] 2025-03-27 15:25:57,255: Back Left Min: 1.05, Back Right Min: 0.65
[rosout][INFO] 2025-03-27 15:25:57,352: Back Left Min: 1.05, Back Right Min: 0.65
[rosout][INFO] 2025-03-27 15:25:57,455: Back Left Min: 1.05, Back Right Min: 0.65
[rosout][INFO] 2025-03-27 15:25:57,552: Back Left Min: 1.04, Back Right Min: 0.65
[rosout][INFO] 2025-03-27 15:25:57,655: Back Left Min: 1.04, Back Right Min: 0.65
[rosout][INFO] 2025-03-27 15:25:57,752: Back Left Min: 1.04, Back Right Min: 0.65
[rosout][INFO] 2025-03-27 15:25:57,855: Back Left Min: 1.04, Back Right Min: 0.65
[rosout][INFO] 2025-03-27 15:25:57,952: Back Left Min: 1.04, Back Right Min: 0.65
[rosout][INFO] 2025-03-27 15:25:58,055: Back Left Min: 1.04, Back Right Min: 0.65
[rosout][INFO] 2025-03-27 15:25:58,152: Back Left Min: 1.06, Back Right Min: 0.65
[rosout][INFO] 2025-03-27 15:25:58,255: Back Left Min: 1.06, Back Right Min: 0.65
[rosout][INFO] 2025-03-27 15:25:58,352: Back Left Min: 1.06, Back Right Min: 0.65
[rosout][INFO] 2025-03-27 15:25:58,455: Back Left Min: 1.14, Back Right Min: 0.65
[rosout][INFO] 2025-03-27 15:25:58,552: Back Left Min: 1.14, Back Right Min: 0.65
[rosout][INFO] 2025-03-27 15:25:58,655: Back Left Min: 1.14, Back Right Min: 0.66
[rosout][INFO] 2025-03-27 15:25:58,752: Back Left Min: 1.14, Back Right Min: 0.66
[rosout][INFO] 2025-03-27 15:25:58,855: Back Left Min: 1.14, Back Right Min: 0.66
[rosout][INFO] 2025-03-27 15:25:58,952: Back Left Min: 1.14, Back Right Min: 0.65
[rosout][INFO] 2025-03-27 15:25:59,056: Back Left Min: 1.14, Back Right Min: 0.65
[rosout][INFO] 2025-03-27 15:25:59,153: Back Left Min: 1.14, Back Right Min: 0.65
[rosout][INFO] 2025-03-27 15:25:59,256: Back Left Min: 1.13, Back Right Min: 0.65
[rosout][INFO] 2025-03-27 15:25:59,353: Back Left Min: 1.13, Back Right Min: 0.65
[rosout][INFO] 2025-03-27 15:25:59,456: Back Left Min: 1.12, Back Right Min: 0.67
[rosout][INFO] 2025-03-27 15:25:59,553: Back Left Min: 1.12, Back Right Min: 0.67
[rosout][INFO] 2025-03-27 15:25:59,656: Back Left Min: 1.12, Back Right Min: 0.67
[rosout][INFO] 2025-03-27 15:25:59,753: Back Left Min: 1.09, Back Right Min: 0.67
[rosout][INFO] 2025-03-27 15:25:59,856: Back Left Min: 1.09, Back Right Min: 0.67
[rosout][INFO] 2025-03-27 15:25:59,953: Back Left Min: 1.09, Back Right Min: 0.67
[rosout][INFO] 2025-03-27 15:26:00,056: Back Left Min: 1.07, Back Right Min: 1.01
[rosout][INFO] 2025-03-27 15:26:00,153: Back Left Min: 1.07, Back Right Min: 1.01
[rosout][INFO] 2025-03-27 15:26:00,256: Back Left Min: 1.07, Back Right Min: 1.01
[rosout][INFO] 2025-03-27 15:26:00,353: Back Left Min: 1.05, Back Right Min: 1.01
[rosout][INFO] 2025-03-27 15:26:00,456: Back Left Min: 1.05, Back Right Min: 1.01
[rosout][INFO] 2025-03-27 15:26:00,553: Back Left Min: 1.05, Back Right Min: 1.02
[rosout][INFO] 2025-03-27 15:26:00,656: Back Left Min: 1.04, Back Right Min: 1.02
[rosout][INFO] 2025-03-27 15:26:00,753: Back Left Min: 1.04, Back Right Min: 1.02
[rosout][INFO] 2025-03-27 15:26:00,856: Back Left Min: 1.03, Back Right Min: 0.65
[rosout][INFO] 2025-03-27 15:26:00,953: Back Left Min: 1.03, Back Right Min: 0.65
[rosout][INFO] 2025-03-27 15:26:01,056: Back Left Min: 1.03, Back Right Min: 0.65
[rosout][INFO] 2025-03-27 15:26:01,153: Back Left Min: 0.99, Back Right Min: 0.67
[rosout][INFO] 2025-03-27 15:26:01,256: Back Left Min: 0.99, Back Right Min: 0.67
[rosout][INFO] 2025-03-27 15:26:01,353: Back Left Min: 0.99, Back Right Min: 0.67
[rosout][INFO] 2025-03-27 15:26:01,457: Back Left Min: 1.09, Back Right Min: 0.65
[rosout][INFO] 2025-03-27 15:26:01,553: Back Left Min: 1.10, Back Right Min: 0.65
[rosout][INFO] 2025-03-27 15:26:01,657: Back Left Min: 1.07, Back Right Min: 0.67
[rosout][INFO] 2025-03-27 15:26:01,754: Back Left Min: 1.07, Back Right Min: 0.67
[rosout][INFO] 2025-03-27 15:26:01,857: Back Left Min: 1.07, Back Right Min: 0.67
[rosout][INFO] 2025-03-27 15:26:01,954: Back Left Min: 1.04, Back Right Min: 0.66
[rosout][INFO] 2025-03-27 15:26:02,057: Back Left Min: 1.04, Back Right Min: 0.66
[rosout][INFO] 2025-03-27 15:26:02,154: Back Left Min: 1.04, Back Right Min: 0.66
[rosout][INFO] 2025-03-27 15:26:02,257: Back Left Min: 1.03, Back Right Min: 0.70
[rosout][INFO] 2025-03-27 15:26:02,354: Back Left Min: 1.03, Back Right Min: 0.70
[rosout][INFO] 2025-03-27 15:26:02,457: Back Left Min: 1.03, Back Right Min: 0.70
[rosout][INFO] 2025-03-27 15:26:02,554: Back Left Min: 1.03, Back Right Min: 0.70
[rosout][INFO] 2025-03-27 15:26:02,657: Back Left Min: 1.03, Back Right Min: 0.70
[rosout][INFO] 2025-03-27 15:26:02,754: Back Left Min: 1.03, Back Right Min: 0.86
[rosout][INFO] 2025-03-27 15:26:02,857: Back Left Min: 1.27, Back Right Min: 0.66
[rosout][INFO] 2025-03-27 15:26:02,954: Back Left Min: 1.27, Back Right Min: 0.66
[rosout][INFO] 2025-03-27 15:26:03,057: Back Left Min: 1.06, Back Right Min: 0.65
[rosout][INFO] 2025-03-27 15:26:03,154: Back Left Min: 1.06, Back Right Min: 0.65
[rosout][INFO] 2025-03-27 15:26:03,257: Back Left Min: 1.06, Back Right Min: 0.65
[rosout][INFO] 2025-03-27 15:26:03,354: Back Left Min: 1.03, Back Right Min: 0.65
[rosout][INFO] 2025-03-27 15:26:03,457: Back Left Min: 1.03, Back Right Min: 0.65
[rosout][INFO] 2025-03-27 15:26:03,554: Back Left Min: 1.03, Back Right Min: 0.65
[rosout][INFO] 2025-03-27 15:26:03,657: Back Left Min: 1.04, Back Right Min: 0.65
[rosout][INFO] 2025-03-27 15:26:03,754: Back Left Min: 1.04, Back Right Min: 0.65
[rosout][INFO] 2025-03-27 15:26:03,858: Back Left Min: 1.04, Back Right Min: 0.65
[rosout][INFO] 2025-03-27 15:26:03,954: Back Left Min: 1.04, Back Right Min: 0.65
[rosout][INFO] 2025-03-27 15:26:04,058: Back Left Min: 1.04, Back Right Min: 0.65
[rosout][INFO] 2025-03-27 15:26:04,155: Back Left Min: 1.04, Back Right Min: 0.65
[rosout][INFO] 2025-03-27 15:26:04,258: Back Left Min: 1.04, Back Right Min: 0.65
[rosout][INFO] 2025-03-27 15:26:04,355: Back Left Min: 1.04, Back Right Min: 0.65
[rosout][INFO] 2025-03-27 15:26:04,458: Back Left Min: 1.04, Back Right Min: 0.66
[rosout][INFO] 2025-03-27 15:26:04,555: Back Left Min: 1.04, Back Right Min: 0.66
[rosout][INFO] 2025-03-27 15:26:04,658: Back Left Min: 1.04, Back Right Min: 0.66
[rosout][INFO] 2025-03-27 15:26:04,755: Back Left Min: 1.04, Back Right Min: 0.70
[rosout][INFO] 2025-03-27 15:26:04,858: Back Left Min: 1.04, Back Right Min: 0.70
[rosout][INFO] 2025-03-27 15:26:04,955: Back Left Min: 1.05, Back Right Min: 0.70
[rosout][INFO] 2025-03-27 15:26:05,058: Back Left Min: 1.05, Back Right Min: 0.65
[rosout][INFO] 2025-03-27 15:26:05,155: Back Left Min: 1.03, Back Right Min: 0.65
[rosout][INFO] 2025-03-27 15:26:05,258: Back Left Min: 1.03, Back Right Min: 0.66
[rosout][INFO] 2025-03-27 15:26:05,355: Back Left Min: 1.03, Back Right Min: 0.66
[rosout][INFO] 2025-03-27 15:26:05,458: Back Left Min: 1.06, Back Right Min: 0.66
[rosout][INFO] 2025-03-27 15:26:05,555: Back Left Min: 1.06, Back Right Min: 0.67
[rosout][INFO] 2025-03-27 15:26:05,658: Back Left Min: 1.06, Back Right Min: 0.67
[rosout][INFO] 2025-03-27 15:26:05,755: Back Left Min: 1.06, Back Right Min: 0.67
[rosout][INFO] 2025-03-27 15:26:05,858: Back Left Min: 1.06, Back Right Min: 0.65
[rosout][INFO] 2025-03-27 15:26:05,955: Back Left Min: 1.04, Back Right Min: 0.65
[rosout][INFO] 2025-03-27 15:26:06,058: Back Left Min: 1.04, Back Right Min: 0.64
[rosout][INFO] 2025-03-27 15:26:06,155: Back Left Min: 1.04, Back Right Min: 0.64
[rosout][INFO] 2025-03-27 15:26:06,259: Back Left Min: 1.22, Back Right Min: 0.64
[rosout][INFO] 2025-03-27 15:26:06,356: Back Left Min: 1.22, Back Right Min: 0.64
[rosout][INFO] 2025-03-27 15:26:06,459: Back Left Min: 1.22, Back Right Min: 0.64
[rosout][INFO] 2025-03-27 15:26:06,556: Back Left Min: 1.25, Back Right Min: 0.64
[rosout][INFO] 2025-03-27 15:26:06,659: Back Left Min: 1.25, Back Right Min: 0.65
[rosout][INFO] 2025-03-27 15:26:06,756: Back Left Min: 1.25, Back Right Min: 0.65
[rosout][INFO] 2025-03-27 15:26:06,859: Back Left Min: 1.25, Back Right Min: 0.65
[rosout][INFO] 2025-03-27 15:26:06,956: Back Left Min: 1.25, Back Right Min: 0.65
[rosout][INFO] 2025-03-27 15:26:07,059: Back Left Min: 1.25, Back Right Min: 0.65
[rosout][INFO] 2025-03-27 15:26:07,156: Back Left Min: 1.25, Back Right Min: 0.65
[rosout][INFO] 2025-03-27 15:26:07,259: Back Left Min: 1.25, Back Right Min: 0.64
[rosout][INFO] 2025-03-27 15:26:07,356: Back Left Min: 1.25, Back Right Min: 0.64
[rosout][INFO] 2025-03-27 15:26:07,459: Back Left Min: 1.25, Back Right Min: 0.64
[rosout][INFO] 2025-03-27 15:26:07,556: Back Left Min: 1.25, Back Right Min: 0.64
[rosout][INFO] 2025-03-27 15:26:07,659: Back Left Min: 1.25, Back Right Min: 0.64
[rosout][INFO] 2025-03-27 15:26:07,756: Back Left Min: 1.25, Back Right Min: 0.64
[rosout][INFO] 2025-03-27 15:26:07,859: Back Left Min: 1.25, Back Right Min: 0.64
[rosout][INFO] 2025-03-27 15:26:07,956: Back Left Min: 1.25, Back Right Min: 0.64
[rosout][INFO] 2025-03-27 15:26:08,059: Back Left Min: 1.25, Back Right Min: 0.64
[rosout][INFO] 2025-03-27 15:26:08,156: Back Left Min: 1.25, Back Right Min: 0.64
[rosout][INFO] 2025-03-27 15:26:08,259: Back Left Min: 1.25, Back Right Min: 0.64
[rosout][INFO] 2025-03-27 15:26:08,357: Back Left Min: 1.25, Back Right Min: 0.64
[rosout][INFO] 2025-03-27 15:26:08,459: Back Left Min: 1.25, Back Right Min: 0.64
[rosout][INFO] 2025-03-27 15:26:08,557: Back Left Min: 1.25, Back Right Min: 0.64
[rosout][INFO] 2025-03-27 15:26:08,660: Back Left Min: 1.25, Back Right Min: 0.64
[rosout][INFO] 2025-03-27 15:26:08,757: Back Left Min: 1.25, Back Right Min: 0.64
[rosout][INFO] 2025-03-27 15:26:08,860: Back Left Min: 1.25, Back Right Min: 0.64
[rosout][INFO] 2025-03-27 15:26:08,957: Back Left Min: 1.25, Back Right Min: 0.64
[rosout][INFO] 2025-03-27 15:26:09,060: Back Left Min: 1.25, Back Right Min: 0.64
[rosout][INFO] 2025-03-27 15:26:09,157: Back Left Min: 1.25, Back Right Min: 0.64
[rosout][INFO] 2025-03-27 15:26:09,260: Back Left Min: 1.25, Back Right Min: 0.64
[rosout][INFO] 2025-03-27 15:26:09,357: Back Left Min: 1.25, Back Right Min: 0.64
[rosout][INFO] 2025-03-27 15:26:09,460: Back Left Min: 1.25, Back Right Min: 0.64
[rosout][INFO] 2025-03-27 15:26:09,557: Back Left Min: 1.25, Back Right Min: 0.64
[rosout][INFO] 2025-03-27 15:26:09,660: Back Left Min: 1.25, Back Right Min: 0.64
[rosout][INFO] 2025-03-27 15:26:09,757: Back Left Min: 1.25, Back Right Min: 0.64
[rosout][INFO] 2025-03-27 15:26:09,860: Back Left Min: 1.24, Back Right Min: 0.64
[rosout][INFO] 2025-03-27 15:26:09,957: Back Left Min: 1.24, Back Right Min: 0.64
[rosout][INFO] 2025-03-27 15:26:10,060: Back Left Min: 1.24, Back Right Min: 0.64
[rosout][INFO] 2025-03-27 15:26:10,157: Back Left Min: 1.05, Back Right Min: 0.64
[rosout][INFO] 2025-03-27 15:26:10,260: Back Left Min: 1.05, Back Right Min: 0.64
[rosout][INFO] 2025-03-27 15:26:10,357: Back Left Min: 1.05, Back Right Min: 0.64
[rosout][INFO] 2025-03-27 15:26:10,460: Back Left Min: 1.04, Back Right Min: 0.64
[rosout][INFO] 2025-03-27 15:26:10,557: Back Left Min: 1.04, Back Right Min: 0.81
[rosout][INFO] 2025-03-27 15:26:10,661: Back Left Min: 1.04, Back Right Min: 0.81
[rosout][INFO] 2025-03-27 15:26:10,757: Back Left Min: 1.05, Back Right Min: 0.81
[rosout][INFO] 2025-03-27 15:26:10,861: Back Left Min: 1.05, Back Right Min: 0.65
[rosout][INFO] 2025-03-27 15:26:10,957: Back Left Min: 1.05, Back Right Min: 0.65
[rosout][INFO] 2025-03-27 15:26:11,061: Back Left Min: 1.07, Back Right Min: 0.65
[rosout][INFO] 2025-03-27 15:26:11,157: Back Left Min: 1.07, Back Right Min: 0.65
[rosout][INFO] 2025-03-27 15:26:11,261: Back Left Min: 1.07, Back Right Min: 0.65
[rosout][INFO] 2025-03-27 15:26:11,357: Back Left Min: 1.04, Back Right Min: 0.65
[rosout][INFO] 2025-03-27 15:26:11,461: Back Left Min: 1.04, Back Right Min: 0.66
[rosout][INFO] 2025-03-27 15:26:11,557: Back Left Min: 1.04, Back Right Min: 0.66
[rosout][INFO] 2025-03-27 15:26:11,661: Back Left Min: 1.04, Back Right Min: 0.66
[rosout][INFO] 2025-03-27 15:26:11,758: Back Left Min: 1.04, Back Right Min: 0.67
[rosout][INFO] 2025-03-27 15:26:11,861: Back Left Min: 1.05, Back Right Min: 0.67
[rosout][INFO] 2025-03-27 15:26:11,958: Back Left Min: 1.05, Back Right Min: 0.67
[rosout][INFO] 2025-03-27 15:26:12,061: Back Left Min: 1.05, Back Right Min: 0.68
[rosout][INFO] 2025-03-27 15:26:12,158: Back Left Min: 1.25, Back Right Min: 0.68
[rosout][INFO] 2025-03-27 15:26:12,261: Back Left Min: 1.05, Back Right Min: 0.81
[rosout][INFO] 2025-03-27 15:26:12,358: Back Left Min: 1.05, Back Right Min: 0.70
[rosout][INFO] 2025-03-27 15:26:12,462: Back Left Min: 1.04, Back Right Min: 0.70
[rosout][INFO] 2025-03-27 15:26:12,558: Back Left Min: 1.04, Back Right Min: 0.70
[rosout][INFO] 2025-03-27 15:26:12,662: Back Left Min: 1.04, Back Right Min: 0.78
[rosout][INFO] 2025-03-27 15:26:12,758: Back Left Min: 1.04, Back Right Min: 0.78
[rosout][INFO] 2025-03-27 15:26:12,861: Back Left Min: 1.04, Back Right Min: 0.70
[rosout][INFO] 2025-03-27 15:26:12,958: Back Left Min: 1.04, Back Right Min: 0.70
[rosout][INFO] 2025-03-27 15:26:13,062: Back Left Min: 1.04, Back Right Min: 0.70
[rosout][INFO] 2025-03-27 15:26:13,158: Back Left Min: 1.04, Back Right Min: 0.70
[rosout][INFO] 2025-03-27 15:26:13,262: Back Left Min: 1.04, Back Right Min: 0.70
[rosout][INFO] 2025-03-27 15:26:13,358: Back Left Min: 1.04, Back Right Min: 0.70
[rosout][INFO] 2025-03-27 15:26:13,461: Back Left Min: 1.04, Back Right Min: 0.70
[rosout][INFO] 2025-03-27 15:26:13,558: Back Left Min: 1.04, Back Right Min: 0.70
[rosout][INFO] 2025-03-27 15:26:13,662: Back Left Min: 1.04, Back Right Min: 0.70
[rosout][INFO] 2025-03-27 15:26:13,758: Back Left Min: 1.04, Back Right Min: 0.69
[rosout][INFO] 2025-03-27 15:26:13,862: Back Left Min: 1.04, Back Right Min: 0.69
[rosout][INFO] 2025-03-27 15:26:13,958: Back Left Min: 1.04, Back Right Min: 0.69
[rosout][INFO] 2025-03-27 15:26:14,062: Back Left Min: 1.04, Back Right Min: 0.72
[rosout][INFO] 2025-03-27 15:26:14,159: Back Left Min: 1.04, Back Right Min: 0.72
[rosout][INFO] 2025-03-27 15:26:14,262: Back Left Min: 1.04, Back Right Min: 0.69
[rosout][INFO] 2025-03-27 15:26:14,359: Back Left Min: 1.04, Back Right Min: 0.69
[rosout][INFO] 2025-03-27 15:26:14,462: Back Left Min: 1.04, Back Right Min: 0.69
[rosout][INFO] 2025-03-27 15:26:14,559: Back Left Min: 1.04, Back Right Min: 0.68
[rosout][INFO] 2025-03-27 15:26:14,662: Back Left Min: 1.04, Back Right Min: 0.68
[rosout][INFO] 2025-03-27 15:26:14,759: Back Left Min: 1.04, Back Right Min: 0.68
[rosout][INFO] 2025-03-27 15:26:14,862: Back Left Min: 1.04, Back Right Min: 0.69
[rosout][INFO] 2025-03-27 15:26:14,959: Back Left Min: 1.04, Back Right Min: 0.69
[rosout][INFO] 2025-03-27 15:26:15,062: Back Left Min: 1.04, Back Right Min: 0.69
[rosout][INFO] 2025-03-27 15:26:15,159: Back Left Min: 1.04, Back Right Min: 0.70
[rosout][INFO] 2025-03-27 15:26:15,262: Back Left Min: 1.04, Back Right Min: 0.70
[rosout][INFO] 2025-03-27 15:26:15,359: Back Left Min: 1.04, Back Right Min: 0.70
[rosout][INFO] 2025-03-27 15:26:15,462: Back Left Min: 1.04, Back Right Min: 0.78
[rosout][INFO] 2025-03-27 15:26:15,559: Back Left Min: 1.04, Back Right Min: 0.78
[rosout][INFO] 2025-03-27 15:26:15,662: Back Left Min: 1.04, Back Right Min: 0.78
[rosout][INFO] 2025-03-27 15:26:15,759: Back Left Min: 1.04, Back Right Min: 0.70
[rosout][INFO] 2025-03-27 15:26:15,862: Back Left Min: 1.04, Back Right Min: 0.70
[rosout][INFO] 2025-03-27 15:26:15,959: Back Left Min: 1.03, Back Right Min: 0.70
[rosout][INFO] 2025-03-27 15:26:16,062: Back Left Min: 1.03, Back Right Min: 0.69
[rosout][INFO] 2025-03-27 15:26:16,159: Back Left Min: 1.03, Back Right Min: 0.69
[rosout][INFO] 2025-03-27 15:26:16,263: Back Left Min: 1.03, Back Right Min: 0.69
[rosout][INFO] 2025-03-27 15:26:16,359: Back Left Min: 1.03, Back Right Min: 0.69
[rosout][INFO] 2025-03-27 15:26:16,463: Back Left Min: 1.03, Back Right Min: 0.69
[rosout][INFO] 2025-03-27 15:26:16,560: Back Left Min: 1.03, Back Right Min: 0.69
[rosout][INFO] 2025-03-27 15:26:16,663: Back Left Min: 1.03, Back Right Min: 0.69
[rosout][INFO] 2025-03-27 15:26:16,760: Back Left Min: 1.03, Back Right Min: 0.69
[rosout][INFO] 2025-03-27 15:26:16,863: Back Left Min: 1.03, Back Right Min: 0.69
[rosout][INFO] 2025-03-27 15:26:16,960: Back Left Min: 1.03, Back Right Min: 0.69
[rosout][INFO] 2025-03-27 15:26:17,063: Back Left Min: 1.03, Back Right Min: 0.69
[rosout][INFO] 2025-03-27 15:26:17,160: Back Left Min: 1.03, Back Right Min: 0.79
[rosout][INFO] 2025-03-27 15:26:17,263: Back Left Min: 1.03, Back Right Min: 0.79
[rosout][INFO] 2025-03-27 15:26:17,360: Back Left Min: 1.04, Back Right Min: 0.72
[rosout][INFO] 2025-03-27 15:26:17,463: Back Left Min: 1.04, Back Right Min: 0.72
[rosout][INFO] 2025-03-27 15:26:17,560: Back Left Min: 1.04, Back Right Min: 0.72
[rosout][INFO] 2025-03-27 15:26:17,663: Back Left Min: 1.04, Back Right Min: 0.85
[rosout][INFO] 2025-03-27 15:26:17,760: Back Left Min: 1.04, Back Right Min: 0.85
[rosout][INFO] 2025-03-27 15:26:17,863: Back Left Min: 1.04, Back Right Min: 0.85
[rosout][INFO] 2025-03-27 15:26:17,960: Back Left Min: 1.04, Back Right Min: 0.85
[rosout][INFO] 2025-03-27 15:26:18,063: Back Left Min: 1.04, Back Right Min: 0.85
[rosout][INFO] 2025-03-27 15:26:18,160: Back Left Min: 1.04, Back Right Min: 0.85
[rosout][INFO] 2025-03-27 15:26:18,263: Back Left Min: 1.04, Back Right Min: 0.87
[rosout][INFO] 2025-03-27 15:26:18,360: Back Left Min: 1.04, Back Right Min: 0.87
[rosout][INFO] 2025-03-27 15:26:18,463: Back Left Min: 1.04, Back Right Min: 0.71
[rosout][INFO] 2025-03-27 15:26:18,560: Back Left Min: 1.04, Back Right Min: 0.71
[rosout][INFO] 2025-03-27 15:26:18,663: Back Left Min: 1.04, Back Right Min: 0.71
[rosout][INFO] 2025-03-27 15:26:18,760: Back Left Min: 1.04, Back Right Min: 0.77
[rosout][INFO] 2025-03-27 15:26:18,864: Back Left Min: 0.92, Back Right Min: 0.77
[rosout][INFO] 2025-03-27 15:26:18,960: Back Left Min: 0.92, Back Right Min: 0.77
[rosout][INFO] 2025-03-27 15:26:19,064: Back Left Min: 0.92, Back Right Min: 0.75
[rosout][INFO] 2025-03-27 15:26:19,161: Back Left Min: 0.89, Back Right Min: 0.75
[rosout][INFO] 2025-03-27 15:26:19,264: Back Left Min: 0.89, Back Right Min: 0.75
[rosout][INFO] 2025-03-27 15:26:19,361: Back Left Min: 0.89, Back Right Min: 0.79
[rosout][INFO] 2025-03-27 15:26:19,464: Back Left Min: 0.88, Back Right Min: 0.79
[rosout][INFO] 2025-03-27 15:26:19,561: Back Left Min: 0.88, Back Right Min: 0.79
[rosout][INFO] 2025-03-27 15:26:19,664: Back Left Min: 0.89, Back Right Min: 0.87
[rosout][INFO] 2025-03-27 15:26:19,761: Back Left Min: 0.89, Back Right Min: 0.87
[rosout][INFO] 2025-03-27 15:26:19,864: Back Left Min: 0.89, Back Right Min: 0.88
[rosout][INFO] 2025-03-27 15:26:19,961: Back Left Min: 0.90, Back Right Min: 0.88
[rosout][INFO] 2025-03-27 15:26:20,064: Back Left Min: 0.90, Back Right Min: 0.88
[rosout][INFO] 2025-03-27 15:26:20,161: Back Left Min: 0.90, Back Right Min: 0.90
[rospy.internal][INFO] 2025-03-27 15:26:20,161: topic[/sonar_min] removing connection to /controller_joystick
[rosout][INFO] 2025-03-27 15:26:20,264: Back Left Min: 0.91, Back Right Min: 0.88
[rosout][INFO] 2025-03-27 15:26:20,361: Back Left Min: 0.91, Back Right Min: 0.88
[rosout][INFO] 2025-03-27 15:26:20,464: Back Left Min: 0.91, Back Right Min: 1.02
[rosout][INFO] 2025-03-27 15:26:20,561: Back Left Min: 0.92, Back Right Min: 1.02
[rosout][INFO] 2025-03-27 15:26:20,664: Back Left Min: 0.92, Back Right Min: 1.02
[rosout][INFO] 2025-03-27 15:26:20,761: Back Left Min: 0.92, Back Right Min: 0.91
[rosout][INFO] 2025-03-27 15:26:20,864: Back Left Min: 0.91, Back Right Min: 0.91
[rosout][INFO] 2025-03-27 15:26:20,961: Back Left Min: 0.91, Back Right Min: 0.91
[rosout][INFO] 2025-03-27 15:26:21,064: Back Left Min: 0.90, Back Right Min: 0.91
[rosout][INFO] 2025-03-27 15:26:21,161: Back Left Min: 0.90, Back Right Min: 0.91
[rosout][INFO] 2025-03-27 15:26:21,265: Back Left Min: 0.90, Back Right Min: 0.77
[rosout][INFO] 2025-03-27 15:26:21,361: Back Left Min: 0.90, Back Right Min: 0.77
[rosout][INFO] 2025-03-27 15:26:21,465: Back Left Min: 0.90, Back Right Min: 0.77
[rosout][INFO] 2025-03-27 15:26:21,561: Back Left Min: 0.90, Back Right Min: 0.69
[rosout][INFO] 2025-03-27 15:26:21,665: Back Left Min: 0.90, Back Right Min: 0.69
[rosout][INFO] 2025-03-27 15:26:21,762: Back Left Min: 0.90, Back Right Min: 0.69
[rosout][INFO] 2025-03-27 15:26:21,865: Back Left Min: 0.90, Back Right Min: 0.92
[rosout][INFO] 2025-03-27 15:26:21,962: Back Left Min: 0.90, Back Right Min: 0.92
[rosout][INFO] 2025-03-27 15:26:22,065: Back Left Min: 0.90, Back Right Min: 0.92
[rosout][INFO] 2025-03-27 15:26:22,162: Back Left Min: 0.90, Back Right Min: 0.76
[rosout][INFO] 2025-03-27 15:26:22,265: Back Left Min: 0.90, Back Right Min: 0.76
[rosout][INFO] 2025-03-27 15:26:22,362: Back Left Min: 0.90, Back Right Min: 0.76
[rosout][INFO] 2025-03-27 15:26:22,465: Back Left Min: 0.90, Back Right Min: 0.93
[rosout][INFO] 2025-03-27 15:26:22,562: Back Left Min: 0.90, Back Right Min: 0.93
[rosout][INFO] 2025-03-27 15:26:22,665: Back Left Min: 0.90, Back Right Min: 0.77
[rosout][INFO] 2025-03-27 15:26:22,762: Back Left Min: 0.91, Back Right Min: 0.77
[rosout][INFO] 2025-03-27 15:26:22,865: Back Left Min: 0.91, Back Right Min: 0.77
[rosout][INFO] 2025-03-27 15:26:22,962: Back Left Min: 0.91, Back Right Min: 0.72
[rosout][INFO] 2025-03-27 15:26:23,065: Back Left Min: 0.91, Back Right Min: 0.72
[rosout][INFO] 2025-03-27 15:26:23,162: Back Left Min: 0.91, Back Right Min: 0.72
[rosout][INFO] 2025-03-27 15:26:23,265: Back Left Min: 0.91, Back Right Min: 0.92
[rosout][INFO] 2025-03-27 15:26:23,362: Back Left Min: 0.91, Back Right Min: 0.92
[rosout][INFO] 2025-03-27 15:26:23,465: Back Left Min: 0.91, Back Right Min: 0.92
[rosout][INFO] 2025-03-27 15:26:23,562: Back Left Min: 0.91, Back Right Min: 1.51
[rosout][INFO] 2025-03-27 15:26:23,666: Back Left Min: 0.91, Back Right Min: 1.51
[rosout][INFO] 2025-03-27 15:26:23,762: Back Left Min: 0.91, Back Right Min: 1.51
[rosout][INFO] 2025-03-27 15:26:23,866: Back Left Min: 0.92, Back Right Min: 0.90
[rosout][INFO] 2025-03-27 15:26:23,962: Back Left Min: 0.92, Back Right Min: 0.90
[rosout][INFO] 2025-03-27 15:26:24,066: Back Left Min: 0.92, Back Right Min: 0.90
[rosout][INFO] 2025-03-27 15:26:24,163: Back Left Min: 0.93, Back Right Min: 1.40
[rosout][INFO] 2025-03-27 15:26:24,266: Back Left Min: 0.91, Back Right Min: 1.40
[rosout][INFO] 2025-03-27 15:26:24,363: Back Left Min: 0.91, Back Right Min: 1.40
[rosout][INFO] 2025-03-27 15:26:24,466: Back Left Min: 0.89, Back Right Min: 1.40
[rosout][INFO] 2025-03-27 15:26:24,563: Back Left Min: 0.89, Back Right Min: 1.40
[rosout][INFO] 2025-03-27 15:26:24,666: Back Left Min: 0.89, Back Right Min: 1.49
[rosout][INFO] 2025-03-27 15:26:24,763: Back Left Min: 0.90, Back Right Min: 1.49
[rosout][INFO] 2025-03-27 15:26:24,866: Back Left Min: 0.90, Back Right Min: 1.49
[rosout][INFO] 2025-03-27 15:26:24,963: Back Left Min: 0.90, Back Right Min: 1.50
[rosout][INFO] 2025-03-27 15:26:25,066: Back Left Min: 0.89, Back Right Min: 1.50
[rosout][INFO] 2025-03-27 15:26:25,163: Back Left Min: 0.89, Back Right Min: 1.50
[rosout][INFO] 2025-03-27 15:26:25,266: Back Left Min: 0.89, Back Right Min: 0.77
[rosout][INFO] 2025-03-27 15:26:25,363: Back Left Min: 0.89, Back Right Min: 0.77
[rosout][INFO] 2025-03-27 15:26:25,466: Back Left Min: 0.89, Back Right Min: 0.77
[rosout][INFO] 2025-03-27 15:26:25,563: Back Left Min: 0.89, Back Right Min: 1.50
[rosout][INFO] 2025-03-27 15:26:25,666: Back Left Min: 0.89, Back Right Min: 1.50
[rosout][INFO] 2025-03-27 15:26:25,763: Back Left Min: 0.89, Back Right Min: 1.51
[rosout][INFO] 2025-03-27 15:26:25,866: Back Left Min: 0.88, Back Right Min: 1.51
[rosout][INFO] 2025-03-27 15:26:25,963: Back Left Min: 0.88, Back Right Min: 1.51
[rosout][INFO] 2025-03-27 15:26:26,067: Back Left Min: 0.88, Back Right Min: 1.49
[rosout][INFO] 2025-03-27 15:26:26,163: Back Left Min: 0.88, Back Right Min: 1.49
[rosout][INFO] 2025-03-27 15:26:26,267: Back Left Min: 0.88, Back Right Min: 1.49
[rosout][INFO] 2025-03-27 15:26:26,363: Back Left Min: 0.88, Back Right Min: 1.49
[rosout][INFO] 2025-03-27 15:26:26,467: Back Left Min: 0.87, Back Right Min: 1.49
[rosout][INFO] 2025-03-27 15:26:26,564: Back Left Min: 0.87, Back Right Min: 1.49
[rosout][INFO] 2025-03-27 15:26:26,667: Back Left Min: 0.87, Back Right Min: 0.81
[rosout][INFO] 2025-03-27 15:26:26,764: Back Left Min: 0.87, Back Right Min: 0.81
[rosout][INFO] 2025-03-27 15:26:26,867: Back Left Min: 0.87, Back Right Min: 0.81
[rosout][INFO] 2025-03-27 15:26:26,964: Back Left Min: 0.87, Back Right Min: 0.78
[rosout][INFO] 2025-03-27 15:26:27,067: Back Left Min: 0.86, Back Right Min: 0.78
[rosout][INFO] 2025-03-27 15:26:27,164: Back Left Min: 0.86, Back Right Min: 0.78
[rosout][INFO] 2025-03-27 15:26:27,267: Back Left Min: 0.89, Back Right Min: 0.78
[rosout][INFO] 2025-03-27 15:26:27,364: Back Left Min: 0.89, Back Right Min: 0.78
[rosout][INFO] 2025-03-27 15:26:27,467: Back Left Min: 0.89, Back Right Min: 0.78
[rosout][INFO] 2025-03-27 15:26:27,564: Back Left Min: 0.86, Back Right Min: 0.78
[rosout][INFO] 2025-03-27 15:26:27,667: Back Left Min: 0.86, Back Right Min: 0.78
[rosout][INFO] 2025-03-27 15:26:27,764: Back Left Min: 0.86, Back Right Min: 0.78
[rosout][INFO] 2025-03-27 15:26:27,867: Back Left Min: 0.87, Back Right Min: 0.78
[rosout][INFO] 2025-03-27 15:26:27,964: Back Left Min: 0.87, Back Right Min: 0.78
[rosout][INFO] 2025-03-27 15:26:28,067: Back Left Min: 0.87, Back Right Min: 1.48
[rosout][INFO] 2025-03-27 15:26:28,164: Back Left Min: 0.86, Back Right Min: 1.48
[rosout][INFO] 2025-03-27 15:26:28,267: Back Left Min: 0.86, Back Right Min: 1.49
[rosout][INFO] 2025-03-27 15:26:28,364: Back Left Min: 0.86, Back Right Min: 0.78
[rosout][INFO] 2025-03-27 15:26:28,468: Back Left Min: 0.86, Back Right Min: 0.78
[rosout][INFO] 2025-03-27 15:26:28,564: Back Left Min: 0.86, Back Right Min: 0.78
[rosout][INFO] 2025-03-27 15:26:28,668: Back Left Min: 0.86, Back Right Min: 1.49
[rosout][INFO] 2025-03-27 15:26:28,764: Back Left Min: 0.86, Back Right Min: 1.49
[rosout][INFO] 2025-03-27 15:26:28,868: Back Left Min: 0.86, Back Right Min: 1.50
[rosout][INFO] 2025-03-27 15:26:28,965: Back Left Min: 0.86, Back Right Min: 1.50
[rosout][INFO] 2025-03-27 15:26:29,068: Back Left Min: 0.86, Back Right Min: 1.50
[rosout][INFO] 2025-03-27 15:26:29,165: Back Left Min: 0.86, Back Right Min: 1.50
[rosout][INFO] 2025-03-27 15:26:29,268: Back Left Min: 0.86, Back Right Min: 1.50
[rosout][INFO] 2025-03-27 15:26:29,365: Back Left Min: 0.86, Back Right Min: 1.50
[rosout][INFO] 2025-03-27 15:26:29,468: Back Left Min: 0.86, Back Right Min: 1.50
[rosout][INFO] 2025-03-27 15:26:29,565: Back Left Min: 0.87, Back Right Min: 1.50
[rosout][INFO] 2025-03-27 15:26:29,668: Back Left Min: 0.87, Back Right Min: 1.49
[rosout][INFO] 2025-03-27 15:26:29,765: Back Left Min: 0.87, Back Right Min: 1.49
[rosout][INFO] 2025-03-27 15:26:29,868: Back Left Min: 0.87, Back Right Min: 1.49
[rosout][INFO] 2025-03-27 15:26:29,965: Back Left Min: 0.87, Back Right Min: 1.50
[rosout][INFO] 2025-03-27 15:26:30,068: Back Left Min: 0.87, Back Right Min: 1.50
[rosout][INFO] 2025-03-27 15:26:30,165: Back Left Min: 0.87, Back Right Min: 1.50
[rosout][INFO] 2025-03-27 15:26:30,268: Back Left Min: 0.87, Back Right Min: 1.50
[rosout][INFO] 2025-03-27 15:26:30,365: Back Left Min: 0.87, Back Right Min: 1.50
[rosout][INFO] 2025-03-27 15:26:30,468: Back Left Min: 0.87, Back Right Min: 1.50
[rosout][INFO] 2025-03-27 15:26:30,565: Back Left Min: 0.87, Back Right Min: 1.50
[rosout][INFO] 2025-03-27 15:26:30,668: Back Left Min: 0.87, Back Right Min: 1.50
[rosout][INFO] 2025-03-27 15:26:30,765: Back Left Min: 0.87, Back Right Min: 1.50
[rosout][INFO] 2025-03-27 15:26:30,868: Back Left Min: 0.87, Back Right Min: 1.49
[rosout][INFO] 2025-03-27 15:26:30,965: Back Left Min: 0.87, Back Right Min: 1.49
[rosout][INFO] 2025-03-27 15:26:31,069: Back Left Min: 0.87, Back Right Min: 1.49
[rosout][INFO] 2025-03-27 15:26:31,165: Back Left Min: 0.87, Back Right Min: 1.49
[rosout][INFO] 2025-03-27 15:26:31,269: Back Left Min: 0.87, Back Right Min: 1.49
[rosout][INFO] 2025-03-27 15:26:31,366: Back Left Min: 0.87, Back Right Min: 1.49
[rosout][INFO] 2025-03-27 15:26:31,469: Back Left Min: 0.87, Back Right Min: 1.49
[rosout][INFO] 2025-03-27 15:26:31,566: Back Left Min: 0.87, Back Right Min: 1.49
[rosout][INFO] 2025-03-27 15:26:31,669: Back Left Min: 0.87, Back Right Min: 1.49
[rosout][INFO] 2025-03-27 15:26:31,766: Back Left Min: 0.86, Back Right Min: 1.49
[rosout][INFO] 2025-03-27 15:26:31,869: Back Left Min: 0.86, Back Right Min: 1.49
[rosout][INFO] 2025-03-27 15:26:31,966: Back Left Min: 0.86, Back Right Min: 1.50
[rosout][INFO] 2025-03-27 15:26:32,069: Back Left Min: 0.86, Back Right Min: 1.50
[rosout][INFO] 2025-03-27 15:26:32,166: Back Left Min: 0.86, Back Right Min: 1.50
[rosout][INFO] 2025-03-27 15:26:32,269: Back Left Min: 0.86, Back Right Min: 1.49
[rosout][INFO] 2025-03-27 15:26:32,366: Back Left Min: 0.85, Back Right Min: 1.49
[rosout][INFO] 2025-03-27 15:26:32,469: Back Left Min: 0.85, Back Right Min: 1.49
[rosout][INFO] 2025-03-27 15:26:32,566: Back Left Min: 0.85, Back Right Min: 1.49
[rosout][INFO] 2025-03-27 15:26:32,669: Back Left Min: 0.85, Back Right Min: 1.49
[rosout][INFO] 2025-03-27 15:26:32,766: Back Left Min: 0.85, Back Right Min: 1.49
[rosout][INFO] 2025-03-27 15:26:32,869: Back Left Min: 0.85, Back Right Min: 1.49
[rosout][INFO] 2025-03-27 15:26:32,966: Back Left Min: 0.85, Back Right Min: 1.49
[rosout][INFO] 2025-03-27 15:26:33,069: Back Left Min: 0.85, Back Right Min: 1.50
[rosout][INFO] 2025-03-27 15:26:33,166: Back Left Min: 0.85, Back Right Min: 1.50
[rosout][INFO] 2025-03-27 15:26:33,269: Back Left Min: 0.85, Back Right Min: 1.50
[rosout][INFO] 2025-03-27 15:26:33,366: Back Left Min: 0.85, Back Right Min: 1.50
[rosout][INFO] 2025-03-27 15:26:33,470: Back Left Min: 0.86, Back Right Min: 1.50
[rosout][INFO] 2025-03-27 15:26:33,566: Back Left Min: 0.86, Back Right Min: 1.50
[rosout][INFO] 2025-03-27 15:26:33,670: Back Left Min: 0.86, Back Right Min: 1.50
[rosout][INFO] 2025-03-27 15:26:33,767: Back Left Min: 0.86, Back Right Min: 1.50
[rosout][INFO] 2025-03-27 15:26:33,870: Back Left Min: 0.86, Back Right Min: 1.50
[rosout][INFO] 2025-03-27 15:26:33,967: Back Left Min: 0.86, Back Right Min: 1.50
[rosout][INFO] 2025-03-27 15:26:34,070: Back Left Min: 0.86, Back Right Min: 1.50
[rosout][INFO] 2025-03-27 15:26:34,167: Back Left Min: 0.86, Back Right Min: 1.49
[rosout][INFO] 2025-03-27 15:26:34,270: Back Left Min: 0.86, Back Right Min: 1.49
[rosout][INFO] 2025-03-27 15:26:34,367: Back Left Min: 0.86, Back Right Min: 1.49
[rosout][INFO] 2025-03-27 15:26:34,470: Back Left Min: 0.86, Back Right Min: 1.50
[rosout][INFO] 2025-03-27 15:26:34,567: Back Left Min: 0.86, Back Right Min: 1.50
[rosout][INFO] 2025-03-27 15:26:34,670: Back Left Min: 0.86, Back Right Min: 1.50
