[rospy.client][INFO] 2025-04-03 14:34:39,196: init_node, name[/sonar_processor_23385_1743665679180], pid[23385]
[xmlrpc][INFO] 2025-04-03 14:34:39,196: XML-RPC server binding to 127.0.0.1:0
[xmlrpc][INFO] 2025-04-03 14:34:39,196: Started XML-RPC server [http://localhost:34859/]
[rospy.init][INFO] 2025-04-03 14:34:39,197: ROS Slave URI: [http://localhost:34859/]
[rospy.impl.masterslave][INFO] 2025-04-03 14:34:39,197: _ready: http://localhost:34859/
[rospy.registration][INFO] 2025-04-03 14:34:39,197: Registering with master node http://localhost:11311
[xmlrpc][INFO] 2025-04-03 14:34:39,197: xml rpc node: starting XML-RPC server
[rospy.init][INFO] 2025-04-03 14:34:39,297: registered with master
[rospy.rosout][INFO] 2025-04-03 14:34:39,297: initializing /rosout core topic
[rospy.rosout][INFO] 2025-04-03 14:34:39,299: connected to core topic /rosout
[rospy.simtime][INFO] 2025-04-03 14:34:39,300: /use_sim_time is not set, will not subscribe to simulated time [/clock] topic
[rosout][INFO] 2025-04-03 14:34:39,303: Sonar processor initialized
[rospy.internal][INFO] 2025-04-03 14:34:39,312: topic[/RosAria/sonar] adding connection to [http://localhost:42431/], count 0
[rosout][INFO] 2025-04-03 14:34:39,353: Back Left Min: 0.60, Back Right Min: 0.60
[rosout][INFO] 2025-04-03 14:34:39,455: Back Left Min: 0.60, Back Right Min: 0.60
[rospy.internal][INFO] 2025-04-03 14:34:39,472: topic[/sonar_min] adding connection to [/controller_joystick], count 0
[rospy.internal][INFO] 2025-04-03 14:34:39,532: topic[/rosout] adding connection to [/rosout], count 0
[rosout][INFO] 2025-04-03 14:34:39,558: Back Left Min: 0.60, Back Right Min: 0.60
[rosout][INFO] 2025-04-03 14:34:39,655: Back Left Min: 1.35, Back Right Min: 0.60
[rosout][INFO] 2025-04-03 14:34:39,758: Back Left Min: 1.35, Back Right Min: 0.60
[rosout][INFO] 2025-04-03 14:34:39,855: Back Left Min: 1.35, Back Right Min: 0.60
[rosout][INFO] 2025-04-03 14:34:39,958: Back Left Min: 1.36, Back Right Min: 0.60
[rosout][INFO] 2025-04-03 14:34:40,055: Back Left Min: 1.36, Back Right Min: 0.60
[rosout][INFO] 2025-04-03 14:34:40,158: Back Left Min: 1.36, Back Right Min: 0.60
[rosout][INFO] 2025-04-03 14:34:40,255: Back Left Min: 1.36, Back Right Min: 0.59
[rosout][INFO] 2025-04-03 14:34:40,358: Back Left Min: 1.36, Back Right Min: 0.59
[rosout][INFO] 2025-04-03 14:34:40,455: Back Left Min: 1.36, Back Right Min: 0.59
[rosout][INFO] 2025-04-03 14:34:40,558: Back Left Min: 1.36, Back Right Min: 0.60
[rosout][INFO] 2025-04-03 14:34:40,655: Back Left Min: 1.36, Back Right Min: 0.60
[rosout][INFO] 2025-04-03 14:34:40,758: Back Left Min: 1.36, Back Right Min: 0.60
[rosout][INFO] 2025-04-03 14:34:40,855: Back Left Min: 1.36, Back Right Min: 0.60
[rosout][INFO] 2025-04-03 14:34:40,958: Back Left Min: 1.36, Back Right Min: 0.60
[rosout][INFO] 2025-04-03 14:34:41,055: Back Left Min: 1.36, Back Right Min: 0.60
[rosout][INFO] 2025-04-03 14:34:41,158: Back Left Min: 1.36, Back Right Min: 0.60
[rosout][INFO] 2025-04-03 14:34:41,255: Back Left Min: 1.36, Back Right Min: 0.60
[rosout][INFO] 2025-04-03 14:34:41,358: Back Left Min: 1.36, Back Right Min: 0.60
[rosout][INFO] 2025-04-03 14:34:41,455: Back Left Min: 1.36, Back Right Min: 0.60
[rosout][INFO] 2025-04-03 14:34:41,558: Back Left Min: 1.35, Back Right Min: 0.60
[rosout][INFO] 2025-04-03 14:34:41,655: Back Left Min: 1.35, Back Right Min: 0.60
[rosout][INFO] 2025-04-03 14:34:41,758: Back Left Min: 1.35, Back Right Min: 0.60
[rosout][INFO] 2025-04-03 14:34:41,855: Back Left Min: 1.35, Back Right Min: 0.60
[rosout][INFO] 2025-04-03 14:34:41,958: Back Left Min: 1.35, Back Right Min: 0.60
[rosout][INFO] 2025-04-03 14:34:42,055: Back Left Min: 1.35, Back Right Min: 0.60
[rosout][INFO] 2025-04-03 14:34:42,158: Back Left Min: 1.35, Back Right Min: 0.60
[rosout][INFO] 2025-04-03 14:34:42,255: Back Left Min: 1.35, Back Right Min: 0.60
[rosout][INFO] 2025-04-03 14:34:42,358: Back Left Min: 1.35, Back Right Min: 0.60
[rosout][INFO] 2025-04-03 14:34:42,455: Back Left Min: 1.35, Back Right Min: 0.60
[rosout][INFO] 2025-04-03 14:34:42,558: Back Left Min: 1.35, Back Right Min: 0.60
[rosout][INFO] 2025-04-03 14:34:42,655: Back Left Min: 1.35, Back Right Min: 0.60
[rosout][INFO] 2025-04-03 14:34:42,758: Back Left Min: 1.35, Back Right Min: 0.60
[rosout][INFO] 2025-04-03 14:34:42,855: Back Left Min: 1.35, Back Right Min: 0.60
[rosout][INFO] 2025-04-03 14:34:42,958: Back Left Min: 1.40, Back Right Min: 0.60
[rosout][INFO] 2025-04-03 14:34:43,055: Back Left Min: 1.40, Back Right Min: 0.60
[rosout][INFO] 2025-04-03 14:34:43,158: Back Left Min: 1.40, Back Right Min: 0.60
[rosout][INFO] 2025-04-03 14:34:43,255: Back Left Min: 1.40, Back Right Min: 0.60
[rosout][INFO] 2025-04-03 14:34:43,358: Back Left Min: 1.40, Back Right Min: 0.60
[rosout][INFO] 2025-04-03 14:34:43,455: Back Left Min: 1.40, Back Right Min: 0.60
[rosout][INFO] 2025-04-03 14:34:43,558: Back Left Min: 1.41, Back Right Min: 0.60
[rosout][INFO] 2025-04-03 14:34:43,655: Back Left Min: 1.41, Back Right Min: 0.60
[rosout][INFO] 2025-04-03 14:34:43,758: Back Left Min: 1.41, Back Right Min: 0.60
[rosout][INFO] 2025-04-03 14:34:43,855: Back Left Min: 1.36, Back Right Min: 0.60
[rosout][INFO] 2025-04-03 14:34:43,958: Back Left Min: 1.36, Back Right Min: 0.60
[rosout][INFO] 2025-04-03 14:34:44,055: Back Left Min: 1.36, Back Right Min: 0.60
[rosout][INFO] 2025-04-03 14:34:44,158: Back Left Min: 1.36, Back Right Min: 0.60
[rosout][INFO] 2025-04-03 14:34:44,255: Back Left Min: 1.36, Back Right Min: 0.60
[rosout][INFO] 2025-04-03 14:34:44,358: Back Left Min: 1.36, Back Right Min: 0.60
[rosout][INFO] 2025-04-03 14:34:44,455: Back Left Min: 1.36, Back Right Min: 0.60
[rosout][INFO] 2025-04-03 14:34:44,558: Back Left Min: 1.36, Back Right Min: 0.60
[rosout][INFO] 2025-04-03 14:34:44,655: Back Left Min: 1.35, Back Right Min: 0.60
[rosout][INFO] 2025-04-03 14:34:44,758: Back Left Min: 1.35, Back Right Min: 0.60
[rosout][INFO] 2025-04-03 14:34:44,855: Back Left Min: 1.35, Back Right Min: 0.60
[rosout][INFO] 2025-04-03 14:34:44,958: Back Left Min: 1.36, Back Right Min: 0.60
[rosout][INFO] 2025-04-03 14:34:45,054: Back Left Min: 1.36, Back Right Min: 0.60
[rosout][INFO] 2025-04-03 14:34:45,158: Back Left Min: 1.36, Back Right Min: 0.60
[rosout][INFO] 2025-04-03 14:34:45,255: Back Left Min: 1.35, Back Right Min: 0.60
[rosout][INFO] 2025-04-03 14:34:45,358: Back Left Min: 1.35, Back Right Min: 0.60
[rosout][INFO] 2025-04-03 14:34:45,454: Back Left Min: 1.35, Back Right Min: 0.60
[rosout][INFO] 2025-04-03 14:34:45,558: Back Left Min: 1.36, Back Right Min: 0.60
[rosout][INFO] 2025-04-03 14:34:45,654: Back Left Min: 1.36, Back Right Min: 0.60
[rosout][INFO] 2025-04-03 14:34:45,758: Back Left Min: 1.36, Back Right Min: 0.60
[rosout][INFO] 2025-04-03 14:34:45,854: Back Left Min: 1.36, Back Right Min: 0.60
[rosout][INFO] 2025-04-03 14:34:45,958: Back Left Min: 1.36, Back Right Min: 0.60
[rosout][INFO] 2025-04-03 14:34:46,054: Back Left Min: 1.36, Back Right Min: 0.60
[rosout][INFO] 2025-04-03 14:34:46,158: Back Left Min: 1.36, Back Right Min: 0.60
[rosout][INFO] 2025-04-03 14:34:46,254: Back Left Min: 1.36, Back Right Min: 0.60
[rosout][INFO] 2025-04-03 14:34:46,357: Back Left Min: 1.40, Back Right Min: 0.60
[rosout][INFO] 2025-04-03 14:34:46,454: Back Left Min: 1.40, Back Right Min: 0.60
[rosout][INFO] 2025-04-03 14:34:46,558: Back Left Min: 1.40, Back Right Min: 0.60
[rosout][INFO] 2025-04-03 14:34:46,654: Back Left Min: 1.36, Back Right Min: 0.60
[rosout][INFO] 2025-04-03 14:34:46,757: Back Left Min: 1.36, Back Right Min: 0.60
[rosout][INFO] 2025-04-03 14:34:46,854: Back Left Min: 1.36, Back Right Min: 0.60
[rosout][INFO] 2025-04-03 14:34:46,957: Back Left Min: 1.36, Back Right Min: 0.60
[rosout][INFO] 2025-04-03 14:34:47,054: Back Left Min: 1.36, Back Right Min: 0.60
[rosout][INFO] 2025-04-03 14:34:47,157: Back Left Min: 1.36, Back Right Min: 0.60
[rosout][INFO] 2025-04-03 14:34:47,254: Back Left Min: 1.36, Back Right Min: 0.60
[rosout][INFO] 2025-04-03 14:34:47,358: Back Left Min: 1.36, Back Right Min: 0.60
[rosout][INFO] 2025-04-03 14:34:47,454: Back Left Min: 1.35, Back Right Min: 0.60
[rosout][INFO] 2025-04-03 14:34:47,557: Back Left Min: 1.35, Back Right Min: 0.60
[rosout][INFO] 2025-04-03 14:34:47,654: Back Left Min: 1.35, Back Right Min: 0.60
[rosout][INFO] 2025-04-03 14:34:47,757: Back Left Min: 1.35, Back Right Min: 0.60
[rosout][INFO] 2025-04-03 14:34:47,854: Back Left Min: 1.35, Back Right Min: 0.60
[rosout][INFO] 2025-04-03 14:34:47,957: Back Left Min: 1.35, Back Right Min: 0.60
[rosout][INFO] 2025-04-03 14:34:48,054: Back Left Min: 1.35, Back Right Min: 0.60
[rosout][INFO] 2025-04-03 14:34:48,157: Back Left Min: 1.35, Back Right Min: 0.60
[rosout][INFO] 2025-04-03 14:34:48,254: Back Left Min: 1.35, Back Right Min: 0.60
[rosout][INFO] 2025-04-03 14:34:48,357: Back Left Min: 1.36, Back Right Min: 0.60
[rosout][INFO] 2025-04-03 14:34:48,454: Back Left Min: 1.36, Back Right Min: 0.60
[rosout][INFO] 2025-04-03 14:34:48,557: Back Left Min: 1.36, Back Right Min: 0.60
[rosout][INFO] 2025-04-03 14:34:48,654: Back Left Min: 1.36, Back Right Min: 0.60
[rosout][INFO] 2025-04-03 14:34:48,757: Back Left Min: 1.36, Back Right Min: 0.60
[rosout][INFO] 2025-04-03 14:34:48,854: Back Left Min: 1.36, Back Right Min: 0.60
[rosout][INFO] 2025-04-03 14:34:48,957: Back Left Min: 1.36, Back Right Min: 0.60
[rosout][INFO] 2025-04-03 14:34:49,054: Back Left Min: 1.36, Back Right Min: 0.60
[rosout][INFO] 2025-04-03 14:34:49,157: Back Left Min: 1.36, Back Right Min: 0.60
[rosout][INFO] 2025-04-03 14:34:49,254: Back Left Min: 1.36, Back Right Min: 0.60
[rosout][INFO] 2025-04-03 14:34:49,357: Back Left Min: 1.36, Back Right Min: 0.60
[rosout][INFO] 2025-04-03 14:34:49,454: Back Left Min: 1.35, Back Right Min: 0.60
[rosout][INFO] 2025-04-03 14:34:49,557: Back Left Min: 1.35, Back Right Min: 0.60
[rosout][INFO] 2025-04-03 14:34:49,654: Back Left Min: 1.35, Back Right Min: 0.60
[rosout][INFO] 2025-04-03 14:34:49,757: Back Left Min: 1.36, Back Right Min: 0.60
[rosout][INFO] 2025-04-03 14:34:49,854: Back Left Min: 1.36, Back Right Min: 0.60
[rosout][INFO] 2025-04-03 14:34:49,957: Back Left Min: 1.35, Back Right Min: 0.60
[rosout][INFO] 2025-04-03 14:34:50,054: Back Left Min: 1.35, Back Right Min: 0.60
[rosout][INFO] 2025-04-03 14:34:50,157: Back Left Min: 1.35, Back Right Min: 0.60
[rosout][INFO] 2025-04-03 14:34:50,254: Back Left Min: 1.36, Back Right Min: 0.60
[rosout][INFO] 2025-04-03 14:34:50,357: Back Left Min: 1.36, Back Right Min: 0.60
[rosout][INFO] 2025-04-03 14:34:50,454: Back Left Min: 1.36, Back Right Min: 0.60
[rosout][INFO] 2025-04-03 14:34:50,557: Back Left Min: 1.40, Back Right Min: 0.60
[rosout][INFO] 2025-04-03 14:34:50,654: Back Left Min: 1.40, Back Right Min: 0.60
[rosout][INFO] 2025-04-03 14:34:50,757: Back Left Min: 1.40, Back Right Min: 0.60
[rosout][INFO] 2025-04-03 14:34:50,854: Back Left Min: 1.40, Back Right Min: 0.60
[rosout][INFO] 2025-04-03 14:34:50,957: Back Left Min: 1.40, Back Right Min: 0.60
[rosout][INFO] 2025-04-03 14:34:51,054: Back Left Min: 1.40, Back Right Min: 0.60
[rosout][INFO] 2025-04-03 14:34:51,157: Back Left Min: 1.36, Back Right Min: 0.60
[rosout][INFO] 2025-04-03 14:34:51,254: Back Left Min: 1.36, Back Right Min: 0.60
[rosout][INFO] 2025-04-03 14:34:51,357: Back Left Min: 1.36, Back Right Min: 0.60
[rosout][INFO] 2025-04-03 14:34:51,454: Back Left Min: 1.36, Back Right Min: 0.60
[rosout][INFO] 2025-04-03 14:34:51,557: Back Left Min: 1.36, Back Right Min: 0.60
[rosout][INFO] 2025-04-03 14:34:51,654: Back Left Min: 1.40, Back Right Min: 0.60
[rosout][INFO] 2025-04-03 14:34:51,757: Back Left Min: 1.40, Back Right Min: 0.60
[rosout][INFO] 2025-04-03 14:34:51,854: Back Left Min: 1.40, Back Right Min: 0.60
[rosout][INFO] 2025-04-03 14:34:51,957: Back Left Min: 1.40, Back Right Min: 0.60
[rosout][INFO] 2025-04-03 14:34:52,054: Back Left Min: 1.40, Back Right Min: 0.60
[rosout][INFO] 2025-04-03 14:34:52,157: Back Left Min: 1.40, Back Right Min: 0.60
[rosout][INFO] 2025-04-03 14:34:52,254: Back Left Min: 1.36, Back Right Min: 0.60
[rosout][INFO] 2025-04-03 14:34:52,357: Back Left Min: 1.36, Back Right Min: 0.60
[rosout][INFO] 2025-04-03 14:34:52,454: Back Left Min: 1.36, Back Right Min: 0.60
[rosout][INFO] 2025-04-03 14:34:52,557: Back Left Min: 1.35, Back Right Min: 0.60
[rosout][INFO] 2025-04-03 14:34:52,654: Back Left Min: 1.35, Back Right Min: 0.60
[rosout][INFO] 2025-04-03 14:34:52,757: Back Left Min: 1.35, Back Right Min: 0.60
[rosout][INFO] 2025-04-03 14:34:52,854: Back Left Min: 1.35, Back Right Min: 0.60
[rosout][INFO] 2025-04-03 14:34:52,957: Back Left Min: 1.35, Back Right Min: 0.60
[rosout][INFO] 2025-04-03 14:34:53,054: Back Left Min: 1.36, Back Right Min: 0.60
[rosout][INFO] 2025-04-03 14:34:53,157: Back Left Min: 1.36, Back Right Min: 0.60
[rosout][INFO] 2025-04-03 14:34:53,254: Back Left Min: 1.36, Back Right Min: 0.60
[rosout][INFO] 2025-04-03 14:34:53,357: Back Left Min: 1.35, Back Right Min: 0.60
[rosout][INFO] 2025-04-03 14:34:53,454: Back Left Min: 1.35, Back Right Min: 0.60
[rosout][INFO] 2025-04-03 14:34:53,557: Back Left Min: 1.35, Back Right Min: 0.60
[rosout][INFO] 2025-04-03 14:34:53,654: Back Left Min: 1.36, Back Right Min: 0.60
[rosout][INFO] 2025-04-03 14:34:53,757: Back Left Min: 1.36, Back Right Min: 0.60
[rosout][INFO] 2025-04-03 14:34:53,854: Back Left Min: 1.36, Back Right Min: 0.60
[rosout][INFO] 2025-04-03 14:34:53,957: Back Left Min: 1.36, Back Right Min: 0.60
[rosout][INFO] 2025-04-03 14:34:54,054: Back Left Min: 1.36, Back Right Min: 0.60
[rosout][INFO] 2025-04-03 14:34:54,157: Back Left Min: 1.36, Back Right Min: 0.60
[rosout][INFO] 2025-04-03 14:34:54,254: Back Left Min: 1.36, Back Right Min: 0.60
[rosout][INFO] 2025-04-03 14:34:54,357: Back Left Min: 1.36, Back Right Min: 0.60
[rosout][INFO] 2025-04-03 14:34:54,454: Back Left Min: 1.36, Back Right Min: 0.60
[rosout][INFO] 2025-04-03 14:34:54,557: Back Left Min: 1.36, Back Right Min: 0.60
[rosout][INFO] 2025-04-03 14:34:54,654: Back Left Min: 1.36, Back Right Min: 0.60
[rosout][INFO] 2025-04-03 14:34:54,757: Back Left Min: 1.36, Back Right Min: 0.60
[rosout][INFO] 2025-04-03 14:34:54,854: Back Left Min: 1.36, Back Right Min: 0.60
[rosout][INFO] 2025-04-03 14:34:54,957: Back Left Min: 1.36, Back Right Min: 0.60
[rosout][INFO] 2025-04-03 14:34:55,054: Back Left Min: 1.35, Back Right Min: 0.60
[rosout][INFO] 2025-04-03 14:34:55,157: Back Left Min: 1.35, Back Right Min: 0.60
[rosout][INFO] 2025-04-03 14:34:55,254: Back Left Min: 1.35, Back Right Min: 0.60
[rosout][INFO] 2025-04-03 14:34:55,357: Back Left Min: 1.36, Back Right Min: 0.60
[rosout][INFO] 2025-04-03 14:34:55,454: Back Left Min: 1.36, Back Right Min: 0.60
[rosout][INFO] 2025-04-03 14:34:55,557: Back Left Min: 1.36, Back Right Min: 0.60
[rosout][INFO] 2025-04-03 14:34:55,654: Back Left Min: 1.36, Back Right Min: 0.60
[rosout][INFO] 2025-04-03 14:34:55,757: Back Left Min: 1.36, Back Right Min: 0.60
[rosout][INFO] 2025-04-03 14:34:55,854: Back Left Min: 1.36, Back Right Min: 0.60
[rosout][INFO] 2025-04-03 14:34:55,957: Back Left Min: 1.36, Back Right Min: 0.60
[rosout][INFO] 2025-04-03 14:34:56,054: Back Left Min: 1.36, Back Right Min: 0.60
[rosout][INFO] 2025-04-03 14:34:56,157: Back Left Min: 1.36, Back Right Min: 0.60
[rosout][INFO] 2025-04-03 14:34:56,254: Back Left Min: 1.36, Back Right Min: 0.60
[rosout][INFO] 2025-04-03 14:34:56,357: Back Left Min: 1.36, Back Right Min: 0.60
[rosout][INFO] 2025-04-03 14:34:56,454: Back Left Min: 1.36, Back Right Min: 0.60
[rosout][INFO] 2025-04-03 14:34:56,557: Back Left Min: 1.36, Back Right Min: 0.60
[rosout][INFO] 2025-04-03 14:34:56,654: Back Left Min: 1.36, Back Right Min: 0.60
[rosout][INFO] 2025-04-03 14:34:56,757: Back Left Min: 1.36, Back Right Min: 0.60
[rosout][INFO] 2025-04-03 14:34:56,854: Back Left Min: 1.36, Back Right Min: 0.60
[rosout][INFO] 2025-04-03 14:34:56,957: Back Left Min: 1.40, Back Right Min: 0.60
[rosout][INFO] 2025-04-03 14:34:57,054: Back Left Min: 1.40, Back Right Min: 0.60
[rosout][INFO] 2025-04-03 14:34:57,157: Back Left Min: 1.40, Back Right Min: 0.60
[rosout][INFO] 2025-04-03 14:34:57,254: Back Left Min: 1.36, Back Right Min: 0.60
[rosout][INFO] 2025-04-03 14:34:57,357: Back Left Min: 1.36, Back Right Min: 0.60
[rosout][INFO] 2025-04-03 14:34:57,454: Back Left Min: 1.36, Back Right Min: 0.60
[rosout][INFO] 2025-04-03 14:34:57,557: Back Left Min: 1.36, Back Right Min: 0.60
[rosout][INFO] 2025-04-03 14:34:57,654: Back Left Min: 1.36, Back Right Min: 0.60
[rosout][INFO] 2025-04-03 14:34:57,757: Back Left Min: 1.36, Back Right Min: 0.60
[rosout][INFO] 2025-04-03 14:34:57,854: Back Left Min: 1.36, Back Right Min: 0.60
[rosout][INFO] 2025-04-03 14:34:57,957: Back Left Min: 1.36, Back Right Min: 0.60
[rosout][INFO] 2025-04-03 14:34:58,054: Back Left Min: 1.36, Back Right Min: 0.60
[rosout][INFO] 2025-04-03 14:34:58,157: Back Left Min: 1.36, Back Right Min: 0.60
[rosout][INFO] 2025-04-03 14:34:58,253: Back Left Min: 1.36, Back Right Min: 0.60
[rosout][INFO] 2025-04-03 14:34:58,357: Back Left Min: 1.40, Back Right Min: 0.60
[rosout][INFO] 2025-04-03 14:34:58,453: Back Left Min: 1.40, Back Right Min: 0.60
[rosout][INFO] 2025-04-03 14:34:58,557: Back Left Min: 1.40, Back Right Min: 0.60
[rosout][INFO] 2025-04-03 14:34:58,653: Back Left Min: 1.36, Back Right Min: 0.60
[rosout][INFO] 2025-04-03 14:34:58,757: Back Left Min: 1.36, Back Right Min: 0.60
[rosout][INFO] 2025-04-03 14:34:58,853: Back Left Min: 1.36, Back Right Min: 0.60
[rosout][INFO] 2025-04-03 14:34:58,957: Back Left Min: 1.40, Back Right Min: 0.60
[rosout][INFO] 2025-04-03 14:34:59,054: Back Left Min: 1.40, Back Right Min: 0.60
[rosout][INFO] 2025-04-03 14:34:59,157: Back Left Min: 1.40, Back Right Min: 0.60
[rosout][INFO] 2025-04-03 14:34:59,253: Back Left Min: 1.36, Back Right Min: 0.60
[rosout][INFO] 2025-04-03 14:34:59,357: Back Left Min: 1.36, Back Right Min: 0.60
[rosout][INFO] 2025-04-03 14:34:59,453: Back Left Min: 1.36, Back Right Min: 0.60
[rosout][INFO] 2025-04-03 14:34:59,557: Back Left Min: 1.40, Back Right Min: 0.60
[rosout][INFO] 2025-04-03 14:34:59,653: Back Left Min: 1.40, Back Right Min: 0.60
[rosout][INFO] 2025-04-03 14:34:59,757: Back Left Min: 1.40, Back Right Min: 0.60
[rosout][INFO] 2025-04-03 14:34:59,853: Back Left Min: 1.40, Back Right Min: 0.60
[rosout][INFO] 2025-04-03 14:34:59,956: Back Left Min: 1.40, Back Right Min: 0.60
[rosout][INFO] 2025-04-03 14:35:00,053: Back Left Min: 1.36, Back Right Min: 0.60
[rosout][INFO] 2025-04-03 14:35:00,157: Back Left Min: 1.36, Back Right Min: 0.60
[rosout][INFO] 2025-04-03 14:35:00,253: Back Left Min: 1.36, Back Right Min: 0.60
[rosout][INFO] 2025-04-03 14:35:00,357: Back Left Min: 1.35, Back Right Min: 0.60
[rosout][INFO] 2025-04-03 14:35:00,453: Back Left Min: 1.35, Back Right Min: 0.60
[rosout][INFO] 2025-04-03 14:35:00,557: Back Left Min: 1.35, Back Right Min: 0.60
[rosout][INFO] 2025-04-03 14:35:00,653: Back Left Min: 1.40, Back Right Min: 0.60
[rosout][INFO] 2025-04-03 14:35:00,756: Back Left Min: 1.40, Back Right Min: 0.60
[rosout][INFO] 2025-04-03 14:35:00,853: Back Left Min: 1.40, Back Right Min: 0.60
[rosout][INFO] 2025-04-03 14:35:00,956: Back Left Min: 1.36, Back Right Min: 0.60
[rosout][INFO] 2025-04-03 14:35:01,053: Back Left Min: 1.36, Back Right Min: 0.60
[rosout][INFO] 2025-04-03 14:35:01,156: Back Left Min: 1.40, Back Right Min: 0.60
[rosout][INFO] 2025-04-03 14:35:01,253: Back Left Min: 1.40, Back Right Min: 0.60
[rosout][INFO] 2025-04-03 14:35:01,356: Back Left Min: 1.40, Back Right Min: 0.60
[rosout][INFO] 2025-04-03 14:35:01,453: Back Left Min: 1.36, Back Right Min: 0.60
[rosout][INFO] 2025-04-03 14:35:01,556: Back Left Min: 1.36, Back Right Min: 0.60
[rosout][INFO] 2025-04-03 14:35:01,653: Back Left Min: 1.36, Back Right Min: 0.60
[rosout][INFO] 2025-04-03 14:35:01,756: Back Left Min: 1.36, Back Right Min: 0.60
[rosout][INFO] 2025-04-03 14:35:01,853: Back Left Min: 1.36, Back Right Min: 0.60
[rosout][INFO] 2025-04-03 14:35:01,956: Back Left Min: 1.36, Back Right Min: 0.60
[rosout][INFO] 2025-04-03 14:35:02,053: Back Left Min: 1.36, Back Right Min: 0.60
[rosout][INFO] 2025-04-03 14:35:02,157: Back Left Min: 1.36, Back Right Min: 0.60
[rosout][INFO] 2025-04-03 14:35:02,253: Back Left Min: 1.36, Back Right Min: 0.60
[rosout][INFO] 2025-04-03 14:35:02,356: Back Left Min: 1.40, Back Right Min: 0.60
[rosout][INFO] 2025-04-03 14:35:02,453: Back Left Min: 1.40, Back Right Min: 0.60
[rosout][INFO] 2025-04-03 14:35:02,556: Back Left Min: 1.40, Back Right Min: 0.60
[rosout][INFO] 2025-04-03 14:35:02,653: Back Left Min: 1.40, Back Right Min: 0.60
[rosout][INFO] 2025-04-03 14:35:02,756: Back Left Min: 1.40, Back Right Min: 0.60
[rosout][INFO] 2025-04-03 14:35:02,853: Back Left Min: 1.36, Back Right Min: 0.60
[rosout][INFO] 2025-04-03 14:35:02,956: Back Left Min: 1.36, Back Right Min: 0.60
[rosout][INFO] 2025-04-03 14:35:03,053: Back Left Min: 1.36, Back Right Min: 0.60
[rosout][INFO] 2025-04-03 14:35:03,156: Back Left Min: 1.36, Back Right Min: 0.60
[rosout][INFO] 2025-04-03 14:35:03,253: Back Left Min: 1.36, Back Right Min: 0.60
[rosout][INFO] 2025-04-03 14:35:03,356: Back Left Min: 1.36, Back Right Min: 0.60
[rosout][INFO] 2025-04-03 14:35:03,453: Back Left Min: 1.36, Back Right Min: 0.60
[rosout][INFO] 2025-04-03 14:35:03,556: Back Left Min: 1.36, Back Right Min: 0.60
[rosout][INFO] 2025-04-03 14:35:03,653: Back Left Min: 1.36, Back Right Min: 0.60
[rosout][INFO] 2025-04-03 14:35:03,756: Back Left Min: 1.36, Back Right Min: 0.60
[rosout][INFO] 2025-04-03 14:35:03,853: Back Left Min: 1.36, Back Right Min: 0.60
[rosout][INFO] 2025-04-03 14:35:03,956: Back Left Min: 1.36, Back Right Min: 0.60
[rosout][INFO] 2025-04-03 14:35:04,053: Back Left Min: 1.36, Back Right Min: 0.60
[rosout][INFO] 2025-04-03 14:35:04,156: Back Left Min: 1.36, Back Right Min: 0.60
[rosout][INFO] 2025-04-03 14:35:04,253: Back Left Min: 1.35, Back Right Min: 0.60
[rosout][INFO] 2025-04-03 14:35:04,356: Back Left Min: 1.35, Back Right Min: 0.60
[rosout][INFO] 2025-04-03 14:35:04,453: Back Left Min: 1.35, Back Right Min: 0.60
[rosout][INFO] 2025-04-03 14:35:04,556: Back Left Min: 1.36, Back Right Min: 0.60
[rosout][INFO] 2025-04-03 14:35:04,653: Back Left Min: 1.36, Back Right Min: 0.60
[rosout][INFO] 2025-04-03 14:35:04,756: Back Left Min: 1.36, Back Right Min: 0.60
[rosout][INFO] 2025-04-03 14:35:04,853: Back Left Min: 1.36, Back Right Min: 0.60
[rosout][INFO] 2025-04-03 14:35:04,956: Back Left Min: 1.36, Back Right Min: 0.60
[rosout][INFO] 2025-04-03 14:35:05,053: Back Left Min: 1.36, Back Right Min: 0.60
[rosout][INFO] 2025-04-03 14:35:05,156: Back Left Min: 1.36, Back Right Min: 0.60
[rosout][INFO] 2025-04-03 14:35:05,253: Back Left Min: 1.36, Back Right Min: 0.60
[rosout][INFO] 2025-04-03 14:35:05,356: Back Left Min: 1.35, Back Right Min: 0.60
[rosout][INFO] 2025-04-03 14:35:05,453: Back Left Min: 1.35, Back Right Min: 0.60
[rosout][INFO] 2025-04-03 14:35:05,556: Back Left Min: 1.35, Back Right Min: 0.60
[rosout][INFO] 2025-04-03 14:35:05,653: Back Left Min: 1.36, Back Right Min: 0.60
[rosout][INFO] 2025-04-03 14:35:05,756: Back Left Min: 1.36, Back Right Min: 0.60
[rosout][INFO] 2025-04-03 14:35:05,853: Back Left Min: 1.36, Back Right Min: 0.60
[rosout][INFO] 2025-04-03 14:35:05,956: Back Left Min: 1.36, Back Right Min: 0.60
[rosout][INFO] 2025-04-03 14:35:06,053: Back Left Min: 1.36, Back Right Min: 0.60
[rosout][INFO] 2025-04-03 14:35:06,156: Back Left Min: 1.36, Back Right Min: 0.60
[rosout][INFO] 2025-04-03 14:35:06,253: Back Left Min: 1.40, Back Right Min: 0.60
[rosout][INFO] 2025-04-03 14:35:06,356: Back Left Min: 1.40, Back Right Min: 0.60
[rosout][INFO] 2025-04-03 14:35:06,453: Back Left Min: 1.40, Back Right Min: 0.60
[rosout][INFO] 2025-04-03 14:35:06,556: Back Left Min: 1.36, Back Right Min: 0.60
[rosout][INFO] 2025-04-03 14:35:06,653: Back Left Min: 1.36, Back Right Min: 0.60
[rosout][INFO] 2025-04-03 14:35:06,756: Back Left Min: 1.36, Back Right Min: 0.60
[rosout][INFO] 2025-04-03 14:35:06,853: Back Left Min: 1.36, Back Right Min: 0.60
[rosout][INFO] 2025-04-03 14:35:06,956: Back Left Min: 1.36, Back Right Min: 0.60
[rosout][INFO] 2025-04-03 14:35:07,053: Back Left Min: 1.36, Back Right Min: 0.60
[rosout][INFO] 2025-04-03 14:35:07,156: Back Left Min: 1.36, Back Right Min: 0.60
[rosout][INFO] 2025-04-03 14:35:07,253: Back Left Min: 1.36, Back Right Min: 0.60
[rosout][INFO] 2025-04-03 14:35:07,356: Back Left Min: 1.36, Back Right Min: 0.60
[rosout][INFO] 2025-04-03 14:35:07,453: Back Left Min: 1.36, Back Right Min: 0.60
[rosout][INFO] 2025-04-03 14:35:07,556: Back Left Min: 1.36, Back Right Min: 0.60
[rosout][INFO] 2025-04-03 14:35:07,653: Back Left Min: 1.36, Back Right Min: 0.60
[rosout][INFO] 2025-04-03 14:35:07,756: Back Left Min: 1.36, Back Right Min: 0.60
[rosout][INFO] 2025-04-03 14:35:07,853: Back Left Min: 1.36, Back Right Min: 0.60
[rosout][INFO] 2025-04-03 14:35:07,956: Back Left Min: 1.36, Back Right Min: 0.60
[rosout][INFO] 2025-04-03 14:35:08,053: Back Left Min: 1.36, Back Right Min: 0.60
[rosout][INFO] 2025-04-03 14:35:08,156: Back Left Min: 1.35, Back Right Min: 0.60
[rosout][INFO] 2025-04-03 14:35:08,253: Back Left Min: 1.35, Back Right Min: 0.60
[rosout][INFO] 2025-04-03 14:35:08,356: Back Left Min: 1.35, Back Right Min: 0.60
[rosout][INFO] 2025-04-03 14:35:08,453: Back Left Min: 1.36, Back Right Min: 0.60
[rosout][INFO] 2025-04-03 14:35:08,556: Back Left Min: 1.36, Back Right Min: 0.60
[rosout][INFO] 2025-04-03 14:35:08,653: Back Left Min: 1.36, Back Right Min: 0.60
[rosout][INFO] 2025-04-03 14:35:08,756: Back Left Min: 1.35, Back Right Min: 0.60
[rosout][INFO] 2025-04-03 14:35:08,853: Back Left Min: 1.35, Back Right Min: 0.60
[rosout][INFO] 2025-04-03 14:35:08,956: Back Left Min: 1.35, Back Right Min: 0.60
[rosout][INFO] 2025-04-03 14:35:09,053: Back Left Min: 0.69, Back Right Min: 0.60
[rosout][INFO] 2025-04-03 14:35:09,156: Back Left Min: 0.69, Back Right Min: 0.60
[rosout][INFO] 2025-04-03 14:35:09,253: Back Left Min: 0.69, Back Right Min: 0.60
[rosout][INFO] 2025-04-03 14:35:09,356: Back Left Min: 2.19, Back Right Min: 0.60
[rosout][INFO] 2025-04-03 14:35:09,453: Back Left Min: 2.19, Back Right Min: 0.60
[rosout][INFO] 2025-04-03 14:35:09,556: Back Left Min: 1.35, Back Right Min: 0.60
[rosout][INFO] 2025-04-03 14:35:09,653: Back Left Min: 1.35, Back Right Min: 0.60
[rosout][INFO] 2025-04-03 14:35:09,756: Back Left Min: 0.73, Back Right Min: 0.60
[rosout][INFO] 2025-04-03 14:35:09,853: Back Left Min: 0.73, Back Right Min: 0.60
[rosout][INFO] 2025-04-03 14:35:09,956: Back Left Min: 0.73, Back Right Min: 0.60
[rosout][INFO] 2025-04-03 14:35:10,053: Back Left Min: 0.71, Back Right Min: 0.60
[rosout][INFO] 2025-04-03 14:35:10,156: Back Left Min: 0.71, Back Right Min: 0.60
[rosout][INFO] 2025-04-03 14:35:10,253: Back Left Min: 0.71, Back Right Min: 0.60
[rosout][INFO] 2025-04-03 14:35:10,356: Back Left Min: 0.73, Back Right Min: 0.60
[rosout][INFO] 2025-04-03 14:35:10,453: Back Left Min: 0.73, Back Right Min: 0.60
[rosout][INFO] 2025-04-03 14:35:10,556: Back Left Min: 0.80, Back Right Min: 0.60
[rosout][INFO] 2025-04-03 14:35:10,653: Back Left Min: 0.80, Back Right Min: 0.60
[rosout][INFO] 2025-04-03 14:35:10,756: Back Left Min: 0.80, Back Right Min: 0.60
[rosout][INFO] 2025-04-03 14:35:10,853: Back Left Min: 0.85, Back Right Min: 0.60
[rosout][INFO] 2025-04-03 14:35:10,956: Back Left Min: 0.85, Back Right Min: 0.60
[rosout][INFO] 2025-04-03 14:35:11,053: Back Left Min: 0.85, Back Right Min: 0.60
[rosout][INFO] 2025-04-03 14:35:11,156: Back Left Min: 0.91, Back Right Min: 0.60
[rosout][INFO] 2025-04-03 14:35:11,253: Back Left Min: 0.91, Back Right Min: 0.60
[rosout][INFO] 2025-04-03 14:35:11,356: Back Left Min: 1.01, Back Right Min: 0.60
[rosout][INFO] 2025-04-03 14:35:11,453: Back Left Min: 1.01, Back Right Min: 0.60
[rosout][INFO] 2025-04-03 14:35:11,556: Back Left Min: 1.01, Back Right Min: 0.60
[rosout][INFO] 2025-04-03 14:35:11,653: Back Left Min: 0.94, Back Right Min: 0.60
[rosout][INFO] 2025-04-03 14:35:11,756: Back Left Min: 0.94, Back Right Min: 0.60
[rosout][INFO] 2025-04-03 14:35:11,852: Back Left Min: 0.94, Back Right Min: 0.60
[rosout][INFO] 2025-04-03 14:35:11,956: Back Left Min: 0.92, Back Right Min: 0.60
[rosout][INFO] 2025-04-03 14:35:12,052: Back Left Min: 0.92, Back Right Min: 0.60
[rosout][INFO] 2025-04-03 14:35:12,156: Back Left Min: 0.93, Back Right Min: 0.60
[rosout][INFO] 2025-04-03 14:35:12,253: Back Left Min: 0.93, Back Right Min: 0.60
[rosout][INFO] 2025-04-03 14:35:12,356: Back Left Min: 0.93, Back Right Min: 0.60
[rosout][INFO] 2025-04-03 14:35:12,452: Back Left Min: 0.95, Back Right Min: 0.60
[rosout][INFO] 2025-04-03 14:35:12,556: Back Left Min: 0.95, Back Right Min: 0.60
[rosout][INFO] 2025-04-03 14:35:12,653: Back Left Min: 0.95, Back Right Min: 0.60
[rosout][INFO] 2025-04-03 14:35:12,756: Back Left Min: 0.99, Back Right Min: 0.60
[rosout][INFO] 2025-04-03 14:35:12,853: Back Left Min: 0.99, Back Right Min: 0.60
[rosout][INFO] 2025-04-03 14:35:12,956: Back Left Min: 0.92, Back Right Min: 0.60
[rosout][INFO] 2025-04-03 14:35:13,053: Back Left Min: 0.92, Back Right Min: 0.60
[rosout][INFO] 2025-04-03 14:35:13,156: Back Left Min: 0.92, Back Right Min: 0.60
[rosout][INFO] 2025-04-03 14:35:13,252: Back Left Min: 1.07, Back Right Min: 0.60
[rosout][INFO] 2025-04-03 14:35:13,355: Back Left Min: 1.07, Back Right Min: 0.60
[rosout][INFO] 2025-04-03 14:35:13,452: Back Left Min: 1.07, Back Right Min: 0.60
[rosout][INFO] 2025-04-03 14:35:13,555: Back Left Min: 0.74, Back Right Min: 0.62
[rosout][INFO] 2025-04-03 14:35:13,652: Back Left Min: 0.74, Back Right Min: 0.62
[rosout][INFO] 2025-04-03 14:35:13,755: Back Left Min: 0.74, Back Right Min: 0.62
[rosout][INFO] 2025-04-03 14:35:13,852: Back Left Min: 1.19, Back Right Min: 0.63
[rosout][INFO] 2025-04-03 14:35:13,955: Back Left Min: 1.19, Back Right Min: 0.63
[rosout][INFO] 2025-04-03 14:35:14,052: Back Left Min: 1.19, Back Right Min: 0.63
[rosout][INFO] 2025-04-03 14:35:14,156: Back Left Min: 0.92, Back Right Min: 0.63
[rosout][INFO] 2025-04-03 14:35:14,252: Back Left Min: 0.92, Back Right Min: 0.63
[rosout][INFO] 2025-04-03 14:35:14,355: Back Left Min: 0.95, Back Right Min: 0.63
[rosout][INFO] 2025-04-03 14:35:14,452: Back Left Min: 0.95, Back Right Min: 0.63
[rosout][INFO] 2025-04-03 14:35:14,556: Back Left Min: 0.95, Back Right Min: 0.63
[rosout][INFO] 2025-04-03 14:35:14,652: Back Left Min: 1.08, Back Right Min: 0.62
[rosout][INFO] 2025-04-03 14:35:14,756: Back Left Min: 1.08, Back Right Min: 0.62
[rosout][INFO] 2025-04-03 14:35:14,852: Back Left Min: 1.08, Back Right Min: 0.62
[rosout][INFO] 2025-04-03 14:35:14,955: Back Left Min: 0.89, Back Right Min: 0.60
[rosout][INFO] 2025-04-03 14:35:15,052: Back Left Min: 0.89, Back Right Min: 0.60
[rosout][INFO] 2025-04-03 14:35:15,156: Back Left Min: 0.89, Back Right Min: 0.60
[rosout][INFO] 2025-04-03 14:35:15,252: Back Left Min: 1.23, Back Right Min: 0.60
[rosout][INFO] 2025-04-03 14:35:15,355: Back Left Min: 0.80, Back Right Min: 0.60
[rosout][INFO] 2025-04-03 14:35:15,452: Back Left Min: 0.80, Back Right Min: 0.60
[rosout][INFO] 2025-04-03 14:35:15,555: Back Left Min: 0.80, Back Right Min: 0.63
[rosout][INFO] 2025-04-03 14:35:15,652: Back Left Min: 2.18, Back Right Min: 0.63
[rosout][INFO] 2025-04-03 14:35:15,755: Back Left Min: 0.89, Back Right Min: 0.63
[rosout][INFO] 2025-04-03 14:35:15,852: Back Left Min: 0.89, Back Right Min: 0.72
[rosout][INFO] 2025-04-03 14:35:15,955: Back Left Min: 0.91, Back Right Min: 0.67
[rosout][INFO] 2025-04-03 14:35:16,052: Back Left Min: 0.91, Back Right Min: 0.67
[rosout][INFO] 2025-04-03 14:35:16,155: Back Left Min: 0.91, Back Right Min: 0.67
[rosout][INFO] 2025-04-03 14:35:16,252: Back Left Min: 0.90, Back Right Min: 0.71
[rosout][INFO] 2025-04-03 14:35:16,355: Back Left Min: 0.90, Back Right Min: 0.71
[rosout][INFO] 2025-04-03 14:35:16,452: Back Left Min: 0.90, Back Right Min: 1.07
[rosout][INFO] 2025-04-03 14:35:16,556: Back Left Min: 0.91, Back Right Min: 1.03
[rosout][INFO] 2025-04-03 14:35:16,652: Back Left Min: 0.91, Back Right Min: 1.03
[rosout][INFO] 2025-04-03 14:35:16,755: Back Left Min: 0.91, Back Right Min: 0.64
[rosout][INFO] 2025-04-03 14:35:16,853: Back Left Min: 1.11, Back Right Min: 0.64
[rosout][INFO] 2025-04-03 14:35:16,955: Back Left Min: 1.11, Back Right Min: 0.64
[rosout][INFO] 2025-04-03 14:35:17,052: Back Left Min: 1.01, Back Right Min: 0.82
[rosout][INFO] 2025-04-03 14:35:17,155: Back Left Min: 1.01, Back Right Min: 0.78
[rosout][INFO] 2025-04-03 14:35:17,252: Back Left Min: 1.01, Back Right Min: 0.78
[rosout][INFO] 2025-04-03 14:35:17,355: Back Left Min: 0.90, Back Right Min: 0.78
[rosout][INFO] 2025-04-03 14:35:17,453: Back Left Min: 0.90, Back Right Min: 0.77
[rosout][INFO] 2025-04-03 14:35:17,555: Back Left Min: 0.89, Back Right Min: 0.77
[rosout][INFO] 2025-04-03 14:35:17,652: Back Left Min: 0.89, Back Right Min: 0.77
[rosout][INFO] 2025-04-03 14:35:17,755: Back Left Min: 0.89, Back Right Min: 0.79
[rosout][INFO] 2025-04-03 14:35:17,852: Back Left Min: 0.87, Back Right Min: 0.79
[rosout][INFO] 2025-04-03 14:35:17,955: Back Left Min: 0.87, Back Right Min: 0.70
[rosout][INFO] 2025-04-03 14:35:18,053: Back Left Min: 0.87, Back Right Min: 0.70
[rosout][INFO] 2025-04-03 14:35:18,155: Back Left Min: 0.88, Back Right Min: 0.70
[rosout][INFO] 2025-04-03 14:35:18,252: Back Left Min: 0.88, Back Right Min: 0.75
[rosout][INFO] 2025-04-03 14:35:18,355: Back Left Min: 0.87, Back Right Min: 0.75
[rosout][INFO] 2025-04-03 14:35:18,452: Back Left Min: 0.87, Back Right Min: 0.75
[rosout][INFO] 2025-04-03 14:35:18,555: Back Left Min: 0.87, Back Right Min: 0.60
[rosout][INFO] 2025-04-03 14:35:18,652: Back Left Min: 0.92, Back Right Min: 0.60
[rosout][INFO] 2025-04-03 14:35:18,755: Back Left Min: 0.92, Back Right Min: 0.60
[rosout][INFO] 2025-04-03 14:35:18,852: Back Left Min: 1.15, Back Right Min: 0.59
[rosout][INFO] 2025-04-03 14:35:18,955: Back Left Min: 1.15, Back Right Min: 0.59
[rosout][INFO] 2025-04-03 14:35:19,052: Back Left Min: 1.15, Back Right Min: 0.59
[rosout][INFO] 2025-04-03 14:35:19,155: Back Left Min: 1.20, Back Right Min: 0.60
[rosout][INFO] 2025-04-03 14:35:19,252: Back Left Min: 1.20, Back Right Min: 0.60
[rosout][INFO] 2025-04-03 14:35:19,355: Back Left Min: 1.14, Back Right Min: 0.60
[rosout][INFO] 2025-04-03 14:35:19,452: Back Left Min: 1.14, Back Right Min: 0.61
[rosout][INFO] 2025-04-03 14:35:19,555: Back Left Min: 1.14, Back Right Min: 0.61
[rosout][INFO] 2025-04-03 14:35:19,652: Back Left Min: 1.14, Back Right Min: 0.61
[rosout][INFO] 2025-04-03 14:35:19,755: Back Left Min: 1.14, Back Right Min: 0.62
[rosout][INFO] 2025-04-03 14:35:19,852: Back Left Min: 1.14, Back Right Min: 0.62
[rosout][INFO] 2025-04-03 14:35:19,955: Back Left Min: 1.04, Back Right Min: 0.64
[rosout][INFO] 2025-04-03 14:35:20,052: Back Left Min: 1.04, Back Right Min: 0.64
[rosout][INFO] 2025-04-03 14:35:20,155: Back Left Min: 1.04, Back Right Min: 0.64
[rosout][INFO] 2025-04-03 14:35:20,252: Back Left Min: 1.06, Back Right Min: 0.66
[rosout][INFO] 2025-04-03 14:35:20,355: Back Left Min: 1.02, Back Right Min: 0.66
[rosout][INFO] 2025-04-03 14:35:20,452: Back Left Min: 1.02, Back Right Min: 0.66
[rosout][INFO] 2025-04-03 14:35:20,555: Back Left Min: 0.86, Back Right Min: 0.71
[rosout][INFO] 2025-04-03 14:35:20,652: Back Left Min: 0.86, Back Right Min: 0.71
[rosout][INFO] 2025-04-03 14:35:20,755: Back Left Min: 0.86, Back Right Min: 0.90
[rosout][INFO] 2025-04-03 14:35:20,852: Back Left Min: 1.13, Back Right Min: 0.90
[rosout][INFO] 2025-04-03 14:35:20,955: Back Left Min: 1.16, Back Right Min: 0.90
[rosout][INFO] 2025-04-03 14:35:21,052: Back Left Min: 1.16, Back Right Min: 0.90
[rosout][INFO] 2025-04-03 14:35:21,155: Back Left Min: 1.13, Back Right Min: 0.90
[rosout][INFO] 2025-04-03 14:35:21,252: Back Left Min: 1.13, Back Right Min: 0.90
[rosout][INFO] 2025-04-03 14:35:21,355: Back Left Min: 1.13, Back Right Min: 0.88
[rosout][INFO] 2025-04-03 14:35:21,452: Back Left Min: 1.15, Back Right Min: 0.88
[rosout][INFO] 2025-04-03 14:35:21,555: Back Left Min: 1.15, Back Right Min: 0.88
[rosout][INFO] 2025-04-03 14:35:21,652: Back Left Min: 1.41, Back Right Min: 0.88
[rosout][INFO] 2025-04-03 14:35:21,755: Back Left Min: 1.41, Back Right Min: 0.88
[rosout][INFO] 2025-04-03 14:35:21,852: Back Left Min: 1.41, Back Right Min: 0.89
[rosout][INFO] 2025-04-03 14:35:21,955: Back Left Min: 1.42, Back Right Min: 0.89
[rosout][INFO] 2025-04-03 14:35:22,052: Back Left Min: 1.42, Back Right Min: 0.89
[rosout][INFO] 2025-04-03 14:35:22,155: Back Left Min: 1.31, Back Right Min: 0.88
[rosout][INFO] 2025-04-03 14:35:22,252: Back Left Min: 1.19, Back Right Min: 0.88
[rosout][INFO] 2025-04-03 14:35:22,355: Back Left Min: 1.19, Back Right Min: 0.87
[rosout][INFO] 2025-04-03 14:35:22,452: Back Left Min: 1.19, Back Right Min: 0.87
[rosout][INFO] 2025-04-03 14:35:22,555: Back Left Min: 1.13, Back Right Min: 0.87
[rosout][INFO] 2025-04-03 14:35:22,652: Back Left Min: 1.13, Back Right Min: 0.87
[rosout][INFO] 2025-04-03 14:35:22,755: Back Left Min: 0.86, Back Right Min: 0.86
[rosout][INFO] 2025-04-03 14:35:22,852: Back Left Min: 0.83, Back Right Min: 0.86
[rosout][INFO] 2025-04-03 14:35:22,955: Back Left Min: 0.83, Back Right Min: 0.86
[rosout][INFO] 2025-04-03 14:35:23,052: Back Left Min: 0.83, Back Right Min: 2.06
[rosout][INFO] 2025-04-03 14:35:23,155: Back Left Min: 0.81, Back Right Min: 2.06
[rosout][INFO] 2025-04-03 14:35:23,252: Back Left Min: 0.81, Back Right Min: 2.06
[rosout][INFO] 2025-04-03 14:35:23,355: Back Left Min: 0.81, Back Right Min: 0.73
[rosout][INFO] 2025-04-03 14:35:23,452: Back Left Min: 0.81, Back Right Min: 0.73
[rosout][INFO] 2025-04-03 14:35:23,555: Back Left Min: 0.81, Back Right Min: 1.50
[rosout][INFO] 2025-04-03 14:35:23,652: Back Left Min: 0.81, Back Right Min: 1.81
[rosout][INFO] 2025-04-03 14:35:23,755: Back Left Min: 0.83, Back Right Min: 1.81
[rosout][INFO] 2025-04-03 14:35:23,852: Back Left Min: 0.83, Back Right Min: 1.81
[rosout][INFO] 2025-04-03 14:35:23,955: Back Left Min: 0.90, Back Right Min: 1.81
[rosout][INFO] 2025-04-03 14:35:24,052: Back Left Min: 0.90, Back Right Min: 1.81
[rosout][INFO] 2025-04-03 14:35:24,155: Back Left Min: 0.90, Back Right Min: 1.56
[rosout][INFO] 2025-04-03 14:35:24,252: Back Left Min: 1.12, Back Right Min: 1.56
[rosout][INFO] 2025-04-03 14:35:24,355: Back Left Min: 1.14, Back Right Min: 1.56
[rosout][INFO] 2025-04-03 14:35:24,452: Back Left Min: 1.14, Back Right Min: 0.75
[rosout][INFO] 2025-04-03 14:35:24,555: Back Left Min: 1.13, Back Right Min: 0.75
[rosout][INFO] 2025-04-03 14:35:24,652: Back Left Min: 1.13, Back Right Min: 0.75
[rosout][INFO] 2025-04-03 14:35:24,755: Back Left Min: 1.14, Back Right Min: 0.79
[rosout][INFO] 2025-04-03 14:35:24,852: Back Left Min: 1.14, Back Right Min: 0.79
[rosout][INFO] 2025-04-03 14:35:24,955: Back Left Min: 1.14, Back Right Min: 0.87
[rosout][INFO] 2025-04-03 14:35:25,052: Back Left Min: 1.13, Back Right Min: 0.87
[rosout][INFO] 2025-04-03 14:35:25,155: Back Left Min: 1.13, Back Right Min: 0.87
[rosout][INFO] 2025-04-03 14:35:25,252: Back Left Min: 1.13, Back Right Min: 0.86
[rosout][INFO] 2025-04-03 14:35:25,355: Back Left Min: 1.13, Back Right Min: 0.86
[rosout][INFO] 2025-04-03 14:35:25,452: Back Left Min: 1.13, Back Right Min: 0.86
[rosout][INFO] 2025-04-03 14:35:25,555: Back Left Min: 1.13, Back Right Min: 0.71
[rosout][INFO] 2025-04-03 14:35:25,652: Back Left Min: 1.13, Back Right Min: 0.71
[rosout][INFO] 2025-04-03 14:35:25,755: Back Left Min: 1.04, Back Right Min: 0.71
[rosout][INFO] 2025-04-03 14:35:25,852: Back Left Min: 0.95, Back Right Min: 0.79
[rosout][INFO] 2025-04-03 14:35:25,955: Back Left Min: 0.95, Back Right Min: 0.79
[rosout][INFO] 2025-04-03 14:35:26,052: Back Left Min: 0.95, Back Right Min: 0.81
[rosout][INFO] 2025-04-03 14:35:26,155: Back Left Min: 1.14, Back Right Min: 0.81
[rosout][INFO] 2025-04-03 14:35:26,252: Back Left Min: 1.14, Back Right Min: 0.81
[rosout][INFO] 2025-04-03 14:35:26,355: Back Left Min: 1.14, Back Right Min: 0.75
[rosout][INFO] 2025-04-03 14:35:26,452: Back Left Min: 0.90, Back Right Min: 0.75
[rosout][INFO] 2025-04-03 14:35:26,555: Back Left Min: 0.90, Back Right Min: 0.75
[rosout][INFO] 2025-04-03 14:35:26,652: Back Left Min: 0.90, Back Right Min: 1.32
[rosout][INFO] 2025-04-03 14:35:26,755: Back Left Min: 0.93, Back Right Min: 1.18
[rosout][INFO] 2025-04-03 14:35:26,852: Back Left Min: 0.93, Back Right Min: 1.18
[rosout][INFO] 2025-04-03 14:35:26,955: Back Left Min: 0.93, Back Right Min: 0.67
[rosout][INFO] 2025-04-03 14:35:27,052: Back Left Min: 1.02, Back Right Min: 0.67
[rosout][INFO] 2025-04-03 14:35:27,155: Back Left Min: 1.02, Back Right Min: 0.67
[rosout][INFO] 2025-04-03 14:35:27,252: Back Left Min: 1.05, Back Right Min: 0.66
[rosout][INFO] 2025-04-03 14:35:27,355: Back Left Min: 1.05, Back Right Min: 0.66
[rosout][INFO] 2025-04-03 14:35:27,452: Back Left Min: 1.05, Back Right Min: 0.66
[rosout][INFO] 2025-04-03 14:35:27,555: Back Left Min: 1.06, Back Right Min: 0.67
[rosout][INFO] 2025-04-03 14:35:27,652: Back Left Min: 1.06, Back Right Min: 0.67
[rosout][INFO] 2025-04-03 14:35:27,755: Back Left Min: 1.06, Back Right Min: 0.67
[rosout][INFO] 2025-04-03 14:35:27,852: Back Left Min: 1.08, Back Right Min: 0.67
[rosout][INFO] 2025-04-03 14:35:27,955: Back Left Min: 1.08, Back Right Min: 0.67
[rosout][INFO] 2025-04-03 14:35:28,051: Back Left Min: 1.08, Back Right Min: 0.67
[rosout][INFO] 2025-04-03 14:35:28,155: Back Left Min: 1.13, Back Right Min: 0.66
[rosout][INFO] 2025-04-03 14:35:28,252: Back Left Min: 1.13, Back Right Min: 0.66
[rosout][INFO] 2025-04-03 14:35:28,355: Back Left Min: 1.13, Back Right Min: 0.66
[rosout][INFO] 2025-04-03 14:35:28,452: Back Left Min: 1.13, Back Right Min: 0.66
[rosout][INFO] 2025-04-03 14:35:28,555: Back Left Min: 1.13, Back Right Min: 0.66
[rosout][INFO] 2025-04-03 14:35:28,652: Back Left Min: 1.13, Back Right Min: 0.66
[rosout][INFO] 2025-04-03 14:35:28,755: Back Left Min: 1.13, Back Right Min: 0.66
[rosout][INFO] 2025-04-03 14:35:28,852: Back Left Min: 1.13, Back Right Min: 0.66
[rosout][INFO] 2025-04-03 14:35:28,955: Back Left Min: 1.13, Back Right Min: 0.66
[rosout][INFO] 2025-04-03 14:35:29,052: Back Left Min: 1.13, Back Right Min: 0.66
[rosout][INFO] 2025-04-03 14:35:29,155: Back Left Min: 1.13, Back Right Min: 0.66
[rosout][INFO] 2025-04-03 14:35:29,252: Back Left Min: 1.01, Back Right Min: 0.67
[rosout][INFO] 2025-04-03 14:35:29,355: Back Left Min: 1.01, Back Right Min: 0.67
[rosout][INFO] 2025-04-03 14:35:29,452: Back Left Min: 1.01, Back Right Min: 0.67
[rosout][INFO] 2025-04-03 14:35:29,555: Back Left Min: 0.94, Back Right Min: 0.67
[rosout][INFO] 2025-04-03 14:35:29,652: Back Left Min: 0.94, Back Right Min: 0.67
[rosout][INFO] 2025-04-03 14:35:29,755: Back Left Min: 0.97, Back Right Min: 0.66
[rosout][INFO] 2025-04-03 14:35:29,852: Back Left Min: 0.97, Back Right Min: 0.66
[rosout][INFO] 2025-04-03 14:35:29,955: Back Left Min: 0.97, Back Right Min: 0.66
[rosout][INFO] 2025-04-03 14:35:30,052: Back Left Min: 0.94, Back Right Min: 0.66
[rosout][INFO] 2025-04-03 14:35:30,155: Back Left Min: 0.94, Back Right Min: 0.66
[rosout][INFO] 2025-04-03 14:35:30,252: Back Left Min: 0.94, Back Right Min: 0.66
[rosout][INFO] 2025-04-03 14:35:30,355: Back Left Min: 0.92, Back Right Min: 0.66
[rosout][INFO] 2025-04-03 14:35:30,452: Back Left Min: 0.92, Back Right Min: 0.66
[rosout][INFO] 2025-04-03 14:35:30,555: Back Left Min: 0.92, Back Right Min: 0.66
[rosout][INFO] 2025-04-03 14:35:30,652: Back Left Min: 0.91, Back Right Min: 0.66
[rosout][INFO] 2025-04-03 14:35:30,755: Back Left Min: 0.91, Back Right Min: 0.66
[rosout][INFO] 2025-04-03 14:35:30,852: Back Left Min: 0.91, Back Right Min: 0.66
[rosout][INFO] 2025-04-03 14:35:30,955: Back Left Min: 0.91, Back Right Min: 0.66
[rosout][INFO] 2025-04-03 14:35:31,052: Back Left Min: 0.91, Back Right Min: 0.66
[rosout][INFO] 2025-04-03 14:35:31,155: Back Left Min: 0.91, Back Right Min: 0.66
[rosout][INFO] 2025-04-03 14:35:31,252: Back Left Min: 0.91, Back Right Min: 0.66
[rosout][INFO] 2025-04-03 14:35:31,355: Back Left Min: 0.91, Back Right Min: 0.66
[rosout][INFO] 2025-04-03 14:35:31,452: Back Left Min: 0.91, Back Right Min: 0.66
[rosout][INFO] 2025-04-03 14:35:31,555: Back Left Min: 0.91, Back Right Min: 0.66
[rosout][INFO] 2025-04-03 14:35:31,652: Back Left Min: 0.91, Back Right Min: 0.66
[rosout][INFO] 2025-04-03 14:35:31,755: Back Left Min: 0.91, Back Right Min: 0.66
[rosout][INFO] 2025-04-03 14:35:31,852: Back Left Min: 0.91, Back Right Min: 0.66
[rosout][INFO] 2025-04-03 14:35:31,955: Back Left Min: 0.91, Back Right Min: 0.66
[rosout][INFO] 2025-04-03 14:35:32,052: Back Left Min: 0.91, Back Right Min: 0.67
[rosout][INFO] 2025-04-03 14:35:32,155: Back Left Min: 0.91, Back Right Min: 0.67
[rosout][INFO] 2025-04-03 14:35:32,252: Back Left Min: 0.91, Back Right Min: 0.67
[rosout][INFO] 2025-04-03 14:35:32,355: Back Left Min: 0.91, Back Right Min: 0.67
[rosout][INFO] 2025-04-03 14:35:32,452: Back Left Min: 0.91, Back Right Min: 0.67
[rosout][INFO] 2025-04-03 14:35:32,555: Back Left Min: 0.91, Back Right Min: 0.67
[rosout][INFO] 2025-04-03 14:35:32,652: Back Left Min: 0.91, Back Right Min: 0.67
[rosout][WARNING] 2025-04-03 14:35:32,690: Inbound TCP/IP connection failed: connection from sender terminated before handshake header received. 0 bytes were received. Please check sender for additional details.
[rospy.internal][ERROR] 2025-04-03 14:35:32,691: Inbound TCP/IP connection failed:
Traceback (most recent call last):
  File "/opt/ros/kinetic/lib/python2.7/dist-packages/rospy/impl/tcpros_base.py", line 322, in _tcp_server_callback
    header = read_ros_handshake_header(sock, StringIO(), buff_size)
  File "/opt/ros/kinetic/lib/python2.7/dist-packages/rosgraph/network.py", line 364, in read_ros_handshake_header
    raise ROSHandshakeException("connection from sender terminated before handshake header received. %s bytes were received. Please check sender for additional details."%b.tell())
ROSHandshakeException: connection from sender terminated before handshake header received. 0 bytes were received. Please check sender for additional details.

[rosout][INFO] 2025-04-03 14:35:32,755: Back Left Min: 0.91, Back Right Min: 0.67
[rospy.internal][INFO] 2025-04-03 14:35:32,755: topic[/sonar_min] removing connection to /controller_joystick
[rosout][INFO] 2025-04-03 14:35:32,851: Back Left Min: 0.91, Back Right Min: 0.66
[rosout][INFO] 2025-04-03 14:35:32,955: Back Left Min: 0.91, Back Right Min: 0.66
[rosout][INFO] 2025-04-03 14:35:33,051: Back Left Min: 0.91, Back Right Min: 0.66
[rosout][INFO] 2025-04-03 14:35:33,155: Back Left Min: 0.91, Back Right Min: 0.66
[rosout][INFO] 2025-04-03 14:35:33,252: Back Left Min: 0.91, Back Right Min: 0.66
[rosout][INFO] 2025-04-03 14:35:33,355: Back Left Min: 0.91, Back Right Min: 0.66
[rosout][INFO] 2025-04-03 14:35:33,451: Back Left Min: 0.91, Back Right Min: 0.66
[rosout][INFO] 2025-04-03 14:35:33,555: Back Left Min: 0.91, Back Right Min: 0.66
[rosout][INFO] 2025-04-03 14:35:33,651: Back Left Min: 0.91, Back Right Min: 0.66
