[rospy.client][INFO] 2025-04-11 15:39:20,692: init_node, name[/sonar_processor_21419_1744360760680], pid[21419]
[xmlrpc][INFO] 2025-04-11 15:39:20,693: XML-RPC server binding to 127.0.0.1:0
[xmlrpc][INFO] 2025-04-11 15:39:20,693: Started XML-RPC server [http://localhost:38253/]
[rospy.init][INFO] 2025-04-11 15:39:20,693: ROS Slave URI: [http://localhost:38253/]
[rospy.impl.masterslave][INFO] 2025-04-11 15:39:20,693: _ready: http://localhost:38253/
[rospy.registration][INFO] 2025-04-11 15:39:20,694: Registering with master node http://localhost:11311
[xmlrpc][INFO] 2025-04-11 15:39:20,694: xml rpc node: starting XML-RPC server
[rospy.init][INFO] 2025-04-11 15:39:20,793: registered with master
[rospy.rosout][INFO] 2025-04-11 15:39:20,794: initializing /rosout core topic
[rospy.rosout][INFO] 2025-04-11 15:39:20,813: connected to core topic /rosout
[rospy.simtime][INFO] 2025-04-11 15:39:20,816: /use_sim_time is not set, will not subscribe to simulated time [/clock] topic
[rosout][INFO] 2025-04-11 15:39:20,829: Sonar processor initialized
[rospy.internal][INFO] 2025-04-11 15:39:20,860: topic[/RosAria/sonar] adding connection to [http://localhost:34385/], count 0
[rospy.internal][INFO] 2025-04-11 15:39:21,093: topic[/rosout] adding connection to [/rosout], count 0
[rospy.internal][INFO] 2025-04-11 15:39:45,354: topic[/sonar_min] adding connection to [/record_1744360785047290477], count 0
[rospy.internal][INFO] 2025-04-11 15:39:45,356: topic[/rosout] adding connection to [/record_1744360785047290477], count 1
[rospy.internal][INFO] 2025-04-11 15:40:06,746: topic[/sonar_min] removing connection to /record_1744360785047290477
[rospy.internal][INFO] 2025-04-11 15:40:06,870: topic[/rosout] removing connection to /record_1744360785047290477
[rospy.internal][INFO] 2025-04-11 15:40:44,521: topic[/sonar_min] adding connection to [/record_1744360844251194967], count 0
[rospy.internal][INFO] 2025-04-11 15:40:44,524: topic[/rosout] adding connection to [/record_1744360844251194967], count 1
[rospy.internal][INFO] 2025-04-11 15:41:09,868: topic[/sonar_min] removing connection to /record_1744360844251194967
[rospy.internal][INFO] 2025-04-11 15:41:09,886: topic[/rosout] removing connection to /record_1744360844251194967
[rospy.internal][INFO] 2025-04-11 15:42:00,722: topic[/sonar_min] adding connection to [/record_1744360920499621555], count 0
[rospy.internal][INFO] 2025-04-11 15:42:00,725: topic[/rosout] adding connection to [/record_1744360920499621555], count 1
[rospy.internal][INFO] 2025-04-11 15:42:20,697: topic[/sonar_min] removing connection to /record_1744360920499621555
[rospy.internal][INFO] 2025-04-11 15:42:20,904: topic[/rosout] removing connection to /record_1744360920499621555
[rospy.internal][INFO] 2025-04-11 15:42:38,982: topic[/sonar_min] adding connection to [/record_1744360958680919166], count 0
[rospy.internal][INFO] 2025-04-11 15:42:38,984: topic[/rosout] adding connection to [/record_1744360958680919166], count 1
[rospy.internal][INFO] 2025-04-11 15:43:00,313: topic[/sonar_min] removing connection to /record_1744360958680919166
[rospy.internal][INFO] 2025-04-11 15:43:00,413: topic[/rosout] removing connection to /record_1744360958680919166
[rospy.internal][INFO] 2025-04-11 15:43:02,310: topic[/sonar_min] adding connection to [/record_1744360982082182369], count 0
[rospy.internal][INFO] 2025-04-11 15:43:02,312: topic[/rosout] adding connection to [/record_1744360982082182369], count 1
[rospy.internal][INFO] 2025-04-11 15:43:24,226: topic[/sonar_min] removing connection to /record_1744360982082182369
[rospy.internal][INFO] 2025-04-11 15:43:24,419: topic[/rosout] removing connection to /record_1744360982082182369
